[Info]2018/02/19 10:30:35 Start Node
[Info]2018/02/19 10:32:49 acsessd /api/status.json
[Info]2018/02/19 10:32:49 {"hostname":"okadomelab-no-MacBook-Pro.local","hostid":"18d901f1-4a03-3ff1-ae34-c26b2732f13c","virtualizationSystem":"","total":8589934592,"available":2192334848,"usedPercent":74.47786331176758,"diskIO":[{"name":"disk0","ioTime":1244782,"weightedIO":0}],"cpu":[{"cpu":"cpu0","user":3483.1796875,"system":2001.15625,"idle":13266.0078125,"nice":0,"iowait":0,"irq":0,"softirq":0,"steal":0,"guest":0,"guestNice":0,"stolen":0},{"cpu":"cpu1","user":2190.2578125,"system":877.78125,"idle":15681.515625,"nice":0,"iowait":0,"irq":0,"softirq":0,"steal":0,"guest":0,"guestNice":0,"stolen":0},{"cpu":"cpu2","user":3392.0546875,"system":1754.578125,"idle":13602.9140625,"nice":0,"iowait":0,"irq":0,"softirq":0,"steal":0,"guest":0,"guestNice":0,"stolen":0},{"cpu":"cpu3","user":2222.03125,"system":889.7734375,"idle":15637.75,"nice":0,"iowait":0,"irq":0,"softirq":0,"steal":0,"guest":0,"guestNice":0,"stolen":0}],"time":"2018-02-19 10:32:49.553066 +0900 JST m=+134.308238606","errorInfo":null}
[Info]2018/02/19 11:41:30 Start Node
[Info]2018/02/19 11:41:33 acsessd /api/status.json
[Info]2018/02/19 11:41:33 {"hostname":"ksc-1x-dhcp-172-29-194-195.kwansei.ac.jp","hostid":"18d901f1-4a03-3ff1-ae34-c26b2732f13c","virtualizationSystem":"","total":8589934592,"available":2474336256,"usedPercent":71.1949348449707,"diskIO":[{"name":"disk0","ioTime":1266884,"weightedIO":0}],"cpu":[{"cpu":"cpu0","user":3591.765625,"system":2079.890625,"idle":13805.8828125,"nice":0,"iowait":0,"irq":0,"softirq":0,"steal":0,"guest":0,"guestNice":0,"stolen":0},{"cpu":"cpu1","user":2241.2421875,"system":907.65625,"idle":16327.8359375,"nice":0,"iowait":0,"irq":0,"softirq":0,"steal":0,"guest":0,"guestNice":0,"stolen":0},{"cpu":"cpu2","user":3494.0859375,"system":1827.046875,"idle":14155.59375,"nice":0,"iowait":0,"irq":0,"softirq":0,"steal":0,"guest":0,"guestNice":0,"stolen":0},{"cpu":"cpu3","user":2274.125,"system":919.671875,"idle":16282.9296875,"nice":0,"iowait":0,"irq":0,"softirq":0,"steal":0,"guest":0,"guestNice":0,"stolen":0}],"time":"2018-02-19 11:41:33.15014 +0900 JST m=+2.693020940","errorInfo":null}
[Info]2018/02/19 11:41:38 acsessd /api/status.json
[Info]2018/02/19 11:41:38 {"hostname":"ksc-1x-dhcp-172-29-194-195.kwansei.ac.jp","hostid":"18d901f1-4a03-3ff1-ae34-c26b2732f13c","virtualizationSystem":"","total":8589934592,"available":2472493056,"usedPercent":71.21639251708984,"diskIO":[{"name":"disk0","ioTime":1266911,"weightedIO":0}],"cpu":[{"cpu":"cpu0","user":3592.1015625,"system":2080.21875,"idle":13809.0703125,"nice":0,"iowait":0,"irq":0,"softirq":0,"steal":0,"guest":0,"guestNice":0,"stolen":0},{"cpu":"cpu1","user":2241.3671875,"system":907.7421875,"idle":16331.46875,"nice":0,"iowait":0,"irq":0,"softirq":0,"steal":0,"guest":0,"guestNice":0,"stolen":0},{"cpu":"cpu2","user":3494.453125,"system":1827.2421875,"idle":14158.875,"nice":0,"iowait":0,"irq":0,"softirq":0,"steal":0,"guest":0,"guestNice":0,"stolen":0},{"cpu":"cpu3","user":2274.234375,"system":919.7578125,"idle":16286.578125,"nice":0,"iowait":0,"irq":0,"softirq":0,"steal":0,"guest":0,"guestNice":0,"stolen":0}],"time":"2018-02-19 11:41:38.074711 +0900 JST m=+7.617597270","errorInfo":null}
[Info]2018/02/19 11:49:01 acsessd /api/status.json
[Info]2018/02/19 11:49:01 {"hostname":"ksc-1x-dhcp-172-29-194-195.kwansei.ac.jp","hostid":"18d901f1-4a03-3ff1-ae34-c26b2732f13c","virtualizationSystem":"","total":8589934592,"available":2326568960,"usedPercent":72.9151725769043,"diskIO":[{"name":"disk0","ioTime":1273399,"weightedIO":0}],"cpu":[{"cpu":"cpu0","user":3651.3515625,"system":2107.5078125,"idle":14068.703125,"nice":0,"iowait":0,"irq":0,"softirq":0,"steal":0,"guest":0,"guestNice":0,"stolen":0},{"cpu":"cpu1","user":2267.1328125,"system":920.1640625,"idle":16639.4609375,"nice":0,"iowait":0,"irq":0,"softirq":0,"steal":0,"guest":0,"guestNice":0,"stolen":0},{"cpu":"cpu2","user":3551.203125,"system":1851.078125,"idle":14424.4765625,"nice":0,"iowait":0,"irq":0,"softirq":0,"steal":0,"guest":0,"guestNice":0,"stolen":0},{"cpu":"cpu3","user":2300.625,"system":932.2734375,"idle":16593.859375,"nice":0,"iowait":0,"irq":0,"softirq":0,"steal":0,"guest":0,"guestNice":0,"stolen":0}],"time":"2018-02-19 11:49:01.188133 +0900 JST m=+450.731509108","errorInfo":null}
[Info]2018/02/19 11:49:06 acsessd /api/status.json
[Info]2018/02/19 11:49:06 {"hostname":"ksc-1x-dhcp-172-29-194-195.kwansei.ac.jp","hostid":"18d901f1-4a03-3ff1-ae34-c26b2732f13c","virtualizationSystem":"","total":8589934592,"available":2287509504,"usedPercent":73.3698844909668,"diskIO":[{"name":"disk0","ioTime":1273513,"weightedIO":0}],"cpu":[{"cpu":"cpu0","user":3651.65625,"system":2107.6484375,"idle":14072.1484375,"nice":0,"iowait":0,"irq":0,"softirq":0,"steal":0,"guest":0,"guestNice":0,"stolen":0},{"cpu":"cpu1","user":2267.21875,"system":920.203125,"idle":16643.2109375,"nice":0,"iowait":0,"irq":0,"softirq":0,"steal":0,"guest":0,"guestNice":0,"stolen":0},{"cpu":"cpu2","user":3551.4453125,"system":1851.1953125,"idle":14428.0078125,"nice":0,"iowait":0,"irq":0,"softirq":0,"steal":0,"guest":0,"guestNice":0,"stolen":0},{"cpu":"cpu3","user":2300.703125,"system":932.328125,"idle":16597.609375,"nice":0,"iowait":0,"irq":0,"softirq":0,"steal":0,"guest":0,"guestNice":0,"stolen":0}],"time":"2018-02-19 11:49:06.162423 +0900 JST m=+455.705804104","errorInfo":null}
[Info]2018/02/19 11:49:11 acsessd /api/status.json
[Info]2018/02/19 11:49:11 {"hostname":"ksc-1x-dhcp-172-29-194-195.kwansei.ac.jp","hostid":"18d901f1-4a03-3ff1-ae34-c26b2732f13c","virtualizationSystem":"","total":8589934592,"available":2281852928,"usedPercent":73.43573570251465,"diskIO":[{"name":"disk0","ioTime":1273541,"weightedIO":0}],"cpu":[{"cpu":"cpu0","user":3651.984375,"system":2107.78125,"idle":14075.59375,"nice":0,"iowait":0,"irq":0,"softirq":0,"steal":0,"guest":0,"guestNice":0,"stolen":0},{"cpu":"cpu1","user":2267.328125,"system":920.2578125,"idle":16646.9609375,"nice":0,"iowait":0,"irq":0,"softirq":0,"steal":0,"guest":0,"guestNice":0,"stolen":0},{"cpu":"cpu2","user":3551.6875,"system":1851.3203125,"idle":14431.5390625,"nice":0,"iowait":0,"irq":0,"softirq":0,"steal":0,"guest":0,"guestNice":0,"stolen":0},{"cpu":"cpu3","user":2300.8125,"system":932.375,"idle":16601.3515625,"nice":0,"iowait":0,"irq":0,"softirq":0,"steal":0,"guest":0,"guestNice":0,"stolen":0}],"time":"2018-02-19 11:49:11.161242 +0900 JST m=+460.704628780","errorInfo":null}
[Info]2018/02/19 11:49:16 acsessd /api/status.json
[Info]2018/02/19 11:49:16 {"hostname":"ksc-1x-dhcp-172-29-194-195.kwansei.ac.jp","hostid":"18d901f1-4a03-3ff1-ae34-c26b2732f13c","virtualizationSystem":"","total":8589934592,"available":2278404096,"usedPercent":73.47588539123535,"diskIO":[{"name":"disk0","ioTime":1273582,"weightedIO":0}],"cpu":[{"cpu":"cpu0","user":3652.3359375,"system":2107.9296875,"idle":14079.015625,"nice":0,"iowait":0,"irq":0,"softirq":0,"steal":0,"guest":0,"guestNice":0,"stolen":0},{"cpu":"cpu1","user":2267.4296875,"system":920.3203125,"idle":16650.7109375,"nice":0,"iowait":0,"irq":0,"softirq":0,"steal":0,"guest":0,"guestNice":0,"stolen":0},{"cpu":"cpu2","user":3552.0234375,"system":1851.46875,"idle":14434.9765625,"nice":0,"iowait":0,"irq":0,"softirq":0,"steal":0,"guest":0,"guestNice":0,"stolen":0},{"cpu":"cpu3","user":2300.9296875,"system":932.453125,"idle":16605.078125,"nice":0,"iowait":0,"irq":0,"softirq":0,"steal":0,"guest":0,"guestNice":0,"stolen":0}],"time":"2018-02-19 11:49:16.176688 +0900 JST m=+465.720077224","errorInfo":null}
[Info]2018/02/19 11:49:21 acsessd /api/status.json
[Info]2018/02/19 11:49:21 {"hostname":"ksc-1x-dhcp-172-29-194-195.kwansei.ac.jp","hostid":"18d901f1-4a03-3ff1-ae34-c26b2732f13c","virtualizationSystem":"","total":8589934592,"available":2277507072,"usedPercent":73.486328125,"diskIO":[{"name":"disk0","ioTime":1273621,"weightedIO":0}],"cpu":[{"cpu":"cpu0","user":3652.7109375,"system":2108.1796875,"idle":14082.2890625,"nice":0,"iowait":0,"irq":0,"softirq":0,"steal":0,"guest":0,"guestNice":0,"stolen":0},{"cpu":"cpu1","user":2267.5546875,"system":920.3984375,"idle":16654.4140625,"nice":0,"iowait":0,"irq":0,"softirq":0,"steal":0,"guest":0,"guestNice":0,"stolen":0},{"cpu":"cpu2","user":3552.5,"system":1851.7265625,"idle":14438.1484375,"nice":0,"iowait":0,"irq":0,"softirq":0,"steal":0,"guest":0,"guestNice":0,"stolen":0},{"cpu":"cpu3","user":2301.0625,"system":932.5390625,"idle":16608.765625,"nice":0,"iowait":0,"irq":0,"softirq":0,"steal":0,"guest":0,"guestNice":0,"stolen":0}],"time":"2018-02-19 11:49:21.17438 +0900 JST m=+470.717776834","errorInfo":null}
[Info]2018/02/19 11:49:26 acsessd /api/status.json
[Info]2018/02/19 11:49:26 {"hostname":"ksc-1x-dhcp-172-29-194-195.kwansei.ac.jp","hostid":"18d901f1-4a03-3ff1-ae34-c26b2732f13c","virtualizationSystem":"","total":8589934592,"available":2276171776,"usedPercent":73.50187301635742,"diskIO":[{"name":"disk0","ioTime":1273637,"weightedIO":0}],"cpu":[{"cpu":"cpu0","user":3653.0625,"system":2108.28125,"idle":14085.7421875,"nice":0,"iowait":0,"irq":0,"softirq":0,"steal":0,"guest":0,"guestNice":0,"stolen":0},{"cpu":"cpu1","user":2267.6171875,"system":920.4375,"idle":16658.2265625,"nice":0,"iowait":0,"irq":0,"softirq":0,"steal":0,"guest":0,"guestNice":0,"stolen":0},{"cpu":"cpu2","user":3552.7265625,"system":1851.8046875,"idle":14441.7421875,"nice":0,"iowait":0,"irq":0,"softirq":0,"steal":0,"guest":0,"guestNice":0,"stolen":0},{"cpu":"cpu3","user":2301.140625,"system":932.5859375,"idle":16612.546875,"nice":0,"iowait":0,"irq":0,"softirq":0,"steal":0,"guest":0,"guestNice":0,"stolen":0}],"time":"2018-02-19 11:49:26.174282 +0900 JST m=+475.717685246","errorInfo":null}
[Info]2018/02/19 11:49:31 acsessd /api/status.json
[Info]2018/02/19 11:49:31 {"hostname":"ksc-1x-dhcp-172-29-194-195.kwansei.ac.jp","hostid":"18d901f1-4a03-3ff1-ae34-c26b2732f13c","virtualizationSystem":"","total":8589934592,"available":2275864576,"usedPercent":73.50544929504395,"diskIO":[{"name":"disk0","ioTime":1273654,"weightedIO":0}],"cpu":[{"cpu":"cpu0","user":3653.4140625,"system":2108.390625,"idle":14089.1953125,"nice":0,"iowait":0,"irq":0,"softirq":0,"steal":0,"guest":0,"guestNice":0,"stolen":0},{"cpu":"cpu1","user":2267.7109375,"system":920.4765625,"idle":16662,"nice":0,"iowait":0,"irq":0,"softirq":0,"steal":0,"guest":0,"guestNice":0,"stolen":0},{"cpu":"cpu2","user":3552.984375,"system":1851.8828125,"idle":14445.3203125,"nice":0,"iowait":0,"irq":0,"softirq":0,"steal":0,"guest":0,"guestNice":0,"stolen":0},{"cpu":"cpu3","user":2301.2109375,"system":932.6328125,"idle":16616.34375,"nice":0,"iowait":0,"irq":0,"softirq":0,"steal":0,"guest":0,"guestNice":0,"stolen":0}],"time":"2018-02-19 11:49:31.181485 +0900 JST m=+480.724892271","errorInfo":null}
[Info]2018/02/19 11:49:36 acsessd /api/status.json
[Info]2018/02/19 11:49:36 {"hostname":"ksc-1x-dhcp-172-29-194-195.kwansei.ac.jp","hostid":"18d901f1-4a03-3ff1-ae34-c26b2732f13c","virtualizationSystem":"","total":8589934592,"available":2274635776,"usedPercent":73.51975440979004,"diskIO":[{"name":"disk0","ioTime":1273674,"weightedIO":0}],"cpu":[{"cpu":"cpu0","user":3653.71875,"system":2108.5,"idle":14092.6875,"nice":0,"iowait":0,"irq":0,"softirq":0,"steal":0,"guest":0,"guestNice":0,"stolen":0},{"cpu":"cpu1","user":2267.7890625,"system":920.515625,"idle":16665.7890625,"nice":0,"iowait":0,"irq":0,"softirq":0,"steal":0,"guest":0,"guestNice":0,"stolen":0},{"cpu":"cpu2","user":3553.21875,"system":1851.9609375,"idle":14448.9140625,"nice":0,"iowait":0,"irq":0,"softirq":0,"steal":0,"guest":0,"guestNice":0,"stolen":0},{"cpu":"cpu3","user":2301.296875,"system":932.671875,"idle":16620.1171875,"nice":0,"iowait":0,"irq":0,"softirq":0,"steal":0,"guest":0,"guestNice":0,"stolen":0}],"time":"2018-02-19 11:49:36.18016 +0900 JST m=+485.723574122","errorInfo":null}
[Info]2018/02/19 11:49:41 acsessd /api/status.json
[Info]2018/02/19 11:49:41 {"hostname":"ksc-1x-dhcp-172-29-194-195.kwansei.ac.jp","hostid":"18d901f1-4a03-3ff1-ae34-c26b2732f13c","virtualizationSystem":"","total":8589934592,"available":2273648640,"usedPercent":73.53124618530273,"diskIO":[{"name":"disk0","ioTime":1273674,"weightedIO":0}],"cpu":[{"cpu":"cpu0","user":3654.046875,"system":2108.6015625,"idle":14096.1875,"nice":0,"iowait":0,"irq":0,"softirq":0,"steal":0,"guest":0,"guestNice":0,"stolen":0},{"cpu":"cpu1","user":2267.890625,"system":920.5625,"idle":16669.5703125,"nice":0,"iowait":0,"irq":0,"softirq":0,"steal":0,"guest":0,"guestNice":0,"stolen":0},{"cpu":"cpu2","user":3553.53125,"system":1852.03125,"idle":14452.4609375,"nice":0,"iowait":0,"irq":0,"softirq":0,"steal":0,"guest":0,"guestNice":0,"stolen":0},{"cpu":"cpu3","user":2301.3984375,"system":932.7109375,"idle":16623.9140625,"nice":0,"iowait":0,"irq":0,"softirq":0,"steal":0,"guest":0,"guestNice":0,"stolen":0}],"time":"2018-02-19 11:49:41.206827 +0900 JST m=+490.750246801","errorInfo":null}
[Info]2018/02/19 11:49:46 acsessd /api/status.json
[Info]2018/02/19 11:49:46 {"hostname":"ksc-1x-dhcp-172-29-194-195.kwansei.ac.jp","hostid":"18d901f1-4a03-3ff1-ae34-c26b2732f13c","virtualizationSystem":"","total":8589934592,"available":2268798976,"usedPercent":73.58770370483398,"diskIO":[{"name":"disk0","ioTime":1273707,"weightedIO":0}],"cpu":[{"cpu":"cpu0","user":3654.40625,"system":2108.6875,"idle":14099.6328125,"nice":0,"iowait":0,"irq":0,"softirq":0,"steal":0,"guest":0,"guestNice":0,"stolen":0},{"cpu":"cpu1","user":2268.0078125,"system":920.59375,"idle":16673.3046875,"nice":0,"iowait":0,"irq":0,"softirq":0,"steal":0,"guest":0,"guestNice":0,"stolen":0},{"cpu":"cpu2","user":3553.875,"system":1852.109375,"idle":14455.921875,"nice":0,"iowait":0,"irq":0,"softirq":0,"steal":0,"guest":0,"guestNice":0,"stolen":0},{"cpu":"cpu3","user":2301.5234375,"system":932.75,"idle":16627.625,"nice":0,"iowait":0,"irq":0,"softirq":0,"steal":0,"guest":0,"guestNice":0,"stolen":0}],"time":"2018-02-19 11:49:46.185471 +0900 JST m=+495.728896780","errorInfo":null}
[Info]2018/02/19 11:49:51 acsessd /api/status.json
[Info]2018/02/19 11:49:51 {"hostname":"ksc-1x-dhcp-172-29-194-195.kwansei.ac.jp","hostid":"18d901f1-4a03-3ff1-ae34-c26b2732f13c","virtualizationSystem":"","total":8589934592,"available":2269057024,"usedPercent":73.5846996307373,"diskIO":[{"name":"disk0","ioTime":1273714,"weightedIO":0}],"cpu":[{"cpu":"cpu0","user":3654.7734375,"system":2108.7734375,"idle":14103.0859375,"nice":0,"iowait":0,"irq":0,"softirq":0,"steal":0,"guest":0,"guestNice":0,"stolen":0},{"cpu":"cpu1","user":2268.09375,"system":920.6328125,"idle":16677.09375,"nice":0,"iowait":0,"irq":0,"softirq":0,"steal":0,"guest":0,"guestNice":0,"stolen":0},{"cpu":"cpu2","user":3554.1171875,"system":1852.1796875,"idle":14459.5234375,"nice":0,"iowait":0,"irq":0,"softirq":0,"steal":0,"guest":0,"guestNice":0,"stolen":0},{"cpu":"cpu3","user":2301.59375,"system":932.78125,"idle":16631.4453125,"nice":0,"iowait":0,"irq":0,"softirq":0,"steal":0,"guest":0,"guestNice":0,"stolen":0}],"time":"2018-02-19 11:49:51.192806 +0900 JST m=+500.736236878","errorInfo":null}
[Info]2018/02/19 11:49:56 acsessd /api/status.json
[Info]2018/02/19 11:49:56 {"hostname":"ksc-1x-dhcp-172-29-194-195.kwansei.ac.jp","hostid":"18d901f1-4a03-3ff1-ae34-c26b2732f13c","virtualizationSystem":"","total":8589934592,"available":2277277696,"usedPercent":73.48899841308594,"diskIO":[{"name":"disk0","ioTime":1273738,"weightedIO":0}],"cpu":[{"cpu":"cpu0","user":3655.1875,"system":2108.90625,"idle":14106.46875,"nice":0,"iowait":0,"irq":0,"softirq":0,"steal":0,"guest":0,"guestNice":0,"stolen":0},{"cpu":"cpu1","user":2268.234375,"system":920.6953125,"idle":16680.8125,"nice":0,"iowait":0,"irq":0,"softirq":0,"steal":0,"guest":0,"guestNice":0,"stolen":0},{"cpu":"cpu2","user":3554.5703125,"system":1852.296875,"idle":14462.8828125,"nice":0,"iowait":0,"irq":0,"softirq":0,"steal":0,"guest":0,"guestNice":0,"stolen":0},{"cpu":"cpu3","user":2301.75,"system":932.8359375,"idle":16635.1484375,"nice":0,"iowait":0,"irq":0,"softirq":0,"steal":0,"guest":0,"guestNice":0,"stolen":0}],"time":"2018-02-19 11:49:56.213182 +0900 JST m=+505.756616582","errorInfo":null}
[Info]2018/02/19 11:50:01 acsessd /api/status.json
[Info]2018/02/19 11:50:01 {"hostname":"ksc-1x-dhcp-172-29-194-195.kwansei.ac.jp","hostid":"18d901f1-4a03-3ff1-ae34-c26b2732f13c","virtualizationSystem":"","total":8589934592,"available":2491277312,"usedPercent":70.99771499633789,"diskIO":[{"name":"disk0","ioTime":1273759,"weightedIO":0}],"cpu":[{"cpu":"cpu0","user":3655.625,"system":2109.0625,"idle":14109.78125,"nice":0,"iowait":0,"irq":0,"softirq":0,"steal":0,"guest":0,"guestNice":0,"stolen":0},{"cpu":"cpu1","user":2268.4375,"system":920.78125,"idle":16684.4296875,"nice":0,"iowait":0,"irq":0,"softirq":0,"steal":0,"guest":0,"guestNice":0,"stolen":0},{"cpu":"cpu2","user":3554.90625,"system":1852.4375,"idle":14466.3125,"nice":0,"iowait":0,"irq":0,"softirq":0,"steal":0,"guest":0,"guestNice":0,"stolen":0},{"cpu":"cpu3","user":2301.9296875,"system":932.921875,"idle":16638.796875,"nice":0,"iowait":0,"irq":0,"softirq":0,"steal":0,"guest":0,"guestNice":0,"stolen":0}],"time":"2018-02-19 11:50:01.217203 +0900 JST m=+510.760645245","errorInfo":null}
[Info]2018/02/19 11:50:06 acsessd /api/status.json
[Info]2018/02/19 11:50:06 {"hostname":"ksc-1x-dhcp-172-29-194-195.kwansei.ac.jp","hostid":"18d901f1-4a03-3ff1-ae34-c26b2732f13c","virtualizationSystem":"","total":8589934592,"available":2463997952,"usedPercent":71.31528854370117,"diskIO":[{"name":"disk0","ioTime":1274041,"weightedIO":0}],"cpu":[{"cpu":"cpu0","user":3656.3828125,"system":2109.515625,"idle":14112.46875,"nice":0,"iowait":0,"irq":0,"softirq":0,"steal":0,"guest":0,"guestNice":0,"stolen":0},{"cpu":"cpu1","user":2268.671875,"system":920.953125,"idle":16687.921875,"nice":0,"iowait":0,"irq":0,"softirq":0,"steal":0,"guest":0,"guestNice":0,"stolen":0},{"cpu":"cpu2","user":3555.625,"system":1852.84375,"idle":14469.078125,"nice":0,"iowait":0,"irq":0,"softirq":0,"steal":0,"guest":0,"guestNice":0,"stolen":0},{"cpu":"cpu3","user":2302.1796875,"system":933.0859375,"idle":16642.28125,"nice":0,"iowait":0,"irq":0,"softirq":0,"steal":0,"guest":0,"guestNice":0,"stolen":0}],"time":"2018-02-19 11:50:06.19931 +0900 JST m=+515.742757523","errorInfo":null}
[Info]2018/02/19 11:50:11 acsessd /api/status.json
[Info]2018/02/19 11:50:11 {"hostname":"ksc-1x-dhcp-172-29-194-195.kwansei.ac.jp","hostid":"18d901f1-4a03-3ff1-ae34-c26b2732f13c","virtualizationSystem":"","total":8589934592,"available":2532978688,"usedPercent":70.51224708557129,"diskIO":[{"name":"disk0","ioTime":1274083,"weightedIO":0}],"cpu":[{"cpu":"cpu0","user":3656.859375,"system":2109.8046875,"idle":14115.6171875,"nice":0,"iowait":0,"irq":0,"softirq":0,"steal":0,"guest":0,"guestNice":0,"stolen":0},{"cpu":"cpu1","user":2268.78125,"system":921.0625,"idle":16691.6328125,"nice":0,"iowait":0,"irq":0,"softirq":0,"steal":0,"guest":0,"guestNice":0,"stolen":0},{"cpu":"cpu2","user":3556.03125,"system":1853.203125,"idle":14472.234375,"nice":0,"iowait":0,"irq":0,"softirq":0,"steal":0,"guest":0,"guestNice":0,"stolen":0},{"cpu":"cpu3","user":2302.3125,"system":933.21875,"idle":16645.9453125,"nice":0,"iowait":0,"irq":0,"softirq":0,"steal":0,"guest":0,"guestNice":0,"stolen":0}],"time":"2018-02-19 11:50:11.224638 +0900 JST m=+520.768091198","errorInfo":null}
[Info]2018/02/19 11:50:16 acsessd /api/status.json
[Info]2018/02/19 11:50:16 {"hostname":"ksc-1x-dhcp-172-29-194-195.kwansei.ac.jp","hostid":"18d901f1-4a03-3ff1-ae34-c26b2732f13c","virtualizationSystem":"","total":8589934592,"available":2515865600,"usedPercent":70.71146965026855,"diskIO":[{"name":"disk0","ioTime":1274115,"weightedIO":0}],"cpu":[{"cpu":"cpu0","user":3657.2734375,"system":2110.1640625,"idle":14118.7421875,"nice":0,"iowait":0,"irq":0,"softirq":0,"steal":0,"guest":0,"guestNice":0,"stolen":0},{"cpu":"cpu1","user":2268.890625,"system":921.203125,"idle":16695.2734375,"nice":0,"iowait":0,"irq":0,"softirq":0,"steal":0,"guest":0,"guestNice":0,"stolen":0},{"cpu":"cpu2","user":3556.4375,"system":1853.5,"idle":14475.4296875,"nice":0,"iowait":0,"irq":0,"softirq":0,"steal":0,"guest":0,"guestNice":0,"stolen":0},{"cpu":"cpu3","user":2302.4453125,"system":933.3671875,"idle":16649.5546875,"nice":0,"iowait":0,"irq":0,"softirq":0,"steal":0,"guest":0,"guestNice":0,"stolen":0}],"time":"2018-02-19 11:50:16.210043 +0900 JST m=+525.753501292","errorInfo":null}
[Info]2018/02/19 11:50:21 acsessd /api/status.json
[Info]2018/02/19 11:50:21 {"hostname":"ksc-1x-dhcp-172-29-194-195.kwansei.ac.jp","hostid":"18d901f1-4a03-3ff1-ae34-c26b2732f13c","virtualizationSystem":"","total":8589934592,"available":2498527232,"usedPercent":70.91331481933594,"diskIO":[{"name":"disk0","ioTime":1274174,"weightedIO":0}],"cpu":[{"cpu":"cpu0","user":3657.65625,"system":2110.4296875,"idle":14122.015625,"nice":0,"iowait":0,"irq":0,"softirq":0,"steal":0,"guest":0,"guestNice":0,"stolen":0},{"cpu":"cpu1","user":2269.046875,"system":921.328125,"idle":16698.9140625,"nice":0,"iowait":0,"irq":0,"softirq":0,"steal":0,"guest":0,"guestNice":0,"stolen":0},{"cpu":"cpu2","user":3556.8125,"system":1853.8046875,"idle":14478.671875,"nice":0,"iowait":0,"irq":0,"softirq":0,"steal":0,"guest":0,"guestNice":0,"stolen":0},{"cpu":"cpu3","user":2302.5859375,"system":933.484375,"idle":16653.2109375,"nice":0,"iowait":0,"irq":0,"softirq":0,"steal":0,"guest":0,"guestNice":0,"stolen":0}],"time":"2018-02-19 11:50:21.224371 +0900 JST m=+530.767834850","errorInfo":null}
[Info]2018/02/19 11:50:26 acsessd /api/status.json
[Info]2018/02/19 11:50:26 {"hostname":"ksc-1x-dhcp-172-29-194-195.kwansei.ac.jp","hostid":"18d901f1-4a03-3ff1-ae34-c26b2732f13c","virtualizationSystem":"","total":8589934592,"available":2508148736,"usedPercent":70.80130577087402,"diskIO":[{"name":"disk0","ioTime":1274296,"weightedIO":0}],"cpu":[{"cpu":"cpu0","user":3658.09375,"system":2110.703125,"idle":14125.21875,"nice":0,"iowait":0,"irq":0,"softirq":0,"steal":0,"guest":0,"guestNice":0,"stolen":0},{"cpu":"cpu1","user":2269.1875,"system":921.4296875,"idle":16702.578125,"nice":0,"iowait":0,"irq":0,"softirq":0,"steal":0,"guest":0,"guestNice":0,"stolen":0},{"cpu":"cpu2","user":3557.1953125,"system":1854.0234375,"idle":14481.984375,"nice":0,"iowait":0,"irq":0,"softirq":0,"steal":0,"guest":0,"guestNice":0,"stolen":0},{"cpu":"cpu3","user":2302.765625,"system":933.59375,"idle":16656.84375,"nice":0,"iowait":0,"irq":0,"softirq":0,"steal":0,"guest":0,"guestNice":0,"stolen":0}],"time":"2018-02-19 11:50:26.237251 +0900 JST m=+535.780720792","errorInfo":null}
[Info]2018/02/19 11:50:31 acsessd /api/status.json
[Info]2018/02/19 11:50:31 {"hostname":"ksc-1x-dhcp-172-29-194-195.kwansei.ac.jp","hostid":"18d901f1-4a03-3ff1-ae34-c26b2732f13c","virtualizationSystem":"","total":8589934592,"available":2503401472,"usedPercent":70.85657119750977,"diskIO":[{"name":"disk0","ioTime":1274360,"weightedIO":0}],"cpu":[{"cpu":"cpu0","user":3658.546875,"system":2110.890625,"idle":14128.484375,"nice":0,"iowait":0,"irq":0,"softirq":0,"steal":0,"guest":0,"guestNice":0,"stolen":0},{"cpu":"cpu1","user":2269.328125,"system":921.5078125,"idle":16706.2734375,"nice":0,"iowait":0,"irq":0,"softirq":0,"steal":0,"guest":0,"guestNice":0,"stolen":0},{"cpu":"cpu2","user":3557.5390625,"system":1854.203125,"idle":14485.359375,"nice":0,"iowait":0,"irq":0,"softirq":0,"steal":0,"guest":0,"guestNice":0,"stolen":0},{"cpu":"cpu3","user":2302.921875,"system":933.6640625,"idle":16660.515625,"nice":0,"iowait":0,"irq":0,"softirq":0,"steal":0,"guest":0,"guestNice":0,"stolen":0}],"time":"2018-02-19 11:50:31.232396 +0900 JST m=+540.775870237","errorInfo":null}
[Info]2018/02/19 11:50:36 acsessd /api/status.json
[Info]2018/02/19 11:50:36 {"hostname":"ksc-1x-dhcp-172-29-194-195.kwansei.ac.jp","hostid":"18d901f1-4a03-3ff1-ae34-c26b2732f13c","virtualizationSystem":"","total":8589934592,"available":2507071488,"usedPercent":70.81384658813477,"diskIO":[{"name":"disk0","ioTime":1274434,"weightedIO":0}],"cpu":[{"cpu":"cpu0","user":3658.8984375,"system":2111.0078125,"idle":14131.9140625,"nice":0,"iowait":0,"irq":0,"softirq":0,"steal":0,"guest":0,"guestNice":0,"stolen":0},{"cpu":"cpu1","user":2269.390625,"system":921.546875,"idle":16710.078125,"nice":0,"iowait":0,"irq":0,"softirq":0,"steal":0,"guest":0,"guestNice":0,"stolen":0},{"cpu":"cpu2","user":3557.78125,"system":1854.296875,"idle":14488.9375,"nice":0,"iowait":0,"irq":0,"softirq":0,"steal":0,"guest":0,"guestNice":0,"stolen":0},{"cpu":"cpu3","user":2303.0078125,"system":933.703125,"idle":16664.296875,"nice":0,"iowait":0,"irq":0,"softirq":0,"steal":0,"guest":0,"guestNice":0,"stolen":0}],"time":"2018-02-19 11:50:36.237268 +0900 JST m=+545.780748192","errorInfo":null}
[Info]2018/02/19 11:50:41 acsessd /api/status.json
[Info]2018/02/19 11:50:41 {"hostname":"ksc-1x-dhcp-172-29-194-195.kwansei.ac.jp","hostid":"18d901f1-4a03-3ff1-ae34-c26b2732f13c","virtualizationSystem":"","total":8589934592,"available":2509697024,"usedPercent":70.78328132629395,"diskIO":[{"name":"disk0","ioTime":1274449,"weightedIO":0}],"cpu":[{"cpu":"cpu0","user":3659.2421875,"system":2111.125,"idle":14135.375,"nice":0,"iowait":0,"irq":0,"softirq":0,"steal":0,"guest":0,"guestNice":0,"stolen":0},{"cpu":"cpu1","user":2269.5078125,"system":921.59375,"idle":16713.828125,"nice":0,"iowait":0,"irq":0,"softirq":0,"steal":0,"guest":0,"guestNice":0,"stolen":0},{"cpu":"cpu2","user":3558.0078125,"system":1854.3828125,"idle":14492.5390625,"nice":0,"iowait":0,"irq":0,"softirq":0,"steal":0,"guest":0,"guestNice":0,"stolen":0},{"cpu":"cpu3","user":2303.1015625,"system":933.75,"idle":16668.078125,"nice":0,"iowait":0,"irq":0,"softirq":0,"steal":0,"guest":0,"guestNice":0,"stolen":0}],"time":"2018-02-19 11:50:41.247645 +0900 JST m=+550.791130623","errorInfo":null}
[Info]2018/02/19 11:50:46 acsessd /api/status.json
[Info]2018/02/19 11:50:46 {"hostname":"ksc-1x-dhcp-172-29-194-195.kwansei.ac.jp","hostid":"18d901f1-4a03-3ff1-ae34-c26b2732f13c","virtualizationSystem":"","total":8589934592,"available":2506055680,"usedPercent":70.8256721496582,"diskIO":[{"name":"disk0","ioTime":1274474,"weightedIO":0}],"cpu":[{"cpu":"cpu0","user":3659.53125,"system":2111.21875,"idle":14138.8828125,"nice":0,"iowait":0,"irq":0,"softirq":0,"steal":0,"guest":0,"guestNice":0,"stolen":0},{"cpu":"cpu1","user":2269.609375,"system":921.625,"idle":16717.5859375,"nice":0,"iowait":0,"irq":0,"softirq":0,"steal":0,"guest":0,"guestNice":0,"stolen":0},{"cpu":"cpu2","user":3558.2109375,"system":1854.4609375,"idle":14496.1484375,"nice":0,"iowait":0,"irq":0,"softirq":0,"steal":0,"guest":0,"guestNice":0,"stolen":0},{"cpu":"cpu3","user":2303.1953125,"system":933.7890625,"idle":16671.828125,"nice":0,"iowait":0,"irq":0,"softirq":0,"steal":0,"guest":0,"guestNice":0,"stolen":0}],"time":"2018-02-19 11:50:46.231227 +0900 JST m=+555.774719210","errorInfo":null}
[Info]2018/02/19 11:50:51 acsessd /api/status.json
[Info]2018/02/19 11:50:51 {"hostname":"ksc-1x-dhcp-172-29-194-195.kwansei.ac.jp","hostid":"18d901f1-4a03-3ff1-ae34-c26b2732f13c","virtualizationSystem":"","total":8589934592,"available":2508652544,"usedPercent":70.79544067382812,"diskIO":[{"name":"disk0","ioTime":1274499,"weightedIO":0}],"cpu":[{"cpu":"cpu0","user":3659.84375,"system":2111.3203125,"idle":14142.3984375,"nice":0,"iowait":0,"irq":0,"softirq":0,"steal":0,"guest":0,"guestNice":0,"stolen":0},{"cpu":"cpu1","user":2269.6796875,"system":921.6640625,"idle":16721.3984375,"nice":0,"iowait":0,"irq":0,"softirq":0,"steal":0,"guest":0,"guestNice":0,"stolen":0},{"cpu":"cpu2","user":3558.4296875,"system":1854.53125,"idle":14499.78125,"nice":0,"iowait":0,"irq":0,"softirq":0,"steal":0,"guest":0,"guestNice":0,"stolen":0},{"cpu":"cpu3","user":2303.2890625,"system":933.828125,"idle":16675.625,"nice":0,"iowait":0,"irq":0,"softirq":0,"steal":0,"guest":0,"guestNice":0,"stolen":0}],"time":"2018-02-19 11:50:51.254618 +0900 JST m=+560.798114857","errorInfo":null}
[Info]2018/02/19 11:50:56 acsessd /api/status.json
[Info]2018/02/19 11:50:56 {"hostname":"ksc-1x-dhcp-172-29-194-195.kwansei.ac.jp","hostid":"18d901f1-4a03-3ff1-ae34-c26b2732f13c","virtualizationSystem":"","total":8589934592,"available":2487799808,"usedPercent":71.03819847106934,"diskIO":[{"name":"disk0","ioTime":1274559,"weightedIO":0}],"cpu":[{"cpu":"cpu0","user":3660.40625,"system":2111.578125,"idle":14145.5234375,"nice":0,"iowait":0,"irq":0,"softirq":0,"steal":0,"guest":0,"guestNice":0,"stolen":0},{"cpu":"cpu1","user":2270.0234375,"system":921.8046875,"idle":16724.8671875,"nice":0,"iowait":0,"irq":0,"softirq":0,"steal":0,"guest":0,"guestNice":0,"stolen":0},{"cpu":"cpu2","user":3559.046875,"system":1854.7578125,"idle":14502.890625,"nice":0,"iowait":0,"irq":0,"softirq":0,"steal":0,"guest":0,"guestNice":0,"stolen":0},{"cpu":"cpu3","user":2303.59375,"system":933.96875,"idle":16679.1328125,"nice":0,"iowait":0,"irq":0,"softirq":0,"steal":0,"guest":0,"guestNice":0,"stolen":0}],"time":"2018-02-19 11:50:56.313578 +0900 JST m=+565.857080266","errorInfo":null}
[Info]2018/02/19 11:51:01 acsessd /api/status.json
[Info]2018/02/19 11:51:01 {"hostname":"ksc-1x-dhcp-172-29-194-195.kwansei.ac.jp","hostid":"18d901f1-4a03-3ff1-ae34-c26b2732f13c","virtualizationSystem":"","total":8589934592,"available":2478530560,"usedPercent":71.1461067199707,"diskIO":[{"name":"disk0","ioTime":1274611,"weightedIO":0}],"cpu":[{"cpu":"cpu0","user":3661.6328125,"system":2111.9921875,"idle":14147.7578125,"nice":0,"iowait":0,"irq":0,"softirq":0,"steal":0,"guest":0,"guestNice":0,"stolen":0},{"cpu":"cpu1","user":2270.7890625,"system":922.015625,"idle":16727.7578125,"nice":0,"iowait":0,"irq":0,"softirq":0,"steal":0,"guest":0,"guestNice":0,"stolen":0},{"cpu":"cpu2","user":3560.265625,"system":1855.140625,"idle":14505.15625,"nice":0,"iowait":0,"irq":0,"softirq":0,"steal":0,"guest":0,"guestNice":0,"stolen":0},{"cpu":"cpu3","user":2304.375,"system":934.1953125,"idle":16682,"nice":0,"iowait":0,"irq":0,"softirq":0,"steal":0,"guest":0,"guestNice":0,"stolen":0}],"time":"2018-02-19 11:51:01.263161 +0900 JST m=+570.806669744","errorInfo":null}
[Info]2018/02/19 11:51:06 acsessd /api/status.json
[Info]2018/02/19 11:51:06 {"hostname":"ksc-1x-dhcp-172-29-194-195.kwansei.ac.jp","hostid":"18d901f1-4a03-3ff1-ae34-c26b2732f13c","virtualizationSystem":"","total":8589934592,"available":2473414656,"usedPercent":71.20566368103027,"diskIO":[{"name":"disk0","ioTime":1274673,"weightedIO":0}],"cpu":[{"cpu":"cpu0","user":3663.2890625,"system":2112.5703125,"idle":14149.484375,"nice":0,"iowait":0,"irq":0,"softirq":0,"steal":0,"guest":0,"guestNice":0,"stolen":0},{"cpu":"cpu1","user":2272.125,"system":922.3671875,"idle":16730.0390625,"nice":0,"iowait":0,"irq":0,"softirq":0,"steal":0,"guest":0,"guestNice":0,"stolen":0},{"cpu":"cpu2","user":3561.90625,"system":1855.671875,"idle":14506.953125,"nice":0,"iowait":0,"irq":0,"softirq":0,"steal":0,"guest":0,"guestNice":0,"stolen":0},{"cpu":"cpu3","user":2305.671875,"system":934.5390625,"idle":16684.3125,"nice":0,"iowait":0,"irq":0,"softirq":0,"steal":0,"guest":0,"guestNice":0,"stolen":0}],"time":"2018-02-19 11:51:06.341658 +0900 JST m=+575.885172167","errorInfo":null}
[Info]2018/02/19 11:51:11 acsessd /api/status.json
[Info]2018/02/19 11:51:11 {"hostname":"ksc-1x-dhcp-172-29-194-195.kwansei.ac.jp","hostid":"18d901f1-4a03-3ff1-ae34-c26b2732f13c","virtualizationSystem":"","total":8589934592,"available":2474860544,"usedPercent":71.1888313293457,"diskIO":[{"name":"disk0","ioTime":1274684,"weightedIO":0}],"cpu":[{"cpu":"cpu0","user":3664.890625,"system":2113.046875,"idle":14151.328125,"nice":0,"iowait":0,"irq":0,"softirq":0,"steal":0,"guest":0,"guestNice":0,"stolen":0},{"cpu":"cpu1","user":2273.3359375,"system":922.6796875,"idle":16732.4296875,"nice":0,"iowait":0,"irq":0,"softirq":0,"steal":0,"guest":0,"guestNice":0,"stolen":0},{"cpu":"cpu2","user":3563.4609375,"system":1856.1171875,"idle":14508.875,"nice":0,"iowait":0,"irq":0,"softirq":0,"steal":0,"guest":0,"guestNice":0,"stolen":0},{"cpu":"cpu3","user":2306.9140625,"system":934.8359375,"idle":16686.6953125,"nice":0,"iowait":0,"irq":0,"softirq":0,"steal":0,"guest":0,"guestNice":0,"stolen":0}],"time":"2018-02-19 11:51:11.358098 +0900 JST m=+580.901615152","errorInfo":null}
[Info]2018/02/19 11:51:16 acsessd /api/status.json
[Info]2018/02/19 11:51:16 {"hostname":"ksc-1x-dhcp-172-29-194-195.kwansei.ac.jp","hostid":"18d901f1-4a03-3ff1-ae34-c26b2732f13c","virtualizationSystem":"","total":8589934592,"available":2473701376,"usedPercent":71.20232582092285,"diskIO":[{"name":"disk0","ioTime":1274694,"weightedIO":0}],"cpu":[{"cpu":"cpu0","user":3666.6875,"system":2113.6640625,"idle":14152.765625,"nice":0,"iowait":0,"irq":0,"softirq":0,"steal":0,"guest":0,"guestNice":0,"stolen":0},{"cpu":"cpu1","user":2274.6875,"system":923.1171875,"idle":16734.4921875,"nice":0,"iowait":0,"irq":0,"softirq":0,"steal":0,"guest":0,"guestNice":0,"stolen":0},{"cpu":"cpu2","user":3565.2578125,"system":1856.7109375,"idle":14510.3359375,"nice":0,"iowait":0,"irq":0,"softirq":0,"steal":0,"guest":0,"guestNice":0,"stolen":0},{"cpu":"cpu3","user":2308.28125,"system":935.265625,"idle":16688.75,"nice":0,"iowait":0,"irq":0,"softirq":0,"steal":0,"guest":0,"guestNice":0,"stolen":0}],"time":"2018-02-19 11:51:16.286742 +0900 JST m=+585.830266596","errorInfo":null}
[Info]2018/02/19 11:51:21 acsessd /api/status.json
[Info]2018/02/19 11:51:21 {"hostname":"ksc-1x-dhcp-172-29-194-195.kwansei.ac.jp","hostid":"18d901f1-4a03-3ff1-ae34-c26b2732f13c","virtualizationSystem":"","total":8589934592,"available":2469539840,"usedPercent":71.25077247619629,"diskIO":[{"name":"disk0","ioTime":1274778,"weightedIO":0}],"cpu":[{"cpu":"cpu0","user":3667.0703125,"system":2113.8046875,"idle":14156.125,"nice":0,"iowait":0,"irq":0,"softirq":0,"steal":0,"guest":0,"guestNice":0,"stolen":0},{"cpu":"cpu1","user":2274.7890625,"system":923.1640625,"idle":16738.2421875,"nice":0,"iowait":0,"irq":0,"softirq":0,"steal":0,"guest":0,"guestNice":0,"stolen":0},{"cpu":"cpu2","user":3565.5546875,"system":1856.8359375,"idle":14513.8125,"nice":0,"iowait":0,"irq":0,"softirq":0,"steal":0,"guest":0,"guestNice":0,"stolen":0},{"cpu":"cpu3","user":2308.40625,"system":935.3125,"idle":16692.4765625,"nice":0,"iowait":0,"irq":0,"softirq":0,"steal":0,"guest":0,"guestNice":0,"stolen":0}],"time":"2018-02-19 11:51:21.270021 +0900 JST m=+590.813551774","errorInfo":null}
[Info]2018/02/19 11:51:26 acsessd /api/status.json
[Info]2018/02/19 11:51:26 {"hostname":"ksc-1x-dhcp-172-29-194-195.kwansei.ac.jp","hostid":"18d901f1-4a03-3ff1-ae34-c26b2732f13c","virtualizationSystem":"","total":8589934592,"available":2388586496,"usedPercent":72.19319343566895,"diskIO":[{"name":"disk0","ioTime":1275145,"weightedIO":0}],"cpu":[{"cpu":"cpu0","user":3667.5859375,"system":2114.140625,"idle":14159.203125,"nice":0,"iowait":0,"irq":0,"softirq":0,"steal":0,"guest":0,"guestNice":0,"stolen":0},{"cpu":"cpu1","user":2274.9765625,"system":923.3046875,"idle":16741.8359375,"nice":0,"iowait":0,"irq":0,"softirq":0,"steal":0,"guest":0,"guestNice":0,"stolen":0},{"cpu":"cpu2","user":3565.9609375,"system":1857.15625,"idle":14517,"nice":0,"iowait":0,"irq":0,"softirq":0,"steal":0,"guest":0,"guestNice":0,"stolen":0},{"cpu":"cpu3","user":2308.6171875,"system":935.46875,"idle":16696.03125,"nice":0,"iowait":0,"irq":0,"softirq":0,"steal":0,"guest":0,"guestNice":0,"stolen":0}],"time":"2018-02-19 11:51:26.291255 +0900 JST m=+595.834791050","errorInfo":null}
[Info]2018/02/19 11:51:31 acsessd /api/status.json
[Info]2018/02/19 11:51:31 {"hostname":"ksc-1x-dhcp-172-29-194-195.kwansei.ac.jp","hostid":"18d901f1-4a03-3ff1-ae34-c26b2732f13c","virtualizationSystem":"","total":8589934592,"available":2394091520,"usedPercent":72.12910652160645,"diskIO":[{"name":"disk0","ioTime":1275231,"weightedIO":0}],"cpu":[{"cpu":"cpu0","user":3668.0390625,"system":2114.3515625,"idle":14162.421875,"nice":0,"iowait":0,"irq":0,"softirq":0,"steal":0,"guest":0,"guestNice":0,"stolen":0},{"cpu":"cpu1","user":2275.1796875,"system":923.3984375,"idle":16745.4296875,"nice":0,"iowait":0,"irq":0,"softirq":0,"steal":0,"guest":0,"guestNice":0,"stolen":0},{"cpu":"cpu2","user":3566.3515625,"system":1857.34375,"idle":14520.3125,"nice":0,"iowait":0,"irq":0,"softirq":0,"steal":0,"guest":0,"guestNice":0,"stolen":0},{"cpu":"cpu3","user":2308.8203125,"system":935.5546875,"idle":16699.625,"nice":0,"iowait":0,"irq":0,"softirq":0,"steal":0,"guest":0,"guestNice":0,"stolen":0}],"time":"2018-02-19 11:51:31.265241 +0900 JST m=+600.808782730","errorInfo":null}
[Info]2018/02/19 11:51:36 acsessd /api/status.json
[Info]2018/02/19 11:51:36 {"hostname":"ksc-1x-dhcp-172-29-194-195.kwansei.ac.jp","hostid":"18d901f1-4a03-3ff1-ae34-c26b2732f13c","virtualizationSystem":"","total":8589934592,"available":2387300352,"usedPercent":72.20816612243652,"diskIO":[{"name":"disk0","ioTime":1275279,"weightedIO":0}],"cpu":[{"cpu":"cpu0","user":3668.3671875,"system":2114.53125,"idle":14165.828125,"nice":0,"iowait":0,"irq":0,"softirq":0,"steal":0,"guest":0,"guestNice":0,"stolen":0},{"cpu":"cpu1","user":2275.2734375,"system":923.4609375,"idle":16749.171875,"nice":0,"iowait":0,"irq":0,"softirq":0,"steal":0,"guest":0,"guestNice":0,"stolen":0},{"cpu":"cpu2","user":3566.6796875,"system":1857.4921875,"idle":14523.734375,"nice":0,"iowait":0,"irq":0,"softirq":0,"steal":0,"guest":0,"guestNice":0,"stolen":0},{"cpu":"cpu3","user":2308.9140625,"system":935.609375,"idle":16703.390625,"nice":0,"iowait":0,"irq":0,"softirq":0,"steal":0,"guest":0,"guestNice":0,"stolen":0}],"time":"2018-02-19 11:51:36.263313 +0900 JST m=+605.806860307","errorInfo":null}
[Info]2018/02/19 11:51:41 acsessd /api/status.json
[Info]2018/02/19 11:51:41 {"hostname":"ksc-1x-dhcp-172-29-194-195.kwansei.ac.jp","hostid":"18d901f1-4a03-3ff1-ae34-c26b2732f13c","virtualizationSystem":"","total":8589934592,"available":2386558976,"usedPercent":72.216796875,"diskIO":[{"name":"disk0","ioTime":1275291,"weightedIO":0}],"cpu":[{"cpu":"cpu0","user":3668.828125,"system":2114.6953125,"idle":14169.109375,"nice":0,"iowait":0,"irq":0,"softirq":0,"steal":0,"guest":0,"guestNice":0,"stolen":0},{"cpu":"cpu1","user":2275.390625,"system":923.5234375,"idle":16752.9140625,"nice":0,"iowait":0,"irq":0,"softirq":0,"steal":0,"guest":0,"guestNice":0,"stolen":0},{"cpu":"cpu2","user":3567,"system":1857.625,"idle":14527.203125,"nice":0,"iowait":0,"irq":0,"softirq":0,"steal":0,"guest":0,"guestNice":0,"stolen":0},{"cpu":"cpu3","user":2309.046875,"system":935.65625,"idle":16707.1171875,"nice":0,"iowait":0,"irq":0,"softirq":0,"steal":0,"guest":0,"guestNice":0,"stolen":0}],"time":"2018-02-19 11:51:41.275953 +0900 JST m=+610.819505579","errorInfo":null}
[Info]2018/02/19 11:51:46 acsessd /api/status.json
[Info]2018/02/19 11:51:46 {"hostname":"ksc-1x-dhcp-172-29-194-195.kwansei.ac.jp","hostid":"18d901f1-4a03-3ff1-ae34-c26b2732f13c","virtualizationSystem":"","total":8589934592,"available":2390982656,"usedPercent":72.16529846191406,"diskIO":[{"name":"disk0","ioTime":1275291,"weightedIO":0}],"cpu":[{"cpu":"cpu0","user":3669.1953125,"system":2114.859375,"idle":14172.4921875,"nice":0,"iowait":0,"irq":0,"softirq":0,"steal":0,"guest":0,"guestNice":0,"stolen":0},{"cpu":"cpu1","user":2275.5078125,"system":923.5703125,"idle":16756.65625,"nice":0,"iowait":0,"irq":0,"softirq":0,"steal":0,"guest":0,"guestNice":0,"stolen":0},{"cpu":"cpu2","user":3567.4296875,"system":1857.75,"idle":14530.5546875,"nice":0,"iowait":0,"irq":0,"softirq":0,"steal":0,"guest":0,"guestNice":0,"stolen":0},{"cpu":"cpu3","user":2309.1640625,"system":935.703125,"idle":16710.859375,"nice":0,"iowait":0,"irq":0,"softirq":0,"steal":0,"guest":0,"guestNice":0,"stolen":0}],"time":"2018-02-19 11:51:46.276016 +0900 JST m=+615.819573876","errorInfo":null}
[Info]2018/02/19 11:51:51 acsessd /api/status.json
[Info]2018/02/19 11:51:51 {"hostname":"ksc-1x-dhcp-172-29-194-195.kwansei.ac.jp","hostid":"18d901f1-4a03-3ff1-ae34-c26b2732f13c","virtualizationSystem":"","total":8589934592,"available":2381807616,"usedPercent":72.27210998535156,"diskIO":[{"name":"disk0","ioTime":1275307,"weightedIO":0}],"cpu":[{"cpu":"cpu0","user":3669.5625,"system":2115.0234375,"idle":14175.8671875,"nice":0,"iowait":0,"irq":0,"softirq":0,"steal":0,"guest":0,"guestNice":0,"stolen":0},{"cpu":"cpu1","user":2275.625,"system":923.6171875,"idle":16760.3984375,"nice":0,"iowait":0,"irq":0,"softirq":0,"steal":0,"guest":0,"guestNice":0,"stolen":0},{"cpu":"cpu2","user":3567.8203125,"system":1857.890625,"idle":14533.9296875,"nice":0,"iowait":0,"irq":0,"softirq":0,"steal":0,"guest":0,"guestNice":0,"stolen":0},{"cpu":"cpu3","user":2309.2734375,"system":935.7578125,"idle":16714.609375,"nice":0,"iowait":0,"irq":0,"softirq":0,"steal":0,"guest":0,"guestNice":0,"stolen":0}],"time":"2018-02-19 11:51:51.280636 +0900 JST m=+620.824199265","errorInfo":null}
[Info]2018/02/19 11:51:56 acsessd /api/status.json
[Info]2018/02/19 11:51:56 {"hostname":"ksc-1x-dhcp-172-29-194-195.kwansei.ac.jp","hostid":"18d901f1-4a03-3ff1-ae34-c26b2732f13c","virtualizationSystem":"","total":8589934592,"available":2378899456,"usedPercent":72.30596542358398,"diskIO":[{"name":"disk0","ioTime":1275329,"weightedIO":0}],"cpu":[{"cpu":"cpu0","user":3669.953125,"system":2115.234375,"idle":14179.171875,"nice":0,"iowait":0,"irq":0,"softirq":0,"steal":0,"guest":0,"guestNice":0,"stolen":0},{"cpu":"cpu1","user":2275.7578125,"system":923.6796875,"idle":16764.109375,"nice":0,"iowait":0,"irq":0,"softirq":0,"steal":0,"guest":0,"guestNice":0,"stolen":0},{"cpu":"cpu2","user":3568.15625,"system":1858.0390625,"idle":14537.3515625,"nice":0,"iowait":0,"irq":0,"softirq":0,"steal":0,"guest":0,"guestNice":0,"stolen":0},{"cpu":"cpu3","user":2309.40625,"system":935.8203125,"idle":16718.3203125,"nice":0,"iowait":0,"irq":0,"softirq":0,"steal":0,"guest":0,"guestNice":0,"stolen":0}],"time":"2018-02-19 11:51:56.281437 +0900 JST m=+625.825006217","errorInfo":null}
[Info]2018/02/19 11:52:01 acsessd /api/status.json
[Info]2018/02/19 11:52:01 {"hostname":"ksc-1x-dhcp-172-29-194-195.kwansei.ac.jp","hostid":"18d901f1-4a03-3ff1-ae34-c26b2732f13c","virtualizationSystem":"","total":8589934592,"available":2375143424,"usedPercent":72.34969139099121,"diskIO":[{"name":"disk0","ioTime":1275329,"weightedIO":0}],"cpu":[{"cpu":"cpu0","user":3670.3125,"system":2115.40625,"idle":14182.546875,"nice":0,"iowait":0,"irq":0,"softirq":0,"steal":0,"guest":0,"guestNice":0,"stolen":0},{"cpu":"cpu1","user":2275.859375,"system":923.7265625,"idle":16767.8671875,"nice":0,"iowait":0,"irq":0,"softirq":0,"steal":0,"guest":0,"guestNice":0,"stolen":0},{"cpu":"cpu2","user":3568.4453125,"system":1858.171875,"idle":14540.84375,"nice":0,"iowait":0,"irq":0,"softirq":0,"steal":0,"guest":0,"guestNice":0,"stolen":0},{"cpu":"cpu3","user":2309.515625,"system":935.8671875,"idle":16722.0703125,"nice":0,"iowait":0,"irq":0,"softirq":0,"steal":0,"guest":0,"guestNice":0,"stolen":0}],"time":"2018-02-19 11:52:01.285032 +0900 JST m=+630.828606369","errorInfo":null}
[Info]2018/02/19 11:52:06 acsessd /api/status.json
[Info]2018/02/19 11:52:06 {"hostname":"ksc-1x-dhcp-172-29-194-195.kwansei.ac.jp","hostid":"18d901f1-4a03-3ff1-ae34-c26b2732f13c","virtualizationSystem":"","total":8589934592,"available":2373029888,"usedPercent":72.37429618835449,"diskIO":[{"name":"disk0","ioTime":1275348,"weightedIO":0}],"cpu":[{"cpu":"cpu0","user":3670.71875,"system":2115.5859375,"idle":14185.875,"nice":0,"iowait":0,"irq":0,"softirq":0,"steal":0,"guest":0,"guestNice":0,"stolen":0},{"cpu":"cpu1","user":2275.953125,"system":923.7734375,"idle":16771.6328125,"nice":0,"iowait":0,"irq":0,"softirq":0,"steal":0,"guest":0,"guestNice":0,"stolen":0},{"cpu":"cpu2","user":3568.6796875,"system":1858.3125,"idle":14544.3671875,"nice":0,"iowait":0,"irq":0,"softirq":0,"steal":0,"guest":0,"guestNice":0,"stolen":0},{"cpu":"cpu3","user":2309.6171875,"system":935.921875,"idle":16725.8203125,"nice":0,"iowait":0,"irq":0,"softirq":0,"steal":0,"guest":0,"guestNice":0,"stolen":0}],"time":"2018-02-19 11:52:06.28621 +0900 JST m=+635.829790579","errorInfo":null}
[Info]2018/02/19 11:52:11 acsessd /api/status.json
[Info]2018/02/19 11:52:11 {"hostname":"ksc-1x-dhcp-172-29-194-195.kwansei.ac.jp","hostid":"18d901f1-4a03-3ff1-ae34-c26b2732f13c","virtualizationSystem":"","total":8589934592,"available":2302775296,"usedPercent":73.19216728210449,"diskIO":[{"name":"disk0","ioTime":1275384,"weightedIO":0}],"cpu":[{"cpu":"cpu0","user":3671.40625,"system":2115.9140625,"idle":14188.796875,"nice":0,"iowait":0,"irq":0,"softirq":0,"steal":0,"guest":0,"guestNice":0,"stolen":0},{"cpu":"cpu1","user":2276.2578125,"system":923.9375,"idle":16775.109375,"nice":0,"iowait":0,"irq":0,"softirq":0,"steal":0,"guest":0,"guestNice":0,"stolen":0},{"cpu":"cpu2","user":3569.328125,"system":1858.59375,"idle":14547.3828125,"nice":0,"iowait":0,"irq":0,"softirq":0,"steal":0,"guest":0,"guestNice":0,"stolen":0},{"cpu":"cpu3","user":2309.953125,"system":936.078125,"idle":16729.265625,"nice":0,"iowait":0,"irq":0,"softirq":0,"steal":0,"guest":0,"guestNice":0,"stolen":0}],"time":"2018-02-19 11:52:11.326961 +0900 JST m=+640.870544058","errorInfo":null}
[Info]2018/02/19 11:52:16 acsessd /api/status.json
[Info]2018/02/19 11:52:16 {"hostname":"ksc-1x-dhcp-172-29-194-195.kwansei.ac.jp","hostid":"18d901f1-4a03-3ff1-ae34-c26b2732f13c","virtualizationSystem":"","total":8589934592,"available":2409934848,"usedPercent":71.94466590881348,"diskIO":[{"name":"disk0","ioTime":1275401,"weightedIO":0}],"cpu":[{"cpu":"cpu0","user":3672.0234375,"system":2116.21875,"idle":14191.7578125,"nice":0,"iowait":0,"irq":0,"softirq":0,"steal":0,"guest":0,"guestNice":0,"stolen":0},{"cpu":"cpu1","user":2276.5,"system":924.0625,"idle":16778.6171875,"nice":0,"iowait":0,"irq":0,"softirq":0,"steal":0,"guest":0,"guestNice":0,"stolen":0},{"cpu":"cpu2","user":3569.8515625,"system":1858.8671875,"idle":14550.4609375,"nice":0,"iowait":0,"irq":0,"softirq":0,"steal":0,"guest":0,"guestNice":0,"stolen":0},{"cpu":"cpu3","user":2310.203125,"system":936.234375,"idle":16732.7421875,"nice":0,"iowait":0,"irq":0,"softirq":0,"steal":0,"guest":0,"guestNice":0,"stolen":0}],"time":"2018-02-19 11:52:16.293181 +0900 JST m=+645.836772315","errorInfo":null}
[Info]2018/02/19 11:52:21 acsessd /api/status.json
[Info]2018/02/19 11:52:21 {"hostname":"ksc-1x-dhcp-172-29-194-195.kwansei.ac.jp","hostid":"18d901f1-4a03-3ff1-ae34-c26b2732f13c","virtualizationSystem":"","total":8589934592,"available":2406572032,"usedPercent":71.98381423950195,"diskIO":[{"name":"disk0","ioTime":1275452,"weightedIO":0}],"cpu":[{"cpu":"cpu0","user":3673.0390625,"system":2116.640625,"idle":14194.2265625,"nice":0,"iowait":0,"irq":0,"softirq":0,"steal":0,"guest":0,"guestNice":0,"stolen":0},{"cpu":"cpu1","user":2276.96875,"system":924.28125,"idle":16781.84375,"nice":0,"iowait":0,"irq":0,"softirq":0,"steal":0,"guest":0,"guestNice":0,"stolen":0},{"cpu":"cpu2","user":3570.8828125,"system":1859.25,"idle":14552.9609375,"nice":0,"iowait":0,"irq":0,"softirq":0,"steal":0,"guest":0,"guestNice":0,"stolen":0},{"cpu":"cpu3","user":2310.640625,"system":936.4375,"idle":16736.0078125,"nice":0,"iowait":0,"irq":0,"softirq":0,"steal":0,"guest":0,"guestNice":0,"stolen":0}],"time":"2018-02-19 11:52:21.294367 +0900 JST m=+650.837964056","errorInfo":null}
[Info]2018/02/19 11:52:26 acsessd /api/status.json
[Info]2018/02/19 11:52:26 {"hostname":"ksc-1x-dhcp-172-29-194-195.kwansei.ac.jp","hostid":"18d901f1-4a03-3ff1-ae34-c26b2732f13c","virtualizationSystem":"","total":8589934592,"available":2305712128,"usedPercent":73.15797805786133,"diskIO":[{"name":"disk0","ioTime":1275577,"weightedIO":0}],"cpu":[{"cpu":"cpu0","user":3673.8984375,"system":2117.0234375,"idle":14196.8984375,"nice":0,"iowait":0,"irq":0,"softirq":0,"steal":0,"guest":0,"guestNice":0,"stolen":0},{"cpu":"cpu1","user":2277.3359375,"system":924.484375,"idle":16785.1875,"nice":0,"iowait":0,"irq":0,"softirq":0,"steal":0,"guest":0,"guestNice":0,"stolen":0},{"cpu":"cpu2","user":3571.6796875,"system":1859.5703125,"idle":14555.765625,"nice":0,"iowait":0,"irq":0,"softirq":0,"steal":0,"guest":0,"guestNice":0,"stolen":0},{"cpu":"cpu3","user":2311.0234375,"system":936.6171875,"idle":16739.3671875,"nice":0,"iowait":0,"irq":0,"softirq":0,"steal":0,"guest":0,"guestNice":0,"stolen":0}],"time":"2018-02-19 11:52:26.313453 +0900 JST m=+655.857055415","errorInfo":null}
[Info]2018/02/19 11:52:31 acsessd /api/status.json
[Info]2018/02/19 11:52:31 {"hostname":"ksc-1x-dhcp-172-29-194-195.kwansei.ac.jp","hostid":"18d901f1-4a03-3ff1-ae34-c26b2732f13c","virtualizationSystem":"","total":8589934592,"available":2305384448,"usedPercent":73.16179275512695,"diskIO":[{"name":"disk0","ioTime":1275660,"weightedIO":0}],"cpu":[{"cpu":"cpu0","user":3674.515625,"system":2117.203125,"idle":14200,"nice":0,"iowait":0,"irq":0,"softirq":0,"steal":0,"guest":0,"guestNice":0,"stolen":0},{"cpu":"cpu1","user":2277.4921875,"system":924.546875,"idle":16788.8671875,"nice":0,"iowait":0,"irq":0,"softirq":0,"steal":0,"guest":0,"guestNice":0,"stolen":0},{"cpu":"cpu2","user":3572.1875,"system":1859.71875,"idle":14558.9921875,"nice":0,"iowait":0,"irq":0,"softirq":0,"steal":0,"guest":0,"guestNice":0,"stolen":0},{"cpu":"cpu3","user":2311.203125,"system":936.6875,"idle":16743.015625,"nice":0,"iowait":0,"irq":0,"softirq":0,"steal":0,"guest":0,"guestNice":0,"stolen":0}],"time":"2018-02-19 11:52:31.296046 +0900 JST m=+660.839654076","errorInfo":null}
[Info]2018/02/19 11:52:36 acsessd /api/status.json
[Info]2018/02/19 11:52:36 {"hostname":"ksc-1x-dhcp-172-29-194-195.kwansei.ac.jp","hostid":"18d901f1-4a03-3ff1-ae34-c26b2732f13c","virtualizationSystem":"","total":8589934592,"available":2393878528,"usedPercent":72.1315860748291,"diskIO":[{"name":"disk0","ioTime":1276018,"weightedIO":0}],"cpu":[{"cpu":"cpu0","user":3675.421875,"system":2117.765625,"idle":14202.46875,"nice":0,"iowait":0,"irq":0,"softirq":0,"steal":0,"guest":0,"guestNice":0,"stolen":0},{"cpu":"cpu1","user":2277.984375,"system":924.7578125,"idle":16792.1015625,"nice":0,"iowait":0,"irq":0,"softirq":0,"steal":0,"guest":0,"guestNice":0,"stolen":0},{"cpu":"cpu2","user":3573.015625,"system":1860.2109375,"idle":14561.6171875,"nice":0,"iowait":0,"irq":0,"softirq":0,"steal":0,"guest":0,"guestNice":0,"stolen":0},{"cpu":"cpu3","user":2311.7265625,"system":936.8984375,"idle":16746.21875,"nice":0,"iowait":0,"irq":0,"softirq":0,"steal":0,"guest":0,"guestNice":0,"stolen":0}],"time":"2018-02-19 11:52:36.334967 +0900 JST m=+665.878579934","errorInfo":null}
[Info]2018/02/19 11:52:41 acsessd /api/status.json
[Info]2018/02/19 11:52:41 {"hostname":"ksc-1x-dhcp-172-29-194-195.kwansei.ac.jp","hostid":"18d901f1-4a03-3ff1-ae34-c26b2732f13c","virtualizationSystem":"","total":8589934592,"available":2319613952,"usedPercent":72.99613952636719,"diskIO":[{"name":"disk0","ioTime":1276226,"weightedIO":0}],"cpu":[{"cpu":"cpu0","user":3676.328125,"system":2118.53125,"idle":14204.6875,"nice":0,"iowait":0,"irq":0,"softirq":0,"steal":0,"guest":0,"guestNice":0,"stolen":0},{"cpu":"cpu1","user":2278.453125,"system":925.09375,"idle":16795.1875,"nice":0,"iowait":0,"irq":0,"softirq":0,"steal":0,"guest":0,"guestNice":0,"stolen":0},{"cpu":"cpu2","user":3573.9140625,"system":1860.8359375,"idle":14563.984375,"nice":0,"iowait":0,"irq":0,"softirq":0,"steal":0,"guest":0,"guestNice":0,"stolen":0},{"cpu":"cpu3","user":2312.1875,"system":937.21875,"idle":16749.3203125,"nice":0,"iowait":0,"irq":0,"softirq":0,"steal":0,"guest":0,"guestNice":0,"stolen":0}],"time":"2018-02-19 11:52:41.320189 +0900 JST m=+670.863808068","errorInfo":null}
[Info]2018/02/19 11:52:46 acsessd /api/status.json
[Info]2018/02/19 11:52:46 {"hostname":"ksc-1x-dhcp-172-29-194-195.kwansei.ac.jp","hostid":"18d901f1-4a03-3ff1-ae34-c26b2732f13c","virtualizationSystem":"","total":8589934592,"available":2318376960,"usedPercent":73.01054000854492,"diskIO":[{"name":"disk0","ioTime":1276272,"weightedIO":0}],"cpu":[{"cpu":"cpu0","user":3676.8671875,"system":2118.7890625,"idle":14207.7890625,"nice":0,"iowait":0,"irq":0,"softirq":0,"steal":0,"guest":0,"guestNice":0,"stolen":0},{"cpu":"cpu1","user":2278.6015625,"system":925.171875,"idle":16798.859375,"nice":0,"iowait":0,"irq":0,"softirq":0,"steal":0,"guest":0,"guestNice":0,"stolen":0},{"cpu":"cpu2","user":3574.5078125,"system":1861.03125,"idle":14567.1015625,"nice":0,"iowait":0,"irq":0,"softirq":0,"steal":0,"guest":0,"guestNice":0,"stolen":0},{"cpu":"cpu3","user":2312.3671875,"system":937.296875,"idle":16752.9609375,"nice":0,"iowait":0,"irq":0,"softirq":0,"steal":0,"guest":0,"guestNice":0,"stolen":0}],"time":"2018-02-19 11:52:46.309249 +0900 JST m=+675.852873562","errorInfo":null}
[Info]2018/02/19 11:52:51 acsessd /api/status.json
[Info]2018/02/19 11:52:51 {"hostname":"ksc-1x-dhcp-172-29-194-195.kwansei.ac.jp","hostid":"18d901f1-4a03-3ff1-ae34-c26b2732f13c","virtualizationSystem":"","total":8589934592,"available":2355171328,"usedPercent":72.58219718933105,"diskIO":[{"name":"disk0","ioTime":1276319,"weightedIO":0}],"cpu":[{"cpu":"cpu0","user":3677.5390625,"system":2119.1015625,"idle":14210.7265625,"nice":0,"iowait":0,"irq":0,"softirq":0,"steal":0,"guest":0,"guestNice":0,"stolen":0},{"cpu":"cpu1","user":2278.828125,"system":925.3046875,"idle":16802.4296875,"nice":0,"iowait":0,"irq":0,"softirq":0,"steal":0,"guest":0,"guestNice":0,"stolen":0},{"cpu":"cpu2","user":3575.015625,"system":1861.296875,"idle":14570.25,"nice":0,"iowait":0,"irq":0,"softirq":0,"steal":0,"guest":0,"guestNice":0,"stolen":0},{"cpu":"cpu3","user":2312.6015625,"system":937.4296875,"idle":16756.5234375,"nice":0,"iowait":0,"irq":0,"softirq":0,"steal":0,"guest":0,"guestNice":0,"stolen":0}],"time":"2018-02-19 11:52:51.336736 +0900 JST m=+680.880364517","errorInfo":null}
[Info]2018/02/19 11:52:56 acsessd /api/status.json
[Info]2018/02/19 11:52:56 {"hostname":"ksc-1x-dhcp-172-29-194-195.kwansei.ac.jp","hostid":"18d901f1-4a03-3ff1-ae34-c26b2732f13c","virtualizationSystem":"","total":8589934592,"available":2367279104,"usedPercent":72.44124412536621,"diskIO":[{"name":"disk0","ioTime":1276503,"weightedIO":0}],"cpu":[{"cpu":"cpu0","user":3678.3828125,"system":2119.484375,"idle":14213.3828125,"nice":0,"iowait":0,"irq":0,"softirq":0,"steal":0,"guest":0,"guestNice":0,"stolen":0},{"cpu":"cpu1","user":2279.2734375,"system":925.5,"idle":16805.671875,"nice":0,"iowait":0,"irq":0,"softirq":0,"steal":0,"guest":0,"guestNice":0,"stolen":0},{"cpu":"cpu2","user":3575.828125,"system":1861.625,"idle":14572.984375,"nice":0,"iowait":0,"irq":0,"softirq":0,"steal":0,"guest":0,"guestNice":0,"stolen":0},{"cpu":"cpu3","user":2313.0390625,"system":937.640625,"idle":16759.765625,"nice":0,"iowait":0,"irq":0,"softirq":0,"steal":0,"guest":0,"guestNice":0,"stolen":0}],"time":"2018-02-19 11:52:56.311162 +0900 JST m=+685.854797002","errorInfo":null}
[Info]2018/02/19 11:53:01 acsessd /api/status.json
[Info]2018/02/19 11:53:01 {"hostname":"ksc-1x-dhcp-172-29-194-195.kwansei.ac.jp","hostid":"18d901f1-4a03-3ff1-ae34-c26b2732f13c","virtualizationSystem":"","total":8589934592,"available":2400256000,"usedPercent":72.05734252929688,"diskIO":[{"name":"disk0","ioTime":1276528,"weightedIO":0}],"cpu":[{"cpu":"cpu0","user":3678.7578125,"system":2119.6171875,"idle":14216.7890625,"nice":0,"iowait":0,"irq":0,"softirq":0,"steal":0,"guest":0,"guestNice":0,"stolen":0},{"cpu":"cpu1","user":2279.3671875,"system":925.546875,"idle":16809.4453125,"nice":0,"iowait":0,"irq":0,"softirq":0,"steal":0,"guest":0,"guestNice":0,"stolen":0},{"cpu":"cpu2","user":3576.09375,"system":1861.71875,"idle":14576.546875,"nice":0,"iowait":0,"irq":0,"softirq":0,"steal":0,"guest":0,"guestNice":0,"stolen":0},{"cpu":"cpu3","user":2313.140625,"system":937.6796875,"idle":16763.53125,"nice":0,"iowait":0,"irq":0,"softirq":0,"steal":0,"guest":0,"guestNice":0,"stolen":0}],"time":"2018-02-19 11:53:01.314324 +0900 JST m=+690.857965061","errorInfo":null}
[Info]2018/02/19 11:53:06 acsessd /api/status.json
[Info]2018/02/19 11:53:06 {"hostname":"ksc-1x-dhcp-172-29-194-195.kwansei.ac.jp","hostid":"18d901f1-4a03-3ff1-ae34-c26b2732f13c","virtualizationSystem":"","total":8589934592,"available":2396782592,"usedPercent":72.0977783203125,"diskIO":[{"name":"disk0","ioTime":1276569,"weightedIO":0}],"cpu":[{"cpu":"cpu0","user":3679.109375,"system":2119.765625,"idle":14220.1953125,"nice":0,"iowait":0,"irq":0,"softirq":0,"steal":0,"guest":0,"guestNice":0,"stolen":0},{"cpu":"cpu1","user":2279.4609375,"system":925.5859375,"idle":16813.21875,"nice":0,"iowait":0,"irq":0,"softirq":0,"steal":0,"guest":0,"guestNice":0,"stolen":0},{"cpu":"cpu2","user":3576.4140625,"system":1861.8203125,"idle":14580.0234375,"nice":0,"iowait":0,"irq":0,"softirq":0,"steal":0,"guest":0,"guestNice":0,"stolen":0},{"cpu":"cpu3","user":2313.25,"system":937.71875,"idle":16767.28125,"nice":0,"iowait":0,"irq":0,"softirq":0,"steal":0,"guest":0,"guestNice":0,"stolen":0}],"time":"2018-02-19 11:53:06.313357 +0900 JST m=+695.857003192","errorInfo":null}
[Info]2018/02/19 11:53:11 acsessd /api/status.json
[Info]2018/02/19 11:53:11 {"hostname":"ksc-1x-dhcp-172-29-194-195.kwansei.ac.jp","hostid":"18d901f1-4a03-3ff1-ae34-c26b2732f13c","virtualizationSystem":"","total":8589934592,"available":2434867200,"usedPercent":71.65441513061523,"diskIO":[{"name":"disk0","ioTime":1276578,"weightedIO":0}],"cpu":[{"cpu":"cpu0","user":3679.484375,"system":2119.875,"idle":14223.625,"nice":0,"iowait":0,"irq":0,"softirq":0,"steal":0,"guest":0,"guestNice":0,"stolen":0},{"cpu":"cpu1","user":2279.546875,"system":925.6328125,"idle":16816.9921875,"nice":0,"iowait":0,"irq":0,"softirq":0,"steal":0,"guest":0,"guestNice":0,"stolen":0},{"cpu":"cpu2","user":3576.7421875,"system":1861.921875,"idle":14583.5078125,"nice":0,"iowait":0,"irq":0,"softirq":0,"steal":0,"guest":0,"guestNice":0,"stolen":0},{"cpu":"cpu3","user":2313.34375,"system":937.7578125,"idle":16771.0625,"nice":0,"iowait":0,"irq":0,"softirq":0,"steal":0,"guest":0,"guestNice":0,"stolen":0}],"time":"2018-02-19 11:53:11.318775 +0900 JST m=+700.862427439","errorInfo":null}
[Info]2018/02/19 11:53:16 acsessd /api/status.json
[Info]2018/02/19 11:53:16 {"hostname":"ksc-1x-dhcp-172-29-194-195.kwansei.ac.jp","hostid":"18d901f1-4a03-3ff1-ae34-c26b2732f13c","virtualizationSystem":"","total":8589934592,"available":2432647168,"usedPercent":71.68025970458984,"diskIO":[{"name":"disk0","ioTime":1276595,"weightedIO":0}],"cpu":[{"cpu":"cpu0","user":3679.90625,"system":2120.0234375,"idle":14226.96875,"nice":0,"iowait":0,"irq":0,"softirq":0,"steal":0,"guest":0,"guestNice":0,"stolen":0},{"cpu":"cpu1","user":2279.6640625,"system":925.6875,"idle":16820.734375,"nice":0,"iowait":0,"irq":0,"softirq":0,"steal":0,"guest":0,"guestNice":0,"stolen":0},{"cpu":"cpu2","user":3577.078125,"system":1862.0390625,"idle":14586.9609375,"nice":0,"iowait":0,"irq":0,"softirq":0,"steal":0,"guest":0,"guestNice":0,"stolen":0},{"cpu":"cpu3","user":2313.4453125,"system":937.8125,"idle":16774.8203125,"nice":0,"iowait":0,"irq":0,"softirq":0,"steal":0,"guest":0,"guestNice":0,"stolen":0}],"time":"2018-02-19 11:53:16.324186 +0900 JST m=+705.867843219","errorInfo":null}
[Info]2018/02/19 11:53:21 acsessd /api/status.json
[Info]2018/02/19 11:53:21 {"hostname":"ksc-1x-dhcp-172-29-194-195.kwansei.ac.jp","hostid":"18d901f1-4a03-3ff1-ae34-c26b2732f13c","virtualizationSystem":"","total":8589934592,"available":2421092352,"usedPercent":71.81477546691895,"diskIO":[{"name":"disk0","ioTime":1276624,"weightedIO":0}],"cpu":[{"cpu":"cpu0","user":3680.3125,"system":2120.1484375,"idle":14230.34375,"nice":0,"iowait":0,"irq":0,"softirq":0,"steal":0,"guest":0,"guestNice":0,"stolen":0},{"cpu":"cpu1","user":2279.7578125,"system":925.734375,"idle":16824.5,"nice":0,"iowait":0,"irq":0,"softirq":0,"steal":0,"guest":0,"guestNice":0,"stolen":0},{"cpu":"cpu2","user":3577.4453125,"system":1862.15625,"idle":14590.390625,"nice":0,"iowait":0,"irq":0,"softirq":0,"steal":0,"guest":0,"guestNice":0,"stolen":0},{"cpu":"cpu3","user":2313.546875,"system":937.8671875,"idle":16778.578125,"nice":0,"iowait":0,"irq":0,"softirq":0,"steal":0,"guest":0,"guestNice":0,"stolen":0}],"time":"2018-02-19 11:53:21.330109 +0900 JST m=+710.873771923","errorInfo":null}
[Info]2018/02/19 11:53:26 acsessd /api/status.json
[Info]2018/02/19 11:53:26 {"hostname":"ksc-1x-dhcp-172-29-194-195.kwansei.ac.jp","hostid":"18d901f1-4a03-3ff1-ae34-c26b2732f13c","virtualizationSystem":"","total":8589934592,"available":2434543616,"usedPercent":71.65818214416504,"diskIO":[{"name":"disk0","ioTime":1276640,"weightedIO":0}],"cpu":[{"cpu":"cpu0","user":3680.6796875,"system":2120.25,"idle":14233.78125,"nice":0,"iowait":0,"irq":0,"softirq":0,"steal":0,"guest":0,"guestNice":0,"stolen":0},{"cpu":"cpu1","user":2279.859375,"system":925.7734375,"idle":16828.265625,"nice":0,"iowait":0,"irq":0,"softirq":0,"steal":0,"guest":0,"guestNice":0,"stolen":0},{"cpu":"cpu2","user":3577.90625,"system":1862.25,"idle":14593.75,"nice":0,"iowait":0,"irq":0,"softirq":0,"steal":0,"guest":0,"guestNice":0,"stolen":0},{"cpu":"cpu3","user":2313.65625,"system":937.90625,"idle":16782.3359375,"nice":0,"iowait":0,"irq":0,"softirq":0,"steal":0,"guest":0,"guestNice":0,"stolen":0}],"time":"2018-02-19 11:53:26.330187 +0900 JST m=+715.873855680","errorInfo":null}
[Info]2018/02/19 11:53:31 acsessd /api/status.json
[Info]2018/02/19 11:53:31 {"hostname":"ksc-1x-dhcp-172-29-194-195.kwansei.ac.jp","hostid":"18d901f1-4a03-3ff1-ae34-c26b2732f13c","virtualizationSystem":"","total":8589934592,"available":2432888832,"usedPercent":71.67744636535645,"diskIO":[{"name":"disk0","ioTime":1276656,"weightedIO":0}],"cpu":[{"cpu":"cpu0","user":3681.078125,"system":2120.328125,"idle":14237.2109375,"nice":0,"iowait":0,"irq":0,"softirq":0,"steal":0,"guest":0,"guestNice":0,"stolen":0},{"cpu":"cpu1","user":2279.921875,"system":925.8046875,"idle":16832.0859375,"nice":0,"iowait":0,"irq":0,"softirq":0,"steal":0,"guest":0,"guestNice":0,"stolen":0},{"cpu":"cpu2","user":3578.1796875,"system":1862.3359375,"idle":14597.296875,"nice":0,"iowait":0,"irq":0,"softirq":0,"steal":0,"guest":0,"guestNice":0,"stolen":0},{"cpu":"cpu3","user":2313.734375,"system":937.9375,"idle":16786.1328125,"nice":0,"iowait":0,"irq":0,"softirq":0,"steal":0,"guest":0,"guestNice":0,"stolen":0}],"time":"2018-02-19 11:53:31.334874 +0900 JST m=+720.878547859","errorInfo":null}
[Info]2018/02/19 11:53:36 acsessd /api/status.json
[Info]2018/02/19 11:53:36 {"hostname":"ksc-1x-dhcp-172-29-194-195.kwansei.ac.jp","hostid":"18d901f1-4a03-3ff1-ae34-c26b2732f13c","virtualizationSystem":"","total":8589934592,"available":2420981760,"usedPercent":71.8160629272461,"diskIO":[{"name":"disk0","ioTime":1276695,"weightedIO":0}],"cpu":[{"cpu":"cpu0","user":3681.4375,"system":2120.4453125,"idle":14240.65625,"nice":0,"iowait":0,"irq":0,"softirq":0,"steal":0,"guest":0,"guestNice":0,"stolen":0},{"cpu":"cpu1","user":2279.9765625,"system":925.8359375,"idle":16835.90625,"nice":0,"iowait":0,"irq":0,"softirq":0,"steal":0,"guest":0,"guestNice":0,"stolen":0},{"cpu":"cpu2","user":3578.4765625,"system":1862.421875,"idle":14600.8203125,"nice":0,"iowait":0,"irq":0,"softirq":0,"steal":0,"guest":0,"guestNice":0,"stolen":0},{"cpu":"cpu3","user":2313.8203125,"system":937.96875,"idle":16789.9296875,"nice":0,"iowait":0,"irq":0,"softirq":0,"steal":0,"guest":0,"guestNice":0,"stolen":0}],"time":"2018-02-19 11:53:36.341626 +0900 JST m=+725.885305384","errorInfo":null}
[Info]2018/02/19 11:53:41 acsessd /api/status.json
[Info]2018/02/19 11:53:41 {"hostname":"ksc-1x-dhcp-172-29-194-195.kwansei.ac.jp","hostid":"18d901f1-4a03-3ff1-ae34-c26b2732f13c","virtualizationSystem":"","total":8589934592,"available":2423488512,"usedPercent":71.78688049316406,"diskIO":[{"name":"disk0","ioTime":1276695,"weightedIO":0}],"cpu":[{"cpu":"cpu0","user":3681.8359375,"system":2120.546875,"idle":14244.0703125,"nice":0,"iowait":0,"irq":0,"softirq":0,"steal":0,"guest":0,"guestNice":0,"stolen":0},{"cpu":"cpu1","user":2280.109375,"system":925.875,"idle":16839.6484375,"nice":0,"iowait":0,"irq":0,"softirq":0,"steal":0,"guest":0,"guestNice":0,"stolen":0},{"cpu":"cpu2","user":3578.96875,"system":1862.53125,"idle":14604.1484375,"nice":0,"iowait":0,"irq":0,"softirq":0,"steal":0,"guest":0,"guestNice":0,"stolen":0},{"cpu":"cpu3","user":2313.921875,"system":938.0234375,"idle":16793.6953125,"nice":0,"iowait":0,"irq":0,"softirq":0,"steal":0,"guest":0,"guestNice":0,"stolen":0}],"time":"2018-02-19 11:53:41.358676 +0900 JST m=+730.902361122","errorInfo":null}
[Info]2018/02/19 11:53:46 acsessd /api/status.json
[Info]2018/02/19 11:53:46 {"hostname":"ksc-1x-dhcp-172-29-194-195.kwansei.ac.jp","hostid":"18d901f1-4a03-3ff1-ae34-c26b2732f13c","virtualizationSystem":"","total":8589934592,"available":2398785536,"usedPercent":72.07446098327637,"diskIO":[{"name":"disk0","ioTime":1276710,"weightedIO":0}],"cpu":[{"cpu":"cpu0","user":3682.7265625,"system":2120.890625,"idle":14246.7421875,"nice":0,"iowait":0,"irq":0,"softirq":0,"steal":0,"guest":0,"guestNice":0,"stolen":0},{"cpu":"cpu1","user":2280.5,"system":926.0859375,"idle":16842.9609375,"nice":0,"iowait":0,"irq":0,"softirq":0,"steal":0,"guest":0,"guestNice":0,"stolen":0},{"cpu":"cpu2","user":3579.890625,"system":1862.8203125,"idle":14606.8359375,"nice":0,"iowait":0,"irq":0,"softirq":0,"steal":0,"guest":0,"guestNice":0,"stolen":0},{"cpu":"cpu3","user":2314.34375,"system":938.1875,"idle":16797.015625,"nice":0,"iowait":0,"irq":0,"softirq":0,"steal":0,"guest":0,"guestNice":0,"stolen":0}],"time":"2018-02-19 11:53:46.358652 +0900 JST m=+735.902342863","errorInfo":null}
[Info]2018/02/19 11:53:51 acsessd /api/status.json
[Info]2018/02/19 11:53:51 {"hostname":"ksc-1x-dhcp-172-29-194-195.kwansei.ac.jp","hostid":"18d901f1-4a03-3ff1-ae34-c26b2732f13c","virtualizationSystem":"","total":8589934592,"available":2413223936,"usedPercent":71.90637588500977,"diskIO":[{"name":"disk0","ioTime":1276719,"weightedIO":0}],"cpu":[{"cpu":"cpu0","user":3683.28125,"system":2121.078125,"idle":14249.90625,"nice":0,"iowait":0,"irq":0,"softirq":0,"steal":0,"guest":0,"guestNice":0,"stolen":0},{"cpu":"cpu1","user":2280.625,"system":926.1484375,"idle":16846.6640625,"nice":0,"iowait":0,"irq":0,"softirq":0,"steal":0,"guest":0,"guestNice":0,"stolen":0},{"cpu":"cpu2","user":3580.3125,"system":1862.9609375,"idle":14610.171875,"nice":0,"iowait":0,"irq":0,"softirq":0,"steal":0,"guest":0,"guestNice":0,"stolen":0},{"cpu":"cpu3","user":2314.5,"system":938.25,"idle":16800.6953125,"nice":0,"iowait":0,"irq":0,"softirq":0,"steal":0,"guest":0,"guestNice":0,"stolen":0}],"time":"2018-02-19 11:53:51.350431 +0900 JST m=+740.894126837","errorInfo":null}
[Info]2018/02/19 11:53:56 acsessd /api/status.json
[Info]2018/02/19 11:53:56 {"hostname":"ksc-1x-dhcp-172-29-194-195.kwansei.ac.jp","hostid":"18d901f1-4a03-3ff1-ae34-c26b2732f13c","virtualizationSystem":"","total":8589934592,"available":2401996800,"usedPercent":72.03707695007324,"diskIO":[{"name":"disk0","ioTime":1276749,"weightedIO":0}],"cpu":[{"cpu":"cpu0","user":3683.9765625,"system":2121.3828125,"idle":14252.8046875,"nice":0,"iowait":0,"irq":0,"softirq":0,"steal":0,"guest":0,"guestNice":0,"stolen":0},{"cpu":"cpu1","user":2280.921875,"system":926.2890625,"idle":16850.140625,"nice":0,"iowait":0,"irq":0,"softirq":0,"steal":0,"guest":0,"guestNice":0,"stolen":0},{"cpu":"cpu2","user":3581.046875,"system":1863.2265625,"idle":14613.078125,"nice":0,"iowait":0,"irq":0,"softirq":0,"steal":0,"guest":0,"guestNice":0,"stolen":0},{"cpu":"cpu3","user":2314.8046875,"system":938.3984375,"idle":16804.1484375,"nice":0,"iowait":0,"irq":0,"softirq":0,"steal":0,"guest":0,"guestNice":0,"stolen":0}],"time":"2018-02-19 11:53:56.352234 +0900 JST m=+745.895935620","errorInfo":null}
[Info]2018/02/19 11:54:01 acsessd /api/status.json
[Info]2018/02/19 11:54:01 {"hostname":"ksc-1x-dhcp-172-29-194-195.kwansei.ac.jp","hostid":"18d901f1-4a03-3ff1-ae34-c26b2732f13c","virtualizationSystem":"","total":8589934592,"available":2475294720,"usedPercent":71.18377685546875,"diskIO":[{"name":"disk0","ioTime":1276847,"weightedIO":0}],"cpu":[{"cpu":"cpu0","user":3684.8203125,"system":2121.7890625,"idle":14255.4609375,"nice":0,"iowait":0,"irq":0,"softirq":0,"steal":0,"guest":0,"guestNice":0,"stolen":0},{"cpu":"cpu1","user":2281.34375,"system":926.4921875,"idle":16853.4296875,"nice":0,"iowait":0,"irq":0,"softirq":0,"steal":0,"guest":0,"guestNice":0,"stolen":0},{"cpu":"cpu2","user":3581.8828125,"system":1863.5703125,"idle":14615.8125,"nice":0,"iowait":0,"irq":0,"softirq":0,"steal":0,"guest":0,"guestNice":0,"stolen":0},{"cpu":"cpu3","user":2315.2421875,"system":938.609375,"idle":16807.421875,"nice":0,"iowait":0,"irq":0,"softirq":0,"steal":0,"guest":0,"guestNice":0,"stolen":0}],"time":"2018-02-19 11:54:01.360951 +0900 JST m=+750.904658756","errorInfo":null}
[Info]2018/02/19 11:54:06 acsessd /api/status.json
[Info]2018/02/19 11:54:06 {"hostname":"ksc-1x-dhcp-172-29-194-195.kwansei.ac.jp","hostid":"18d901f1-4a03-3ff1-ae34-c26b2732f13c","virtualizationSystem":"","total":8589934592,"available":2516086784,"usedPercent":70.70889472961426,"diskIO":[{"name":"disk0","ioTime":1276911,"weightedIO":0}],"cpu":[{"cpu":"cpu0","user":3685.4453125,"system":2122.0703125,"idle":14258.46875,"nice":0,"iowait":0,"irq":0,"softirq":0,"steal":0,"guest":0,"guestNice":0,"stolen":0},{"cpu":"cpu1","user":2281.6171875,"system":926.6171875,"idle":16856.9375,"nice":0,"iowait":0,"irq":0,"softirq":0,"steal":0,"guest":0,"guestNice":0,"stolen":0},{"cpu":"cpu2","user":3582.421875,"system":1863.84375,"idle":14618.90625,"nice":0,"iowait":0,"irq":0,"softirq":0,"steal":0,"guest":0,"guestNice":0,"stolen":0},{"cpu":"cpu3","user":2315.5,"system":938.7734375,"idle":16810.8984375,"nice":0,"iowait":0,"irq":0,"softirq":0,"steal":0,"guest":0,"guestNice":0,"stolen":0}],"time":"2018-02-19 11:54:06.359722 +0900 JST m=+755.903435085","errorInfo":null}
[Info]2018/02/19 11:54:11 acsessd /api/status.json
[Info]2018/02/19 11:54:11 {"hostname":"ksc-1x-dhcp-172-29-194-195.kwansei.ac.jp","hostid":"18d901f1-4a03-3ff1-ae34-c26b2732f13c","virtualizationSystem":"","total":8589934592,"available":2500710400,"usedPercent":70.88789939880371,"diskIO":[{"name":"disk0","ioTime":1276968,"weightedIO":0}],"cpu":[{"cpu":"cpu0","user":3686.1328125,"system":2122.3046875,"idle":14261.453125,"nice":0,"iowait":0,"irq":0,"softirq":0,"steal":0,"guest":0,"guestNice":0,"stolen":0},{"cpu":"cpu1","user":2281.8984375,"system":926.7265625,"idle":16860.4609375,"nice":0,"iowait":0,"irq":0,"softirq":0,"steal":0,"guest":0,"guestNice":0,"stolen":0},{"cpu":"cpu2","user":3583.0703125,"system":1864.0625,"idle":14621.953125,"nice":0,"iowait":0,"irq":0,"softirq":0,"steal":0,"guest":0,"guestNice":0,"stolen":0},{"cpu":"cpu3","user":2315.75,"system":938.8671875,"idle":16814.4609375,"nice":0,"iowait":0,"irq":0,"softirq":0,"steal":0,"guest":0,"guestNice":0,"stolen":0}],"time":"2018-02-19 11:54:11.362853 +0900 JST m=+760.906571791","errorInfo":null}
[Info]2018/02/19 11:54:16 acsessd /api/status.json
[Info]2018/02/19 11:54:16 {"hostname":"ksc-1x-dhcp-172-29-194-195.kwansei.ac.jp","hostid":"18d901f1-4a03-3ff1-ae34-c26b2732f13c","virtualizationSystem":"","total":8589934592,"available":2485452800,"usedPercent":71.06552124023438,"diskIO":[{"name":"disk0","ioTime":1277016,"weightedIO":0}],"cpu":[{"cpu":"cpu0","user":3686.7734375,"system":2122.5625,"idle":14264.46875,"nice":0,"iowait":0,"irq":0,"softirq":0,"steal":0,"guest":0,"guestNice":0,"stolen":0},{"cpu":"cpu1","user":2282.15625,"system":926.828125,"idle":16864.015625,"nice":0,"iowait":0,"irq":0,"softirq":0,"steal":0,"guest":0,"guestNice":0,"stolen":0},{"cpu":"cpu2","user":3583.640625,"system":1864.296875,"idle":14625.0625,"nice":0,"iowait":0,"irq":0,"softirq":0,"steal":0,"guest":0,"guestNice":0,"stolen":0},{"cpu":"cpu3","user":2315.9765625,"system":938.9921875,"idle":16818.0234375,"nice":0,"iowait":0,"irq":0,"softirq":0,"steal":0,"guest":0,"guestNice":0,"stolen":0}],"time":"2018-02-19 11:54:16.376163 +0900 JST m=+765.919886963","errorInfo":null}
[Info]2018/02/19 11:54:21 acsessd /api/status.json
[Info]2018/02/19 11:54:21 {"hostname":"ksc-1x-dhcp-172-29-194-195.kwansei.ac.jp","hostid":"18d901f1-4a03-3ff1-ae34-c26b2732f13c","virtualizationSystem":"","total":8589934592,"available":2492493824,"usedPercent":70.98355293273926,"diskIO":[{"name":"disk0","ioTime":1277037,"weightedIO":0}],"cpu":[{"cpu":"cpu0","user":3687.421875,"system":2122.78125,"idle":14267.515625,"nice":0,"iowait":0,"irq":0,"softirq":0,"steal":0,"guest":0,"guestNice":0,"stolen":0},{"cpu":"cpu1","user":2282.28125,"system":926.8984375,"idle":16867.71875,"nice":0,"iowait":0,"irq":0,"softirq":0,"steal":0,"guest":0,"guestNice":0,"stolen":0},{"cpu":"cpu2","user":3584.0625,"system":1864.46875,"idle":14628.3671875,"nice":0,"iowait":0,"irq":0,"softirq":0,"steal":0,"guest":0,"guestNice":0,"stolen":0},{"cpu":"cpu3","user":2316.140625,"system":939.0625,"idle":16821.6875,"nice":0,"iowait":0,"irq":0,"softirq":0,"steal":0,"guest":0,"guestNice":0,"stolen":0}],"time":"2018-02-19 11:54:21.372473 +0900 JST m=+770.916202608","errorInfo":null}
[Info]2018/02/19 11:54:26 acsessd /api/status.json
[Info]2018/02/19 11:54:26 {"hostname":"ksc-1x-dhcp-172-29-194-195.kwansei.ac.jp","hostid":"18d901f1-4a03-3ff1-ae34-c26b2732f13c","virtualizationSystem":"","total":8589934592,"available":2500149248,"usedPercent":70.8944320678711,"diskIO":[{"name":"disk0","ioTime":1277069,"weightedIO":0}],"cpu":[{"cpu":"cpu0","user":3687.890625,"system":2122.984375,"idle":14270.7421875,"nice":0,"iowait":0,"irq":0,"softirq":0,"steal":0,"guest":0,"guestNice":0,"stolen":0},{"cpu":"cpu1","user":2282.4140625,"system":926.9609375,"idle":16871.4296875,"nice":0,"iowait":0,"irq":0,"softirq":0,"steal":0,"guest":0,"guestNice":0,"stolen":0},{"cpu":"cpu2","user":3584.546875,"system":1864.6328125,"idle":14631.6328125,"nice":0,"iowait":0,"irq":0,"softirq":0,"steal":0,"guest":0,"guestNice":0,"stolen":0},{"cpu":"cpu3","user":2316.2890625,"system":939.1328125,"idle":16825.3828125,"nice":0,"iowait":0,"irq":0,"softirq":0,"steal":0,"guest":0,"guestNice":0,"stolen":0}],"time":"2018-02-19 11:54:26.374806 +0900 JST m=+775.918541031","errorInfo":null}
[Info]2018/02/19 11:54:31 acsessd /api/status.json
[Info]2018/02/19 11:54:31 {"hostname":"ksc-1x-dhcp-172-29-194-195.kwansei.ac.jp","hostid":"18d901f1-4a03-3ff1-ae34-c26b2732f13c","virtualizationSystem":"","total":8589934592,"available":2498416640,"usedPercent":70.91460227966309,"diskIO":[{"name":"disk0","ioTime":1277095,"weightedIO":0}],"cpu":[{"cpu":"cpu0","user":3688.296875,"system":2123.140625,"idle":14274.09375,"nice":0,"iowait":0,"irq":0,"softirq":0,"steal":0,"guest":0,"guestNice":0,"stolen":0},{"cpu":"cpu1","user":2282.5390625,"system":927.015625,"idle":16875.171875,"nice":0,"iowait":0,"irq":0,"softirq":0,"steal":0,"guest":0,"guestNice":0,"stolen":0},{"cpu":"cpu2","user":3584.9453125,"system":1864.765625,"idle":14635.0078125,"nice":0,"iowait":0,"irq":0,"softirq":0,"steal":0,"guest":0,"guestNice":0,"stolen":0},{"cpu":"cpu3","user":2316.421875,"system":939.1953125,"idle":16829.109375,"nice":0,"iowait":0,"irq":0,"softirq":0,"steal":0,"guest":0,"guestNice":0,"stolen":0}],"time":"2018-02-19 11:54:31.38181 +0900 JST m=+780.925550582","errorInfo":null}
[Info]2018/02/19 11:54:36 acsessd /api/status.json
[Info]2018/02/19 11:54:36 {"hostname":"ksc-1x-dhcp-172-29-194-195.kwansei.ac.jp","hostid":"18d901f1-4a03-3ff1-ae34-c26b2732f13c","virtualizationSystem":"","total":8589934592,"available":2478866432,"usedPercent":71.14219665527344,"diskIO":[{"name":"disk0","ioTime":1277166,"weightedIO":0}],"cpu":[{"cpu":"cpu0","user":3689.0390625,"system":2123.4609375,"idle":14276.9375,"nice":0,"iowait":0,"irq":0,"softirq":0,"steal":0,"guest":0,"guestNice":0,"stolen":0},{"cpu":"cpu1","user":2282.8515625,"system":927.1796875,"idle":16878.59375,"nice":0,"iowait":0,"irq":0,"softirq":0,"steal":0,"guest":0,"guestNice":0,"stolen":0},{"cpu":"cpu2","user":3585.6484375,"system":1865.0546875,"idle":14637.9296875,"nice":0,"iowait":0,"irq":0,"softirq":0,"steal":0,"guest":0,"guestNice":0,"stolen":0},{"cpu":"cpu3","user":2316.7265625,"system":939.3359375,"idle":16832.5703125,"nice":0,"iowait":0,"irq":0,"softirq":0,"steal":0,"guest":0,"guestNice":0,"stolen":0}],"time":"2018-02-19 11:54:36.387427 +0900 JST m=+785.931172925","errorInfo":null}
[Info]2018/02/19 11:54:41 acsessd /api/status.json
[Info]2018/02/19 11:54:41 {"hostname":"ksc-1x-dhcp-172-29-194-195.kwansei.ac.jp","hostid":"18d901f1-4a03-3ff1-ae34-c26b2732f13c","virtualizationSystem":"","total":8589934592,"available":2372112384,"usedPercent":72.38497734069824,"diskIO":[{"name":"disk0","ioTime":1277212,"weightedIO":0}],"cpu":[{"cpu":"cpu0","user":3689.921875,"system":2123.84375,"idle":14279.59375,"nice":0,"iowait":0,"irq":0,"softirq":0,"steal":0,"guest":0,"guestNice":0,"stolen":0},{"cpu":"cpu1","user":2283.2578125,"system":927.375,"idle":16881.921875,"nice":0,"iowait":0,"irq":0,"softirq":0,"steal":0,"guest":0,"guestNice":0,"stolen":0},{"cpu":"cpu2","user":3586.5625,"system":1865.3984375,"idle":14640.59375,"nice":0,"iowait":0,"irq":0,"softirq":0,"steal":0,"guest":0,"guestNice":0,"stolen":0},{"cpu":"cpu3","user":2317.1328125,"system":939.53125,"idle":16835.8828125,"nice":0,"iowait":0,"irq":0,"softirq":0,"steal":0,"guest":0,"guestNice":0,"stolen":0}],"time":"2018-02-19 11:54:41.407461 +0900 JST m=+790.951212307","errorInfo":null}
[Info]2018/02/19 11:54:46 acsessd /api/status.json
[Info]2018/02/19 11:54:46 {"hostname":"ksc-1x-dhcp-172-29-194-195.kwansei.ac.jp","hostid":"18d901f1-4a03-3ff1-ae34-c26b2732f13c","virtualizationSystem":"","total":8589934592,"available":2484760576,"usedPercent":71.07357978820801,"diskIO":[{"name":"disk0","ioTime":1277220,"weightedIO":0}],"cpu":[{"cpu":"cpu0","user":3690.46875,"system":2124.046875,"idle":14282.734375,"nice":0,"iowait":0,"irq":0,"softirq":0,"steal":0,"guest":0,"guestNice":0,"stolen":0},{"cpu":"cpu1","user":2283.4140625,"system":927.4453125,"idle":16885.5859375,"nice":0,"iowait":0,"irq":0,"softirq":0,"steal":0,"guest":0,"guestNice":0,"stolen":0},{"cpu":"cpu2","user":3587.0234375,"system":1865.5546875,"idle":14643.8671875,"nice":0,"iowait":0,"irq":0,"softirq":0,"steal":0,"guest":0,"guestNice":0,"stolen":0},{"cpu":"cpu3","user":2317.28125,"system":939.6015625,"idle":16839.546875,"nice":0,"iowait":0,"irq":0,"softirq":0,"steal":0,"guest":0,"guestNice":0,"stolen":0}],"time":"2018-02-19 11:54:46.382429 +0900 JST m=+795.926186458","errorInfo":null}
[Info]2018/02/19 11:54:51 acsessd /api/status.json
[Info]2018/02/19 11:54:51 {"hostname":"ksc-1x-dhcp-172-29-194-195.kwansei.ac.jp","hostid":"18d901f1-4a03-3ff1-ae34-c26b2732f13c","virtualizationSystem":"","total":8589934592,"available":2484899840,"usedPercent":71.07195854187012,"diskIO":[{"name":"disk0","ioTime":1277228,"weightedIO":0}],"cpu":[{"cpu":"cpu0","user":3691.0078125,"system":2124.2421875,"idle":14285.90625,"nice":0,"iowait":0,"irq":0,"softirq":0,"steal":0,"guest":0,"guestNice":0,"stolen":0},{"cpu":"cpu1","user":2283.5546875,"system":927.515625,"idle":16889.2734375,"nice":0,"iowait":0,"irq":0,"softirq":0,"steal":0,"guest":0,"guestNice":0,"stolen":0},{"cpu":"cpu2","user":3587.515625,"system":1865.7109375,"idle":14647.125,"nice":0,"iowait":0,"irq":0,"softirq":0,"steal":0,"guest":0,"guestNice":0,"stolen":0},{"cpu":"cpu3","user":2317.4375,"system":939.6796875,"idle":16843.234375,"nice":0,"iowait":0,"irq":0,"softirq":0,"steal":0,"guest":0,"guestNice":0,"stolen":0}],"time":"2018-02-19 11:54:51.384419 +0900 JST m=+800.928181897","errorInfo":null}
[Info]2018/02/19 11:54:56 acsessd /api/status.json
[Info]2018/02/19 11:54:56 {"hostname":"ksc-1x-dhcp-172-29-194-195.kwansei.ac.jp","hostid":"18d901f1-4a03-3ff1-ae34-c26b2732f13c","virtualizationSystem":"","total":8589934592,"available":2454507520,"usedPercent":71.42577171325684,"diskIO":[{"name":"disk0","ioTime":1277267,"weightedIO":0}],"cpu":[{"cpu":"cpu0","user":3691.6015625,"system":2124.515625,"idle":14288.9609375,"nice":0,"iowait":0,"irq":0,"softirq":0,"steal":0,"guest":0,"guestNice":0,"stolen":0},{"cpu":"cpu1","user":2283.8046875,"system":927.6328125,"idle":16892.828125,"nice":0,"iowait":0,"irq":0,"softirq":0,"steal":0,"guest":0,"guestNice":0,"stolen":0},{"cpu":"cpu2","user":3588.046875,"system":1865.9296875,"idle":14650.2890625,"nice":0,"iowait":0,"irq":0,"softirq":0,"steal":0,"guest":0,"guestNice":0,"stolen":0},{"cpu":"cpu3","user":2317.6796875,"system":939.796875,"idle":16846.7734375,"nice":0,"iowait":0,"irq":0,"softirq":0,"steal":0,"guest":0,"guestNice":0,"stolen":0}],"time":"2018-02-19 11:54:56.394504 +0900 JST m=+805.938271650","errorInfo":null}
[Info]2018/02/19 11:55:01 acsessd /api/status.json
[Info]2018/02/19 11:55:01 {"hostname":"ksc-1x-dhcp-172-29-194-195.kwansei.ac.jp","hostid":"18d901f1-4a03-3ff1-ae34-c26b2732f13c","virtualizationSystem":"","total":8589934592,"available":2484727808,"usedPercent":71.07396125793457,"diskIO":[{"name":"disk0","ioTime":1277291,"weightedIO":0}],"cpu":[{"cpu":"cpu0","user":3692.015625,"system":2124.6875,"idle":14292.2734375,"nice":0,"iowait":0,"irq":0,"softirq":0,"steal":0,"guest":0,"guestNice":0,"stolen":0},{"cpu":"cpu1","user":2283.953125,"system":927.6875,"idle":16896.53125,"nice":0,"iowait":0,"irq":0,"softirq":0,"steal":0,"guest":0,"guestNice":0,"stolen":0},{"cpu":"cpu2","user":3588.484375,"system":1866.0625,"idle":14653.625,"nice":0,"iowait":0,"irq":0,"softirq":0,"steal":0,"guest":0,"guestNice":0,"stolen":0},{"cpu":"cpu3","user":2317.8203125,"system":939.859375,"idle":16850.484375,"nice":0,"iowait":0,"irq":0,"softirq":0,"steal":0,"guest":0,"guestNice":0,"stolen":0}],"time":"2018-02-19 11:55:01.396975 +0900 JST m=+810.940747803","errorInfo":null}
[Info]2018/02/19 11:55:06 acsessd /api/status.json
[Info]2018/02/19 11:55:06 {"hostname":"ksc-1x-dhcp-172-29-194-195.kwansei.ac.jp","hostid":"18d901f1-4a03-3ff1-ae34-c26b2732f13c","virtualizationSystem":"","total":8589934592,"available":2462539776,"usedPercent":71.3322639465332,"diskIO":[{"name":"disk0","ioTime":1277336,"weightedIO":0}],"cpu":[{"cpu":"cpu0","user":3692.6875,"system":2124.90625,"idle":14295.2890625,"nice":0,"iowait":0,"irq":0,"softirq":0,"steal":0,"guest":0,"guestNice":0,"stolen":0},{"cpu":"cpu1","user":2284.109375,"system":927.7734375,"idle":16900.1953125,"nice":0,"iowait":0,"irq":0,"softirq":0,"steal":0,"guest":0,"guestNice":0,"stolen":0},{"cpu":"cpu2","user":3588.9921875,"system":1866.25,"idle":14656.8203125,"nice":0,"iowait":0,"irq":0,"softirq":0,"steal":0,"guest":0,"guestNice":0,"stolen":0},{"cpu":"cpu3","user":2317.9765625,"system":939.9453125,"idle":16854.1484375,"nice":0,"iowait":0,"irq":0,"softirq":0,"steal":0,"guest":0,"guestNice":0,"stolen":0}],"time":"2018-02-19 11:55:06.390922 +0900 JST m=+815.934701190","errorInfo":null}
[Info]2018/02/19 11:55:11 acsessd /api/status.json
[Info]2018/02/19 11:55:11 {"hostname":"ksc-1x-dhcp-172-29-194-195.kwansei.ac.jp","hostid":"18d901f1-4a03-3ff1-ae34-c26b2732f13c","virtualizationSystem":"","total":8589934592,"available":2452262912,"usedPercent":71.45190238952637,"diskIO":[{"name":"disk0","ioTime":1277344,"weightedIO":0}],"cpu":[{"cpu":"cpu0","user":3693.2890625,"system":2125.125,"idle":14298.3828125,"nice":0,"iowait":0,"irq":0,"softirq":0,"steal":0,"guest":0,"guestNice":0,"stolen":0},{"cpu":"cpu1","user":2284.3046875,"system":927.84375,"idle":16903.8359375,"nice":0,"iowait":0,"irq":0,"softirq":0,"steal":0,"guest":0,"guestNice":0,"stolen":0},{"cpu":"cpu2","user":3589.546875,"system":1866.4375,"idle":14660,"nice":0,"iowait":0,"irq":0,"softirq":0,"steal":0,"guest":0,"guestNice":0,"stolen":0},{"cpu":"cpu3","user":2318.1953125,"system":940.0234375,"idle":16857.7578125,"nice":0,"iowait":0,"irq":0,"softirq":0,"steal":0,"guest":0,"guestNice":0,"stolen":0}],"time":"2018-02-19 11:55:11.394621 +0900 JST m=+820.938405441","errorInfo":null}
[Info]2018/02/19 11:55:16 acsessd /api/status.json
[Info]2018/02/19 11:55:16 {"hostname":"ksc-1x-dhcp-172-29-194-195.kwansei.ac.jp","hostid":"18d901f1-4a03-3ff1-ae34-c26b2732f13c","virtualizationSystem":"","total":8589934592,"available":2458177536,"usedPercent":71.38304710388184,"diskIO":[{"name":"disk0","ioTime":1277361,"weightedIO":0}],"cpu":[{"cpu":"cpu0","user":3693.875,"system":2125.3203125,"idle":14301.5078125,"nice":0,"iowait":0,"irq":0,"softirq":0,"steal":0,"guest":0,"guestNice":0,"stolen":0},{"cpu":"cpu1","user":2284.46875,"system":927.9140625,"idle":16907.5078125,"nice":0,"iowait":0,"irq":0,"softirq":0,"steal":0,"guest":0,"guestNice":0,"stolen":0},{"cpu":"cpu2","user":3590.0234375,"system":1866.609375,"idle":14663.265625,"nice":0,"iowait":0,"irq":0,"softirq":0,"steal":0,"guest":0,"guestNice":0,"stolen":0},{"cpu":"cpu3","user":2318.359375,"system":940.09375,"idle":16861.4375,"nice":0,"iowait":0,"irq":0,"softirq":0,"steal":0,"guest":0,"guestNice":0,"stolen":0}],"time":"2018-02-19 11:55:16.405119 +0900 JST m=+825.948909375","errorInfo":null}
[Info]2018/02/19 11:55:21 acsessd /api/status.json
[Info]2018/02/19 11:55:21 {"hostname":"ksc-1x-dhcp-172-29-194-195.kwansei.ac.jp","hostid":"18d901f1-4a03-3ff1-ae34-c26b2732f13c","virtualizationSystem":"","total":8589934592,"available":2459185152,"usedPercent":71.37131690979004,"diskIO":[{"name":"disk0","ioTime":1277387,"weightedIO":0}],"cpu":[{"cpu":"cpu0","user":3694.4140625,"system":2125.5546875,"idle":14304.6484375,"nice":0,"iowait":0,"irq":0,"softirq":0,"steal":0,"guest":0,"guestNice":0,"stolen":0},{"cpu":"cpu1","user":2284.640625,"system":927.9921875,"idle":16911.1640625,"nice":0,"iowait":0,"irq":0,"softirq":0,"steal":0,"guest":0,"guestNice":0,"stolen":0},{"cpu":"cpu2","user":3590.5390625,"system":1866.8203125,"idle":14666.4453125,"nice":0,"iowait":0,"irq":0,"softirq":0,"steal":0,"guest":0,"guestNice":0,"stolen":0},{"cpu":"cpu3","user":2318.515625,"system":940.1796875,"idle":16865.1015625,"nice":0,"iowait":0,"irq":0,"softirq":0,"steal":0,"guest":0,"guestNice":0,"stolen":0}],"time":"2018-02-19 11:55:21.402344 +0900 JST m=+830.946140170","errorInfo":null}
[Info]2018/02/19 11:55:26 acsessd /api/status.json
[Info]2018/02/19 11:55:26 {"hostname":"ksc-1x-dhcp-172-29-194-195.kwansei.ac.jp","hostid":"18d901f1-4a03-3ff1-ae34-c26b2732f13c","virtualizationSystem":"","total":8589934592,"available":2466836480,"usedPercent":71.2822437286377,"diskIO":[{"name":"disk0","ioTime":1277411,"weightedIO":0}],"cpu":[{"cpu":"cpu0","user":3695.0234375,"system":2125.7734375,"idle":14307.71875,"nice":0,"iowait":0,"irq":0,"softirq":0,"steal":0,"guest":0,"guestNice":0,"stolen":0},{"cpu":"cpu1","user":2284.796875,"system":928.0546875,"idle":16914.8515625,"nice":0,"iowait":0,"irq":0,"softirq":0,"steal":0,"guest":0,"guestNice":0,"stolen":0},{"cpu":"cpu2","user":3591.0546875,"system":1867.0078125,"idle":14669.6484375,"nice":0,"iowait":0,"irq":0,"softirq":0,"steal":0,"guest":0,"guestNice":0,"stolen":0},{"cpu":"cpu3","user":2318.6875,"system":940.25,"idle":16868.765625,"nice":0,"iowait":0,"irq":0,"softirq":0,"steal":0,"guest":0,"guestNice":0,"stolen":0}],"time":"2018-02-19 11:55:26.406084 +0900 JST m=+835.949885122","errorInfo":null}
[Info]2018/02/19 11:55:31 acsessd /api/status.json
[Info]2018/02/19 11:55:31 {"hostname":"ksc-1x-dhcp-172-29-194-195.kwansei.ac.jp","hostid":"18d901f1-4a03-3ff1-ae34-c26b2732f13c","virtualizationSystem":"","total":8589934592,"available":2457128960,"usedPercent":71.39525413513184,"diskIO":[{"name":"disk0","ioTime":1277434,"weightedIO":0}],"cpu":[{"cpu":"cpu0","user":3695.671875,"system":2126.015625,"idle":14310.75,"nice":0,"iowait":0,"irq":0,"softirq":0,"steal":0,"guest":0,"guestNice":0,"stolen":0},{"cpu":"cpu1","user":2284.96875,"system":928.140625,"idle":16918.5078125,"nice":0,"iowait":0,"irq":0,"softirq":0,"steal":0,"guest":0,"guestNice":0,"stolen":0},{"cpu":"cpu2","user":3591.6015625,"system":1867.1953125,"idle":14672.828125,"nice":0,"iowait":0,"irq":0,"softirq":0,"steal":0,"guest":0,"guestNice":0,"stolen":0},{"cpu":"cpu3","user":2318.8828125,"system":940.34375,"idle":16872.390625,"nice":0,"iowait":0,"irq":0,"softirq":0,"steal":0,"guest":0,"guestNice":0,"stolen":0}],"time":"2018-02-19 11:55:31.414142 +0900 JST m=+840.957949051","errorInfo":null}
[Info]2018/02/19 11:55:36 acsessd /api/status.json
[Info]2018/02/19 11:55:36 {"hostname":"ksc-1x-dhcp-172-29-194-195.kwansei.ac.jp","hostid":"18d901f1-4a03-3ff1-ae34-c26b2732f13c","virtualizationSystem":"","total":8589934592,"available":2468777984,"usedPercent":71.25964164733887,"diskIO":[{"name":"disk0","ioTime":1277469,"weightedIO":0}],"cpu":[{"cpu":"cpu0","user":3696.125,"system":2126.203125,"idle":14314.015625,"nice":0,"iowait":0,"irq":0,"softirq":0,"steal":0,"guest":0,"guestNice":0,"stolen":0},{"cpu":"cpu1","user":2285.15625,"system":928.21875,"idle":16922.1640625,"nice":0,"iowait":0,"irq":0,"softirq":0,"steal":0,"guest":0,"guestNice":0,"stolen":0},{"cpu":"cpu2","user":3592.0859375,"system":1867.375,"idle":14676.078125,"nice":0,"iowait":0,"irq":0,"softirq":0,"steal":0,"guest":0,"guestNice":0,"stolen":0},{"cpu":"cpu3","user":2319.0234375,"system":940.4375,"idle":16876.0703125,"nice":0,"iowait":0,"irq":0,"softirq":0,"steal":0,"guest":0,"guestNice":0,"stolen":0}],"time":"2018-02-19 11:55:36.424573 +0900 JST m=+845.968385279","errorInfo":null}
[Info]2018/02/19 11:55:41 acsessd /api/status.json
[Info]2018/02/19 11:55:41 {"hostname":"ksc-1x-dhcp-172-29-194-195.kwansei.ac.jp","hostid":"18d901f1-4a03-3ff1-ae34-c26b2732f13c","virtualizationSystem":"","total":8589934592,"available":2473402368,"usedPercent":71.20580673217773,"diskIO":[{"name":"disk0","ioTime":1277493,"weightedIO":0}],"cpu":[{"cpu":"cpu0","user":3696.8203125,"system":2126.484375,"idle":14316.953125,"nice":0,"iowait":0,"irq":0,"softirq":0,"steal":0,"guest":0,"guestNice":0,"stolen":0},{"cpu":"cpu1","user":2285.4375,"system":928.3359375,"idle":16925.6640625,"nice":0,"iowait":0,"irq":0,"softirq":0,"steal":0,"guest":0,"guestNice":0,"stolen":0},{"cpu":"cpu2","user":3592.765625,"system":1867.6171875,"idle":14679.0625,"nice":0,"iowait":0,"irq":0,"softirq":0,"steal":0,"guest":0,"guestNice":0,"stolen":0},{"cpu":"cpu3","user":2319.3359375,"system":940.5625,"idle":16879.5390625,"nice":0,"iowait":0,"irq":0,"softirq":0,"steal":0,"guest":0,"guestNice":0,"stolen":0}],"time":"2018-02-19 11:55:41.424441 +0900 JST m=+850.968259114","errorInfo":null}
[Info]2018/02/19 11:55:46 acsessd /api/status.json
[Info]2018/02/19 11:55:46 {"hostname":"ksc-1x-dhcp-172-29-194-195.kwansei.ac.jp","hostid":"18d901f1-4a03-3ff1-ae34-c26b2732f13c","virtualizationSystem":"","total":8589934592,"available":2444980224,"usedPercent":71.53668403625488,"diskIO":[{"name":"disk0","ioTime":1277508,"weightedIO":0}],"cpu":[{"cpu":"cpu0","user":3697.53125,"system":2126.7578125,"idle":14319.875,"nice":0,"iowait":0,"irq":0,"softirq":0,"steal":0,"guest":0,"guestNice":0,"stolen":0},{"cpu":"cpu1","user":2285.7109375,"system":928.46875,"idle":16929.1640625,"nice":0,"iowait":0,"irq":0,"softirq":0,"steal":0,"guest":0,"guestNice":0,"stolen":0},{"cpu":"cpu2","user":3593.453125,"system":1867.8828125,"idle":14682.015625,"nice":0,"iowait":0,"irq":0,"softirq":0,"steal":0,"guest":0,"guestNice":0,"stolen":0},{"cpu":"cpu3","user":2319.625,"system":940.6953125,"idle":16883.03125,"nice":0,"iowait":0,"irq":0,"softirq":0,"steal":0,"guest":0,"guestNice":0,"stolen":0}],"time":"2018-02-19 11:55:46.427666 +0900 JST m=+855.971489257","errorInfo":null}
[Info]2018/02/19 11:55:51 acsessd /api/status.json
[Info]2018/02/19 11:55:51 {"hostname":"ksc-1x-dhcp-172-29-194-195.kwansei.ac.jp","hostid":"18d901f1-4a03-3ff1-ae34-c26b2732f13c","virtualizationSystem":"","total":8589934592,"available":2441691136,"usedPercent":71.5749740600586,"diskIO":[{"name":"disk0","ioTime":1277523,"weightedIO":0}],"cpu":[{"cpu":"cpu0","user":3698.109375,"system":2126.96875,"idle":14323,"nice":0,"iowait":0,"irq":0,"softirq":0,"steal":0,"guest":0,"guestNice":0,"stolen":0},{"cpu":"cpu1","user":2285.8515625,"system":928.5390625,"idle":16932.8671875,"nice":0,"iowait":0,"irq":0,"softirq":0,"steal":0,"guest":0,"guestNice":0,"stolen":0},{"cpu":"cpu2","user":3594.015625,"system":1868.0625,"idle":14685.1796875,"nice":0,"iowait":0,"irq":0,"softirq":0,"steal":0,"guest":0,"guestNice":0,"stolen":0},{"cpu":"cpu3","user":2319.828125,"system":940.765625,"idle":16886.6640625,"nice":0,"iowait":0,"irq":0,"softirq":0,"steal":0,"guest":0,"guestNice":0,"stolen":0}],"time":"2018-02-19 11:55:51.427708 +0900 JST m=+860.971537087","errorInfo":null}
[Info]2018/02/19 11:55:56 acsessd /api/status.json
[Info]2018/02/19 11:55:56 {"hostname":"ksc-1x-dhcp-172-29-194-195.kwansei.ac.jp","hostid":"18d901f1-4a03-3ff1-ae34-c26b2732f13c","virtualizationSystem":"","total":8589934592,"available":2410127360,"usedPercent":71.94242477416992,"diskIO":[{"name":"disk0","ioTime":1277570,"weightedIO":0}],"cpu":[{"cpu":"cpu0","user":3698.7890625,"system":2127.2421875,"idle":14325.9609375,"nice":0,"iowait":0,"irq":0,"softirq":0,"steal":0,"guest":0,"guestNice":0,"stolen":0},{"cpu":"cpu1","user":2286.109375,"system":928.671875,"idle":16936.390625,"nice":0,"iowait":0,"irq":0,"softirq":0,"steal":0,"guest":0,"guestNice":0,"stolen":0},{"cpu":"cpu2","user":3594.6640625,"system":1868.3203125,"idle":14688.1875,"nice":0,"iowait":0,"irq":0,"softirq":0,"steal":0,"guest":0,"guestNice":0,"stolen":0},{"cpu":"cpu3","user":2320.109375,"system":940.8984375,"idle":16890.1640625,"nice":0,"iowait":0,"irq":0,"softirq":0,"steal":0,"guest":0,"guestNice":0,"stolen":0}],"time":"2018-02-19 11:55:56.437844 +0900 JST m=+865.981678013","errorInfo":null}
[Info]2018/02/19 12:05:40 acsessd /api/status.json
[Info]2018/02/19 12:05:40 {"hostname":"ksc-1x-dhcp-172-29-194-195.kwansei.ac.jp","hostid":"18d901f1-4a03-3ff1-ae34-c26b2732f13c","virtualizationSystem":"","total":8589934592,"available":2196197376,"usedPercent":74.43289756774902,"diskIO":[{"name":"disk0","ioTime":1284384,"weightedIO":0}],"cpu":[{"cpu":"cpu0","user":3769.5234375,"system":2160.4375,"idle":14677.90625,"nice":0,"iowait":0,"irq":0,"softirq":0,"steal":0,"guest":0,"guestNice":0,"stolen":0},{"cpu":"cpu1","user":2316.0703125,"system":944.25,"idle":17346.734375,"nice":0,"iowait":0,"irq":0,"softirq":0,"steal":0,"guest":0,"guestNice":0,"stolen":0},{"cpu":"cpu2","user":3659.8359375,"system":1898.3671875,"idle":15048.84375,"nice":0,"iowait":0,"irq":0,"softirq":0,"steal":0,"guest":0,"guestNice":0,"stolen":0},{"cpu":"cpu3","user":2350.1796875,"system":956.9140625,"idle":17299.9609375,"nice":0,"iowait":0,"irq":0,"softirq":0,"steal":0,"guest":0,"guestNice":0,"stolen":0}],"time":"2018-02-19 12:05:40.274346 +0900 JST m=+1449.510539997","errorInfo":null}
[Info]2018/02/19 12:05:40 acsessd /api/status.json
[Info]2018/02/19 12:05:40 {"hostname":"ksc-1x-dhcp-172-29-194-195.kwansei.ac.jp","hostid":"18d901f1-4a03-3ff1-ae34-c26b2732f13c","virtualizationSystem":"","total":8589934592,"available":2155798528,"usedPercent":74.90320205688477,"diskIO":[{"name":"disk0","ioTime":1284384,"weightedIO":0}],"cpu":[{"cpu":"cpu0","user":3769.5703125,"system":2160.46875,"idle":14678.171875,"nice":0,"iowait":0,"irq":0,"softirq":0,"steal":0,"guest":0,"guestNice":0,"stolen":0},{"cpu":"cpu1","user":2316.078125,"system":944.25,"idle":17347.0703125,"nice":0,"iowait":0,"irq":0,"softirq":0,"steal":0,"guest":0,"guestNice":0,"stolen":0},{"cpu":"cpu2","user":3659.8828125,"system":1898.3828125,"idle":15049.125,"nice":0,"iowait":0,"irq":0,"softirq":0,"steal":0,"guest":0,"guestNice":0,"stolen":0},{"cpu":"cpu3","user":2350.1875,"system":956.921875,"idle":17300.2890625,"nice":0,"iowait":0,"irq":0,"softirq":0,"steal":0,"guest":0,"guestNice":0,"stolen":0}],"time":"2018-02-19 12:05:40.717113 +0900 JST m=+1449.953306078","errorInfo":null}
[Info]2018/02/19 12:05:41 acsessd /api/status.json
[Info]2018/02/19 12:05:41 {"hostname":"ksc-1x-dhcp-172-29-194-195.kwansei.ac.jp","hostid":"18d901f1-4a03-3ff1-ae34-c26b2732f13c","virtualizationSystem":"","total":8589934592,"available":2155798528,"usedPercent":74.90320205688477,"diskIO":[{"name":"disk0","ioTime":1284384,"weightedIO":0}],"cpu":[{"cpu":"cpu0","user":3769.8359375,"system":2160.5078125,"idle":14678.265625,"nice":0,"iowait":0,"irq":0,"softirq":0,"steal":0,"guest":0,"guestNice":0,"stolen":0},{"cpu":"cpu1","user":2316.1484375,"system":944.2734375,"idle":17347.3671875,"nice":0,"iowait":0,"irq":0,"softirq":0,"steal":0,"guest":0,"guestNice":0,"stolen":0},{"cpu":"cpu2","user":3660.125,"system":1898.4296875,"idle":15049.2421875,"nice":0,"iowait":0,"irq":0,"softirq":0,"steal":0,"guest":0,"guestNice":0,"stolen":0},{"cpu":"cpu3","user":2350.265625,"system":956.9453125,"idle":17300.578125,"nice":0,"iowait":0,"irq":0,"softirq":0,"steal":0,"guest":0,"guestNice":0,"stolen":0}],"time":"2018-02-19 12:05:41.224319 +0900 JST m=+1450.460511280","errorInfo":null}
[Info]2018/02/19 12:05:41 acsessd /api/status.json
[Info]2018/02/19 12:05:41 {"hostname":"ksc-1x-dhcp-172-29-194-195.kwansei.ac.jp","hostid":"18d901f1-4a03-3ff1-ae34-c26b2732f13c","virtualizationSystem":"","total":8589934592,"available":2136088576,"usedPercent":75.13265609741211,"diskIO":[{"name":"disk0","ioTime":1284384,"weightedIO":0}],"cpu":[{"cpu":"cpu0","user":3770.078125,"system":2160.53125,"idle":14678.3828125,"nice":0,"iowait":0,"irq":0,"softirq":0,"steal":0,"guest":0,"guestNice":0,"stolen":0},{"cpu":"cpu1","user":2316.21875,"system":944.2890625,"idle":17347.671875,"nice":0,"iowait":0,"irq":0,"softirq":0,"steal":0,"guest":0,"guestNice":0,"stolen":0},{"cpu":"cpu2","user":3660.34375,"system":1898.4609375,"idle":15049.3828125,"nice":0,"iowait":0,"irq":0,"softirq":0,"steal":0,"guest":0,"guestNice":0,"stolen":0},{"cpu":"cpu3","user":2350.3515625,"system":956.96875,"idle":17300.8671875,"nice":0,"iowait":0,"irq":0,"softirq":0,"steal":0,"guest":0,"guestNice":0,"stolen":0}],"time":"2018-02-19 12:05:41.723268 +0900 JST m=+1450.959458722","errorInfo":null}
[Info]2018/02/19 12:05:42 acsessd /api/status.json
[Info]2018/02/19 12:05:42 {"hostname":"ksc-1x-dhcp-172-29-194-195.kwansei.ac.jp","hostid":"18d901f1-4a03-3ff1-ae34-c26b2732f13c","virtualizationSystem":"","total":8589934592,"available":2134605824,"usedPercent":75.14991760253906,"diskIO":[{"name":"disk0","ioTime":1284384,"weightedIO":0}],"cpu":[{"cpu":"cpu0","user":3770.2734375,"system":2160.5625,"idle":14678.5625,"nice":0,"iowait":0,"irq":0,"softirq":0,"steal":0,"guest":0,"guestNice":0,"stolen":0},{"cpu":"cpu1","user":2316.296875,"system":944.3125,"idle":17347.9765625,"nice":0,"iowait":0,"irq":0,"softirq":0,"steal":0,"guest":0,"guestNice":0,"stolen":0},{"cpu":"cpu2","user":3660.5390625,"system":1898.4921875,"idle":15049.5546875,"nice":0,"iowait":0,"irq":0,"softirq":0,"steal":0,"guest":0,"guestNice":0,"stolen":0},{"cpu":"cpu3","user":2350.421875,"system":956.984375,"idle":17301.1875,"nice":0,"iowait":0,"irq":0,"softirq":0,"steal":0,"guest":0,"guestNice":0,"stolen":0}],"time":"2018-02-19 12:05:42.243139 +0900 JST m=+1451.479328739","errorInfo":null}
[Info]2018/02/19 12:05:42 acsessd /api/status.json
[Info]2018/02/19 12:05:42 {"hostname":"ksc-1x-dhcp-172-29-194-195.kwansei.ac.jp","hostid":"18d901f1-4a03-3ff1-ae34-c26b2732f13c","virtualizationSystem":"","total":8589934592,"available":2118651904,"usedPercent":75.33564567565918,"diskIO":[{"name":"disk0","ioTime":1284384,"weightedIO":0}],"cpu":[{"cpu":"cpu0","user":3770.4609375,"system":2160.59375,"idle":14678.7421875,"nice":0,"iowait":0,"irq":0,"softirq":0,"steal":0,"guest":0,"guestNice":0,"stolen":0},{"cpu":"cpu1","user":2316.421875,"system":944.34375,"idle":17348.21875,"nice":0,"iowait":0,"irq":0,"softirq":0,"steal":0,"guest":0,"guestNice":0,"stolen":0},{"cpu":"cpu2","user":3660.8046875,"system":1898.5234375,"idle":15049.65625,"nice":0,"iowait":0,"irq":0,"softirq":0,"steal":0,"guest":0,"guestNice":0,"stolen":0},{"cpu":"cpu3","user":2350.5,"system":957.0078125,"idle":17301.46875,"nice":0,"iowait":0,"irq":0,"softirq":0,"steal":0,"guest":0,"guestNice":0,"stolen":0}],"time":"2018-02-19 12:05:42.742957 +0900 JST m=+1451.979146390","errorInfo":null}
[Info]2018/02/19 12:05:43 acsessd /api/status.json
[Info]2018/02/19 12:05:43 {"hostname":"ksc-1x-dhcp-172-29-194-195.kwansei.ac.jp","hostid":"18d901f1-4a03-3ff1-ae34-c26b2732f13c","virtualizationSystem":"","total":8589934592,"available":2118213632,"usedPercent":75.34074783325195,"diskIO":[{"name":"disk0","ioTime":1284384,"weightedIO":0}],"cpu":[{"cpu":"cpu0","user":3770.6328125,"system":2160.6328125,"idle":14678.921875,"nice":0,"iowait":0,"irq":0,"softirq":0,"steal":0,"guest":0,"guestNice":0,"stolen":0},{"cpu":"cpu1","user":2316.4765625,"system":944.359375,"idle":17348.53125,"nice":0,"iowait":0,"irq":0,"softirq":0,"steal":0,"guest":0,"guestNice":0,"stolen":0},{"cpu":"cpu2","user":3661,"system":1898.546875,"idle":15049.828125,"nice":0,"iowait":0,"irq":0,"softirq":0,"steal":0,"guest":0,"guestNice":0,"stolen":0},{"cpu":"cpu3","user":2350.5625,"system":957.0234375,"idle":17301.7890625,"nice":0,"iowait":0,"irq":0,"softirq":0,"steal":0,"guest":0,"guestNice":0,"stolen":0}],"time":"2018-02-19 12:05:43.243887 +0900 JST m=+1452.480074986","errorInfo":null}
[Info]2018/02/19 12:05:43 acsessd /api/status.json
[Info]2018/02/19 12:05:43 {"hostname":"ksc-1x-dhcp-172-29-194-195.kwansei.ac.jp","hostid":"18d901f1-4a03-3ff1-ae34-c26b2732f13c","virtualizationSystem":"","total":8589934592,"available":2117943296,"usedPercent":75.3438949584961,"diskIO":[{"name":"disk0","ioTime":1284384,"weightedIO":0}],"cpu":[{"cpu":"cpu0","user":3770.8046875,"system":2160.6640625,"idle":14679.109375,"nice":0,"iowait":0,"irq":0,"softirq":0,"steal":0,"guest":0,"guestNice":0,"stolen":0},{"cpu":"cpu1","user":2316.5234375,"system":944.3671875,"idle":17348.859375,"nice":0,"iowait":0,"irq":0,"softirq":0,"steal":0,"guest":0,"guestNice":0,"stolen":0},{"cpu":"cpu2","user":3661.203125,"system":1898.578125,"idle":15049.984375,"nice":0,"iowait":0,"irq":0,"softirq":0,"steal":0,"guest":0,"guestNice":0,"stolen":0},{"cpu":"cpu3","user":2350.640625,"system":957.0390625,"idle":17302.0859375,"nice":0,"iowait":0,"irq":0,"softirq":0,"steal":0,"guest":0,"guestNice":0,"stolen":0}],"time":"2018-02-19 12:05:43.740625 +0900 JST m=+1452.976812569","errorInfo":null}
[Info]2018/02/19 12:05:44 acsessd /api/status.json
[Info]2018/02/19 12:05:44 {"hostname":"ksc-1x-dhcp-172-29-194-195.kwansei.ac.jp","hostid":"18d901f1-4a03-3ff1-ae34-c26b2732f13c","virtualizationSystem":"","total":8589934592,"available":2116038656,"usedPercent":75.36606788635254,"diskIO":[{"name":"disk0","ioTime":1284384,"weightedIO":0}],"cpu":[{"cpu":"cpu0","user":3770.9609375,"system":2160.6953125,"idle":14679.3125,"nice":0,"iowait":0,"irq":0,"softirq":0,"steal":0,"guest":0,"guestNice":0,"stolen":0},{"cpu":"cpu1","user":2316.59375,"system":944.3828125,"idle":17349.1796875,"nice":0,"iowait":0,"irq":0,"softirq":0,"steal":0,"guest":0,"guestNice":0,"stolen":0},{"cpu":"cpu2","user":3661.4140625,"system":1898.6015625,"idle":15050.140625,"nice":0,"iowait":0,"irq":0,"softirq":0,"steal":0,"guest":0,"guestNice":0,"stolen":0},{"cpu":"cpu3","user":2350.6953125,"system":957.046875,"idle":17302.40625,"nice":0,"iowait":0,"irq":0,"softirq":0,"steal":0,"guest":0,"guestNice":0,"stolen":0}],"time":"2018-02-19 12:05:44.24841 +0900 JST m=+1453.484596698","errorInfo":null}
[Info]2018/02/19 12:05:44 acsessd /api/status.json
[Info]2018/02/19 12:05:44 {"hostname":"ksc-1x-dhcp-172-29-194-195.kwansei.ac.jp","hostid":"18d901f1-4a03-3ff1-ae34-c26b2732f13c","virtualizationSystem":"","total":8589934592,"available":2113683456,"usedPercent":75.39348602294922,"diskIO":[{"name":"disk0","ioTime":1284393,"weightedIO":0}],"cpu":[{"cpu":"cpu0","user":3771.1484375,"system":2160.734375,"idle":14679.46875,"nice":0,"iowait":0,"irq":0,"softirq":0,"steal":0,"guest":0,"guestNice":0,"stolen":0},{"cpu":"cpu1","user":2316.65625,"system":944.3984375,"idle":17349.484375,"nice":0,"iowait":0,"irq":0,"softirq":0,"steal":0,"guest":0,"guestNice":0,"stolen":0},{"cpu":"cpu2","user":3661.609375,"system":1898.625,"idle":15050.3125,"nice":0,"iowait":0,"irq":0,"softirq":0,"steal":0,"guest":0,"guestNice":0,"stolen":0},{"cpu":"cpu3","user":2350.75,"system":957.0546875,"idle":17302.734375,"nice":0,"iowait":0,"irq":0,"softirq":0,"steal":0,"guest":0,"guestNice":0,"stolen":0}],"time":"2018-02-19 12:05:44.742012 +0900 JST m=+1453.978197730","errorInfo":null}
[Info]2018/02/19 12:05:45 acsessd /api/status.json
[Info]2018/02/19 12:05:45 {"hostname":"ksc-1x-dhcp-172-29-194-195.kwansei.ac.jp","hostid":"18d901f1-4a03-3ff1-ae34-c26b2732f13c","virtualizationSystem":"","total":8589934592,"available":2112061440,"usedPercent":75.41236877441406,"diskIO":[{"name":"disk0","ioTime":1284393,"weightedIO":0}],"cpu":[{"cpu":"cpu0","user":3771.3203125,"system":2160.7734375,"idle":14679.65625,"nice":0,"iowait":0,"irq":0,"softirq":0,"steal":0,"guest":0,"guestNice":0,"stolen":0},{"cpu":"cpu1","user":2316.7265625,"system":944.4296875,"idle":17349.78125,"nice":0,"iowait":0,"irq":0,"softirq":0,"steal":0,"guest":0,"guestNice":0,"stolen":0},{"cpu":"cpu2","user":3661.8203125,"system":1898.6484375,"idle":15050.46875,"nice":0,"iowait":0,"irq":0,"softirq":0,"steal":0,"guest":0,"guestNice":0,"stolen":0},{"cpu":"cpu3","user":2350.796875,"system":957.0703125,"idle":17303.0625,"nice":0,"iowait":0,"irq":0,"softirq":0,"steal":0,"guest":0,"guestNice":0,"stolen":0}],"time":"2018-02-19 12:05:45.246156 +0900 JST m=+1454.482340255","errorInfo":null}
[Info]2018/02/19 12:05:45 acsessd /api/status.json
[Info]2018/02/19 12:05:45 {"hostname":"ksc-1x-dhcp-172-29-194-195.kwansei.ac.jp","hostid":"18d901f1-4a03-3ff1-ae34-c26b2732f13c","virtualizationSystem":"","total":8589934592,"available":2108870656,"usedPercent":75.44951438903809,"diskIO":[{"name":"disk0","ioTime":1284393,"weightedIO":0}],"cpu":[{"cpu":"cpu0","user":3771.5,"system":2160.8125,"idle":14679.8359375,"nice":0,"iowait":0,"irq":0,"softirq":0,"steal":0,"guest":0,"guestNice":0,"stolen":0},{"cpu":"cpu1","user":2316.796875,"system":944.4453125,"idle":17350.1015625,"nice":0,"iowait":0,"irq":0,"softirq":0,"steal":0,"guest":0,"guestNice":0,"stolen":0},{"cpu":"cpu2","user":3662.0546875,"system":1898.6875,"idle":15050.6015625,"nice":0,"iowait":0,"irq":0,"softirq":0,"steal":0,"guest":0,"guestNice":0,"stolen":0},{"cpu":"cpu3","user":2350.8671875,"system":957.09375,"idle":17303.375,"nice":0,"iowait":0,"irq":0,"softirq":0,"steal":0,"guest":0,"guestNice":0,"stolen":0}],"time":"2018-02-19 12:05:45.766244 +0900 JST m=+1455.002427181","errorInfo":null}
[Info]2018/02/19 12:05:46 acsessd /api/status.json
[Info]2018/02/19 12:05:46 {"hostname":"ksc-1x-dhcp-172-29-194-195.kwansei.ac.jp","hostid":"18d901f1-4a03-3ff1-ae34-c26b2732f13c","virtualizationSystem":"","total":8589934592,"available":2105876480,"usedPercent":75.48437118530273,"diskIO":[{"name":"disk0","ioTime":1284393,"weightedIO":0}],"cpu":[{"cpu":"cpu0","user":3771.7265625,"system":2160.84375,"idle":14679.9765625,"nice":0,"iowait":0,"irq":0,"softirq":0,"steal":0,"guest":0,"guestNice":0,"stolen":0},{"cpu":"cpu1","user":2316.8359375,"system":944.4609375,"idle":17350.4296875,"nice":0,"iowait":0,"irq":0,"softirq":0,"steal":0,"guest":0,"guestNice":0,"stolen":0},{"cpu":"cpu2","user":3662.2109375,"system":1898.71875,"idle":15050.796875,"nice":0,"iowait":0,"irq":0,"softirq":0,"steal":0,"guest":0,"guestNice":0,"stolen":0},{"cpu":"cpu3","user":2350.921875,"system":957.109375,"idle":17303.703125,"nice":0,"iowait":0,"irq":0,"softirq":0,"steal":0,"guest":0,"guestNice":0,"stolen":0}],"time":"2018-02-19 12:05:46.262875 +0900 JST m=+1455.499057114","errorInfo":null}
[Info]2018/02/19 12:05:46 acsessd /api/status.json
[Info]2018/02/19 12:05:46 {"hostname":"ksc-1x-dhcp-172-29-194-195.kwansei.ac.jp","hostid":"18d901f1-4a03-3ff1-ae34-c26b2732f13c","virtualizationSystem":"","total":8589934592,"available":2102943744,"usedPercent":75.51851272583008,"diskIO":[{"name":"disk0","ioTime":1284393,"weightedIO":0}],"cpu":[{"cpu":"cpu0","user":3771.9296875,"system":2160.8828125,"idle":14680.1171875,"nice":0,"iowait":0,"irq":0,"softirq":0,"steal":0,"guest":0,"guestNice":0,"stolen":0},{"cpu":"cpu1","user":2316.890625,"system":944.4765625,"idle":17350.7421875,"nice":0,"iowait":0,"irq":0,"softirq":0,"steal":0,"guest":0,"guestNice":0,"stolen":0},{"cpu":"cpu2","user":3662.3984375,"system":1898.7421875,"idle":15050.9765625,"nice":0,"iowait":0,"irq":0,"softirq":0,"steal":0,"guest":0,"guestNice":0,"stolen":0},{"cpu":"cpu3","user":2350.9921875,"system":957.1171875,"idle":17304,"nice":0,"iowait":0,"irq":0,"softirq":0,"steal":0,"guest":0,"guestNice":0,"stolen":0}],"time":"2018-02-19 12:05:46.755819 +0900 JST m=+1455.992000309","errorInfo":null}
[Info]2018/02/19 12:05:47 acsessd /api/status.json
[Info]2018/02/19 12:05:47 {"hostname":"ksc-1x-dhcp-172-29-194-195.kwansei.ac.jp","hostid":"18d901f1-4a03-3ff1-ae34-c26b2732f13c","virtualizationSystem":"","total":8589934592,"available":2100006912,"usedPercent":75.55270195007324,"diskIO":[{"name":"disk0","ioTime":1284393,"weightedIO":0}],"cpu":[{"cpu":"cpu0","user":3772.1640625,"system":2160.9140625,"idle":14680.25,"nice":0,"iowait":0,"irq":0,"softirq":0,"steal":0,"guest":0,"guestNice":0,"stolen":0},{"cpu":"cpu1","user":2316.953125,"system":944.5,"idle":17351.0546875,"nice":0,"iowait":0,"irq":0,"softirq":0,"steal":0,"guest":0,"guestNice":0,"stolen":0},{"cpu":"cpu2","user":3662.5546875,"system":1898.765625,"idle":15051.1875,"nice":0,"iowait":0,"irq":0,"softirq":0,"steal":0,"guest":0,"guestNice":0,"stolen":0},{"cpu":"cpu3","user":2351.0625,"system":957.1328125,"idle":17304.3125,"nice":0,"iowait":0,"irq":0,"softirq":0,"steal":0,"guest":0,"guestNice":0,"stolen":0}],"time":"2018-02-19 12:05:47.261288 +0900 JST m=+1456.497468190","errorInfo":null}
[Info]2018/02/19 12:05:47 acsessd /api/status.json
[Info]2018/02/19 12:05:47 {"hostname":"ksc-1x-dhcp-172-29-194-195.kwansei.ac.jp","hostid":"18d901f1-4a03-3ff1-ae34-c26b2732f13c","virtualizationSystem":"","total":8589934592,"available":2096369664,"usedPercent":75.59504508972168,"diskIO":[{"name":"disk0","ioTime":1284393,"weightedIO":0}],"cpu":[{"cpu":"cpu0","user":3772.34375,"system":2160.9453125,"idle":14680.4296875,"nice":0,"iowait":0,"irq":0,"softirq":0,"steal":0,"guest":0,"guestNice":0,"stolen":0},{"cpu":"cpu1","user":2317.03125,"system":944.5234375,"idle":17351.3515625,"nice":0,"iowait":0,"irq":0,"softirq":0,"steal":0,"guest":0,"guestNice":0,"stolen":0},{"cpu":"cpu2","user":3662.7890625,"system":1898.796875,"idle":15051.328125,"nice":0,"iowait":0,"irq":0,"softirq":0,"steal":0,"guest":0,"guestNice":0,"stolen":0},{"cpu":"cpu3","user":2351.125,"system":957.1484375,"idle":17304.640625,"nice":0,"iowait":0,"irq":0,"softirq":0,"steal":0,"guest":0,"guestNice":0,"stolen":0}],"time":"2018-02-19 12:05:47.77214 +0900 JST m=+1457.008315959","errorInfo":null}
[Info]2018/02/19 12:05:48 acsessd /api/status.json
[Info]2018/02/19 12:05:48 {"hostname":"ksc-1x-dhcp-172-29-194-195.kwansei.ac.jp","hostid":"18d901f1-4a03-3ff1-ae34-c26b2732f13c","virtualizationSystem":"","total":8589934592,"available":2099236864,"usedPercent":75.56166648864746,"diskIO":[{"name":"disk0","ioTime":1284393,"weightedIO":0}],"cpu":[{"cpu":"cpu0","user":3772.5859375,"system":2160.9765625,"idle":14680.546875,"nice":0,"iowait":0,"irq":0,"softirq":0,"steal":0,"guest":0,"guestNice":0,"stolen":0},{"cpu":"cpu1","user":2317.1171875,"system":944.5390625,"idle":17351.640625,"nice":0,"iowait":0,"irq":0,"softirq":0,"steal":0,"guest":0,"guestNice":0,"stolen":0},{"cpu":"cpu2","user":3663.0390625,"system":1898.828125,"idle":15051.4296875,"nice":0,"iowait":0,"irq":0,"softirq":0,"steal":0,"guest":0,"guestNice":0,"stolen":0},{"cpu":"cpu3","user":2351.2265625,"system":957.1640625,"idle":17304.90625,"nice":0,"iowait":0,"irq":0,"softirq":0,"steal":0,"guest":0,"guestNice":0,"stolen":0}],"time":"2018-02-19 12:05:48.271098 +0900 JST m=+1457.507276338","errorInfo":null}
[Info]2018/02/19 12:05:48 acsessd /api/status.json
[Info]2018/02/19 12:05:48 {"hostname":"ksc-1x-dhcp-172-29-194-195.kwansei.ac.jp","hostid":"18d901f1-4a03-3ff1-ae34-c26b2732f13c","virtualizationSystem":"","total":8589934592,"available":2099064832,"usedPercent":75.56366920471191,"diskIO":[{"name":"disk0","ioTime":1284393,"weightedIO":0}],"cpu":[{"cpu":"cpu0","user":3772.7734375,"system":2161.015625,"idle":14680.7109375,"nice":0,"iowait":0,"irq":0,"softirq":0,"steal":0,"guest":0,"guestNice":0,"stolen":0},{"cpu":"cpu1","user":2317.171875,"system":944.5625,"idle":17351.9609375,"nice":0,"iowait":0,"irq":0,"softirq":0,"steal":0,"guest":0,"guestNice":0,"stolen":0},{"cpu":"cpu2","user":3663.2890625,"system":1898.8515625,"idle":15051.546875,"nice":0,"iowait":0,"irq":0,"softirq":0,"steal":0,"guest":0,"guestNice":0,"stolen":0},{"cpu":"cpu3","user":2351.2890625,"system":957.171875,"idle":17305.2265625,"nice":0,"iowait":0,"irq":0,"softirq":0,"steal":0,"guest":0,"guestNice":0,"stolen":0}],"time":"2018-02-19 12:05:48.772928 +0900 JST m=+1458.009105660","errorInfo":null}
[Info]2018/02/19 12:05:49 acsessd /api/status.json
[Info]2018/02/19 12:05:49 {"hostname":"ksc-1x-dhcp-172-29-194-195.kwansei.ac.jp","hostid":"18d901f1-4a03-3ff1-ae34-c26b2732f13c","virtualizationSystem":"","total":8589934592,"available":2098122752,"usedPercent":75.57463645935059,"diskIO":[{"name":"disk0","ioTime":1284393,"weightedIO":0}],"cpu":[{"cpu":"cpu0","user":3772.96875,"system":2161.0546875,"idle":14680.875,"nice":0,"iowait":0,"irq":0,"softirq":0,"steal":0,"guest":0,"guestNice":0,"stolen":0},{"cpu":"cpu1","user":2317.234375,"system":944.5859375,"idle":17352.265625,"nice":0,"iowait":0,"irq":0,"softirq":0,"steal":0,"guest":0,"guestNice":0,"stolen":0},{"cpu":"cpu2","user":3663.5078125,"system":1898.875,"idle":15051.7109375,"nice":0,"iowait":0,"irq":0,"softirq":0,"steal":0,"guest":0,"guestNice":0,"stolen":0},{"cpu":"cpu3","user":2351.3515625,"system":957.1875,"idle":17305.546875,"nice":0,"iowait":0,"irq":0,"softirq":0,"steal":0,"guest":0,"guestNice":0,"stolen":0}],"time":"2018-02-19 12:05:49.279428 +0900 JST m=+1458.515604197","errorInfo":null}
[Info]2018/02/19 12:05:49 acsessd /api/status.json
[Info]2018/02/19 12:05:49 {"hostname":"ksc-1x-dhcp-172-29-194-195.kwansei.ac.jp","hostid":"18d901f1-4a03-3ff1-ae34-c26b2732f13c","virtualizationSystem":"","total":8589934592,"available":2098257920,"usedPercent":75.57306289672852,"diskIO":[{"name":"disk0","ioTime":1284393,"weightedIO":0}],"cpu":[{"cpu":"cpu0","user":3773.203125,"system":2161.078125,"idle":14681.015625,"nice":0,"iowait":0,"irq":0,"softirq":0,"steal":0,"guest":0,"guestNice":0,"stolen":0},{"cpu":"cpu1","user":2317.3125,"system":944.609375,"idle":17352.5625,"nice":0,"iowait":0,"irq":0,"softirq":0,"steal":0,"guest":0,"guestNice":0,"stolen":0},{"cpu":"cpu2","user":3663.703125,"system":1898.90625,"idle":15051.875,"nice":0,"iowait":0,"irq":0,"softirq":0,"steal":0,"guest":0,"guestNice":0,"stolen":0},{"cpu":"cpu3","user":2351.4453125,"system":957.21875,"idle":17305.8125,"nice":0,"iowait":0,"irq":0,"softirq":0,"steal":0,"guest":0,"guestNice":0,"stolen":0}],"time":"2018-02-19 12:05:49.786242 +0900 JST m=+1459.022417468","errorInfo":null}
[Info]2018/02/19 12:05:50 acsessd /api/status.json
[Info]2018/02/19 12:05:50 {"hostname":"ksc-1x-dhcp-172-29-194-195.kwansei.ac.jp","hostid":"18d901f1-4a03-3ff1-ae34-c26b2732f13c","virtualizationSystem":"","total":8589934592,"available":2097438720,"usedPercent":75.58259963989258,"diskIO":[{"name":"disk0","ioTime":1284393,"weightedIO":0}],"cpu":[{"cpu":"cpu0","user":3773.4375,"system":2161.109375,"idle":14681.15625,"nice":0,"iowait":0,"irq":0,"softirq":0,"steal":0,"guest":0,"guestNice":0,"stolen":0},{"cpu":"cpu1","user":2317.421875,"system":944.640625,"idle":17352.8203125,"nice":0,"iowait":0,"irq":0,"softirq":0,"steal":0,"guest":0,"guestNice":0,"stolen":0},{"cpu":"cpu2","user":3663.921875,"system":1898.9375,"idle":15052.0234375,"nice":0,"iowait":0,"irq":0,"softirq":0,"steal":0,"guest":0,"guestNice":0,"stolen":0},{"cpu":"cpu3","user":2351.53125,"system":957.25,"idle":17306.1015625,"nice":0,"iowait":0,"irq":0,"softirq":0,"steal":0,"guest":0,"guestNice":0,"stolen":0}],"time":"2018-02-19 12:05:50.300228 +0900 JST m=+1459.536402434","errorInfo":null}
[Info]2018/02/19 12:05:50 acsessd /api/status.json
[Info]2018/02/19 12:05:50 {"hostname":"ksc-1x-dhcp-172-29-194-195.kwansei.ac.jp","hostid":"18d901f1-4a03-3ff1-ae34-c26b2732f13c","virtualizationSystem":"","total":8589934592,"available":2095661056,"usedPercent":75.6032943725586,"diskIO":[{"name":"disk0","ioTime":1284404,"weightedIO":0}],"cpu":[{"cpu":"cpu0","user":3773.640625,"system":2161.140625,"idle":14681.2890625,"nice":0,"iowait":0,"irq":0,"softirq":0,"steal":0,"guest":0,"guestNice":0,"stolen":0},{"cpu":"cpu1","user":2317.5,"system":944.65625,"idle":17353.1015625,"nice":0,"iowait":0,"irq":0,"softirq":0,"steal":0,"guest":0,"guestNice":0,"stolen":0},{"cpu":"cpu2","user":3664.1015625,"system":1898.9765625,"idle":15052.1875,"nice":0,"iowait":0,"irq":0,"softirq":0,"steal":0,"guest":0,"guestNice":0,"stolen":0},{"cpu":"cpu3","user":2351.6328125,"system":957.2734375,"idle":17306.3515625,"nice":0,"iowait":0,"irq":0,"softirq":0,"steal":0,"guest":0,"guestNice":0,"stolen":0}],"time":"2018-02-19 12:05:50.78614 +0900 JST m=+1460.022313674","errorInfo":null}
[Info]2018/02/19 12:05:51 acsessd /api/status.json
[Info]2018/02/19 12:05:51 {"hostname":"ksc-1x-dhcp-172-29-194-195.kwansei.ac.jp","hostid":"18d901f1-4a03-3ff1-ae34-c26b2732f13c","virtualizationSystem":"","total":8589934592,"available":2094845952,"usedPercent":75.61278343200684,"diskIO":[{"name":"disk0","ioTime":1284404,"weightedIO":0}],"cpu":[{"cpu":"cpu0","user":3773.8671875,"system":2161.171875,"idle":14681.4375,"nice":0,"iowait":0,"irq":0,"softirq":0,"steal":0,"guest":0,"guestNice":0,"stolen":0},{"cpu":"cpu1","user":2317.59375,"system":944.671875,"idle":17353.3984375,"nice":0,"iowait":0,"irq":0,"softirq":0,"steal":0,"guest":0,"guestNice":0,"stolen":0},{"cpu":"cpu2","user":3664.2421875,"system":1899.0078125,"idle":15052.3984375,"nice":0,"iowait":0,"irq":0,"softirq":0,"steal":0,"guest":0,"guestNice":0,"stolen":0},{"cpu":"cpu3","user":2351.703125,"system":957.296875,"idle":17306.6640625,"nice":0,"iowait":0,"irq":0,"softirq":0,"steal":0,"guest":0,"guestNice":0,"stolen":0}],"time":"2018-02-19 12:05:51.287645 +0900 JST m=+1460.523817813","errorInfo":null}
[Info]2018/02/19 12:05:51 acsessd /api/status.json
[Info]2018/02/19 12:05:51 {"hostname":"ksc-1x-dhcp-172-29-194-195.kwansei.ac.jp","hostid":"18d901f1-4a03-3ff1-ae34-c26b2732f13c","virtualizationSystem":"","total":8589934592,"available":2094141440,"usedPercent":75.62098503112793,"diskIO":[{"name":"disk0","ioTime":1284404,"weightedIO":0}],"cpu":[{"cpu":"cpu0","user":3773.9765625,"system":2161.203125,"idle":14681.6796875,"nice":0,"iowait":0,"irq":0,"softirq":0,"steal":0,"guest":0,"guestNice":0,"stolen":0},{"cpu":"cpu1","user":2317.625,"system":944.6875,"idle":17353.7421875,"nice":0,"iowait":0,"irq":0,"softirq":0,"steal":0,"guest":0,"guestNice":0,"stolen":0},{"cpu":"cpu2","user":3664.3359375,"system":1899.0390625,"idle":15052.6796875,"nice":0,"iowait":0,"irq":0,"softirq":0,"steal":0,"guest":0,"guestNice":0,"stolen":0},{"cpu":"cpu3","user":2351.7421875,"system":957.3046875,"idle":17307,"nice":0,"iowait":0,"irq":0,"softirq":0,"steal":0,"guest":0,"guestNice":0,"stolen":0}],"time":"2018-02-19 12:05:51.79671 +0900 JST m=+1461.032881344","errorInfo":null}
[Info]2018/02/19 12:05:52 acsessd /api/status.json
[Info]2018/02/19 12:05:52 {"hostname":"ksc-1x-dhcp-172-29-194-195.kwansei.ac.jp","hostid":"18d901f1-4a03-3ff1-ae34-c26b2732f13c","virtualizationSystem":"","total":8589934592,"available":2093625344,"usedPercent":75.62699317932129,"diskIO":[{"name":"disk0","ioTime":1284404,"weightedIO":0}],"cpu":[{"cpu":"cpu0","user":3774.1875,"system":2161.234375,"idle":14681.828125,"nice":0,"iowait":0,"irq":0,"softirq":0,"steal":0,"guest":0,"guestNice":0,"stolen":0},{"cpu":"cpu1","user":2317.703125,"system":944.6953125,"idle":17354.0390625,"nice":0,"iowait":0,"irq":0,"softirq":0,"steal":0,"guest":0,"guestNice":0,"stolen":0},{"cpu":"cpu2","user":3664.5234375,"system":1899.0625,"idle":15052.859375,"nice":0,"iowait":0,"irq":0,"softirq":0,"steal":0,"guest":0,"guestNice":0,"stolen":0},{"cpu":"cpu3","user":2351.8046875,"system":957.3203125,"idle":17307.3046875,"nice":0,"iowait":0,"irq":0,"softirq":0,"steal":0,"guest":0,"guestNice":0,"stolen":0}],"time":"2018-02-19 12:05:52.291882 +0900 JST m=+1461.528052711","errorInfo":null}
[Info]2018/02/19 12:05:52 acsessd /api/status.json
[Info]2018/02/19 12:05:52 {"hostname":"ksc-1x-dhcp-172-29-194-195.kwansei.ac.jp","hostid":"18d901f1-4a03-3ff1-ae34-c26b2732f13c","virtualizationSystem":"","total":8589934592,"available":2093576192,"usedPercent":75.62756538391113,"diskIO":[{"name":"disk0","ioTime":1284404,"weightedIO":0}],"cpu":[{"cpu":"cpu0","user":3774.4296875,"system":2161.265625,"idle":14681.953125,"nice":0,"iowait":0,"irq":0,"softirq":0,"steal":0,"guest":0,"guestNice":0,"stolen":0},{"cpu":"cpu1","user":2317.8046875,"system":944.7265625,"idle":17354.3046875,"nice":0,"iowait":0,"irq":0,"softirq":0,"steal":0,"guest":0,"guestNice":0,"stolen":0},{"cpu":"cpu2","user":3664.7890625,"system":1899.0859375,"idle":15052.953125,"nice":0,"iowait":0,"irq":0,"softirq":0,"steal":0,"guest":0,"guestNice":0,"stolen":0},{"cpu":"cpu3","user":2351.8828125,"system":957.3359375,"idle":17307.609375,"nice":0,"iowait":0,"irq":0,"softirq":0,"steal":0,"guest":0,"guestNice":0,"stolen":0}],"time":"2018-02-19 12:05:52.796694 +0900 JST m=+1462.032864330","errorInfo":null}
[Info]2018/02/19 12:05:53 acsessd /api/status.json
[Info]2018/02/19 12:05:53 {"hostname":"ksc-1x-dhcp-172-29-194-195.kwansei.ac.jp","hostid":"18d901f1-4a03-3ff1-ae34-c26b2732f13c","virtualizationSystem":"","total":8589934592,"available":2092367872,"usedPercent":75.64163208007812,"diskIO":[{"name":"disk0","ioTime":1284404,"weightedIO":0}],"cpu":[{"cpu":"cpu0","user":3774.6328125,"system":2161.3046875,"idle":14682.1015625,"nice":0,"iowait":0,"irq":0,"softirq":0,"steal":0,"guest":0,"guestNice":0,"stolen":0},{"cpu":"cpu1","user":2317.8828125,"system":944.7421875,"idle":17354.6015625,"nice":0,"iowait":0,"irq":0,"softirq":0,"steal":0,"guest":0,"guestNice":0,"stolen":0},{"cpu":"cpu2","user":3664.96875,"system":1899.109375,"idle":15053.1484375,"nice":0,"iowait":0,"irq":0,"softirq":0,"steal":0,"guest":0,"guestNice":0,"stolen":0},{"cpu":"cpu3","user":2351.9609375,"system":957.359375,"idle":17307.90625,"nice":0,"iowait":0,"irq":0,"softirq":0,"steal":0,"guest":0,"guestNice":0,"stolen":0}],"time":"2018-02-19 12:05:53.296545 +0900 JST m=+1462.532713738","errorInfo":null}
[Info]2018/02/19 12:05:53 acsessd /api/status.json
[Info]2018/02/19 12:05:53 {"hostname":"ksc-1x-dhcp-172-29-194-195.kwansei.ac.jp","hostid":"18d901f1-4a03-3ff1-ae34-c26b2732f13c","virtualizationSystem":"","total":8589934592,"available":2091966464,"usedPercent":75.64630508422852,"diskIO":[{"name":"disk0","ioTime":1284404,"weightedIO":0}],"cpu":[{"cpu":"cpu0","user":3774.84375,"system":2161.328125,"idle":14682.265625,"nice":0,"iowait":0,"irq":0,"softirq":0,"steal":0,"guest":0,"guestNice":0,"stolen":0},{"cpu":"cpu1","user":2317.9453125,"system":944.7578125,"idle":17354.921875,"nice":0,"iowait":0,"irq":0,"softirq":0,"steal":0,"guest":0,"guestNice":0,"stolen":0},{"cpu":"cpu2","user":3665.171875,"system":1899.1484375,"idle":15053.3046875,"nice":0,"iowait":0,"irq":0,"softirq":0,"steal":0,"guest":0,"guestNice":0,"stolen":0},{"cpu":"cpu3","user":2352.0234375,"system":957.375,"idle":17308.21875,"nice":0,"iowait":0,"irq":0,"softirq":0,"steal":0,"guest":0,"guestNice":0,"stolen":0}],"time":"2018-02-19 12:05:53.805785 +0900 JST m=+1463.041952909","errorInfo":null}
[Info]2018/02/19 12:05:54 acsessd /api/status.json
[Info]2018/02/19 12:05:54 {"hostname":"ksc-1x-dhcp-172-29-194-195.kwansei.ac.jp","hostid":"18d901f1-4a03-3ff1-ae34-c26b2732f13c","virtualizationSystem":"","total":8589934592,"available":2091356160,"usedPercent":75.65340995788574,"diskIO":[{"name":"disk0","ioTime":1284418,"weightedIO":0}],"cpu":[{"cpu":"cpu0","user":3775.03125,"system":2161.390625,"idle":14682.421875,"nice":0,"iowait":0,"irq":0,"softirq":0,"steal":0,"guest":0,"guestNice":0,"stolen":0},{"cpu":"cpu1","user":2318.015625,"system":944.7890625,"idle":17355.2265625,"nice":0,"iowait":0,"irq":0,"softirq":0,"steal":0,"guest":0,"guestNice":0,"stolen":0},{"cpu":"cpu2","user":3665.28125,"system":1899.203125,"idle":15053.546875,"nice":0,"iowait":0,"irq":0,"softirq":0,"steal":0,"guest":0,"guestNice":0,"stolen":0},{"cpu":"cpu3","user":2352.09375,"system":957.4140625,"idle":17308.5234375,"nice":0,"iowait":0,"irq":0,"softirq":0,"steal":0,"guest":0,"guestNice":0,"stolen":0}],"time":"2018-02-19 12:05:54.329226 +0900 JST m=+1463.565392789","errorInfo":null}
[Info]2018/02/19 12:05:54 acsessd /api/status.json
[Info]2018/02/19 12:05:54 {"hostname":"ksc-1x-dhcp-172-29-194-195.kwansei.ac.jp","hostid":"18d901f1-4a03-3ff1-ae34-c26b2732f13c","virtualizationSystem":"","total":8589934592,"available":2091343872,"usedPercent":75.6535530090332,"diskIO":[{"name":"disk0","ioTime":1284419,"weightedIO":0}],"cpu":[{"cpu":"cpu0","user":3775.2109375,"system":2161.4453125,"idle":14682.5546875,"nice":0,"iowait":0,"irq":0,"softirq":0,"steal":0,"guest":0,"guestNice":0,"stolen":0},{"cpu":"cpu1","user":2318.0859375,"system":944.8125,"idle":17355.4921875,"nice":0,"iowait":0,"irq":0,"softirq":0,"steal":0,"guest":0,"guestNice":0,"stolen":0},{"cpu":"cpu2","user":3665.4921875,"system":1899.234375,"idle":15053.671875,"nice":0,"iowait":0,"irq":0,"softirq":0,"steal":0,"guest":0,"guestNice":0,"stolen":0},{"cpu":"cpu3","user":2352.1640625,"system":957.4296875,"idle":17308.796875,"nice":0,"iowait":0,"irq":0,"softirq":0,"steal":0,"guest":0,"guestNice":0,"stolen":0}],"time":"2018-02-19 12:05:54.794978 +0900 JST m=+1464.031144259","errorInfo":null}
[Info]2018/02/19 12:05:55 acsessd /api/status.json
[Info]2018/02/19 12:05:55 {"hostname":"ksc-1x-dhcp-172-29-194-195.kwansei.ac.jp","hostid":"18d901f1-4a03-3ff1-ae34-c26b2732f13c","virtualizationSystem":"","total":8589934592,"available":2090991616,"usedPercent":75.65765380859375,"diskIO":[{"name":"disk0","ioTime":1284419,"weightedIO":0}],"cpu":[{"cpu":"cpu0","user":3775.4296875,"system":2161.484375,"idle":14682.6953125,"nice":0,"iowait":0,"irq":0,"softirq":0,"steal":0,"guest":0,"guestNice":0,"stolen":0},{"cpu":"cpu1","user":2318.1640625,"system":944.828125,"idle":17355.796875,"nice":0,"iowait":0,"irq":0,"softirq":0,"steal":0,"guest":0,"guestNice":0,"stolen":0},{"cpu":"cpu2","user":3665.6875,"system":1899.2734375,"idle":15053.828125,"nice":0,"iowait":0,"irq":0,"softirq":0,"steal":0,"guest":0,"guestNice":0,"stolen":0},{"cpu":"cpu3","user":2352.2109375,"system":957.4453125,"idle":17309.125,"nice":0,"iowait":0,"irq":0,"softirq":0,"steal":0,"guest":0,"guestNice":0,"stolen":0}],"time":"2018-02-19 12:05:55.298758 +0900 JST m=+1464.534923440","errorInfo":null}
[Info]2018/02/19 12:05:55 acsessd /api/status.json
[Info]2018/02/19 12:05:55 {"hostname":"ksc-1x-dhcp-172-29-194-195.kwansei.ac.jp","hostid":"18d901f1-4a03-3ff1-ae34-c26b2732f13c","virtualizationSystem":"","total":8589934592,"available":2090463232,"usedPercent":75.66380500793457,"diskIO":[{"name":"disk0","ioTime":1284419,"weightedIO":0}],"cpu":[{"cpu":"cpu0","user":3775.6484375,"system":2161.5078125,"idle":14682.84375,"nice":0,"iowait":0,"irq":0,"softirq":0,"steal":0,"guest":0,"guestNice":0,"stolen":0},{"cpu":"cpu1","user":2318.2421875,"system":944.8515625,"idle":17356.09375,"nice":0,"iowait":0,"irq":0,"softirq":0,"steal":0,"guest":0,"guestNice":0,"stolen":0},{"cpu":"cpu2","user":3665.875,"system":1899.3046875,"idle":15054.0078125,"nice":0,"iowait":0,"irq":0,"softirq":0,"steal":0,"guest":0,"guestNice":0,"stolen":0},{"cpu":"cpu3","user":2352.2890625,"system":957.4609375,"idle":17309.4296875,"nice":0,"iowait":0,"irq":0,"softirq":0,"steal":0,"guest":0,"guestNice":0,"stolen":0}],"time":"2018-02-19 12:05:55.805985 +0900 JST m=+1465.042148548","errorInfo":null}
[Info]2018/02/19 12:05:56 acsessd /api/status.json
[Info]2018/02/19 12:05:56 {"hostname":"ksc-1x-dhcp-172-29-194-195.kwansei.ac.jp","hostid":"18d901f1-4a03-3ff1-ae34-c26b2732f13c","virtualizationSystem":"","total":8589934592,"available":2089955328,"usedPercent":75.66971778869629,"diskIO":[{"name":"disk0","ioTime":1284435,"weightedIO":0}],"cpu":[{"cpu":"cpu0","user":3775.78125,"system":2161.5390625,"idle":14683.0625,"nice":0,"iowait":0,"irq":0,"softirq":0,"steal":0,"guest":0,"guestNice":0,"stolen":0},{"cpu":"cpu1","user":2318.28125,"system":944.859375,"idle":17356.4296875,"nice":0,"iowait":0,"irq":0,"softirq":0,"steal":0,"guest":0,"guestNice":0,"stolen":0},{"cpu":"cpu2","user":3666.015625,"system":1899.328125,"idle":15054.2265625,"nice":0,"iowait":0,"irq":0,"softirq":0,"steal":0,"guest":0,"guestNice":0,"stolen":0},{"cpu":"cpu3","user":2352.3203125,"system":957.46875,"idle":17309.78125,"nice":0,"iowait":0,"irq":0,"softirq":0,"steal":0,"guest":0,"guestNice":0,"stolen":0}],"time":"2018-02-19 12:05:56.298191 +0900 JST m=+1465.534354165","errorInfo":null}
[Info]2018/02/19 12:05:56 acsessd /api/status.json
[Info]2018/02/19 12:05:56 {"hostname":"ksc-1x-dhcp-172-29-194-195.kwansei.ac.jp","hostid":"18d901f1-4a03-3ff1-ae34-c26b2732f13c","virtualizationSystem":"","total":8589934592,"available":2089484288,"usedPercent":75.67520141601562,"diskIO":[{"name":"disk0","ioTime":1284435,"weightedIO":0}],"cpu":[{"cpu":"cpu0","user":3775.96875,"system":2161.578125,"idle":14683.234375,"nice":0,"iowait":0,"irq":0,"softirq":0,"steal":0,"guest":0,"guestNice":0,"stolen":0},{"cpu":"cpu1","user":2318.34375,"system":944.875,"idle":17356.7421875,"nice":0,"iowait":0,"irq":0,"softirq":0,"steal":0,"guest":0,"guestNice":0,"stolen":0},{"cpu":"cpu2","user":3666.1953125,"system":1899.359375,"idle":15054.4140625,"nice":0,"iowait":0,"irq":0,"softirq":0,"steal":0,"guest":0,"guestNice":0,"stolen":0},{"cpu":"cpu3","user":2352.3984375,"system":957.484375,"idle":17310.078125,"nice":0,"iowait":0,"irq":0,"softirq":0,"steal":0,"guest":0,"guestNice":0,"stolen":0}],"time":"2018-02-19 12:05:56.801822 +0900 JST m=+1466.037984267","errorInfo":null}
[Info]2018/02/19 12:05:57 acsessd /api/status.json
[Info]2018/02/19 12:05:57 {"hostname":"ksc-1x-dhcp-172-29-194-195.kwansei.ac.jp","hostid":"18d901f1-4a03-3ff1-ae34-c26b2732f13c","virtualizationSystem":"","total":8589934592,"available":2090577920,"usedPercent":75.6624698638916,"diskIO":[{"name":"disk0","ioTime":1284442,"weightedIO":0}],"cpu":[{"cpu":"cpu0","user":3776.2265625,"system":2161.6015625,"idle":14683.3359375,"nice":0,"iowait":0,"irq":0,"softirq":0,"steal":0,"guest":0,"guestNice":0,"stolen":0},{"cpu":"cpu1","user":2318.4140625,"system":944.890625,"idle":17357.046875,"nice":0,"iowait":0,"irq":0,"softirq":0,"steal":0,"guest":0,"guestNice":0,"stolen":0},{"cpu":"cpu2","user":3666.4609375,"system":1899.3828125,"idle":15054.515625,"nice":0,"iowait":0,"irq":0,"softirq":0,"steal":0,"guest":0,"guestNice":0,"stolen":0},{"cpu":"cpu3","user":2352.4609375,"system":957.5078125,"idle":17310.3828125,"nice":0,"iowait":0,"irq":0,"softirq":0,"steal":0,"guest":0,"guestNice":0,"stolen":0}],"time":"2018-02-19 12:05:57.302628 +0900 JST m=+1466.538789402","errorInfo":null}
[Info]2018/02/19 12:05:57 acsessd /api/status.json
[Info]2018/02/19 12:05:57 {"hostname":"ksc-1x-dhcp-172-29-194-195.kwansei.ac.jp","hostid":"18d901f1-4a03-3ff1-ae34-c26b2732f13c","virtualizationSystem":"","total":8589934592,"available":2089287680,"usedPercent":75.677490234375,"diskIO":[{"name":"disk0","ioTime":1284450,"weightedIO":0}],"cpu":[{"cpu":"cpu0","user":3776.40625,"system":2161.6328125,"idle":14683.5234375,"nice":0,"iowait":0,"irq":0,"softirq":0,"steal":0,"guest":0,"guestNice":0,"stolen":0},{"cpu":"cpu1","user":2318.5,"system":944.9140625,"idle":17357.3359375,"nice":0,"iowait":0,"irq":0,"softirq":0,"steal":0,"guest":0,"guestNice":0,"stolen":0},{"cpu":"cpu2","user":3666.71875,"system":1899.421875,"idle":15054.609375,"nice":0,"iowait":0,"irq":0,"softirq":0,"steal":0,"guest":0,"guestNice":0,"stolen":0},{"cpu":"cpu3","user":2352.5234375,"system":957.5234375,"idle":17310.6953125,"nice":0,"iowait":0,"irq":0,"softirq":0,"steal":0,"guest":0,"guestNice":0,"stolen":0}],"time":"2018-02-19 12:05:57.809005 +0900 JST m=+1467.045164970","errorInfo":null}
[Info]2018/02/19 12:05:58 acsessd /api/status.json
[Info]2018/02/19 12:05:58 {"hostname":"ksc-1x-dhcp-172-29-194-195.kwansei.ac.jp","hostid":"18d901f1-4a03-3ff1-ae34-c26b2732f13c","virtualizationSystem":"","total":8589934592,"available":2090151936,"usedPercent":75.66742897033691,"diskIO":[{"name":"disk0","ioTime":1284450,"weightedIO":0}],"cpu":[{"cpu":"cpu0","user":3776.53125,"system":2161.65625,"idle":14683.7578125,"nice":0,"iowait":0,"irq":0,"softirq":0,"steal":0,"guest":0,"guestNice":0,"stolen":0},{"cpu":"cpu1","user":2318.5390625,"system":944.921875,"idle":17357.6796875,"nice":0,"iowait":0,"irq":0,"softirq":0,"steal":0,"guest":0,"guestNice":0,"stolen":0},{"cpu":"cpu2","user":3666.9375,"system":1899.453125,"idle":15054.75,"nice":0,"iowait":0,"irq":0,"softirq":0,"steal":0,"guest":0,"guestNice":0,"stolen":0},{"cpu":"cpu3","user":2352.546875,"system":957.5390625,"idle":17311.0546875,"nice":0,"iowait":0,"irq":0,"softirq":0,"steal":0,"guest":0,"guestNice":0,"stolen":0}],"time":"2018-02-19 12:05:58.30609 +0900 JST m=+1467.542249146","errorInfo":null}
[Info]2018/02/19 12:05:58 acsessd /api/status.json
[Info]2018/02/19 12:05:58 {"hostname":"ksc-1x-dhcp-172-29-194-195.kwansei.ac.jp","hostid":"18d901f1-4a03-3ff1-ae34-c26b2732f13c","virtualizationSystem":"","total":8589934592,"available":2089046016,"usedPercent":75.6803035736084,"diskIO":[{"name":"disk0","ioTime":1284450,"weightedIO":0}],"cpu":[{"cpu":"cpu0","user":3776.7421875,"system":2161.6875,"idle":14683.9140625,"nice":0,"iowait":0,"irq":0,"softirq":0,"steal":0,"guest":0,"guestNice":0,"stolen":0},{"cpu":"cpu1","user":2318.6015625,"system":944.9375,"idle":17357.9921875,"nice":0,"iowait":0,"irq":0,"softirq":0,"steal":0,"guest":0,"guestNice":0,"stolen":0},{"cpu":"cpu2","user":3667.1171875,"system":1899.4921875,"idle":15054.9296875,"nice":0,"iowait":0,"irq":0,"softirq":0,"steal":0,"guest":0,"guestNice":0,"stolen":0},{"cpu":"cpu3","user":2352.625,"system":957.5546875,"idle":17311.359375,"nice":0,"iowait":0,"irq":0,"softirq":0,"steal":0,"guest":0,"guestNice":0,"stolen":0}],"time":"2018-02-19 12:05:58.81331 +0900 JST m=+1468.049468346","errorInfo":null}
[Info]2018/02/19 12:05:59 acsessd /api/status.json
[Info]2018/02/19 12:05:59 {"hostname":"ksc-1x-dhcp-172-29-194-195.kwansei.ac.jp","hostid":"18d901f1-4a03-3ff1-ae34-c26b2732f13c","virtualizationSystem":"","total":8589934592,"available":2089619456,"usedPercent":75.67362785339355,"diskIO":[{"name":"disk0","ioTime":1284450,"weightedIO":0}],"cpu":[{"cpu":"cpu0","user":3776.9375,"system":2161.7109375,"idle":14684.0859375,"nice":0,"iowait":0,"irq":0,"softirq":0,"steal":0,"guest":0,"guestNice":0,"stolen":0},{"cpu":"cpu1","user":2318.6640625,"system":944.953125,"idle":17358.3125,"nice":0,"iowait":0,"irq":0,"softirq":0,"steal":0,"guest":0,"guestNice":0,"stolen":0},{"cpu":"cpu2","user":3667.3125,"system":1899.53125,"idle":15055.0859375,"nice":0,"iowait":0,"irq":0,"softirq":0,"steal":0,"guest":0,"guestNice":0,"stolen":0},{"cpu":"cpu3","user":2352.6953125,"system":957.5703125,"idle":17311.65625,"nice":0,"iowait":0,"irq":0,"softirq":0,"steal":0,"guest":0,"guestNice":0,"stolen":0}],"time":"2018-02-19 12:05:59.31199 +0900 JST m=+1468.548147035","errorInfo":null}
[Info]2018/02/19 12:05:59 acsessd /api/status.json
[Info]2018/02/19 12:05:59 {"hostname":"ksc-1x-dhcp-172-29-194-195.kwansei.ac.jp","hostid":"18d901f1-4a03-3ff1-ae34-c26b2732f13c","virtualizationSystem":"","total":8589934592,"available":2088009728,"usedPercent":75.69236755371094,"diskIO":[{"name":"disk0","ioTime":1284450,"weightedIO":0}],"cpu":[{"cpu":"cpu0","user":3777.109375,"system":2161.7421875,"idle":14684.28125,"nice":0,"iowait":0,"irq":0,"softirq":0,"steal":0,"guest":0,"guestNice":0,"stolen":0},{"cpu":"cpu1","user":2318.7265625,"system":944.96875,"idle":17358.6171875,"nice":0,"iowait":0,"irq":0,"softirq":0,"steal":0,"guest":0,"guestNice":0,"stolen":0},{"cpu":"cpu2","user":3667.5703125,"system":1899.5625,"idle":15055.1875,"nice":0,"iowait":0,"irq":0,"softirq":0,"steal":0,"guest":0,"guestNice":0,"stolen":0},{"cpu":"cpu3","user":2352.7578125,"system":957.578125,"idle":17311.9765625,"nice":0,"iowait":0,"irq":0,"softirq":0,"steal":0,"guest":0,"guestNice":0,"stolen":0}],"time":"2018-02-19 12:05:59.816337 +0900 JST m=+1469.052493867","errorInfo":null}
[Info]2018/02/19 12:06:00 acsessd /api/status.json
[Info]2018/02/19 12:06:00 {"hostname":"ksc-1x-dhcp-172-29-194-195.kwansei.ac.jp","hostid":"18d901f1-4a03-3ff1-ae34-c26b2732f13c","virtualizationSystem":"","total":8589934592,"available":2088505344,"usedPercent":75.68659782409668,"diskIO":[{"name":"disk0","ioTime":1284450,"weightedIO":0}],"cpu":[{"cpu":"cpu0","user":3777.2578125,"system":2161.7890625,"idle":14684.4765625,"nice":0,"iowait":0,"irq":0,"softirq":0,"steal":0,"guest":0,"guestNice":0,"stolen":0},{"cpu":"cpu1","user":2318.765625,"system":944.984375,"idle":17358.953125,"nice":0,"iowait":0,"irq":0,"softirq":0,"steal":0,"guest":0,"guestNice":0,"stolen":0},{"cpu":"cpu2","user":3667.7734375,"system":1899.5859375,"idle":15055.3515625,"nice":0,"iowait":0,"irq":0,"softirq":0,"steal":0,"guest":0,"guestNice":0,"stolen":0},{"cpu":"cpu3","user":2352.7890625,"system":957.59375,"idle":17312.3203125,"nice":0,"iowait":0,"irq":0,"softirq":0,"steal":0,"guest":0,"guestNice":0,"stolen":0}],"time":"2018-02-19 12:06:00.312719 +0900 JST m=+1469.548874216","errorInfo":null}
[Info]2018/02/19 12:06:00 acsessd /api/status.json
[Info]2018/02/19 12:06:00 {"hostname":"ksc-1x-dhcp-172-29-194-195.kwansei.ac.jp","hostid":"18d901f1-4a03-3ff1-ae34-c26b2732f13c","virtualizationSystem":"","total":8589934592,"available":2087555072,"usedPercent":75.69766044616699,"diskIO":[{"name":"disk0","ioTime":1284450,"weightedIO":0}],"cpu":[{"cpu":"cpu0","user":3777.3984375,"system":2161.8203125,"idle":14684.6953125,"nice":0,"iowait":0,"irq":0,"softirq":0,"steal":0,"guest":0,"guestNice":0,"stolen":0},{"cpu":"cpu1","user":2318.8203125,"system":945,"idle":17359.2734375,"nice":0,"iowait":0,"irq":0,"softirq":0,"steal":0,"guest":0,"guestNice":0,"stolen":0},{"cpu":"cpu2","user":3667.921875,"system":1899.6171875,"idle":15055.5625,"nice":0,"iowait":0,"irq":0,"softirq":0,"steal":0,"guest":0,"guestNice":0,"stolen":0},{"cpu":"cpu3","user":2352.8515625,"system":957.609375,"idle":17312.6484375,"nice":0,"iowait":0,"irq":0,"softirq":0,"steal":0,"guest":0,"guestNice":0,"stolen":0}],"time":"2018-02-19 12:06:00.820303 +0900 JST m=+1470.056457524","errorInfo":null}
[Info]2018/02/19 12:06:01 acsessd /api/status.json
[Info]2018/02/19 12:06:01 {"hostname":"ksc-1x-dhcp-172-29-194-195.kwansei.ac.jp","hostid":"18d901f1-4a03-3ff1-ae34-c26b2732f13c","virtualizationSystem":"","total":8589934592,"available":2087100416,"usedPercent":75.70295333862305,"diskIO":[{"name":"disk0","ioTime":1284457,"weightedIO":0}],"cpu":[{"cpu":"cpu0","user":3777.5546875,"system":2161.8515625,"idle":14684.90625,"nice":0,"iowait":0,"irq":0,"softirq":0,"steal":0,"guest":0,"guestNice":0,"stolen":0},{"cpu":"cpu1","user":2318.859375,"system":945.0078125,"idle":17359.6328125,"nice":0,"iowait":0,"irq":0,"softirq":0,"steal":0,"guest":0,"guestNice":0,"stolen":0},{"cpu":"cpu2","user":3668.0703125,"system":1899.6484375,"idle":15055.7734375,"nice":0,"iowait":0,"irq":0,"softirq":0,"steal":0,"guest":0,"guestNice":0,"stolen":0},{"cpu":"cpu3","user":2352.890625,"system":957.6171875,"idle":17312.984375,"nice":0,"iowait":0,"irq":0,"softirq":0,"steal":0,"guest":0,"guestNice":0,"stolen":0}],"time":"2018-02-19 12:06:01.32279 +0900 JST m=+1470.558943709","errorInfo":null}
[Info]2018/02/19 12:06:01 acsessd /api/status.json
[Info]2018/02/19 12:06:01 {"hostname":"ksc-1x-dhcp-172-29-194-195.kwansei.ac.jp","hostid":"18d901f1-4a03-3ff1-ae34-c26b2732f13c","virtualizationSystem":"","total":8589934592,"available":2086113280,"usedPercent":75.71444511413574,"diskIO":[{"name":"disk0","ioTime":1284457,"weightedIO":0}],"cpu":[{"cpu":"cpu0","user":3777.7265625,"system":2161.8828125,"idle":14685.0859375,"nice":0,"iowait":0,"irq":0,"softirq":0,"steal":0,"guest":0,"guestNice":0,"stolen":0},{"cpu":"cpu1","user":2318.921875,"system":945.0234375,"idle":17359.9453125,"nice":0,"iowait":0,"irq":0,"softirq":0,"steal":0,"guest":0,"guestNice":0,"stolen":0},{"cpu":"cpu2","user":3668.25,"system":1899.6875,"idle":15055.953125,"nice":0,"iowait":0,"irq":0,"softirq":0,"steal":0,"guest":0,"guestNice":0,"stolen":0},{"cpu":"cpu3","user":2352.953125,"system":957.6328125,"idle":17313.296875,"nice":0,"iowait":0,"irq":0,"softirq":0,"steal":0,"guest":0,"guestNice":0,"stolen":0}],"time":"2018-02-19 12:06:01.825107 +0900 JST m=+1471.061259857","errorInfo":null}
[Info]2018/02/19 12:06:02 acsessd /api/status.json
[Info]2018/02/19 12:06:02 {"hostname":"ksc-1x-dhcp-172-29-194-195.kwansei.ac.jp","hostid":"18d901f1-4a03-3ff1-ae34-c26b2732f13c","virtualizationSystem":"","total":8589934592,"available":2085064704,"usedPercent":75.72665214538574,"diskIO":[{"name":"disk0","ioTime":1284457,"weightedIO":0}],"cpu":[{"cpu":"cpu0","user":3777.921875,"system":2161.9140625,"idle":14685.2578125,"nice":0,"iowait":0,"irq":0,"softirq":0,"steal":0,"guest":0,"guestNice":0,"stolen":0},{"cpu":"cpu1","user":2318.9375,"system":945.03125,"idle":17360.3125,"nice":0,"iowait":0,"irq":0,"softirq":0,"steal":0,"guest":0,"guestNice":0,"stolen":0},{"cpu":"cpu2","user":3668.3203125,"system":1899.7109375,"idle":15056.25,"nice":0,"iowait":0,"irq":0,"softirq":0,"steal":0,"guest":0,"guestNice":0,"stolen":0},{"cpu":"cpu3","user":2352.9921875,"system":957.640625,"idle":17313.640625,"nice":0,"iowait":0,"irq":0,"softirq":0,"steal":0,"guest":0,"guestNice":0,"stolen":0}],"time":"2018-02-19 12:06:02.327064 +0900 JST m=+1471.563215619","errorInfo":null}
[Info]2018/02/19 12:06:02 acsessd /api/status.json
[Info]2018/02/19 12:06:02 {"hostname":"ksc-1x-dhcp-172-29-194-195.kwansei.ac.jp","hostid":"18d901f1-4a03-3ff1-ae34-c26b2732f13c","virtualizationSystem":"","total":8589934592,"available":2084618240,"usedPercent":75.73184967041016,"diskIO":[{"name":"disk0","ioTime":1284457,"weightedIO":0}],"cpu":[{"cpu":"cpu0","user":3778.109375,"system":2161.9453125,"idle":14685.4296875,"nice":0,"iowait":0,"irq":0,"softirq":0,"steal":0,"guest":0,"guestNice":0,"stolen":0},{"cpu":"cpu1","user":2319.0078125,"system":945.046875,"idle":17360.6171875,"nice":0,"iowait":0,"irq":0,"softirq":0,"steal":0,"guest":0,"guestNice":0,"stolen":0},{"cpu":"cpu2","user":3668.5078125,"system":1899.75,"idle":15056.421875,"nice":0,"iowait":0,"irq":0,"softirq":0,"steal":0,"guest":0,"guestNice":0,"stolen":0},{"cpu":"cpu3","user":2353.0625,"system":957.65625,"idle":17313.953125,"nice":0,"iowait":0,"irq":0,"softirq":0,"steal":0,"guest":0,"guestNice":0,"stolen":0}],"time":"2018-02-19 12:06:02.827735 +0900 JST m=+1472.063885981","errorInfo":null}
[Info]2018/02/19 12:06:03 acsessd /api/status.json
[Info]2018/02/19 12:06:03 {"hostname":"ksc-1x-dhcp-172-29-194-195.kwansei.ac.jp","hostid":"18d901f1-4a03-3ff1-ae34-c26b2732f13c","virtualizationSystem":"","total":8589934592,"available":2083069952,"usedPercent":75.74987411499023,"diskIO":[{"name":"disk0","ioTime":1284482,"weightedIO":0}],"cpu":[{"cpu":"cpu0","user":3778.296875,"system":2161.984375,"idle":14685.6328125,"nice":0,"iowait":0,"irq":0,"softirq":0,"steal":0,"guest":0,"guestNice":0,"stolen":0},{"cpu":"cpu1","user":2319.046875,"system":945.0703125,"idle":17360.9765625,"nice":0,"iowait":0,"irq":0,"softirq":0,"steal":0,"guest":0,"guestNice":0,"stolen":0},{"cpu":"cpu2","user":3668.6953125,"system":1899.78125,"idle":15056.625,"nice":0,"iowait":0,"irq":0,"softirq":0,"steal":0,"guest":0,"guestNice":0,"stolen":0},{"cpu":"cpu3","user":2353.1171875,"system":957.6796875,"idle":17314.296875,"nice":0,"iowait":0,"irq":0,"softirq":0,"steal":0,"guest":0,"guestNice":0,"stolen":0}],"time":"2018-02-19 12:06:03.371549 +0900 JST m=+1472.607698328","errorInfo":null}
[Info]2018/02/19 12:06:03 acsessd /api/status.json
[Info]2018/02/19 12:06:03 {"hostname":"ksc-1x-dhcp-172-29-194-195.kwansei.ac.jp","hostid":"18d901f1-4a03-3ff1-ae34-c26b2732f13c","virtualizationSystem":"","total":8589934592,"available":2082824192,"usedPercent":75.75273513793945,"diskIO":[{"name":"disk0","ioTime":1284487,"weightedIO":0}],"cpu":[{"cpu":"cpu0","user":3778.4921875,"system":2162.015625,"idle":14685.765625,"nice":0,"iowait":0,"irq":0,"softirq":0,"steal":0,"guest":0,"guestNice":0,"stolen":0},{"cpu":"cpu1","user":2319.125,"system":945.0859375,"idle":17361.25,"nice":0,"iowait":0,"irq":0,"softirq":0,"steal":0,"guest":0,"guestNice":0,"stolen":0},{"cpu":"cpu2","user":3668.890625,"system":1899.8203125,"idle":15056.7578125,"nice":0,"iowait":0,"irq":0,"softirq":0,"steal":0,"guest":0,"guestNice":0,"stolen":0},{"cpu":"cpu3","user":2353.1796875,"system":957.6953125,"idle":17314.5859375,"nice":0,"iowait":0,"irq":0,"softirq":0,"steal":0,"guest":0,"guestNice":0,"stolen":0}],"time":"2018-02-19 12:06:03.838953 +0900 JST m=+1473.075102000","errorInfo":null}
[Info]2018/02/19 12:06:04 acsessd /api/status.json
[Info]2018/02/19 12:06:04 {"hostname":"ksc-1x-dhcp-172-29-194-195.kwansei.ac.jp","hostid":"18d901f1-4a03-3ff1-ae34-c26b2732f13c","virtualizationSystem":"","total":8589934592,"available":2075656192,"usedPercent":75.836181640625,"diskIO":[{"name":"disk0","ioTime":1284487,"weightedIO":0}],"cpu":[{"cpu":"cpu0","user":3778.6875,"system":2162.0390625,"idle":14685.9375,"nice":0,"iowait":0,"irq":0,"softirq":0,"steal":0,"guest":0,"guestNice":0,"stolen":0},{"cpu":"cpu1","user":2319.1953125,"system":945.09375,"idle":17361.5546875,"nice":0,"iowait":0,"irq":0,"softirq":0,"steal":0,"guest":0,"guestNice":0,"stolen":0},{"cpu":"cpu2","user":3669.1015625,"system":1899.8515625,"idle":15056.8984375,"nice":0,"iowait":0,"irq":0,"softirq":0,"steal":0,"guest":0,"guestNice":0,"stolen":0},{"cpu":"cpu3","user":2353.234375,"system":957.71875,"idle":17314.8984375,"nice":0,"iowait":0,"irq":0,"softirq":0,"steal":0,"guest":0,"guestNice":0,"stolen":0}],"time":"2018-02-19 12:06:04.338903 +0900 JST m=+1473.575050450","errorInfo":null}
[Info]2018/02/19 12:06:04 acsessd /api/status.json
[Info]2018/02/19 12:06:04 {"hostname":"ksc-1x-dhcp-172-29-194-195.kwansei.ac.jp","hostid":"18d901f1-4a03-3ff1-ae34-c26b2732f13c","virtualizationSystem":"","total":8589934592,"available":2081828864,"usedPercent":75.76432228088379,"diskIO":[{"name":"disk0","ioTime":1284503,"weightedIO":0}],"cpu":[{"cpu":"cpu0","user":3778.875,"system":2162.09375,"idle":14686.09375,"nice":0,"iowait":0,"irq":0,"softirq":0,"steal":0,"guest":0,"guestNice":0,"stolen":0},{"cpu":"cpu1","user":2319.2578125,"system":945.1171875,"idle":17361.8671875,"nice":0,"iowait":0,"irq":0,"softirq":0,"steal":0,"guest":0,"guestNice":0,"stolen":0},{"cpu":"cpu2","user":3669.3515625,"system":1899.90625,"idle":15056.9921875,"nice":0,"iowait":0,"irq":0,"softirq":0,"steal":0,"guest":0,"guestNice":0,"stolen":0},{"cpu":"cpu3","user":2353.3046875,"system":957.7421875,"idle":17315.203125,"nice":0,"iowait":0,"irq":0,"softirq":0,"steal":0,"guest":0,"guestNice":0,"stolen":0}],"time":"2018-02-19 12:06:04.843023 +0900 JST m=+1474.079169334","errorInfo":null}
[Info]2018/02/19 12:06:05 acsessd /api/status.json
[Info]2018/02/19 12:06:05 {"hostname":"ksc-1x-dhcp-172-29-194-195.kwansei.ac.jp","hostid":"18d901f1-4a03-3ff1-ae34-c26b2732f13c","virtualizationSystem":"","total":8589934592,"available":2092507136,"usedPercent":75.64001083374023,"diskIO":[{"name":"disk0","ioTime":1284503,"weightedIO":0}],"cpu":[{"cpu":"cpu0","user":3779.0859375,"system":2162.1484375,"idle":14686.234375,"nice":0,"iowait":0,"irq":0,"softirq":0,"steal":0,"guest":0,"guestNice":0,"stolen":0},{"cpu":"cpu1","user":2319.375,"system":945.1640625,"idle":17362.1171875,"nice":0,"iowait":0,"irq":0,"softirq":0,"steal":0,"guest":0,"guestNice":0,"stolen":0},{"cpu":"cpu2","user":3669.546875,"system":1899.953125,"idle":15057.15625,"nice":0,"iowait":0,"irq":0,"softirq":0,"steal":0,"guest":0,"guestNice":0,"stolen":0},{"cpu":"cpu3","user":2353.40625,"system":957.78125,"idle":17315.4609375,"nice":0,"iowait":0,"irq":0,"softirq":0,"steal":0,"guest":0,"guestNice":0,"stolen":0}],"time":"2018-02-19 12:06:05.368676 +0900 JST m=+1474.604821861","errorInfo":null}
[Info]2018/02/19 12:13:29 acsessd /api/status.json
[Info]2018/02/19 12:13:29 {"hostname":"ksc-1x-dhcp-172-29-194-195.kwansei.ac.jp","hostid":"18d901f1-4a03-3ff1-ae34-c26b2732f13c","virtualizationSystem":"","total":8589934592,"available":2417184768,"usedPercent":71.86026573181152,"diskIO":[{"name":"disk0","ioTime":1294456,"weightedIO":0}],"cpu":[{"cpu":"cpu0","user":3830.8671875,"system":2191.4140625,"idle":14952.25,"nice":0,"iowait":0,"irq":0,"softirq":0,"steal":0,"guest":0,"guestNice":0,"stolen":0},{"cpu":"cpu1","user":2336.6875,"system":955.7109375,"idle":17681.3203125,"nice":0,"iowait":0,"irq":0,"softirq":0,"steal":0,"guest":0,"guestNice":0,"stolen":0},{"cpu":"cpu2","user":3716.3203125,"system":1925.1328125,"idle":15332.265625,"nice":0,"iowait":0,"irq":0,"softirq":0,"steal":0,"guest":0,"guestNice":0,"stolen":0},{"cpu":"cpu3","user":2371.078125,"system":968.421875,"idle":17634.21875,"nice":0,"iowait":0,"irq":0,"softirq":0,"steal":0,"guest":0,"guestNice":0,"stolen":0}],"time":"2018-02-19 12:13:29.604768 +0900 JST m=+1918.840059333","errorInfo":null}
[Info]2018/02/19 12:13:30 acsessd /api/status.json
[Info]2018/02/19 12:13:30 {"hostname":"ksc-1x-dhcp-172-29-194-195.kwansei.ac.jp","hostid":"18d901f1-4a03-3ff1-ae34-c26b2732f13c","virtualizationSystem":"","total":8589934592,"available":2376548352,"usedPercent":72.33333587646484,"diskIO":[{"name":"disk0","ioTime":1294456,"weightedIO":0}],"cpu":[{"cpu":"cpu0","user":3830.921875,"system":2191.4453125,"idle":14952.515625,"nice":0,"iowait":0,"irq":0,"softirq":0,"steal":0,"guest":0,"guestNice":0,"stolen":0},{"cpu":"cpu1","user":2336.703125,"system":955.71875,"idle":17681.65625,"nice":0,"iowait":0,"irq":0,"softirq":0,"steal":0,"guest":0,"guestNice":0,"stolen":0},{"cpu":"cpu2","user":3716.3828125,"system":1925.1484375,"idle":15332.5390625,"nice":0,"iowait":0,"irq":0,"softirq":0,"steal":0,"guest":0,"guestNice":0,"stolen":0},{"cpu":"cpu3","user":2371.1015625,"system":968.4453125,"idle":17634.53125,"nice":0,"iowait":0,"irq":0,"softirq":0,"steal":0,"guest":0,"guestNice":0,"stolen":0}],"time":"2018-02-19 12:13:30.063317 +0900 JST m=+1919.298606918","errorInfo":null}
[Info]2018/02/19 12:13:30 acsessd /api/status.json
[Info]2018/02/19 12:13:30 {"hostname":"ksc-1x-dhcp-172-29-194-195.kwansei.ac.jp","hostid":"18d901f1-4a03-3ff1-ae34-c26b2732f13c","virtualizationSystem":"","total":8589934592,"available":2370682880,"usedPercent":72.40161895751953,"diskIO":[{"name":"disk0","ioTime":1294466,"weightedIO":0}],"cpu":[{"cpu":"cpu0","user":3831.125,"system":2191.484375,"idle":14952.6640625,"nice":0,"iowait":0,"irq":0,"softirq":0,"steal":0,"guest":0,"guestNice":0,"stolen":0},{"cpu":"cpu1","user":2336.78125,"system":955.7421875,"idle":17681.9453125,"nice":0,"iowait":0,"irq":0,"softirq":0,"steal":0,"guest":0,"guestNice":0,"stolen":0},{"cpu":"cpu2","user":3716.59375,"system":1925.1953125,"idle":15332.6796875,"nice":0,"iowait":0,"irq":0,"softirq":0,"steal":0,"guest":0,"guestNice":0,"stolen":0},{"cpu":"cpu3","user":2371.171875,"system":968.4609375,"idle":17634.828125,"nice":0,"iowait":0,"irq":0,"softirq":0,"steal":0,"guest":0,"guestNice":0,"stolen":0}],"time":"2018-02-19 12:13:30.567129 +0900 JST m=+1919.802417973","errorInfo":null}
[Info]2018/02/19 12:13:31 acsessd /api/status.json
[Info]2018/02/19 12:13:31 {"hostname":"ksc-1x-dhcp-172-29-194-195.kwansei.ac.jp","hostid":"18d901f1-4a03-3ff1-ae34-c26b2732f13c","virtualizationSystem":"","total":8589934592,"available":2357592064,"usedPercent":72.55401611328125,"diskIO":[{"name":"disk0","ioTime":1294473,"weightedIO":0}],"cpu":[{"cpu":"cpu0","user":3831.375,"system":2191.5078125,"idle":14952.796875,"nice":0,"iowait":0,"irq":0,"softirq":0,"steal":0,"guest":0,"guestNice":0,"stolen":0},{"cpu":"cpu1","user":2336.8359375,"system":955.7578125,"idle":17682.28125,"nice":0,"iowait":0,"irq":0,"softirq":0,"steal":0,"guest":0,"guestNice":0,"stolen":0},{"cpu":"cpu2","user":3716.7734375,"system":1925.2265625,"idle":15332.875,"nice":0,"iowait":0,"irq":0,"softirq":0,"steal":0,"guest":0,"guestNice":0,"stolen":0},{"cpu":"cpu3","user":2371.2109375,"system":968.4921875,"idle":17635.1640625,"nice":0,"iowait":0,"irq":0,"softirq":0,"steal":0,"guest":0,"guestNice":0,"stolen":0}],"time":"2018-02-19 12:13:31.080655 +0900 JST m=+1920.315943911","errorInfo":null}
[Info]2018/02/19 12:13:31 acsessd /api/status.json
[Info]2018/02/19 12:13:31 {"hostname":"ksc-1x-dhcp-172-29-194-195.kwansei.ac.jp","hostid":"18d901f1-4a03-3ff1-ae34-c26b2732f13c","virtualizationSystem":"","total":8589934592,"available":2356011008,"usedPercent":72.57242202758789,"diskIO":[{"name":"disk0","ioTime":1294490,"weightedIO":0}],"cpu":[{"cpu":"cpu0","user":3831.5703125,"system":2191.5546875,"idle":14952.953125,"nice":0,"iowait":0,"irq":0,"softirq":0,"steal":0,"guest":0,"guestNice":0,"stolen":0},{"cpu":"cpu1","user":2336.8984375,"system":955.78125,"idle":17682.5859375,"nice":0,"iowait":0,"irq":0,"softirq":0,"steal":0,"guest":0,"guestNice":0,"stolen":0},{"cpu":"cpu2","user":3716.9375,"system":1925.2578125,"idle":15333.0703125,"nice":0,"iowait":0,"irq":0,"softirq":0,"steal":0,"guest":0,"guestNice":0,"stolen":0},{"cpu":"cpu3","user":2371.28125,"system":968.515625,"idle":17635.4609375,"nice":0,"iowait":0,"irq":0,"softirq":0,"steal":0,"guest":0,"guestNice":0,"stolen":0}],"time":"2018-02-19 12:13:31.584068 +0900 JST m=+1920.819355190","errorInfo":null}
[Info]2018/02/19 12:13:32 acsessd /api/status.json
[Info]2018/02/19 12:13:32 {"hostname":"ksc-1x-dhcp-172-29-194-195.kwansei.ac.jp","hostid":"18d901f1-4a03-3ff1-ae34-c26b2732f13c","virtualizationSystem":"","total":8589934592,"available":2328846336,"usedPercent":72.8886604309082,"diskIO":[{"name":"disk0","ioTime":1294514,"weightedIO":0}],"cpu":[{"cpu":"cpu0","user":3831.828125,"system":2191.640625,"idle":14953.0078125,"nice":0,"iowait":0,"irq":0,"softirq":0,"steal":0,"guest":0,"guestNice":0,"stolen":0},{"cpu":"cpu1","user":2337.0859375,"system":955.875,"idle":17682.6953125,"nice":0,"iowait":0,"irq":0,"softirq":0,"steal":0,"guest":0,"guestNice":0,"stolen":0},{"cpu":"cpu2","user":3717.15625,"system":1925.390625,"idle":15333.125,"nice":0,"iowait":0,"irq":0,"softirq":0,"steal":0,"guest":0,"guestNice":0,"stolen":0},{"cpu":"cpu3","user":2371.453125,"system":968.6171875,"idle":17635.5859375,"nice":0,"iowait":0,"irq":0,"softirq":0,"steal":0,"guest":0,"guestNice":0,"stolen":0}],"time":"2018-02-19 12:13:32.094694 +0900 JST m=+1921.329980357","errorInfo":null}
[Info]2018/02/19 12:13:32 acsessd /api/status.json
[Info]2018/02/19 12:13:32 {"hostname":"ksc-1x-dhcp-172-29-194-195.kwansei.ac.jp","hostid":"18d901f1-4a03-3ff1-ae34-c26b2732f13c","virtualizationSystem":"","total":8589934592,"available":2331156480,"usedPercent":72.86176681518555,"diskIO":[{"name":"disk0","ioTime":1294519,"weightedIO":0}],"cpu":[{"cpu":"cpu0","user":3832.0859375,"system":2191.6953125,"idle":14953.0703125,"nice":0,"iowait":0,"irq":0,"softirq":0,"steal":0,"guest":0,"guestNice":0,"stolen":0},{"cpu":"cpu1","user":2337.21875,"system":955.9140625,"idle":17682.90625,"nice":0,"iowait":0,"irq":0,"softirq":0,"steal":0,"guest":0,"guestNice":0,"stolen":0},{"cpu":"cpu2","user":3717.375,"system":1925.46875,"idle":15333.203125,"nice":0,"iowait":0,"irq":0,"softirq":0,"steal":0,"guest":0,"guestNice":0,"stolen":0},{"cpu":"cpu3","user":2371.609375,"system":968.65625,"idle":17635.7734375,"nice":0,"iowait":0,"irq":0,"softirq":0,"steal":0,"guest":0,"guestNice":0,"stolen":0}],"time":"2018-02-19 12:13:32.584112 +0900 JST m=+1921.819397430","errorInfo":null}
[Info]2018/02/19 12:13:33 acsessd /api/status.json
[Info]2018/02/19 12:13:33 {"hostname":"ksc-1x-dhcp-172-29-194-195.kwansei.ac.jp","hostid":"18d901f1-4a03-3ff1-ae34-c26b2732f13c","virtualizationSystem":"","total":8589934592,"available":2330017792,"usedPercent":72.8750228881836,"diskIO":[{"name":"disk0","ioTime":1294532,"weightedIO":0}],"cpu":[{"cpu":"cpu0","user":3832.2421875,"system":2191.765625,"idle":14953.234375,"nice":0,"iowait":0,"irq":0,"softirq":0,"steal":0,"guest":0,"guestNice":0,"stolen":0},{"cpu":"cpu1","user":2337.3125,"system":955.9453125,"idle":17683.1796875,"nice":0,"iowait":0,"irq":0,"softirq":0,"steal":0,"guest":0,"guestNice":0,"stolen":0},{"cpu":"cpu2","user":3717.546875,"system":1925.5625,"idle":15333.328125,"nice":0,"iowait":0,"irq":0,"softirq":0,"steal":0,"guest":0,"guestNice":0,"stolen":0},{"cpu":"cpu3","user":2371.7109375,"system":968.6875,"idle":17636.03125,"nice":0,"iowait":0,"irq":0,"softirq":0,"steal":0,"guest":0,"guestNice":0,"stolen":0}],"time":"2018-02-19 12:13:33.081972 +0900 JST m=+1922.317257069","errorInfo":null}
[Info]2018/02/19 12:13:33 acsessd /api/status.json
[Info]2018/02/19 12:13:33 {"hostname":"ksc-1x-dhcp-172-29-194-195.kwansei.ac.jp","hostid":"18d901f1-4a03-3ff1-ae34-c26b2732f13c","virtualizationSystem":"","total":8589934592,"available":2329112576,"usedPercent":72.88556098937988,"diskIO":[{"name":"disk0","ioTime":1294571,"weightedIO":0}],"cpu":[{"cpu":"cpu0","user":3832.3046875,"system":2191.859375,"idle":14953.484375,"nice":0,"iowait":0,"irq":0,"softirq":0,"steal":0,"guest":0,"guestNice":0,"stolen":0},{"cpu":"cpu1","user":2337.3515625,"system":955.9765625,"idle":17683.5078125,"nice":0,"iowait":0,"irq":0,"softirq":0,"steal":0,"guest":0,"guestNice":0,"stolen":0},{"cpu":"cpu2","user":3717.6015625,"system":1925.6328125,"idle":15333.6015625,"nice":0,"iowait":0,"irq":0,"softirq":0,"steal":0,"guest":0,"guestNice":0,"stolen":0},{"cpu":"cpu3","user":2371.75,"system":968.7265625,"idle":17636.3515625,"nice":0,"iowait":0,"irq":0,"softirq":0,"steal":0,"guest":0,"guestNice":0,"stolen":0}],"time":"2018-02-19 12:13:33.592738 +0900 JST m=+1922.828020722","errorInfo":null}
[Info]2018/02/19 12:13:34 acsessd /api/status.json
[Info]2018/02/19 12:13:34 {"hostname":"ksc-1x-dhcp-172-29-194-195.kwansei.ac.jp","hostid":"18d901f1-4a03-3ff1-ae34-c26b2732f13c","virtualizationSystem":"","total":8589934592,"available":2327388160,"usedPercent":72.90563583374023,"diskIO":[{"name":"disk0","ioTime":1294583,"weightedIO":0}],"cpu":[{"cpu":"cpu0","user":3832.515625,"system":2191.921875,"idle":14953.625,"nice":0,"iowait":0,"irq":0,"softirq":0,"steal":0,"guest":0,"guestNice":0,"stolen":0},{"cpu":"cpu1","user":2337.453125,"system":956.015625,"idle":17683.78125,"nice":0,"iowait":0,"irq":0,"softirq":0,"steal":0,"guest":0,"guestNice":0,"stolen":0},{"cpu":"cpu2","user":3717.8046875,"system":1925.7109375,"idle":15333.734375,"nice":0,"iowait":0,"irq":0,"softirq":0,"steal":0,"guest":0,"guestNice":0,"stolen":0},{"cpu":"cpu3","user":2371.8515625,"system":968.7734375,"idle":17636.625,"nice":0,"iowait":0,"irq":0,"softirq":0,"steal":0,"guest":0,"guestNice":0,"stolen":0}],"time":"2018-02-19 12:13:34.126305 +0900 JST m=+1923.361587009","errorInfo":null}
[Info]2018/02/19 12:13:34 acsessd /api/status.json
[Info]2018/02/19 12:13:34 {"hostname":"ksc-1x-dhcp-172-29-194-195.kwansei.ac.jp","hostid":"18d901f1-4a03-3ff1-ae34-c26b2732f13c","virtualizationSystem":"","total":8589934592,"available":2329288704,"usedPercent":72.88351058959961,"diskIO":[{"name":"disk0","ioTime":1294586,"weightedIO":0}],"cpu":[{"cpu":"cpu0","user":3832.6875,"system":2191.96875,"idle":14953.765625,"nice":0,"iowait":0,"irq":0,"softirq":0,"steal":0,"guest":0,"guestNice":0,"stolen":0},{"cpu":"cpu1","user":2337.5078125,"system":956.0390625,"idle":17684.0703125,"nice":0,"iowait":0,"irq":0,"softirq":0,"steal":0,"guest":0,"guestNice":0,"stolen":0},{"cpu":"cpu2","user":3717.90625,"system":1925.78125,"idle":15333.921875,"nice":0,"iowait":0,"irq":0,"softirq":0,"steal":0,"guest":0,"guestNice":0,"stolen":0},{"cpu":"cpu3","user":2371.9140625,"system":968.7890625,"idle":17636.90625,"nice":0,"iowait":0,"irq":0,"softirq":0,"steal":0,"guest":0,"guestNice":0,"stolen":0}],"time":"2018-02-19 12:13:34.590279 +0900 JST m=+1923.825560838","errorInfo":null}
[Info]2018/02/19 12:13:35 acsessd /api/status.json
[Info]2018/02/19 12:13:35 {"hostname":"ksc-1x-dhcp-172-29-194-195.kwansei.ac.jp","hostid":"18d901f1-4a03-3ff1-ae34-c26b2732f13c","virtualizationSystem":"","total":8589934592,"available":2328137728,"usedPercent":72.89690971374512,"diskIO":[{"name":"disk0","ioTime":1294586,"weightedIO":0}],"cpu":[{"cpu":"cpu0","user":3832.8515625,"system":2192.0234375,"idle":14953.9453125,"nice":0,"iowait":0,"irq":0,"softirq":0,"steal":0,"guest":0,"guestNice":0,"stolen":0},{"cpu":"cpu1","user":2337.59375,"system":956.0625,"idle":17684.34375,"nice":0,"iowait":0,"irq":0,"softirq":0,"steal":0,"guest":0,"guestNice":0,"stolen":0},{"cpu":"cpu2","user":3718.0625,"system":1925.84375,"idle":15334.1015625,"nice":0,"iowait":0,"irq":0,"softirq":0,"steal":0,"guest":0,"guestNice":0,"stolen":0},{"cpu":"cpu3","user":2371.984375,"system":968.8125,"idle":17637.203125,"nice":0,"iowait":0,"irq":0,"softirq":0,"steal":0,"guest":0,"guestNice":0,"stolen":0}],"time":"2018-02-19 12:13:35.094039 +0900 JST m=+1924.329319476","errorInfo":null}
[Info]2018/02/19 12:13:35 acsessd /api/status.json
[Info]2018/02/19 12:13:35 {"hostname":"ksc-1x-dhcp-172-29-194-195.kwansei.ac.jp","hostid":"18d901f1-4a03-3ff1-ae34-c26b2732f13c","virtualizationSystem":"","total":8589934592,"available":2325204992,"usedPercent":72.93105125427246,"diskIO":[{"name":"disk0","ioTime":1294604,"weightedIO":0}],"cpu":[{"cpu":"cpu0","user":3833.109375,"system":2192.1015625,"idle":14954,"nice":0,"iowait":0,"irq":0,"softirq":0,"steal":0,"guest":0,"guestNice":0,"stolen":0},{"cpu":"cpu1","user":2337.71875,"system":956.1015625,"idle":17684.5703125,"nice":0,"iowait":0,"irq":0,"softirq":0,"steal":0,"guest":0,"guestNice":0,"stolen":0},{"cpu":"cpu2","user":3718.2890625,"system":1925.9296875,"idle":15334.171875,"nice":0,"iowait":0,"irq":0,"softirq":0,"steal":0,"guest":0,"guestNice":0,"stolen":0},{"cpu":"cpu3","user":2372.109375,"system":968.8828125,"idle":17637.3984375,"nice":0,"iowait":0,"irq":0,"softirq":0,"steal":0,"guest":0,"guestNice":0,"stolen":0}],"time":"2018-02-19 12:13:35.596268 +0900 JST m=+1924.831547396","errorInfo":null}
[Info]2018/02/19 12:13:44 acsessd /api/status.json
[Info]2018/02/19 12:13:44 {"hostname":"ksc-1x-dhcp-172-29-194-195.kwansei.ac.jp","hostid":"18d901f1-4a03-3ff1-ae34-c26b2732f13c","virtualizationSystem":"","total":8589934592,"available":2360885248,"usedPercent":72.51567840576172,"diskIO":[{"name":"disk0","ioTime":1294842,"weightedIO":0}],"cpu":[{"cpu":"cpu0","user":3835.3828125,"system":2193.1953125,"idle":14957.8125,"nice":0,"iowait":0,"irq":0,"softirq":0,"steal":0,"guest":0,"guestNice":0,"stolen":0},{"cpu":"cpu1","user":2338.9296875,"system":956.7421875,"idle":17689.9140625,"nice":0,"iowait":0,"irq":0,"softirq":0,"steal":0,"guest":0,"guestNice":0,"stolen":0},{"cpu":"cpu2","user":3720.65625,"system":1926.96875,"idle":15337.953125,"nice":0,"iowait":0,"irq":0,"softirq":0,"steal":0,"guest":0,"guestNice":0,"stolen":0},{"cpu":"cpu3","user":2373.359375,"system":969.5078125,"idle":17642.7109375,"nice":0,"iowait":0,"irq":0,"softirq":0,"steal":0,"guest":0,"guestNice":0,"stolen":0}],"time":"2018-02-19 12:13:44.786956 +0900 JST m=+1934.022217095","errorInfo":null}
[Info]2018/02/19 12:13:45 acsessd /api/status.json
[Info]2018/02/19 12:13:45 {"hostname":"ksc-1x-dhcp-172-29-194-195.kwansei.ac.jp","hostid":"18d901f1-4a03-3ff1-ae34-c26b2732f13c","virtualizationSystem":"","total":8589934592,"available":2346041344,"usedPercent":72.68848419189453,"diskIO":[{"name":"disk0","ioTime":1294842,"weightedIO":0}],"cpu":[{"cpu":"cpu0","user":3835.4296875,"system":2193.25,"idle":14958.09375,"nice":0,"iowait":0,"irq":0,"softirq":0,"steal":0,"guest":0,"guestNice":0,"stolen":0},{"cpu":"cpu1","user":2338.9453125,"system":956.7578125,"idle":17690.2578125,"nice":0,"iowait":0,"irq":0,"softirq":0,"steal":0,"guest":0,"guestNice":0,"stolen":0},{"cpu":"cpu2","user":3720.71875,"system":1926.9921875,"idle":15338.2421875,"nice":0,"iowait":0,"irq":0,"softirq":0,"steal":0,"guest":0,"guestNice":0,"stolen":0},{"cpu":"cpu3","user":2373.3828125,"system":969.515625,"idle":17643.0546875,"nice":0,"iowait":0,"irq":0,"softirq":0,"steal":0,"guest":0,"guestNice":0,"stolen":0}],"time":"2018-02-19 12:13:45.272265 +0900 JST m=+1934.507526411","errorInfo":null}
[Info]2018/02/19 12:13:45 acsessd /api/status.json
[Info]2018/02/19 12:13:45 {"hostname":"ksc-1x-dhcp-172-29-194-195.kwansei.ac.jp","hostid":"18d901f1-4a03-3ff1-ae34-c26b2732f13c","virtualizationSystem":"","total":8589934592,"available":2345725952,"usedPercent":72.6921558380127,"diskIO":[{"name":"disk0","ioTime":1294842,"weightedIO":0}],"cpu":[{"cpu":"cpu0","user":3835.6171875,"system":2193.28125,"idle":14958.2578125,"nice":0,"iowait":0,"irq":0,"softirq":0,"steal":0,"guest":0,"guestNice":0,"stolen":0},{"cpu":"cpu1","user":2339.0234375,"system":956.765625,"idle":17690.5546875,"nice":0,"iowait":0,"irq":0,"softirq":0,"steal":0,"guest":0,"guestNice":0,"stolen":0},{"cpu":"cpu2","user":3720.8984375,"system":1927.03125,"idle":15338.4140625,"nice":0,"iowait":0,"irq":0,"softirq":0,"steal":0,"guest":0,"guestNice":0,"stolen":0},{"cpu":"cpu3","user":2373.4609375,"system":969.5390625,"idle":17643.34375,"nice":0,"iowait":0,"irq":0,"softirq":0,"steal":0,"guest":0,"guestNice":0,"stolen":0}],"time":"2018-02-19 12:13:45.771209 +0900 JST m=+1935.006469343","errorInfo":null}
[Info]2018/02/19 12:13:46 acsessd /api/status.json
[Info]2018/02/19 12:13:46 {"hostname":"ksc-1x-dhcp-172-29-194-195.kwansei.ac.jp","hostid":"18d901f1-4a03-3ff1-ae34-c26b2732f13c","virtualizationSystem":"","total":8589934592,"available":2344288256,"usedPercent":72.70889282226562,"diskIO":[{"name":"disk0","ioTime":1294851,"weightedIO":0}],"cpu":[{"cpu":"cpu0","user":3835.75,"system":2193.3125,"idle":14958.4921875,"nice":0,"iowait":0,"irq":0,"softirq":0,"steal":0,"guest":0,"guestNice":0,"stolen":0},{"cpu":"cpu1","user":2339.0625,"system":956.78125,"idle":17690.890625,"nice":0,"iowait":0,"irq":0,"softirq":0,"steal":0,"guest":0,"guestNice":0,"stolen":0},{"cpu":"cpu2","user":3721.1328125,"system":1927.0625,"idle":15338.546875,"nice":0,"iowait":0,"irq":0,"softirq":0,"steal":0,"guest":0,"guestNice":0,"stolen":0},{"cpu":"cpu3","user":2373.515625,"system":969.546875,"idle":17643.6796875,"nice":0,"iowait":0,"irq":0,"softirq":0,"steal":0,"guest":0,"guestNice":0,"stolen":0}],"time":"2018-02-19 12:13:46.275284 +0900 JST m=+1935.510543372","errorInfo":null}
[Info]2018/02/19 12:13:46 acsessd /api/status.json
[Info]2018/02/19 12:13:46 {"hostname":"ksc-1x-dhcp-172-29-194-195.kwansei.ac.jp","hostid":"18d901f1-4a03-3ff1-ae34-c26b2732f13c","virtualizationSystem":"","total":8589934592,"available":2343514112,"usedPercent":72.71790504455566,"diskIO":[{"name":"disk0","ioTime":1294851,"weightedIO":0}],"cpu":[{"cpu":"cpu0","user":3835.890625,"system":2193.34375,"idle":14958.71875,"nice":0,"iowait":0,"irq":0,"softirq":0,"steal":0,"guest":0,"guestNice":0,"stolen":0},{"cpu":"cpu1","user":2339.1171875,"system":956.796875,"idle":17691.2109375,"nice":0,"iowait":0,"irq":0,"softirq":0,"steal":0,"guest":0,"guestNice":0,"stolen":0},{"cpu":"cpu2","user":3721.3046875,"system":1927.1015625,"idle":15338.734375,"nice":0,"iowait":0,"irq":0,"softirq":0,"steal":0,"guest":0,"guestNice":0,"stolen":0},{"cpu":"cpu3","user":2373.5625,"system":969.5625,"idle":17644.0078125,"nice":0,"iowait":0,"irq":0,"softirq":0,"steal":0,"guest":0,"guestNice":0,"stolen":0}],"time":"2018-02-19 12:13:46.775619 +0900 JST m=+1936.010876814","errorInfo":null}
[Info]2018/02/19 12:13:47 acsessd /api/status.json
[Info]2018/02/19 12:13:47 {"hostname":"ksc-1x-dhcp-172-29-194-195.kwansei.ac.jp","hostid":"18d901f1-4a03-3ff1-ae34-c26b2732f13c","virtualizationSystem":"","total":8589934592,"available":2342748160,"usedPercent":72.72682189941406,"diskIO":[{"name":"disk0","ioTime":1294851,"weightedIO":0}],"cpu":[{"cpu":"cpu0","user":3836.1484375,"system":2193.359375,"idle":14958.8203125,"nice":0,"iowait":0,"irq":0,"softirq":0,"steal":0,"guest":0,"guestNice":0,"stolen":0},{"cpu":"cpu1","user":2339.15625,"system":956.8125,"idle":17691.5625,"nice":0,"iowait":0,"irq":0,"softirq":0,"steal":0,"guest":0,"guestNice":0,"stolen":0},{"cpu":"cpu2","user":3721.421875,"system":1927.125,"idle":15338.9765625,"nice":0,"iowait":0,"irq":0,"softirq":0,"steal":0,"guest":0,"guestNice":0,"stolen":0},{"cpu":"cpu3","user":2373.609375,"system":969.5703125,"idle":17644.3359375,"nice":0,"iowait":0,"irq":0,"softirq":0,"steal":0,"guest":0,"guestNice":0,"stolen":0}],"time":"2018-02-19 12:13:47.278649 +0900 JST m=+1936.513906537","errorInfo":null}
[Info]2018/02/19 12:13:47 acsessd /api/status.json
[Info]2018/02/19 12:13:47 {"hostname":"ksc-1x-dhcp-172-29-194-195.kwansei.ac.jp","hostid":"18d901f1-4a03-3ff1-ae34-c26b2732f13c","virtualizationSystem":"","total":8589934592,"available":2341130240,"usedPercent":72.74565696716309,"diskIO":[{"name":"disk0","ioTime":1294851,"weightedIO":0}],"cpu":[{"cpu":"cpu0","user":3836.359375,"system":2193.3984375,"idle":14958.9765625,"nice":0,"iowait":0,"irq":0,"softirq":0,"steal":0,"guest":0,"guestNice":0,"stolen":0},{"cpu":"cpu1","user":2339.2578125,"system":956.828125,"idle":17691.8359375,"nice":0,"iowait":0,"irq":0,"softirq":0,"steal":0,"guest":0,"guestNice":0,"stolen":0},{"cpu":"cpu2","user":3721.625,"system":1927.15625,"idle":15339.1484375,"nice":0,"iowait":0,"irq":0,"softirq":0,"steal":0,"guest":0,"guestNice":0,"stolen":0},{"cpu":"cpu3","user":2373.703125,"system":969.6015625,"idle":17644.6171875,"nice":0,"iowait":0,"irq":0,"softirq":0,"steal":0,"guest":0,"guestNice":0,"stolen":0}],"time":"2018-02-19 12:13:47.787286 +0900 JST m=+1937.022542224","errorInfo":null}
[Info]2018/02/19 12:13:48 acsessd /api/status.json
[Info]2018/02/19 12:13:48 {"hostname":"ksc-1x-dhcp-172-29-194-195.kwansei.ac.jp","hostid":"18d901f1-4a03-3ff1-ae34-c26b2732f13c","virtualizationSystem":"","total":8589934592,"available":2341130240,"usedPercent":72.74565696716309,"diskIO":[{"name":"disk0","ioTime":1294851,"weightedIO":0}],"cpu":[{"cpu":"cpu0","user":3836.5234375,"system":2193.4296875,"idle":14959.1640625,"nice":0,"iowait":0,"irq":0,"softirq":0,"steal":0,"guest":0,"guestNice":0,"stolen":0},{"cpu":"cpu1","user":2339.28125,"system":956.828125,"idle":17692.1875,"nice":0,"iowait":0,"irq":0,"softirq":0,"steal":0,"guest":0,"guestNice":0,"stolen":0},{"cpu":"cpu2","user":3721.7734375,"system":1927.1796875,"idle":15339.34375,"nice":0,"iowait":0,"irq":0,"softirq":0,"steal":0,"guest":0,"guestNice":0,"stolen":0},{"cpu":"cpu3","user":2373.71875,"system":969.6015625,"idle":17644.9765625,"nice":0,"iowait":0,"irq":0,"softirq":0,"steal":0,"guest":0,"guestNice":0,"stolen":0}],"time":"2018-02-19 12:13:48.275939 +0900 JST m=+1937.511194062","errorInfo":null}
[Info]2018/02/19 12:13:48 acsessd /api/status.json
[Info]2018/02/19 12:13:48 {"hostname":"ksc-1x-dhcp-172-29-194-195.kwansei.ac.jp","hostid":"18d901f1-4a03-3ff1-ae34-c26b2732f13c","virtualizationSystem":"","total":8589934592,"available":2332651520,"usedPercent":72.84436225891113,"diskIO":[{"name":"disk0","ioTime":1294851,"weightedIO":0}],"cpu":[{"cpu":"cpu0","user":3836.6875,"system":2193.4609375,"idle":14959.3515625,"nice":0,"iowait":0,"irq":0,"softirq":0,"steal":0,"guest":0,"guestNice":0,"stolen":0},{"cpu":"cpu1","user":2339.3515625,"system":956.8515625,"idle":17692.4921875,"nice":0,"iowait":0,"irq":0,"softirq":0,"steal":0,"guest":0,"guestNice":0,"stolen":0},{"cpu":"cpu2","user":3721.9609375,"system":1927.21875,"idle":15339.515625,"nice":0,"iowait":0,"irq":0,"softirq":0,"steal":0,"guest":0,"guestNice":0,"stolen":0},{"cpu":"cpu3","user":2373.7734375,"system":969.625,"idle":17645.2890625,"nice":0,"iowait":0,"irq":0,"softirq":0,"steal":0,"guest":0,"guestNice":0,"stolen":0}],"time":"2018-02-19 12:13:48.778395 +0900 JST m=+1938.013648692","errorInfo":null}
[Info]2018/02/19 12:13:49 acsessd /api/status.json
[Info]2018/02/19 12:13:49 {"hostname":"ksc-1x-dhcp-172-29-194-195.kwansei.ac.jp","hostid":"18d901f1-4a03-3ff1-ae34-c26b2732f13c","virtualizationSystem":"","total":8589934592,"available":2328215552,"usedPercent":72.89600372314453,"diskIO":[{"name":"disk0","ioTime":1294869,"weightedIO":0}],"cpu":[{"cpu":"cpu0","user":3836.9921875,"system":2193.484375,"idle":14959.421875,"nice":0,"iowait":0,"irq":0,"softirq":0,"steal":0,"guest":0,"guestNice":0,"stolen":0},{"cpu":"cpu1","user":2339.390625,"system":956.8671875,"idle":17692.8359375,"nice":0,"iowait":0,"irq":0,"softirq":0,"steal":0,"guest":0,"guestNice":0,"stolen":0},{"cpu":"cpu2","user":3722.09375,"system":1927.25,"idle":15339.75,"nice":0,"iowait":0,"irq":0,"softirq":0,"steal":0,"guest":0,"guestNice":0,"stolen":0},{"cpu":"cpu3","user":2373.828125,"system":969.65625,"idle":17645.609375,"nice":0,"iowait":0,"irq":0,"softirq":0,"steal":0,"guest":0,"guestNice":0,"stolen":0}],"time":"2018-02-19 12:13:49.285417 +0900 JST m=+1938.520670618","errorInfo":null}
[Info]2018/02/19 12:13:49 acsessd /api/status.json
[Info]2018/02/19 12:13:49 {"hostname":"ksc-1x-dhcp-172-29-194-195.kwansei.ac.jp","hostid":"18d901f1-4a03-3ff1-ae34-c26b2732f13c","virtualizationSystem":"","total":8589934592,"available":2331299840,"usedPercent":72.86009788513184,"diskIO":[{"name":"disk0","ioTime":1294886,"weightedIO":0}],"cpu":[{"cpu":"cpu0","user":3837.2578125,"system":2193.5234375,"idle":14959.5078125,"nice":0,"iowait":0,"irq":0,"softirq":0,"steal":0,"guest":0,"guestNice":0,"stolen":0},{"cpu":"cpu1","user":2339.4765625,"system":956.8828125,"idle":17693.125,"nice":0,"iowait":0,"irq":0,"softirq":0,"steal":0,"guest":0,"guestNice":0,"stolen":0},{"cpu":"cpu2","user":3722.3515625,"system":1927.28125,"idle":15339.84375,"nice":0,"iowait":0,"irq":0,"softirq":0,"steal":0,"guest":0,"guestNice":0,"stolen":0},{"cpu":"cpu3","user":2373.921875,"system":969.671875,"idle":17645.8828125,"nice":0,"iowait":0,"irq":0,"softirq":0,"steal":0,"guest":0,"guestNice":0,"stolen":0}],"time":"2018-02-19 12:13:49.782173 +0900 JST m=+1939.017425632","errorInfo":null}
[Info]2018/02/19 12:13:50 acsessd /api/status.json
[Info]2018/02/19 12:13:50 {"hostname":"ksc-1x-dhcp-172-29-194-195.kwansei.ac.jp","hostid":"18d901f1-4a03-3ff1-ae34-c26b2732f13c","virtualizationSystem":"","total":8589934592,"available":2329096192,"usedPercent":72.88575172424316,"diskIO":[{"name":"disk0","ioTime":1294886,"weightedIO":0}],"cpu":[{"cpu":"cpu0","user":3837.5,"system":2193.546875,"idle":14959.6328125,"nice":0,"iowait":0,"irq":0,"softirq":0,"steal":0,"guest":0,"guestNice":0,"stolen":0},{"cpu":"cpu1","user":2339.515625,"system":956.890625,"idle":17693.4609375,"nice":0,"iowait":0,"irq":0,"softirq":0,"steal":0,"guest":0,"guestNice":0,"stolen":0},{"cpu":"cpu2","user":3722.4765625,"system":1927.3125,"idle":15340.0859375,"nice":0,"iowait":0,"irq":0,"softirq":0,"steal":0,"guest":0,"guestNice":0,"stolen":0},{"cpu":"cpu3","user":2373.9765625,"system":969.6875,"idle":17646.2109375,"nice":0,"iowait":0,"irq":0,"softirq":0,"steal":0,"guest":0,"guestNice":0,"stolen":0}],"time":"2018-02-19 12:13:50.284643 +0900 JST m=+1939.519894768","errorInfo":null}
[Info]2018/02/19 12:13:50 acsessd /api/status.json
[Info]2018/02/19 12:13:50 {"hostname":"ksc-1x-dhcp-172-29-194-195.kwansei.ac.jp","hostid":"18d901f1-4a03-3ff1-ae34-c26b2732f13c","virtualizationSystem":"","total":8589934592,"available":2329456640,"usedPercent":72.88155555725098,"diskIO":[{"name":"disk0","ioTime":1294894,"weightedIO":0}],"cpu":[{"cpu":"cpu0","user":3837.546875,"system":2193.5859375,"idle":14959.953125,"nice":0,"iowait":0,"irq":0,"softirq":0,"steal":0,"guest":0,"guestNice":0,"stolen":0},{"cpu":"cpu1","user":2339.5390625,"system":956.8984375,"idle":17693.828125,"nice":0,"iowait":0,"irq":0,"softirq":0,"steal":0,"guest":0,"guestNice":0,"stolen":0},{"cpu":"cpu2","user":3722.5546875,"system":1927.34375,"idle":15340.3671875,"nice":0,"iowait":0,"irq":0,"softirq":0,"steal":0,"guest":0,"guestNice":0,"stolen":0},{"cpu":"cpu3","user":2374,"system":969.703125,"idle":17646.5625,"nice":0,"iowait":0,"irq":0,"softirq":0,"steal":0,"guest":0,"guestNice":0,"stolen":0}],"time":"2018-02-19 12:13:50.790446 +0900 JST m=+1940.025696238","errorInfo":null}
[Info]2018/02/19 12:13:51 acsessd /api/status.json
[Info]2018/02/19 12:13:51 {"hostname":"ksc-1x-dhcp-172-29-194-195.kwansei.ac.jp","hostid":"18d901f1-4a03-3ff1-ae34-c26b2732f13c","virtualizationSystem":"","total":8589934592,"available":2327769088,"usedPercent":72.90120124816895,"diskIO":[{"name":"disk0","ioTime":1294894,"weightedIO":0}],"cpu":[{"cpu":"cpu0","user":3837.75,"system":2193.6171875,"idle":14960.1015625,"nice":0,"iowait":0,"irq":0,"softirq":0,"steal":0,"guest":0,"guestNice":0,"stolen":0},{"cpu":"cpu1","user":2339.625,"system":956.921875,"idle":17694.1171875,"nice":0,"iowait":0,"irq":0,"softirq":0,"steal":0,"guest":0,"guestNice":0,"stolen":0},{"cpu":"cpu2","user":3722.765625,"system":1927.375,"idle":15340.5234375,"nice":0,"iowait":0,"irq":0,"softirq":0,"steal":0,"guest":0,"guestNice":0,"stolen":0},{"cpu":"cpu3","user":2374.0859375,"system":969.71875,"idle":17646.8515625,"nice":0,"iowait":0,"irq":0,"softirq":0,"steal":0,"guest":0,"guestNice":0,"stolen":0}],"time":"2018-02-19 12:13:51.295704 +0900 JST m=+1940.530953098","errorInfo":null}
[Info]2018/02/19 12:13:51 acsessd /api/status.json
[Info]2018/02/19 12:13:51 {"hostname":"ksc-1x-dhcp-172-29-194-195.kwansei.ac.jp","hostid":"18d901f1-4a03-3ff1-ae34-c26b2732f13c","virtualizationSystem":"","total":8589934592,"available":2328162304,"usedPercent":72.8966236114502,"diskIO":[{"name":"disk0","ioTime":1294894,"weightedIO":0}],"cpu":[{"cpu":"cpu0","user":3837.9140625,"system":2193.6484375,"idle":14960.296875,"nice":0,"iowait":0,"irq":0,"softirq":0,"steal":0,"guest":0,"guestNice":0,"stolen":0},{"cpu":"cpu1","user":2339.6640625,"system":956.9296875,"idle":17694.453125,"nice":0,"iowait":0,"irq":0,"softirq":0,"steal":0,"guest":0,"guestNice":0,"stolen":0},{"cpu":"cpu2","user":3722.9609375,"system":1927.3984375,"idle":15340.6953125,"nice":0,"iowait":0,"irq":0,"softirq":0,"steal":0,"guest":0,"guestNice":0,"stolen":0},{"cpu":"cpu3","user":2374.1328125,"system":969.734375,"idle":17647.171875,"nice":0,"iowait":0,"irq":0,"softirq":0,"steal":0,"guest":0,"guestNice":0,"stolen":0}],"time":"2018-02-19 12:13:51.793623 +0900 JST m=+1941.028871341","errorInfo":null}
[Info]2018/02/19 12:13:52 acsessd /api/status.json
[Info]2018/02/19 12:13:52 {"hostname":"ksc-1x-dhcp-172-29-194-195.kwansei.ac.jp","hostid":"18d901f1-4a03-3ff1-ae34-c26b2732f13c","virtualizationSystem":"","total":8589934592,"available":2328100864,"usedPercent":72.8973388671875,"diskIO":[{"name":"disk0","ioTime":1294894,"weightedIO":0}],"cpu":[{"cpu":"cpu0","user":3838.0703125,"system":2193.6796875,"idle":14960.5078125,"nice":0,"iowait":0,"irq":0,"softirq":0,"steal":0,"guest":0,"guestNice":0,"stolen":0},{"cpu":"cpu1","user":2339.7109375,"system":956.953125,"idle":17694.78125,"nice":0,"iowait":0,"irq":0,"softirq":0,"steal":0,"guest":0,"guestNice":0,"stolen":0},{"cpu":"cpu2","user":3723.1015625,"system":1927.4296875,"idle":15340.9140625,"nice":0,"iowait":0,"irq":0,"softirq":0,"steal":0,"guest":0,"guestNice":0,"stolen":0},{"cpu":"cpu3","user":2374.1953125,"system":969.75,"idle":17647.4921875,"nice":0,"iowait":0,"irq":0,"softirq":0,"steal":0,"guest":0,"guestNice":0,"stolen":0}],"time":"2018-02-19 12:13:52.296636 +0900 JST m=+1941.531883431","errorInfo":null}
[Info]2018/02/19 12:13:52 acsessd /api/status.json
[Info]2018/02/19 12:13:52 {"hostname":"ksc-1x-dhcp-172-29-194-195.kwansei.ac.jp","hostid":"18d901f1-4a03-3ff1-ae34-c26b2732f13c","virtualizationSystem":"","total":8589934592,"available":2326970368,"usedPercent":72.9104995727539,"diskIO":[{"name":"disk0","ioTime":1294894,"weightedIO":0}],"cpu":[{"cpu":"cpu0","user":3838.296875,"system":2193.71875,"idle":14960.625,"nice":0,"iowait":0,"irq":0,"softirq":0,"steal":0,"guest":0,"guestNice":0,"stolen":0},{"cpu":"cpu1","user":2339.7578125,"system":956.96875,"idle":17695.109375,"nice":0,"iowait":0,"irq":0,"softirq":0,"steal":0,"guest":0,"guestNice":0,"stolen":0},{"cpu":"cpu2","user":3723.265625,"system":1927.4375,"idle":15341.1328125,"nice":0,"iowait":0,"irq":0,"softirq":0,"steal":0,"guest":0,"guestNice":0,"stolen":0},{"cpu":"cpu3","user":2374.25,"system":969.7578125,"idle":17647.828125,"nice":0,"iowait":0,"irq":0,"softirq":0,"steal":0,"guest":0,"guestNice":0,"stolen":0}],"time":"2018-02-19 12:13:52.798048 +0900 JST m=+1942.033293997","errorInfo":null}
[Info]2018/02/19 12:13:53 acsessd /api/status.json
[Info]2018/02/19 12:13:53 {"hostname":"ksc-1x-dhcp-172-29-194-195.kwansei.ac.jp","hostid":"18d901f1-4a03-3ff1-ae34-c26b2732f13c","virtualizationSystem":"","total":8589934592,"available":2325315584,"usedPercent":72.92976379394531,"diskIO":[{"name":"disk0","ioTime":1294894,"weightedIO":0}],"cpu":[{"cpu":"cpu0","user":3838.5078125,"system":2193.75,"idle":14960.78125,"nice":0,"iowait":0,"irq":0,"softirq":0,"steal":0,"guest":0,"guestNice":0,"stolen":0},{"cpu":"cpu1","user":2339.8359375,"system":956.984375,"idle":17695.4140625,"nice":0,"iowait":0,"irq":0,"softirq":0,"steal":0,"guest":0,"guestNice":0,"stolen":0},{"cpu":"cpu2","user":3723.453125,"system":1927.4765625,"idle":15341.296875,"nice":0,"iowait":0,"irq":0,"softirq":0,"steal":0,"guest":0,"guestNice":0,"stolen":0},{"cpu":"cpu3","user":2374.328125,"system":969.7734375,"idle":17648.125,"nice":0,"iowait":0,"irq":0,"softirq":0,"steal":0,"guest":0,"guestNice":0,"stolen":0}],"time":"2018-02-19 12:13:53.30086 +0900 JST m=+1942.536105724","errorInfo":null}
[Info]2018/02/19 12:13:53 acsessd /api/status.json
[Info]2018/02/19 12:13:53 {"hostname":"ksc-1x-dhcp-172-29-194-195.kwansei.ac.jp","hostid":"18d901f1-4a03-3ff1-ae34-c26b2732f13c","virtualizationSystem":"","total":8589934592,"available":2326171648,"usedPercent":72.91979789733887,"diskIO":[{"name":"disk0","ioTime":1294894,"weightedIO":0}],"cpu":[{"cpu":"cpu0","user":3838.6875,"system":2193.78125,"idle":14960.9765625,"nice":0,"iowait":0,"irq":0,"softirq":0,"steal":0,"guest":0,"guestNice":0,"stolen":0},{"cpu":"cpu1","user":2339.8671875,"system":956.9921875,"idle":17695.765625,"nice":0,"iowait":0,"irq":0,"softirq":0,"steal":0,"guest":0,"guestNice":0,"stolen":0},{"cpu":"cpu2","user":3723.671875,"system":1927.5078125,"idle":15341.4453125,"nice":0,"iowait":0,"irq":0,"softirq":0,"steal":0,"guest":0,"guestNice":0,"stolen":0},{"cpu":"cpu3","user":2374.3671875,"system":969.7890625,"idle":17648.46875,"nice":0,"iowait":0,"irq":0,"softirq":0,"steal":0,"guest":0,"guestNice":0,"stolen":0}],"time":"2018-02-19 12:13:53.811122 +0900 JST m=+1943.046366613","errorInfo":null}
[Info]2018/02/19 12:13:54 acsessd /api/status.json
[Info]2018/02/19 12:13:54 {"hostname":"ksc-1x-dhcp-172-29-194-195.kwansei.ac.jp","hostid":"18d901f1-4a03-3ff1-ae34-c26b2732f13c","virtualizationSystem":"","total":8589934592,"available":2325618688,"usedPercent":72.92623519897461,"diskIO":[{"name":"disk0","ioTime":1294894,"weightedIO":0}],"cpu":[{"cpu":"cpu0","user":3838.7109375,"system":2193.8046875,"idle":14961.3046875,"nice":0,"iowait":0,"irq":0,"softirq":0,"steal":0,"guest":0,"guestNice":0,"stolen":0},{"cpu":"cpu1","user":2339.8828125,"system":957,"idle":17696.125,"nice":0,"iowait":0,"irq":0,"softirq":0,"steal":0,"guest":0,"guestNice":0,"stolen":0},{"cpu":"cpu2","user":3723.7421875,"system":1927.5390625,"idle":15341.7265625,"nice":0,"iowait":0,"irq":0,"softirq":0,"steal":0,"guest":0,"guestNice":0,"stolen":0},{"cpu":"cpu3","user":2374.3828125,"system":969.796875,"idle":17648.8359375,"nice":0,"iowait":0,"irq":0,"softirq":0,"steal":0,"guest":0,"guestNice":0,"stolen":0}],"time":"2018-02-19 12:13:54.304201 +0900 JST m=+1943.539444410","errorInfo":null}
[Info]2018/02/19 12:13:54 acsessd /api/status.json
[Info]2018/02/19 12:13:54 {"hostname":"ksc-1x-dhcp-172-29-194-195.kwansei.ac.jp","hostid":"18d901f1-4a03-3ff1-ae34-c26b2732f13c","virtualizationSystem":"","total":8589934592,"available":2323816448,"usedPercent":72.94721603393555,"diskIO":[{"name":"disk0","ioTime":1294894,"weightedIO":0}],"cpu":[{"cpu":"cpu0","user":3838.921875,"system":2193.8515625,"idle":14961.453125,"nice":0,"iowait":0,"irq":0,"softirq":0,"steal":0,"guest":0,"guestNice":0,"stolen":0},{"cpu":"cpu1","user":2339.953125,"system":957.015625,"idle":17696.4375,"nice":0,"iowait":0,"irq":0,"softirq":0,"steal":0,"guest":0,"guestNice":0,"stolen":0},{"cpu":"cpu2","user":3723.9375,"system":1927.5703125,"idle":15341.8984375,"nice":0,"iowait":0,"irq":0,"softirq":0,"steal":0,"guest":0,"guestNice":0,"stolen":0},{"cpu":"cpu3","user":2374.484375,"system":969.8125,"idle":17649.109375,"nice":0,"iowait":0,"irq":0,"softirq":0,"steal":0,"guest":0,"guestNice":0,"stolen":0}],"time":"2018-02-19 12:13:54.811256 +0900 JST m=+1944.046498631","errorInfo":null}
[Info]2018/02/19 12:13:55 acsessd /api/status.json
[Info]2018/02/19 12:13:55 {"hostname":"ksc-1x-dhcp-172-29-194-195.kwansei.ac.jp","hostid":"18d901f1-4a03-3ff1-ae34-c26b2732f13c","virtualizationSystem":"","total":8589934592,"available":2317737984,"usedPercent":73.01797866821289,"diskIO":[{"name":"disk0","ioTime":1294894,"weightedIO":0}],"cpu":[{"cpu":"cpu0","user":3839.1171875,"system":2193.875,"idle":14961.625,"nice":0,"iowait":0,"irq":0,"softirq":0,"steal":0,"guest":0,"guestNice":0,"stolen":0},{"cpu":"cpu1","user":2339.9921875,"system":957.0390625,"idle":17696.7734375,"nice":0,"iowait":0,"irq":0,"softirq":0,"steal":0,"guest":0,"guestNice":0,"stolen":0},{"cpu":"cpu2","user":3724.140625,"system":1927.6015625,"idle":15342.0703125,"nice":0,"iowait":0,"irq":0,"softirq":0,"steal":0,"guest":0,"guestNice":0,"stolen":0},{"cpu":"cpu3","user":2374.546875,"system":969.828125,"idle":17649.4296875,"nice":0,"iowait":0,"irq":0,"softirq":0,"steal":0,"guest":0,"guestNice":0,"stolen":0}],"time":"2018-02-19 12:13:55.319854 +0900 JST m=+1944.555095824","errorInfo":null}
[Info]2018/02/19 12:13:55 acsessd /api/status.json
[Info]2018/02/19 12:13:55 {"hostname":"ksc-1x-dhcp-172-29-194-195.kwansei.ac.jp","hostid":"18d901f1-4a03-3ff1-ae34-c26b2732f13c","virtualizationSystem":"","total":8589934592,"available":2323546112,"usedPercent":72.95036315917969,"diskIO":[{"name":"disk0","ioTime":1294894,"weightedIO":0}],"cpu":[{"cpu":"cpu0","user":3839.234375,"system":2193.8984375,"idle":14961.875,"nice":0,"iowait":0,"irq":0,"softirq":0,"steal":0,"guest":0,"guestNice":0,"stolen":0},{"cpu":"cpu1","user":2340.0390625,"system":957.046875,"idle":17697.109375,"nice":0,"iowait":0,"irq":0,"softirq":0,"steal":0,"guest":0,"guestNice":0,"stolen":0},{"cpu":"cpu2","user":3724.2265625,"system":1927.6328125,"idle":15342.34375,"nice":0,"iowait":0,"irq":0,"softirq":0,"steal":0,"guest":0,"guestNice":0,"stolen":0},{"cpu":"cpu3","user":2374.59375,"system":969.84375,"idle":17649.7578125,"nice":0,"iowait":0,"irq":0,"softirq":0,"steal":0,"guest":0,"guestNice":0,"stolen":0}],"time":"2018-02-19 12:13:55.818382 +0900 JST m=+1945.053623255","errorInfo":null}
[Info]2018/02/19 12:13:56 acsessd /api/status.json
[Info]2018/02/19 12:13:56 {"hostname":"ksc-1x-dhcp-172-29-194-195.kwansei.ac.jp","hostid":"18d901f1-4a03-3ff1-ae34-c26b2732f13c","virtualizationSystem":"","total":8589934592,"available":2320957440,"usedPercent":72.98049926757812,"diskIO":[{"name":"disk0","ioTime":1294894,"weightedIO":0}],"cpu":[{"cpu":"cpu0","user":3839.4375,"system":2193.9375,"idle":14962.0234375,"nice":0,"iowait":0,"irq":0,"softirq":0,"steal":0,"guest":0,"guestNice":0,"stolen":0},{"cpu":"cpu1","user":2340.1328125,"system":957.0625,"idle":17697.390625,"nice":0,"iowait":0,"irq":0,"softirq":0,"steal":0,"guest":0,"guestNice":0,"stolen":0},{"cpu":"cpu2","user":3724.421875,"system":1927.65625,"idle":15342.5078125,"nice":0,"iowait":0,"irq":0,"softirq":0,"steal":0,"guest":0,"guestNice":0,"stolen":0},{"cpu":"cpu3","user":2374.6640625,"system":969.859375,"idle":17650.0625,"nice":0,"iowait":0,"irq":0,"softirq":0,"steal":0,"guest":0,"guestNice":0,"stolen":0}],"time":"2018-02-19 12:13:56.320409 +0900 JST m=+1945.555648579","errorInfo":null}
[Info]2018/02/19 12:13:56 acsessd /api/status.json
[Info]2018/02/19 12:13:56 {"hostname":"ksc-1x-dhcp-172-29-194-195.kwansei.ac.jp","hostid":"18d901f1-4a03-3ff1-ae34-c26b2732f13c","virtualizationSystem":"","total":8589934592,"available":2320957440,"usedPercent":72.98049926757812,"diskIO":[{"name":"disk0","ioTime":1294894,"weightedIO":0}],"cpu":[{"cpu":"cpu0","user":3839.75,"system":2193.9609375,"idle":14962.0859375,"nice":0,"iowait":0,"irq":0,"softirq":0,"steal":0,"guest":0,"guestNice":0,"stolen":0},{"cpu":"cpu1","user":2340.15625,"system":957.078125,"idle":17697.7421875,"nice":0,"iowait":0,"irq":0,"softirq":0,"steal":0,"guest":0,"guestNice":0,"stolen":0},{"cpu":"cpu2","user":3724.53125,"system":1927.6796875,"idle":15342.765625,"nice":0,"iowait":0,"irq":0,"softirq":0,"steal":0,"guest":0,"guestNice":0,"stolen":0},{"cpu":"cpu3","user":2374.6953125,"system":969.8671875,"idle":17650.4140625,"nice":0,"iowait":0,"irq":0,"softirq":0,"steal":0,"guest":0,"guestNice":0,"stolen":0}],"time":"2018-02-19 12:13:56.822419 +0900 JST m=+1946.057657384","errorInfo":null}
[Info]2018/02/19 12:13:57 acsessd /api/status.json
[Info]2018/02/19 12:13:57 {"hostname":"ksc-1x-dhcp-172-29-194-195.kwansei.ac.jp","hostid":"18d901f1-4a03-3ff1-ae34-c26b2732f13c","virtualizationSystem":"","total":8589934592,"available":2321072128,"usedPercent":72.97916412353516,"diskIO":[{"name":"disk0","ioTime":1294894,"weightedIO":0}],"cpu":[{"cpu":"cpu0","user":3839.796875,"system":2193.9921875,"idle":14962.3984375,"nice":0,"iowait":0,"irq":0,"softirq":0,"steal":0,"guest":0,"guestNice":0,"stolen":0},{"cpu":"cpu1","user":2340.171875,"system":957.0859375,"idle":17698.1171875,"nice":0,"iowait":0,"irq":0,"softirq":0,"steal":0,"guest":0,"guestNice":0,"stolen":0},{"cpu":"cpu2","user":3724.6015625,"system":1927.7109375,"idle":15343.0625,"nice":0,"iowait":0,"irq":0,"softirq":0,"steal":0,"guest":0,"guestNice":0,"stolen":0},{"cpu":"cpu3","user":2374.7109375,"system":969.875,"idle":17650.78125,"nice":0,"iowait":0,"irq":0,"softirq":0,"steal":0,"guest":0,"guestNice":0,"stolen":0}],"time":"2018-02-19 12:13:57.322803 +0900 JST m=+1946.558041439","errorInfo":null}
[Info]2018/02/19 12:13:57 acsessd /api/status.json
[Info]2018/02/19 12:13:57 {"hostname":"ksc-1x-dhcp-172-29-194-195.kwansei.ac.jp","hostid":"18d901f1-4a03-3ff1-ae34-c26b2732f13c","virtualizationSystem":"","total":8589934592,"available":2319552512,"usedPercent":72.99685478210449,"diskIO":[{"name":"disk0","ioTime":1294894,"weightedIO":0}],"cpu":[{"cpu":"cpu0","user":3840,"system":2194.0234375,"idle":14962.546875,"nice":0,"iowait":0,"irq":0,"softirq":0,"steal":0,"guest":0,"guestNice":0,"stolen":0},{"cpu":"cpu1","user":2340.2578125,"system":957.109375,"idle":17698.3984375,"nice":0,"iowait":0,"irq":0,"softirq":0,"steal":0,"guest":0,"guestNice":0,"stolen":0},{"cpu":"cpu2","user":3724.796875,"system":1927.7421875,"idle":15343.2265625,"nice":0,"iowait":0,"irq":0,"softirq":0,"steal":0,"guest":0,"guestNice":0,"stolen":0},{"cpu":"cpu3","user":2374.796875,"system":969.890625,"idle":17651.0703125,"nice":0,"iowait":0,"irq":0,"softirq":0,"steal":0,"guest":0,"guestNice":0,"stolen":0}],"time":"2018-02-19 12:13:57.828542 +0900 JST m=+1947.063778668","errorInfo":null}
[Info]2018/02/19 12:13:58 acsessd /api/status.json
[Info]2018/02/19 12:13:58 {"hostname":"ksc-1x-dhcp-172-29-194-195.kwansei.ac.jp","hostid":"18d901f1-4a03-3ff1-ae34-c26b2732f13c","virtualizationSystem":"","total":8589934592,"available":2319486976,"usedPercent":72.99761772155762,"diskIO":[{"name":"disk0","ioTime":1294894,"weightedIO":0}],"cpu":[{"cpu":"cpu0","user":3840.1875,"system":2194.0703125,"idle":14962.71875,"nice":0,"iowait":0,"irq":0,"softirq":0,"steal":0,"guest":0,"guestNice":0,"stolen":0},{"cpu":"cpu1","user":2340.2890625,"system":957.125,"idle":17698.7421875,"nice":0,"iowait":0,"irq":0,"softirq":0,"steal":0,"guest":0,"guestNice":0,"stolen":0},{"cpu":"cpu2","user":3725.0546875,"system":1927.7734375,"idle":15343.3359375,"nice":0,"iowait":0,"irq":0,"softirq":0,"steal":0,"guest":0,"guestNice":0,"stolen":0},{"cpu":"cpu3","user":2374.828125,"system":969.953125,"idle":17651.375,"nice":0,"iowait":0,"irq":0,"softirq":0,"steal":0,"guest":0,"guestNice":0,"stolen":0}],"time":"2018-02-19 12:13:58.330824 +0900 JST m=+1947.566059797","errorInfo":null}
[Info]2018/02/19 12:13:58 acsessd /api/status.json
[Info]2018/02/19 12:13:58 {"hostname":"ksc-1x-dhcp-172-29-194-195.kwansei.ac.jp","hostid":"18d901f1-4a03-3ff1-ae34-c26b2732f13c","virtualizationSystem":"","total":8589934592,"available":2318753792,"usedPercent":73.00615310668945,"diskIO":[{"name":"disk0","ioTime":1294902,"weightedIO":0}],"cpu":[{"cpu":"cpu0","user":3840.2578125,"system":2194.140625,"idle":14962.9609375,"nice":0,"iowait":0,"irq":0,"softirq":0,"steal":0,"guest":0,"guestNice":0,"stolen":0},{"cpu":"cpu1","user":2340.3203125,"system":957.1484375,"idle":17699.0859375,"nice":0,"iowait":0,"irq":0,"softirq":0,"steal":0,"guest":0,"guestNice":0,"stolen":0},{"cpu":"cpu2","user":3725.109375,"system":1927.9140625,"idle":15343.53125,"nice":0,"iowait":0,"irq":0,"softirq":0,"steal":0,"guest":0,"guestNice":0,"stolen":0},{"cpu":"cpu3","user":2374.859375,"system":969.9765625,"idle":17651.71875,"nice":0,"iowait":0,"irq":0,"softirq":0,"steal":0,"guest":0,"guestNice":0,"stolen":0}],"time":"2018-02-19 12:13:58.8348 +0900 JST m=+1948.070034484","errorInfo":null}
[Info]2018/02/19 12:13:59 acsessd /api/status.json
[Info]2018/02/19 12:13:59 {"hostname":"ksc-1x-dhcp-172-29-194-195.kwansei.ac.jp","hostid":"18d901f1-4a03-3ff1-ae34-c26b2732f13c","virtualizationSystem":"","total":8589934592,"available":2322268160,"usedPercent":72.96524047851562,"diskIO":[{"name":"disk0","ioTime":1294923,"weightedIO":0}],"cpu":[{"cpu":"cpu0","user":3840.5390625,"system":2194.1953125,"idle":14963.015625,"nice":0,"iowait":0,"irq":0,"softirq":0,"steal":0,"guest":0,"guestNice":0,"stolen":0},{"cpu":"cpu1","user":2340.4375,"system":957.171875,"idle":17699.328125,"nice":0,"iowait":0,"irq":0,"softirq":0,"steal":0,"guest":0,"guestNice":0,"stolen":0},{"cpu":"cpu2","user":3725.3203125,"system":1928,"idle":15343.625,"nice":0,"iowait":0,"irq":0,"softirq":0,"steal":0,"guest":0,"guestNice":0,"stolen":0},{"cpu":"cpu3","user":2374.984375,"system":970,"idle":17651.953125,"nice":0,"iowait":0,"irq":0,"softirq":0,"steal":0,"guest":0,"guestNice":0,"stolen":0}],"time":"2018-02-19 12:13:59.332256 +0900 JST m=+1948.567490656","errorInfo":null}
[Info]2018/02/19 12:13:59 acsessd /api/status.json
[Info]2018/02/19 12:13:59 {"hostname":"ksc-1x-dhcp-172-29-194-195.kwansei.ac.jp","hostid":"18d901f1-4a03-3ff1-ae34-c26b2732f13c","virtualizationSystem":"","total":8589934592,"available":2325233664,"usedPercent":72.93071746826172,"diskIO":[{"name":"disk0","ioTime":1294923,"weightedIO":0}],"cpu":[{"cpu":"cpu0","user":3840.7421875,"system":2194.234375,"idle":14963.1640625,"nice":0,"iowait":0,"irq":0,"softirq":0,"steal":0,"guest":0,"guestNice":0,"stolen":0},{"cpu":"cpu1","user":2340.484375,"system":957.1875,"idle":17699.6640625,"nice":0,"iowait":0,"irq":0,"softirq":0,"steal":0,"guest":0,"guestNice":0,"stolen":0},{"cpu":"cpu2","user":3725.5234375,"system":1928.0390625,"idle":15343.7734375,"nice":0,"iowait":0,"irq":0,"softirq":0,"steal":0,"guest":0,"guestNice":0,"stolen":0},{"cpu":"cpu3","user":2375.03125,"system":970.015625,"idle":17652.28125,"nice":0,"iowait":0,"irq":0,"softirq":0,"steal":0,"guest":0,"guestNice":0,"stolen":0}],"time":"2018-02-19 12:13:59.836446 +0900 JST m=+1949.071678828","errorInfo":null}
[Info]2018/02/19 12:14:00 acsessd /api/status.json
[Info]2018/02/19 12:14:00 {"hostname":"ksc-1x-dhcp-172-29-194-195.kwansei.ac.jp","hostid":"18d901f1-4a03-3ff1-ae34-c26b2732f13c","virtualizationSystem":"","total":8589934592,"available":2322849792,"usedPercent":72.95846939086914,"diskIO":[{"name":"disk0","ioTime":1294930,"weightedIO":0}],"cpu":[{"cpu":"cpu0","user":3840.9453125,"system":2194.3046875,"idle":14963.2890625,"nice":0,"iowait":0,"irq":0,"softirq":0,"steal":0,"guest":0,"guestNice":0,"stolen":0},{"cpu":"cpu1","user":2340.6015625,"system":957.21875,"idle":17699.90625,"nice":0,"iowait":0,"irq":0,"softirq":0,"steal":0,"guest":0,"guestNice":0,"stolen":0},{"cpu":"cpu2","user":3725.7421875,"system":1928.078125,"idle":15343.9140625,"nice":0,"iowait":0,"irq":0,"softirq":0,"steal":0,"guest":0,"guestNice":0,"stolen":0},{"cpu":"cpu3","user":2375.15625,"system":970.046875,"idle":17652.5234375,"nice":0,"iowait":0,"irq":0,"softirq":0,"steal":0,"guest":0,"guestNice":0,"stolen":0}],"time":"2018-02-19 12:14:00.340735 +0900 JST m=+1949.575967492","errorInfo":null}
[Info]2018/02/19 12:14:00 acsessd /api/status.json
[Info]2018/02/19 12:14:00 {"hostname":"ksc-1x-dhcp-172-29-194-195.kwansei.ac.jp","hostid":"18d901f1-4a03-3ff1-ae34-c26b2732f13c","virtualizationSystem":"","total":8589934592,"available":2322726912,"usedPercent":72.95989990234375,"diskIO":[{"name":"disk0","ioTime":1294930,"weightedIO":0}],"cpu":[{"cpu":"cpu0","user":3841.1015625,"system":2194.3515625,"idle":14963.4765625,"nice":0,"iowait":0,"irq":0,"softirq":0,"steal":0,"guest":0,"guestNice":0,"stolen":0},{"cpu":"cpu1","user":2340.6796875,"system":957.2421875,"idle":17700.1953125,"nice":0,"iowait":0,"irq":0,"softirq":0,"steal":0,"guest":0,"guestNice":0,"stolen":0},{"cpu":"cpu2","user":3725.9765625,"system":1928.125,"idle":15344.0234375,"nice":0,"iowait":0,"irq":0,"softirq":0,"steal":0,"guest":0,"guestNice":0,"stolen":0},{"cpu":"cpu3","user":2375.2265625,"system":970.078125,"idle":17652.8203125,"nice":0,"iowait":0,"irq":0,"softirq":0,"steal":0,"guest":0,"guestNice":0,"stolen":0}],"time":"2018-02-19 12:14:00.844367 +0900 JST m=+1950.079598082","errorInfo":null}
[Info]2018/02/19 12:14:01 acsessd /api/status.json
[Info]2018/02/19 12:14:01 {"hostname":"ksc-1x-dhcp-172-29-194-195.kwansei.ac.jp","hostid":"18d901f1-4a03-3ff1-ae34-c26b2732f13c","virtualizationSystem":"","total":8589934592,"available":2319491072,"usedPercent":72.9975700378418,"diskIO":[{"name":"disk0","ioTime":1294938,"weightedIO":0}],"cpu":[{"cpu":"cpu0","user":3841.328125,"system":2194.40625,"idle":14963.59375,"nice":0,"iowait":0,"irq":0,"softirq":0,"steal":0,"guest":0,"guestNice":0,"stolen":0},{"cpu":"cpu1","user":2340.7578125,"system":957.2734375,"idle":17700.484375,"nice":0,"iowait":0,"irq":0,"softirq":0,"steal":0,"guest":0,"guestNice":0,"stolen":0},{"cpu":"cpu2","user":3726.1796875,"system":1928.1640625,"idle":15344.171875,"nice":0,"iowait":0,"irq":0,"softirq":0,"steal":0,"guest":0,"guestNice":0,"stolen":0},{"cpu":"cpu3","user":2375.3125,"system":970.09375,"idle":17653.109375,"nice":0,"iowait":0,"irq":0,"softirq":0,"steal":0,"guest":0,"guestNice":0,"stolen":0}],"time":"2018-02-19 12:14:01.348251 +0900 JST m=+1950.583481249","errorInfo":null}
[Info]2018/02/19 12:14:01 acsessd /api/status.json
[Info]2018/02/19 12:14:01 {"hostname":"ksc-1x-dhcp-172-29-194-195.kwansei.ac.jp","hostid":"18d901f1-4a03-3ff1-ae34-c26b2732f13c","virtualizationSystem":"","total":8589934592,"available":2319761408,"usedPercent":72.99442291259766,"diskIO":[{"name":"disk0","ioTime":1294938,"weightedIO":0}],"cpu":[{"cpu":"cpu0","user":3841.5859375,"system":2194.4296875,"idle":14963.703125,"nice":0,"iowait":0,"irq":0,"softirq":0,"steal":0,"guest":0,"guestNice":0,"stolen":0},{"cpu":"cpu1","user":2340.8125,"system":957.2890625,"idle":17700.8046875,"nice":0,"iowait":0,"irq":0,"softirq":0,"steal":0,"guest":0,"guestNice":0,"stolen":0},{"cpu":"cpu2","user":3726.3125,"system":1928.203125,"idle":15344.3984375,"nice":0,"iowait":0,"irq":0,"softirq":0,"steal":0,"guest":0,"guestNice":0,"stolen":0},{"cpu":"cpu3","user":2375.375,"system":970.1171875,"idle":17653.421875,"nice":0,"iowait":0,"irq":0,"softirq":0,"steal":0,"guest":0,"guestNice":0,"stolen":0}],"time":"2018-02-19 12:14:01.852262 +0900 JST m=+1951.087491044","errorInfo":null}
[Info]2018/02/19 12:14:02 acsessd /api/status.json
[Info]2018/02/19 12:14:02 {"hostname":"ksc-1x-dhcp-172-29-194-195.kwansei.ac.jp","hostid":"18d901f1-4a03-3ff1-ae34-c26b2732f13c","virtualizationSystem":"","total":8589934592,"available":2316296192,"usedPercent":73.03476333618164,"diskIO":[{"name":"disk0","ioTime":1294938,"weightedIO":0}],"cpu":[{"cpu":"cpu0","user":3841.7890625,"system":2194.453125,"idle":14963.8671875,"nice":0,"iowait":0,"irq":0,"softirq":0,"steal":0,"guest":0,"guestNice":0,"stolen":0},{"cpu":"cpu1","user":2340.875,"system":957.3046875,"idle":17701.125,"nice":0,"iowait":0,"irq":0,"softirq":0,"steal":0,"guest":0,"guestNice":0,"stolen":0},{"cpu":"cpu2","user":3726.546875,"system":1928.2265625,"idle":15344.53125,"nice":0,"iowait":0,"irq":0,"softirq":0,"steal":0,"guest":0,"guestNice":0,"stolen":0},{"cpu":"cpu3","user":2375.4296875,"system":970.140625,"idle":17653.734375,"nice":0,"iowait":0,"irq":0,"softirq":0,"steal":0,"guest":0,"guestNice":0,"stolen":0}],"time":"2018-02-19 12:14:02.356366 +0900 JST m=+1951.591594572","errorInfo":null}
[Info]2018/02/19 12:14:02 acsessd /api/status.json
[Info]2018/02/19 12:14:02 {"hostname":"ksc-1x-dhcp-172-29-194-195.kwansei.ac.jp","hostid":"18d901f1-4a03-3ff1-ae34-c26b2732f13c","virtualizationSystem":"","total":8589934592,"available":2314682368,"usedPercent":73.05355072021484,"diskIO":[{"name":"disk0","ioTime":1294938,"weightedIO":0}],"cpu":[{"cpu":"cpu0","user":3841.953125,"system":2194.4765625,"idle":14964.0703125,"nice":0,"iowait":0,"irq":0,"softirq":0,"steal":0,"guest":0,"guestNice":0,"stolen":0},{"cpu":"cpu1","user":2340.9375,"system":957.3203125,"idle":17701.4375,"nice":0,"iowait":0,"irq":0,"softirq":0,"steal":0,"guest":0,"guestNice":0,"stolen":0},{"cpu":"cpu2","user":3726.8046875,"system":1928.2578125,"idle":15344.640625,"nice":0,"iowait":0,"irq":0,"softirq":0,"steal":0,"guest":0,"guestNice":0,"stolen":0},{"cpu":"cpu3","user":2375.484375,"system":970.15625,"idle":17654.0546875,"nice":0,"iowait":0,"irq":0,"softirq":0,"steal":0,"guest":0,"guestNice":0,"stolen":0}],"time":"2018-02-19 12:14:02.856601 +0900 JST m=+1952.091828586","errorInfo":null}
[Info]2018/02/19 12:14:03 acsessd /api/status.json
[Info]2018/02/19 12:14:03 {"hostname":"ksc-1x-dhcp-172-29-194-195.kwansei.ac.jp","hostid":"18d901f1-4a03-3ff1-ae34-c26b2732f13c","virtualizationSystem":"","total":8589934592,"available":2300829696,"usedPercent":73.21481704711914,"diskIO":[{"name":"disk0","ioTime":1294965,"weightedIO":0}],"cpu":[{"cpu":"cpu0","user":3842.1640625,"system":2194.5390625,"idle":14964.234375,"nice":0,"iowait":0,"irq":0,"softirq":0,"steal":0,"guest":0,"guestNice":0,"stolen":0},{"cpu":"cpu1","user":2341.015625,"system":957.3515625,"idle":17701.7578125,"nice":0,"iowait":0,"irq":0,"softirq":0,"steal":0,"guest":0,"guestNice":0,"stolen":0},{"cpu":"cpu2","user":3727.0390625,"system":1928.296875,"idle":15344.7890625,"nice":0,"iowait":0,"irq":0,"softirq":0,"steal":0,"guest":0,"guestNice":0,"stolen":0},{"cpu":"cpu3","user":2375.5625,"system":970.1796875,"idle":17654.375,"nice":0,"iowait":0,"irq":0,"softirq":0,"steal":0,"guest":0,"guestNice":0,"stolen":0}],"time":"2018-02-19 12:14:03.409344 +0900 JST m=+1952.644570293","errorInfo":null}
[Info]2018/02/19 12:14:03 acsessd /api/status.json
[Info]2018/02/19 12:14:03 {"hostname":"ksc-1x-dhcp-172-29-194-195.kwansei.ac.jp","hostid":"18d901f1-4a03-3ff1-ae34-c26b2732f13c","virtualizationSystem":"","total":8589934592,"available":2298503168,"usedPercent":73.24190139770508,"diskIO":[{"name":"disk0","ioTime":1294965,"weightedIO":0}],"cpu":[{"cpu":"cpu0","user":3842.2890625,"system":2194.5703125,"idle":14964.4296875,"nice":0,"iowait":0,"irq":0,"softirq":0,"steal":0,"guest":0,"guestNice":0,"stolen":0},{"cpu":"cpu1","user":2341.0703125,"system":957.375,"idle":17702.03125,"nice":0,"iowait":0,"irq":0,"softirq":0,"steal":0,"guest":0,"guestNice":0,"stolen":0},{"cpu":"cpu2","user":3727.2734375,"system":1928.328125,"idle":15344.8828125,"nice":0,"iowait":0,"irq":0,"softirq":0,"steal":0,"guest":0,"guestNice":0,"stolen":0},{"cpu":"cpu3","user":2375.6015625,"system":970.1953125,"idle":17654.6796875,"nice":0,"iowait":0,"irq":0,"softirq":0,"steal":0,"guest":0,"guestNice":0,"stolen":0}],"time":"2018-02-19 12:14:03.862725 +0900 JST m=+1953.097949915","errorInfo":null}
[Info]2018/02/19 12:14:04 acsessd /api/status.json
[Info]2018/02/19 12:14:04 {"hostname":"ksc-1x-dhcp-172-29-194-195.kwansei.ac.jp","hostid":"18d901f1-4a03-3ff1-ae34-c26b2732f13c","virtualizationSystem":"","total":8589934592,"available":2313588736,"usedPercent":73.06628227233887,"diskIO":[{"name":"disk0","ioTime":1294965,"weightedIO":0}],"cpu":[{"cpu":"cpu0","user":3842.53125,"system":2194.6015625,"idle":14964.5546875,"nice":0,"iowait":0,"irq":0,"softirq":0,"steal":0,"guest":0,"guestNice":0,"stolen":0},{"cpu":"cpu1","user":2341.1875,"system":957.3984375,"idle":17702.2890625,"nice":0,"iowait":0,"irq":0,"softirq":0,"steal":0,"guest":0,"guestNice":0,"stolen":0},{"cpu":"cpu2","user":3727.4765625,"system":1928.3515625,"idle":15345.046875,"nice":0,"iowait":0,"irq":0,"softirq":0,"steal":0,"guest":0,"guestNice":0,"stolen":0},{"cpu":"cpu3","user":2375.7421875,"system":970.2109375,"idle":17654.9140625,"nice":0,"iowait":0,"irq":0,"softirq":0,"steal":0,"guest":0,"guestNice":0,"stolen":0}],"time":"2018-02-19 12:14:04.370195 +0900 JST m=+1953.605419203","errorInfo":null}
[Info]2018/02/19 12:14:04 acsessd /api/status.json
[Info]2018/02/19 12:14:04 {"hostname":"ksc-1x-dhcp-172-29-194-195.kwansei.ac.jp","hostid":"18d901f1-4a03-3ff1-ae34-c26b2732f13c","virtualizationSystem":"","total":8589934592,"available":2309668864,"usedPercent":73.1119155883789,"diskIO":[{"name":"disk0","ioTime":1294965,"weightedIO":0}],"cpu":[{"cpu":"cpu0","user":3842.7734375,"system":2194.625,"idle":14964.6796875,"nice":0,"iowait":0,"irq":0,"softirq":0,"steal":0,"guest":0,"guestNice":0,"stolen":0},{"cpu":"cpu1","user":2341.2265625,"system":957.4140625,"idle":17702.6328125,"nice":0,"iowait":0,"irq":0,"softirq":0,"steal":0,"guest":0,"guestNice":0,"stolen":0},{"cpu":"cpu2","user":3727.671875,"system":1928.40625,"idle":15345.1953125,"nice":0,"iowait":0,"irq":0,"softirq":0,"steal":0,"guest":0,"guestNice":0,"stolen":0},{"cpu":"cpu3","user":2375.78125,"system":970.234375,"idle":17655.2421875,"nice":0,"iowait":0,"irq":0,"softirq":0,"steal":0,"guest":0,"guestNice":0,"stolen":0}],"time":"2018-02-19 12:14:04.867759 +0900 JST m=+1954.102982696","errorInfo":null}
[Info]2018/02/19 12:14:05 acsessd /api/status.json
[Info]2018/02/19 12:14:05 {"hostname":"ksc-1x-dhcp-172-29-194-195.kwansei.ac.jp","hostid":"18d901f1-4a03-3ff1-ae34-c26b2732f13c","virtualizationSystem":"","total":8589934592,"available":2309357568,"usedPercent":73.11553955078125,"diskIO":[{"name":"disk0","ioTime":1294965,"weightedIO":0}],"cpu":[{"cpu":"cpu0","user":3842.9375,"system":2194.65625,"idle":14964.8828125,"nice":0,"iowait":0,"irq":0,"softirq":0,"steal":0,"guest":0,"guestNice":0,"stolen":0},{"cpu":"cpu1","user":2341.3046875,"system":957.4296875,"idle":17702.921875,"nice":0,"iowait":0,"irq":0,"softirq":0,"steal":0,"guest":0,"guestNice":0,"stolen":0},{"cpu":"cpu2","user":3727.9140625,"system":1928.4375,"idle":15345.3125,"nice":0,"iowait":0,"irq":0,"softirq":0,"steal":0,"guest":0,"guestNice":0,"stolen":0},{"cpu":"cpu3","user":2375.8671875,"system":970.25,"idle":17655.5390625,"nice":0,"iowait":0,"irq":0,"softirq":0,"steal":0,"guest":0,"guestNice":0,"stolen":0}],"time":"2018-02-19 12:14:05.369846 +0900 JST m=+1954.605068421","errorInfo":null}
[Info]2018/02/19 12:14:05 acsessd /api/status.json
[Info]2018/02/19 12:14:05 {"hostname":"ksc-1x-dhcp-172-29-194-195.kwansei.ac.jp","hostid":"18d901f1-4a03-3ff1-ae34-c26b2732f13c","virtualizationSystem":"","total":8589934592,"available":2308333568,"usedPercent":73.12746047973633,"diskIO":[{"name":"disk0","ioTime":1294965,"weightedIO":0}],"cpu":[{"cpu":"cpu0","user":3843.125,"system":2194.7109375,"idle":14965.0390625,"nice":0,"iowait":0,"irq":0,"softirq":0,"steal":0,"guest":0,"guestNice":0,"stolen":0},{"cpu":"cpu1","user":2341.3671875,"system":957.453125,"idle":17703.2265625,"nice":0,"iowait":0,"irq":0,"softirq":0,"steal":0,"guest":0,"guestNice":0,"stolen":0},{"cpu":"cpu2","user":3728.125,"system":1928.46875,"idle":15345.4609375,"nice":0,"iowait":0,"irq":0,"softirq":0,"steal":0,"guest":0,"guestNice":0,"stolen":0},{"cpu":"cpu3","user":2375.9375,"system":970.2734375,"idle":17655.8359375,"nice":0,"iowait":0,"irq":0,"softirq":0,"steal":0,"guest":0,"guestNice":0,"stolen":0}],"time":"2018-02-19 12:14:05.879494 +0900 JST m=+1955.114715146","errorInfo":null}
[Info]2018/02/19 12:14:06 acsessd /api/status.json
[Info]2018/02/19 12:14:06 {"hostname":"ksc-1x-dhcp-172-29-194-195.kwansei.ac.jp","hostid":"18d901f1-4a03-3ff1-ae34-c26b2732f13c","virtualizationSystem":"","total":8589934592,"available":2307600384,"usedPercent":73.13599586486816,"diskIO":[{"name":"disk0","ioTime":1294965,"weightedIO":0}],"cpu":[{"cpu":"cpu0","user":3843.3515625,"system":2194.7578125,"idle":14965.15625,"nice":0,"iowait":0,"irq":0,"softirq":0,"steal":0,"guest":0,"guestNice":0,"stolen":0},{"cpu":"cpu1","user":2341.453125,"system":957.484375,"idle":17703.515625,"nice":0,"iowait":0,"irq":0,"softirq":0,"steal":0,"guest":0,"guestNice":0,"stolen":0},{"cpu":"cpu2","user":3728.3125,"system":1928.546875,"idle":15345.59375,"nice":0,"iowait":0,"irq":0,"softirq":0,"steal":0,"guest":0,"guestNice":0,"stolen":0},{"cpu":"cpu3","user":2376.015625,"system":970.296875,"idle":17656.1328125,"nice":0,"iowait":0,"irq":0,"softirq":0,"steal":0,"guest":0,"guestNice":0,"stolen":0}],"time":"2018-02-19 12:14:06.38119 +0900 JST m=+1955.616410268","errorInfo":null}
[Info]2018/02/19 12:14:06 acsessd /api/status.json
[Info]2018/02/19 12:14:06 {"hostname":"ksc-1x-dhcp-172-29-194-195.kwansei.ac.jp","hostid":"18d901f1-4a03-3ff1-ae34-c26b2732f13c","virtualizationSystem":"","total":8589934592,"available":2305466368,"usedPercent":73.16083908081055,"diskIO":[{"name":"disk0","ioTime":1294973,"weightedIO":0}],"cpu":[{"cpu":"cpu0","user":3843.5546875,"system":2194.8125,"idle":14965.2890625,"nice":0,"iowait":0,"irq":0,"softirq":0,"steal":0,"guest":0,"guestNice":0,"stolen":0},{"cpu":"cpu1","user":2341.5625,"system":957.5234375,"idle":17703.7578125,"nice":0,"iowait":0,"irq":0,"softirq":0,"steal":0,"guest":0,"guestNice":0,"stolen":0},{"cpu":"cpu2","user":3728.5,"system":1928.6171875,"idle":15345.7265625,"nice":0,"iowait":0,"irq":0,"softirq":0,"steal":0,"guest":0,"guestNice":0,"stolen":0},{"cpu":"cpu3","user":2376.1171875,"system":970.328125,"idle":17656.390625,"nice":0,"iowait":0,"irq":0,"softirq":0,"steal":0,"guest":0,"guestNice":0,"stolen":0}],"time":"2018-02-19 12:14:06.885313 +0900 JST m=+1956.120533028","errorInfo":null}
[Info]2018/02/19 12:14:07 acsessd /api/status.json
[Info]2018/02/19 12:14:07 {"hostname":"ksc-1x-dhcp-172-29-194-195.kwansei.ac.jp","hostid":"18d901f1-4a03-3ff1-ae34-c26b2732f13c","virtualizationSystem":"","total":8589934592,"available":2305597440,"usedPercent":73.1593132019043,"diskIO":[{"name":"disk0","ioTime":1294973,"weightedIO":0}],"cpu":[{"cpu":"cpu0","user":3843.78125,"system":2194.8515625,"idle":14965.40625,"nice":0,"iowait":0,"irq":0,"softirq":0,"steal":0,"guest":0,"guestNice":0,"stolen":0},{"cpu":"cpu1","user":2341.609375,"system":957.546875,"idle":17704.0703125,"nice":0,"iowait":0,"irq":0,"softirq":0,"steal":0,"guest":0,"guestNice":0,"stolen":0},{"cpu":"cpu2","user":3728.6640625,"system":1928.6796875,"idle":15345.8828125,"nice":0,"iowait":0,"irq":0,"softirq":0,"steal":0,"guest":0,"guestNice":0,"stolen":0},{"cpu":"cpu3","user":2376.1796875,"system":970.3359375,"idle":17656.7109375,"nice":0,"iowait":0,"irq":0,"softirq":0,"steal":0,"guest":0,"guestNice":0,"stolen":0}],"time":"2018-02-19 12:14:07.381587 +0900 JST m=+1956.616805789","errorInfo":null}
[Info]2018/02/19 12:14:07 acsessd /api/status.json
[Info]2018/02/19 12:14:07 {"hostname":"ksc-1x-dhcp-172-29-194-195.kwansei.ac.jp","hostid":"18d901f1-4a03-3ff1-ae34-c26b2732f13c","virtualizationSystem":"","total":8589934592,"available":2305286144,"usedPercent":73.16293716430664,"diskIO":[{"name":"disk0","ioTime":1294980,"weightedIO":0}],"cpu":[{"cpu":"cpu0","user":3843.8359375,"system":2194.921875,"idle":14965.671875,"nice":0,"iowait":0,"irq":0,"softirq":0,"steal":0,"guest":0,"guestNice":0,"stolen":0},{"cpu":"cpu1","user":2341.6328125,"system":957.5546875,"idle":17704.4296875,"nice":0,"iowait":0,"irq":0,"softirq":0,"steal":0,"guest":0,"guestNice":0,"stolen":0},{"cpu":"cpu2","user":3728.703125,"system":1928.71875,"idle":15346.1953125,"nice":0,"iowait":0,"irq":0,"softirq":0,"steal":0,"guest":0,"guestNice":0,"stolen":0},{"cpu":"cpu3","user":2376.1953125,"system":970.34375,"idle":17657.078125,"nice":0,"iowait":0,"irq":0,"softirq":0,"steal":0,"guest":0,"guestNice":0,"stolen":0}],"time":"2018-02-19 12:14:07.879421 +0900 JST m=+1957.114638969","errorInfo":null}
[Info]2018/02/19 12:14:08 acsessd /api/status.json
[Info]2018/02/19 12:14:08 {"hostname":"ksc-1x-dhcp-172-29-194-195.kwansei.ac.jp","hostid":"18d901f1-4a03-3ff1-ae34-c26b2732f13c","virtualizationSystem":"","total":8589934592,"available":2302595072,"usedPercent":73.19426536560059,"diskIO":[{"name":"disk0","ioTime":1294988,"weightedIO":0}],"cpu":[{"cpu":"cpu0","user":3844.046875,"system":2194.9921875,"idle":14965.7890625,"nice":0,"iowait":0,"irq":0,"softirq":0,"steal":0,"guest":0,"guestNice":0,"stolen":0},{"cpu":"cpu1","user":2341.71875,"system":957.5859375,"idle":17704.71875,"nice":0,"iowait":0,"irq":0,"softirq":0,"steal":0,"guest":0,"guestNice":0,"stolen":0},{"cpu":"cpu2","user":3728.8984375,"system":1928.8046875,"idle":15346.3125,"nice":0,"iowait":0,"irq":0,"softirq":0,"steal":0,"guest":0,"guestNice":0,"stolen":0},{"cpu":"cpu3","user":2376.3046875,"system":970.375,"idle":17657.34375,"nice":0,"iowait":0,"irq":0,"softirq":0,"steal":0,"guest":0,"guestNice":0,"stolen":0}],"time":"2018-02-19 12:14:08.389911 +0900 JST m=+1957.625127334","errorInfo":null}
[Info]2018/02/19 12:14:08 acsessd /api/status.json
[Info]2018/02/19 12:14:08 {"hostname":"ksc-1x-dhcp-172-29-194-195.kwansei.ac.jp","hostid":"18d901f1-4a03-3ff1-ae34-c26b2732f13c","virtualizationSystem":"","total":8589934592,"available":2302205952,"usedPercent":73.19879531860352,"diskIO":[{"name":"disk0","ioTime":1294988,"weightedIO":0}],"cpu":[{"cpu":"cpu0","user":3844.265625,"system":2195.09375,"idle":14965.8671875,"nice":0,"iowait":0,"irq":0,"softirq":0,"steal":0,"guest":0,"guestNice":0,"stolen":0},{"cpu":"cpu1","user":2341.8046875,"system":957.625,"idle":17704.9765625,"nice":0,"iowait":0,"irq":0,"softirq":0,"steal":0,"guest":0,"guestNice":0,"stolen":0},{"cpu":"cpu2","user":3729.09375,"system":1928.875,"idle":15346.4453125,"nice":0,"iowait":0,"irq":0,"softirq":0,"steal":0,"guest":0,"guestNice":0,"stolen":0},{"cpu":"cpu3","user":2376.40625,"system":970.421875,"idle":17657.5859375,"nice":0,"iowait":0,"irq":0,"softirq":0,"steal":0,"guest":0,"guestNice":0,"stolen":0}],"time":"2018-02-19 12:14:08.892778 +0900 JST m=+1958.127993650","errorInfo":null}
[Info]2018/02/19 12:14:09 acsessd /api/status.json
[Info]2018/02/19 12:14:09 {"hostname":"ksc-1x-dhcp-172-29-194-195.kwansei.ac.jp","hostid":"18d901f1-4a03-3ff1-ae34-c26b2732f13c","virtualizationSystem":"","total":8589934592,"available":2310115328,"usedPercent":73.10671806335449,"diskIO":[{"name":"disk0","ioTime":1295019,"weightedIO":0}],"cpu":[{"cpu":"cpu0","user":3844.515625,"system":2195.1953125,"idle":14965.9375,"nice":0,"iowait":0,"irq":0,"softirq":0,"steal":0,"guest":0,"guestNice":0,"stolen":0},{"cpu":"cpu1","user":2341.984375,"system":957.703125,"idle":17705.140625,"nice":0,"iowait":0,"irq":0,"softirq":0,"steal":0,"guest":0,"guestNice":0,"stolen":0},{"cpu":"cpu2","user":3729.3203125,"system":1928.9765625,"idle":15346.53125,"nice":0,"iowait":0,"irq":0,"softirq":0,"steal":0,"guest":0,"guestNice":0,"stolen":0},{"cpu":"cpu3","user":2376.5546875,"system":970.5078125,"idle":17657.765625,"nice":0,"iowait":0,"irq":0,"softirq":0,"steal":0,"guest":0,"guestNice":0,"stolen":0}],"time":"2018-02-19 12:14:09.43536 +0900 JST m=+1958.670574153","errorInfo":null}
[Info]2018/02/19 12:14:09 acsessd /api/status.json
[Info]2018/02/19 12:14:09 {"hostname":"ksc-1x-dhcp-172-29-194-195.kwansei.ac.jp","hostid":"18d901f1-4a03-3ff1-ae34-c26b2732f13c","virtualizationSystem":"","total":8589934592,"available":2375176192,"usedPercent":72.34930992126465,"diskIO":[{"name":"disk0","ioTime":1295031,"weightedIO":0}],"cpu":[{"cpu":"cpu0","user":3844.703125,"system":2195.328125,"idle":14965.9765625,"nice":0,"iowait":0,"irq":0,"softirq":0,"steal":0,"guest":0,"guestNice":0,"stolen":0},{"cpu":"cpu1","user":2342.1328125,"system":957.8046875,"idle":17705.2578125,"nice":0,"iowait":0,"irq":0,"softirq":0,"steal":0,"guest":0,"guestNice":0,"stolen":0},{"cpu":"cpu2","user":3729.53125,"system":1929.09375,"idle":15346.5703125,"nice":0,"iowait":0,"irq":0,"softirq":0,"steal":0,"guest":0,"guestNice":0,"stolen":0},{"cpu":"cpu3","user":2376.703125,"system":970.609375,"idle":17657.890625,"nice":0,"iowait":0,"irq":0,"softirq":0,"steal":0,"guest":0,"guestNice":0,"stolen":0}],"time":"2018-02-19 12:14:09.902549 +0900 JST m=+1959.137763058","errorInfo":null}
[Info]2018/02/19 12:14:10 acsessd /api/status.json
[Info]2018/02/19 12:14:10 {"hostname":"ksc-1x-dhcp-172-29-194-195.kwansei.ac.jp","hostid":"18d901f1-4a03-3ff1-ae34-c26b2732f13c","virtualizationSystem":"","total":8589934592,"available":2380521472,"usedPercent":72.28708267211914,"diskIO":[{"name":"disk0","ioTime":1295042,"weightedIO":0}],"cpu":[{"cpu":"cpu0","user":3844.953125,"system":2195.40625,"idle":14966.03125,"nice":0,"iowait":0,"irq":0,"softirq":0,"steal":0,"guest":0,"guestNice":0,"stolen":0},{"cpu":"cpu1","user":2342.25,"system":957.875,"idle":17705.4453125,"nice":0,"iowait":0,"irq":0,"softirq":0,"steal":0,"guest":0,"guestNice":0,"stolen":0},{"cpu":"cpu2","user":3729.71875,"system":1929.1875,"idle":15346.671875,"nice":0,"iowait":0,"irq":0,"softirq":0,"steal":0,"guest":0,"guestNice":0,"stolen":0},{"cpu":"cpu3","user":2376.8203125,"system":970.6796875,"idle":17658.0703125,"nice":0,"iowait":0,"irq":0,"softirq":0,"steal":0,"guest":0,"guestNice":0,"stolen":0}],"time":"2018-02-19 12:14:10.386443 +0900 JST m=+1959.621655923","errorInfo":null}
[Info]2018/02/19 12:14:10 acsessd /api/status.json
[Info]2018/02/19 12:14:10 {"hostname":"ksc-1x-dhcp-172-29-194-195.kwansei.ac.jp","hostid":"18d901f1-4a03-3ff1-ae34-c26b2732f13c","virtualizationSystem":"","total":8589934592,"available":2367774720,"usedPercent":72.43547439575195,"diskIO":[{"name":"disk0","ioTime":1295054,"weightedIO":0}],"cpu":[{"cpu":"cpu0","user":3845.171875,"system":2195.4609375,"idle":14966.15625,"nice":0,"iowait":0,"irq":0,"softirq":0,"steal":0,"guest":0,"guestNice":0,"stolen":0},{"cpu":"cpu1","user":2342.40625,"system":957.90625,"idle":17705.671875,"nice":0,"iowait":0,"irq":0,"softirq":0,"steal":0,"guest":0,"guestNice":0,"stolen":0},{"cpu":"cpu2","user":3729.9453125,"system":1929.25,"idle":15346.7890625,"nice":0,"iowait":0,"irq":0,"softirq":0,"steal":0,"guest":0,"guestNice":0,"stolen":0},{"cpu":"cpu3","user":2376.96875,"system":970.71875,"idle":17658.2890625,"nice":0,"iowait":0,"irq":0,"softirq":0,"steal":0,"guest":0,"guestNice":0,"stolen":0}],"time":"2018-02-19 12:14:10.906891 +0900 JST m=+1960.142103153","errorInfo":null}
[Info]2018/02/19 12:14:11 acsessd /api/status.json
[Info]2018/02/19 12:14:11 {"hostname":"ksc-1x-dhcp-172-29-194-195.kwansei.ac.jp","hostid":"18d901f1-4a03-3ff1-ae34-c26b2732f13c","virtualizationSystem":"","total":8589934592,"available":2349301760,"usedPercent":72.65052795410156,"diskIO":[{"name":"disk0","ioTime":1295067,"weightedIO":0}],"cpu":[{"cpu":"cpu0","user":3845.421875,"system":2195.53125,"idle":14966.234375,"nice":0,"iowait":0,"irq":0,"softirq":0,"steal":0,"guest":0,"guestNice":0,"stolen":0},{"cpu":"cpu1","user":2342.5703125,"system":957.953125,"idle":17705.8515625,"nice":0,"iowait":0,"irq":0,"softirq":0,"steal":0,"guest":0,"guestNice":0,"stolen":0},{"cpu":"cpu2","user":3730.1875,"system":1929.3046875,"idle":15346.890625,"nice":0,"iowait":0,"irq":0,"softirq":0,"steal":0,"guest":0,"guestNice":0,"stolen":0},{"cpu":"cpu3","user":2377.1640625,"system":970.765625,"idle":17658.4453125,"nice":0,"iowait":0,"irq":0,"softirq":0,"steal":0,"guest":0,"guestNice":0,"stolen":0}],"time":"2018-02-19 12:14:11.411208 +0900 JST m=+1960.646418153","errorInfo":null}
[Info]2018/02/19 12:14:11 acsessd /api/status.json
[Info]2018/02/19 12:14:11 {"hostname":"ksc-1x-dhcp-172-29-194-195.kwansei.ac.jp","hostid":"18d901f1-4a03-3ff1-ae34-c26b2732f13c","virtualizationSystem":"","total":8589934592,"available":2385207296,"usedPercent":72.2325325012207,"diskIO":[{"name":"disk0","ioTime":1295082,"weightedIO":0}],"cpu":[{"cpu":"cpu0","user":3845.6953125,"system":2195.5859375,"idle":14966.3046875,"nice":0,"iowait":0,"irq":0,"softirq":0,"steal":0,"guest":0,"guestNice":0,"stolen":0},{"cpu":"cpu1","user":2342.75,"system":957.984375,"idle":17706.0390625,"nice":0,"iowait":0,"irq":0,"softirq":0,"steal":0,"guest":0,"guestNice":0,"stolen":0},{"cpu":"cpu2","user":3730.4453125,"system":1929.375,"idle":15346.9609375,"nice":0,"iowait":0,"irq":0,"softirq":0,"steal":0,"guest":0,"guestNice":0,"stolen":0},{"cpu":"cpu3","user":2377.34375,"system":970.8125,"idle":17658.625,"nice":0,"iowait":0,"irq":0,"softirq":0,"steal":0,"guest":0,"guestNice":0,"stolen":0}],"time":"2018-02-19 12:14:11.919392 +0900 JST m=+1961.154600919","errorInfo":null}
[Info]2018/02/19 12:14:12 acsessd /api/status.json
[Info]2018/02/19 12:14:12 {"hostname":"ksc-1x-dhcp-172-29-194-195.kwansei.ac.jp","hostid":"18d901f1-4a03-3ff1-ae34-c26b2732f13c","virtualizationSystem":"","total":8589934592,"available":2385297408,"usedPercent":72.23148345947266,"diskIO":[{"name":"disk0","ioTime":1295117,"weightedIO":0}],"cpu":[{"cpu":"cpu0","user":3845.9609375,"system":2195.6640625,"idle":14966.34375,"nice":0,"iowait":0,"irq":0,"softirq":0,"steal":0,"guest":0,"guestNice":0,"stolen":0},{"cpu":"cpu1","user":2342.984375,"system":958.0390625,"idle":17706.1328125,"nice":0,"iowait":0,"irq":0,"softirq":0,"steal":0,"guest":0,"guestNice":0,"stolen":0},{"cpu":"cpu2","user":3730.734375,"system":1929.4296875,"idle":15346.9921875,"nice":0,"iowait":0,"irq":0,"softirq":0,"steal":0,"guest":0,"guestNice":0,"stolen":0},{"cpu":"cpu3","user":2377.5625,"system":970.8671875,"idle":17658.7265625,"nice":0,"iowait":0,"irq":0,"softirq":0,"steal":0,"guest":0,"guestNice":0,"stolen":0}],"time":"2018-02-19 12:14:12.405806 +0900 JST m=+1961.641015108","errorInfo":null}
[Info]2018/02/19 12:14:12 acsessd /api/status.json
[Info]2018/02/19 12:14:12 {"hostname":"ksc-1x-dhcp-172-29-194-195.kwansei.ac.jp","hostid":"18d901f1-4a03-3ff1-ae34-c26b2732f13c","virtualizationSystem":"","total":8589934592,"available":2374737920,"usedPercent":72.35441207885742,"diskIO":[{"name":"disk0","ioTime":1295135,"weightedIO":0}],"cpu":[{"cpu":"cpu0","user":3846.2109375,"system":2195.7421875,"idle":14966.4140625,"nice":0,"iowait":0,"irq":0,"softirq":0,"steal":0,"guest":0,"guestNice":0,"stolen":0},{"cpu":"cpu1","user":2343.171875,"system":958.0859375,"idle":17706.2890625,"nice":0,"iowait":0,"irq":0,"softirq":0,"steal":0,"guest":0,"guestNice":0,"stolen":0},{"cpu":"cpu2","user":3731,"system":1929.5,"idle":15347.0546875,"nice":0,"iowait":0,"irq":0,"softirq":0,"steal":0,"guest":0,"guestNice":0,"stolen":0},{"cpu":"cpu3","user":2377.7421875,"system":970.921875,"idle":17658.8828125,"nice":0,"iowait":0,"irq":0,"softirq":0,"steal":0,"guest":0,"guestNice":0,"stolen":0}],"time":"2018-02-19 12:14:12.911863 +0900 JST m=+1962.147070778","errorInfo":null}
[Info]2018/02/19 12:14:13 acsessd /api/status.json
[Info]2018/02/19 12:14:13 {"hostname":"ksc-1x-dhcp-172-29-194-195.kwansei.ac.jp","hostid":"18d901f1-4a03-3ff1-ae34-c26b2732f13c","virtualizationSystem":"","total":8589934592,"available":2368028672,"usedPercent":72.4325180053711,"diskIO":[{"name":"disk0","ioTime":1295151,"weightedIO":0}],"cpu":[{"cpu":"cpu0","user":3846.46875,"system":2195.8359375,"idle":14966.46875,"nice":0,"iowait":0,"irq":0,"softirq":0,"steal":0,"guest":0,"guestNice":0,"stolen":0},{"cpu":"cpu1","user":2343.3828125,"system":958.125,"idle":17706.4375,"nice":0,"iowait":0,"irq":0,"softirq":0,"steal":0,"guest":0,"guestNice":0,"stolen":0},{"cpu":"cpu2","user":3731.265625,"system":1929.5703125,"idle":15347.1171875,"nice":0,"iowait":0,"irq":0,"softirq":0,"steal":0,"guest":0,"guestNice":0,"stolen":0},{"cpu":"cpu3","user":2377.9453125,"system":970.96875,"idle":17659.03125,"nice":0,"iowait":0,"irq":0,"softirq":0,"steal":0,"guest":0,"guestNice":0,"stolen":0}],"time":"2018-02-19 12:14:13.430118 +0900 JST m=+1962.665325257","errorInfo":null}
[Info]2018/02/19 12:14:13 acsessd /api/status.json
[Info]2018/02/19 12:14:13 {"hostname":"ksc-1x-dhcp-172-29-194-195.kwansei.ac.jp","hostid":"18d901f1-4a03-3ff1-ae34-c26b2732f13c","virtualizationSystem":"","total":8589934592,"available":2362732544,"usedPercent":72.49417304992676,"diskIO":[{"name":"disk0","ioTime":1295180,"weightedIO":0}],"cpu":[{"cpu":"cpu0","user":3846.8046875,"system":2195.890625,"idle":14966.4921875,"nice":0,"iowait":0,"irq":0,"softirq":0,"steal":0,"guest":0,"guestNice":0,"stolen":0},{"cpu":"cpu1","user":2343.5703125,"system":958.1953125,"idle":17706.6015625,"nice":0,"iowait":0,"irq":0,"softirq":0,"steal":0,"guest":0,"guestNice":0,"stolen":0},{"cpu":"cpu2","user":3731.546875,"system":1929.65625,"idle":15347.171875,"nice":0,"iowait":0,"irq":0,"softirq":0,"steal":0,"guest":0,"guestNice":0,"stolen":0},{"cpu":"cpu3","user":2378.15625,"system":971.0390625,"idle":17659.171875,"nice":0,"iowait":0,"irq":0,"softirq":0,"steal":0,"guest":0,"guestNice":0,"stolen":0}],"time":"2018-02-19 12:14:13.962234 +0900 JST m=+1963.197439994","errorInfo":null}
[Info]2018/02/19 12:14:14 acsessd /api/status.json
[Info]2018/02/19 12:14:14 {"hostname":"ksc-1x-dhcp-172-29-194-195.kwansei.ac.jp","hostid":"18d901f1-4a03-3ff1-ae34-c26b2732f13c","virtualizationSystem":"","total":8589934592,"available":2347220992,"usedPercent":72.67475128173828,"diskIO":[{"name":"disk0","ioTime":1295190,"weightedIO":0}],"cpu":[{"cpu":"cpu0","user":3847.0703125,"system":2195.984375,"idle":14966.5390625,"nice":0,"iowait":0,"irq":0,"softirq":0,"steal":0,"guest":0,"guestNice":0,"stolen":0},{"cpu":"cpu1","user":2343.78125,"system":958.2734375,"idle":17706.7265625,"nice":0,"iowait":0,"irq":0,"softirq":0,"steal":0,"guest":0,"guestNice":0,"stolen":0},{"cpu":"cpu2","user":3731.828125,"system":1929.734375,"idle":15347.21875,"nice":0,"iowait":0,"irq":0,"softirq":0,"steal":0,"guest":0,"guestNice":0,"stolen":0},{"cpu":"cpu3","user":2378.375,"system":971.09375,"idle":17659.3046875,"nice":0,"iowait":0,"irq":0,"softirq":0,"steal":0,"guest":0,"guestNice":0,"stolen":0}],"time":"2018-02-19 12:14:14.482954 +0900 JST m=+1963.718158613","errorInfo":null}
[Info]2018/02/19 12:14:14 acsessd /api/status.json
[Info]2018/02/19 12:14:14 {"hostname":"ksc-1x-dhcp-172-29-194-195.kwansei.ac.jp","hostid":"18d901f1-4a03-3ff1-ae34-c26b2732f13c","virtualizationSystem":"","total":8589934592,"available":2343489536,"usedPercent":72.71819114685059,"diskIO":[{"name":"disk0","ioTime":1295209,"weightedIO":0}],"cpu":[{"cpu":"cpu0","user":3847.3203125,"system":2196.0625,"idle":14966.5859375,"nice":0,"iowait":0,"irq":0,"softirq":0,"steal":0,"guest":0,"guestNice":0,"stolen":0},{"cpu":"cpu1","user":2343.96875,"system":958.3125,"idle":17706.8671875,"nice":0,"iowait":0,"irq":0,"softirq":0,"steal":0,"guest":0,"guestNice":0,"stolen":0},{"cpu":"cpu2","user":3732.0546875,"system":1929.8125,"idle":15347.2734375,"nice":0,"iowait":0,"irq":0,"softirq":0,"steal":0,"guest":0,"guestNice":0,"stolen":0},{"cpu":"cpu3","user":2378.5546875,"system":971.1328125,"idle":17659.453125,"nice":0,"iowait":0,"irq":0,"softirq":0,"steal":0,"guest":0,"guestNice":0,"stolen":0}],"time":"2018-02-19 12:14:14.958412 +0900 JST m=+1964.193616129","errorInfo":null}
[Info]2018/02/19 12:14:15 acsessd /api/status.json
[Info]2018/02/19 12:14:15 {"hostname":"ksc-1x-dhcp-172-29-194-195.kwansei.ac.jp","hostid":"18d901f1-4a03-3ff1-ae34-c26b2732f13c","virtualizationSystem":"","total":8589934592,"available":2342141952,"usedPercent":72.73387908935547,"diskIO":[{"name":"disk0","ioTime":1295217,"weightedIO":0}],"cpu":[{"cpu":"cpu0","user":3847.6015625,"system":2196.1328125,"idle":14966.625,"nice":0,"iowait":0,"irq":0,"softirq":0,"steal":0,"guest":0,"guestNice":0,"stolen":0},{"cpu":"cpu1","user":2344.203125,"system":958.3671875,"idle":17706.9765625,"nice":0,"iowait":0,"irq":0,"softirq":0,"steal":0,"guest":0,"guestNice":0,"stolen":0},{"cpu":"cpu2","user":3732.3515625,"system":1929.875,"idle":15347.328125,"nice":0,"iowait":0,"irq":0,"softirq":0,"steal":0,"guest":0,"guestNice":0,"stolen":0},{"cpu":"cpu3","user":2378.765625,"system":971.1953125,"idle":17659.578125,"nice":0,"iowait":0,"irq":0,"softirq":0,"steal":0,"guest":0,"guestNice":0,"stolen":0}],"time":"2018-02-19 12:14:15.467139 +0900 JST m=+1964.702341497","errorInfo":null}
[Info]2018/02/19 12:14:15 acsessd /api/status.json
[Info]2018/02/19 12:14:16 {"hostname":"ksc-1x-dhcp-172-29-194-195.kwansei.ac.jp","hostid":"18d901f1-4a03-3ff1-ae34-c26b2732f13c","virtualizationSystem":"","total":8589934592,"available":2170834944,"usedPercent":74.7281551361084,"diskIO":[{"name":"disk0","ioTime":1295234,"weightedIO":0}],"cpu":[{"cpu":"cpu0","user":3848.015625,"system":2196.375,"idle":14966.65625,"nice":0,"iowait":0,"irq":0,"softirq":0,"steal":0,"guest":0,"guestNice":0,"stolen":0},{"cpu":"cpu1","user":2344.5859375,"system":958.6171875,"idle":17707.03125,"nice":0,"iowait":0,"irq":0,"softirq":0,"steal":0,"guest":0,"guestNice":0,"stolen":0},{"cpu":"cpu2","user":3732.7890625,"system":1930.109375,"idle":15347.34375,"nice":0,"iowait":0,"irq":0,"softirq":0,"steal":0,"guest":0,"guestNice":0,"stolen":0},{"cpu":"cpu3","user":2379.140625,"system":971.4453125,"idle":17659.6484375,"nice":0,"iowait":0,"irq":0,"softirq":0,"steal":0,"guest":0,"guestNice":0,"stolen":0}],"time":"2018-02-19 12:14:16.348155 +0900 JST m=+1965.583354162","errorInfo":null}
[Info]2018/02/19 12:14:16 acsessd /api/status.json
[Info]2018/02/19 12:14:16 {"hostname":"ksc-1x-dhcp-172-29-194-195.kwansei.ac.jp","hostid":"18d901f1-4a03-3ff1-ae34-c26b2732f13c","virtualizationSystem":"","total":8589934592,"available":2187554816,"usedPercent":74.53351020812988,"diskIO":[{"name":"disk0","ioTime":1295242,"weightedIO":0}],"cpu":[{"cpu":"cpu0","user":3848.15625,"system":2196.4296875,"idle":14966.65625,"nice":0,"iowait":0,"irq":0,"softirq":0,"steal":0,"guest":0,"guestNice":0,"stolen":0},{"cpu":"cpu1","user":2344.7109375,"system":958.6875,"idle":17707.03125,"nice":0,"iowait":0,"irq":0,"softirq":0,"steal":0,"guest":0,"guestNice":0,"stolen":0},{"cpu":"cpu2","user":3732.90625,"system":1930.1796875,"idle":15347.34375,"nice":0,"iowait":0,"irq":0,"softirq":0,"steal":0,"guest":0,"guestNice":0,"stolen":0},{"cpu":"cpu3","user":2379.2734375,"system":971.5078125,"idle":17659.6484375,"nice":0,"iowait":0,"irq":0,"softirq":0,"steal":0,"guest":0,"guestNice":0,"stolen":0}],"time":"2018-02-19 12:14:16.599882 +0900 JST m=+1965.835082676","errorInfo":null}
[Info]2018/02/19 12:14:16 acsessd /api/status.json
[Info]2018/02/19 12:14:16 {"hostname":"ksc-1x-dhcp-172-29-194-195.kwansei.ac.jp","hostid":"18d901f1-4a03-3ff1-ae34-c26b2732f13c","virtualizationSystem":"","total":8589934592,"available":2292031488,"usedPercent":73.31724166870117,"diskIO":[{"name":"disk0","ioTime":1295258,"weightedIO":0}],"cpu":[{"cpu":"cpu0","user":3848.3359375,"system":2196.484375,"idle":14966.6953125,"nice":0,"iowait":0,"irq":0,"softirq":0,"steal":0,"guest":0,"guestNice":0,"stolen":0},{"cpu":"cpu1","user":2344.859375,"system":958.734375,"idle":17707.109375,"nice":0,"iowait":0,"irq":0,"softirq":0,"steal":0,"guest":0,"guestNice":0,"stolen":0},{"cpu":"cpu2","user":3733.09375,"system":1930.2265625,"idle":15347.375,"nice":0,"iowait":0,"irq":0,"softirq":0,"steal":0,"guest":0,"guestNice":0,"stolen":0},{"cpu":"cpu3","user":2379.421875,"system":971.546875,"idle":17659.7265625,"nice":0,"iowait":0,"irq":0,"softirq":0,"steal":0,"guest":0,"guestNice":0,"stolen":0}],"time":"2018-02-19 12:14:16.942564 +0900 JST m=+1966.177764374","errorInfo":null}
[Info]2018/02/19 12:14:17 acsessd /api/status.json
[Info]2018/02/19 12:14:17 {"hostname":"ksc-1x-dhcp-172-29-194-195.kwansei.ac.jp","hostid":"18d901f1-4a03-3ff1-ae34-c26b2732f13c","virtualizationSystem":"","total":8589934592,"available":2299805696,"usedPercent":73.22673797607422,"diskIO":[{"name":"disk0","ioTime":1295287,"weightedIO":0}],"cpu":[{"cpu":"cpu0","user":3848.59375,"system":2196.5546875,"idle":14966.765625,"nice":0,"iowait":0,"irq":0,"softirq":0,"steal":0,"guest":0,"guestNice":0,"stolen":0},{"cpu":"cpu1","user":2345.0625,"system":958.796875,"idle":17707.234375,"nice":0,"iowait":0,"irq":0,"softirq":0,"steal":0,"guest":0,"guestNice":0,"stolen":0},{"cpu":"cpu2","user":3733.3671875,"system":1930.296875,"idle":15347.4375,"nice":0,"iowait":0,"irq":0,"softirq":0,"steal":0,"guest":0,"guestNice":0,"stolen":0},{"cpu":"cpu3","user":2379.65625,"system":971.5859375,"idle":17659.8515625,"nice":0,"iowait":0,"irq":0,"softirq":0,"steal":0,"guest":0,"guestNice":0,"stolen":0}],"time":"2018-02-19 12:14:17.456488 +0900 JST m=+1966.691687409","errorInfo":null}
[Info]2018/02/19 12:14:17 acsessd /api/status.json
[Info]2018/02/19 12:14:18 {"hostname":"ksc-1x-dhcp-172-29-194-195.kwansei.ac.jp","hostid":"18d901f1-4a03-3ff1-ae34-c26b2732f13c","virtualizationSystem":"","total":8589934592,"available":2276569088,"usedPercent":73.49724769592285,"diskIO":[{"name":"disk0","ioTime":1295303,"weightedIO":0}],"cpu":[{"cpu":"cpu0","user":3848.9609375,"system":2196.6640625,"idle":14966.8125,"nice":0,"iowait":0,"irq":0,"softirq":0,"steal":0,"guest":0,"guestNice":0,"stolen":0},{"cpu":"cpu1","user":2345.390625,"system":958.8984375,"idle":17707.3359375,"nice":0,"iowait":0,"irq":0,"softirq":0,"steal":0,"guest":0,"guestNice":0,"stolen":0},{"cpu":"cpu2","user":3733.75,"system":1930.3984375,"idle":15347.484375,"nice":0,"iowait":0,"irq":0,"softirq":0,"steal":0,"guest":0,"guestNice":0,"stolen":0},{"cpu":"cpu3","user":2379.9921875,"system":971.6796875,"idle":17659.953125,"nice":0,"iowait":0,"irq":0,"softirq":0,"steal":0,"guest":0,"guestNice":0,"stolen":0}],"time":"2018-02-19 12:14:18.133067 +0900 JST m=+1967.368264055","errorInfo":null}
[Info]2018/02/19 12:14:18 acsessd /api/status.json
[Info]2018/02/19 12:14:18 {"hostname":"ksc-1x-dhcp-172-29-194-195.kwansei.ac.jp","hostid":"18d901f1-4a03-3ff1-ae34-c26b2732f13c","virtualizationSystem":"","total":8589934592,"available":2263072768,"usedPercent":73.65436553955078,"diskIO":[{"name":"disk0","ioTime":1295318,"weightedIO":0}],"cpu":[{"cpu":"cpu0","user":3849.2109375,"system":2196.7109375,"idle":14966.8125,"nice":0,"iowait":0,"irq":0,"softirq":0,"steal":0,"guest":0,"guestNice":0,"stolen":0},{"cpu":"cpu1","user":2345.625,"system":958.953125,"idle":17707.3359375,"nice":0,"iowait":0,"irq":0,"softirq":0,"steal":0,"guest":0,"guestNice":0,"stolen":0},{"cpu":"cpu2","user":3733.9765625,"system":1930.4609375,"idle":15347.484375,"nice":0,"iowait":0,"irq":0,"softirq":0,"steal":0,"guest":0,"guestNice":0,"stolen":0},{"cpu":"cpu3","user":2380.234375,"system":971.734375,"idle":17659.953125,"nice":0,"iowait":0,"irq":0,"softirq":0,"steal":0,"guest":0,"guestNice":0,"stolen":0}],"time":"2018-02-19 12:14:18.506538 +0900 JST m=+1967.741734752","errorInfo":null}
[Info]2018/02/19 12:14:18 acsessd /api/status.json
[Info]2018/02/19 12:14:18 {"hostname":"ksc-1x-dhcp-172-29-194-195.kwansei.ac.jp","hostid":"18d901f1-4a03-3ff1-ae34-c26b2732f13c","virtualizationSystem":"","total":8589934592,"available":2326908928,"usedPercent":72.91121482849121,"diskIO":[{"name":"disk0","ioTime":1295355,"weightedIO":0}],"cpu":[{"cpu":"cpu0","user":3849.5078125,"system":2196.7734375,"idle":14966.8125,"nice":0,"iowait":0,"irq":0,"softirq":0,"steal":0,"guest":0,"guestNice":0,"stolen":0},{"cpu":"cpu1","user":2345.9140625,"system":959.0234375,"idle":17707.3359375,"nice":0,"iowait":0,"irq":0,"softirq":0,"steal":0,"guest":0,"guestNice":0,"stolen":0},{"cpu":"cpu2","user":3734.265625,"system":1930.5390625,"idle":15347.484375,"nice":0,"iowait":0,"irq":0,"softirq":0,"steal":0,"guest":0,"guestNice":0,"stolen":0},{"cpu":"cpu3","user":2380.515625,"system":971.8125,"idle":17659.953125,"nice":0,"iowait":0,"irq":0,"softirq":0,"steal":0,"guest":0,"guestNice":0,"stolen":0}],"time":"2018-02-19 12:14:18.966341 +0900 JST m=+1968.201536452","errorInfo":null}
[Info]2018/02/19 12:14:19 acsessd /api/status.json
[Info]2018/02/19 12:14:19 {"hostname":"ksc-1x-dhcp-172-29-194-195.kwansei.ac.jp","hostid":"18d901f1-4a03-3ff1-ae34-c26b2732f13c","virtualizationSystem":"","total":8589934592,"available":2326908928,"usedPercent":72.91121482849121,"diskIO":[{"name":"disk0","ioTime":1295376,"weightedIO":0}],"cpu":[{"cpu":"cpu0","user":3849.8359375,"system":2196.8515625,"idle":14966.8125,"nice":0,"iowait":0,"irq":0,"softirq":0,"steal":0,"guest":0,"guestNice":0,"stolen":0},{"cpu":"cpu1","user":2346.25,"system":959.1015625,"idle":17707.3359375,"nice":0,"iowait":0,"irq":0,"softirq":0,"steal":0,"guest":0,"guestNice":0,"stolen":0},{"cpu":"cpu2","user":3734.5703125,"system":1930.6328125,"idle":15347.484375,"nice":0,"iowait":0,"irq":0,"softirq":0,"steal":0,"guest":0,"guestNice":0,"stolen":0},{"cpu":"cpu3","user":2380.8203125,"system":971.9140625,"idle":17659.953125,"nice":0,"iowait":0,"irq":0,"softirq":0,"steal":0,"guest":0,"guestNice":0,"stolen":0}],"time":"2018-02-19 12:14:19.488548 +0900 JST m=+1968.723743322","errorInfo":null}
[Info]2018/02/19 12:14:19 acsessd /api/status.json
[Info]2018/02/19 12:14:20 {"hostname":"ksc-1x-dhcp-172-29-194-195.kwansei.ac.jp","hostid":"18d901f1-4a03-3ff1-ae34-c26b2732f13c","virtualizationSystem":"","total":8589934592,"available":2261372928,"usedPercent":73.67415428161621,"diskIO":[{"name":"disk0","ioTime":1295395,"weightedIO":0}],"cpu":[{"cpu":"cpu0","user":3850.1484375,"system":2197.0234375,"idle":14966.8125,"nice":0,"iowait":0,"irq":0,"softirq":0,"steal":0,"guest":0,"guestNice":0,"stolen":0},{"cpu":"cpu1","user":2346.546875,"system":959.2890625,"idle":17707.3359375,"nice":0,"iowait":0,"irq":0,"softirq":0,"steal":0,"guest":0,"guestNice":0,"stolen":0},{"cpu":"cpu2","user":3734.8828125,"system":1930.8125,"idle":15347.484375,"nice":0,"iowait":0,"irq":0,"softirq":0,"steal":0,"guest":0,"guestNice":0,"stolen":0},{"cpu":"cpu3","user":2381.125,"system":972.09375,"idle":17659.953125,"nice":0,"iowait":0,"irq":0,"softirq":0,"steal":0,"guest":0,"guestNice":0,"stolen":0}],"time":"2018-02-19 12:14:20.108181 +0900 JST m=+1969.343375056","errorInfo":null}
[Info]2018/02/19 12:14:20 acsessd /api/status.json
[Info]2018/02/19 12:14:20 {"hostname":"ksc-1x-dhcp-172-29-194-195.kwansei.ac.jp","hostid":"18d901f1-4a03-3ff1-ae34-c26b2732f13c","virtualizationSystem":"","total":8589934592,"available":2162466816,"usedPercent":74.8255729675293,"diskIO":[{"name":"disk0","ioTime":1295405,"weightedIO":0}],"cpu":[{"cpu":"cpu0","user":3850.3125,"system":2197.1640625,"idle":14966.8125,"nice":0,"iowait":0,"irq":0,"softirq":0,"steal":0,"guest":0,"guestNice":0,"stolen":0},{"cpu":"cpu1","user":2346.7109375,"system":959.421875,"idle":17707.3359375,"nice":0,"iowait":0,"irq":0,"softirq":0,"steal":0,"guest":0,"guestNice":0,"stolen":0},{"cpu":"cpu2","user":3735.0546875,"system":1930.9375,"idle":15347.484375,"nice":0,"iowait":0,"irq":0,"softirq":0,"steal":0,"guest":0,"guestNice":0,"stolen":0},{"cpu":"cpu3","user":2381.28125,"system":972.2421875,"idle":17659.953125,"nice":0,"iowait":0,"irq":0,"softirq":0,"steal":0,"guest":0,"guestNice":0,"stolen":0}],"time":"2018-02-19 12:14:20.497214 +0900 JST m=+1969.732406828","errorInfo":null}
[Info]2018/02/19 12:14:20 acsessd /api/status.json
[Info]2018/02/19 12:14:21 {"hostname":"ksc-1x-dhcp-172-29-194-195.kwansei.ac.jp","hostid":"18d901f1-4a03-3ff1-ae34-c26b2732f13c","virtualizationSystem":"","total":8589934592,"available":2242707456,"usedPercent":73.89144897460938,"diskIO":[{"name":"disk0","ioTime":1295430,"weightedIO":0}],"cpu":[{"cpu":"cpu0","user":3850.6484375,"system":2197.328125,"idle":14966.8125,"nice":0,"iowait":0,"irq":0,"softirq":0,"steal":0,"guest":0,"guestNice":0,"stolen":0},{"cpu":"cpu1","user":2347.03125,"system":959.6015625,"idle":17707.3359375,"nice":0,"iowait":0,"irq":0,"softirq":0,"steal":0,"guest":0,"guestNice":0,"stolen":0},{"cpu":"cpu2","user":3735.3828125,"system":1931.109375,"idle":15347.484375,"nice":0,"iowait":0,"irq":0,"softirq":0,"steal":0,"guest":0,"guestNice":0,"stolen":0},{"cpu":"cpu3","user":2381.59375,"system":972.421875,"idle":17659.953125,"nice":0,"iowait":0,"irq":0,"softirq":0,"steal":0,"guest":0,"guestNice":0,"stolen":0}],"time":"2018-02-19 12:14:21.134682 +0900 JST m=+1970.369873710","errorInfo":null}
[Info]2018/02/19 12:14:21 acsessd /api/status.json
[Info]2018/02/19 12:14:21 {"hostname":"ksc-1x-dhcp-172-29-194-195.kwansei.ac.jp","hostid":"18d901f1-4a03-3ff1-ae34-c26b2732f13c","virtualizationSystem":"","total":8589934592,"available":2225782784,"usedPercent":74.0884780883789,"diskIO":[{"name":"disk0","ioTime":1295437,"weightedIO":0}],"cpu":[{"cpu":"cpu0","user":3850.875,"system":2197.40625,"idle":14966.8125,"nice":0,"iowait":0,"irq":0,"softirq":0,"steal":0,"guest":0,"guestNice":0,"stolen":0},{"cpu":"cpu1","user":2347.265625,"system":959.671875,"idle":17707.3359375,"nice":0,"iowait":0,"irq":0,"softirq":0,"steal":0,"guest":0,"guestNice":0,"stolen":0},{"cpu":"cpu2","user":3735.6015625,"system":1931.1953125,"idle":15347.484375,"nice":0,"iowait":0,"irq":0,"softirq":0,"steal":0,"guest":0,"guestNice":0,"stolen":0},{"cpu":"cpu3","user":2381.8203125,"system":972.5,"idle":17659.953125,"nice":0,"iowait":0,"irq":0,"softirq":0,"steal":0,"guest":0,"guestNice":0,"stolen":0}],"time":"2018-02-19 12:14:21.524522 +0900 JST m=+1970.759712517","errorInfo":null}
[Info]2018/02/19 12:14:21 acsessd /api/status.json
[Info]2018/02/19 12:14:22 {"hostname":"ksc-1x-dhcp-172-29-194-195.kwansei.ac.jp","hostid":"18d901f1-4a03-3ff1-ae34-c26b2732f13c","virtualizationSystem":"","total":8589934592,"available":2195890176,"usedPercent":74.43647384643555,"diskIO":[{"name":"disk0","ioTime":1295451,"weightedIO":0}],"cpu":[{"cpu":"cpu0","user":3851.1640625,"system":2197.46875,"idle":14966.84375,"nice":0,"iowait":0,"irq":0,"softirq":0,"steal":0,"guest":0,"guestNice":0,"stolen":0},{"cpu":"cpu1","user":2347.5546875,"system":959.71875,"idle":17707.390625,"nice":0,"iowait":0,"irq":0,"softirq":0,"steal":0,"guest":0,"guestNice":0,"stolen":0},{"cpu":"cpu2","user":3735.9140625,"system":1931.2421875,"idle":15347.5078125,"nice":0,"iowait":0,"irq":0,"softirq":0,"steal":0,"guest":0,"guestNice":0,"stolen":0},{"cpu":"cpu3","user":2382.09375,"system":972.546875,"idle":17660.015625,"nice":0,"iowait":0,"irq":0,"softirq":0,"steal":0,"guest":0,"guestNice":0,"stolen":0}],"time":"2018-02-19 12:14:22.016919 +0900 JST m=+1971.252106450","errorInfo":null}
[Info]2018/02/19 12:14:22 acsessd /api/status.json
[Info]2018/02/19 12:14:22 {"hostname":"ksc-1x-dhcp-172-29-194-195.kwansei.ac.jp","hostid":"18d901f1-4a03-3ff1-ae34-c26b2732f13c","virtualizationSystem":"","total":8589934592,"available":2233266176,"usedPercent":74.0013599395752,"diskIO":[{"name":"disk0","ioTime":1295466,"weightedIO":0}],"cpu":[{"cpu":"cpu0","user":3851.4375,"system":2197.5078125,"idle":14966.8828125,"nice":0,"iowait":0,"irq":0,"softirq":0,"steal":0,"guest":0,"guestNice":0,"stolen":0},{"cpu":"cpu1","user":2347.78125,"system":959.7578125,"idle":17707.4765625,"nice":0,"iowait":0,"irq":0,"softirq":0,"steal":0,"guest":0,"guestNice":0,"stolen":0},{"cpu":"cpu2","user":3736.1796875,"system":1931.3046875,"idle":15347.5390625,"nice":0,"iowait":0,"irq":0,"softirq":0,"steal":0,"guest":0,"guestNice":0,"stolen":0},{"cpu":"cpu3","user":2382.34375,"system":972.5859375,"idle":17660.09375,"nice":0,"iowait":0,"irq":0,"softirq":0,"steal":0,"guest":0,"guestNice":0,"stolen":0}],"time":"2018-02-19 12:14:22.473989 +0900 JST m=+1971.709178540","errorInfo":null}
[Info]2018/02/19 12:14:22 acsessd /api/status.json
[Info]2018/02/19 12:14:23 {"hostname":"ksc-1x-dhcp-172-29-194-195.kwansei.ac.jp","hostid":"18d901f1-4a03-3ff1-ae34-c26b2732f13c","virtualizationSystem":"","total":8589934592,"available":2231857152,"usedPercent":74.01776313781738,"diskIO":[{"name":"disk0","ioTime":1295477,"weightedIO":0}],"cpu":[{"cpu":"cpu0","user":3851.8203125,"system":2197.5703125,"idle":14966.90625,"nice":0,"iowait":0,"irq":0,"softirq":0,"steal":0,"guest":0,"guestNice":0,"stolen":0},{"cpu":"cpu1","user":2348.1484375,"system":959.8125,"idle":17707.5234375,"nice":0,"iowait":0,"irq":0,"softirq":0,"steal":0,"guest":0,"guestNice":0,"stolen":0},{"cpu":"cpu2","user":3736.5703125,"system":1931.359375,"idle":15347.5625,"nice":0,"iowait":0,"irq":0,"softirq":0,"steal":0,"guest":0,"guestNice":0,"stolen":0},{"cpu":"cpu3","user":2382.703125,"system":972.640625,"idle":17660.140625,"nice":0,"iowait":0,"irq":0,"softirq":0,"steal":0,"guest":0,"guestNice":0,"stolen":0}],"time":"2018-02-19 12:14:23.070129 +0900 JST m=+1972.305317248","errorInfo":null}
[Info]2018/02/19 12:14:23 acsessd /api/status.json
[Info]2018/02/19 12:14:23 {"hostname":"ksc-1x-dhcp-172-29-194-195.kwansei.ac.jp","hostid":"18d901f1-4a03-3ff1-ae34-c26b2732f13c","virtualizationSystem":"","total":8589934592,"available":2280521728,"usedPercent":73.45123291015625,"diskIO":[{"name":"disk0","ioTime":1295498,"weightedIO":0}],"cpu":[{"cpu":"cpu0","user":3852.0625,"system":2197.6328125,"idle":14966.9375,"nice":0,"iowait":0,"irq":0,"softirq":0,"steal":0,"guest":0,"guestNice":0,"stolen":0},{"cpu":"cpu1","user":2348.375,"system":959.859375,"idle":17707.578125,"nice":0,"iowait":0,"irq":0,"softirq":0,"steal":0,"guest":0,"guestNice":0,"stolen":0},{"cpu":"cpu2","user":3736.828125,"system":1931.4140625,"idle":15347.5859375,"nice":0,"iowait":0,"irq":0,"softirq":0,"steal":0,"guest":0,"guestNice":0,"stolen":0},{"cpu":"cpu3","user":2382.921875,"system":972.6953125,"idle":17660.203125,"nice":0,"iowait":0,"irq":0,"softirq":0,"steal":0,"guest":0,"guestNice":0,"stolen":0}],"time":"2018-02-19 12:14:23.500711 +0900 JST m=+1972.735898521","errorInfo":null}
[Info]2018/02/19 12:14:23 acsessd /api/status.json
[Info]2018/02/19 12:14:23 {"hostname":"ksc-1x-dhcp-172-29-194-195.kwansei.ac.jp","hostid":"18d901f1-4a03-3ff1-ae34-c26b2732f13c","virtualizationSystem":"","total":8589934592,"available":2277810176,"usedPercent":73.4827995300293,"diskIO":[{"name":"disk0","ioTime":1295535,"weightedIO":0}],"cpu":[{"cpu":"cpu0","user":3852.2734375,"system":2197.6875,"idle":14967.0234375,"nice":0,"iowait":0,"irq":0,"softirq":0,"steal":0,"guest":0,"guestNice":0,"stolen":0},{"cpu":"cpu1","user":2348.515625,"system":959.8984375,"idle":17707.7578125,"nice":0,"iowait":0,"irq":0,"softirq":0,"steal":0,"guest":0,"guestNice":0,"stolen":0},{"cpu":"cpu2","user":3737.03125,"system":1931.4765625,"idle":15347.671875,"nice":0,"iowait":0,"irq":0,"softirq":0,"steal":0,"guest":0,"guestNice":0,"stolen":0},{"cpu":"cpu3","user":2383.0625,"system":972.7421875,"idle":17660.375,"nice":0,"iowait":0,"irq":0,"softirq":0,"steal":0,"guest":0,"guestNice":0,"stolen":0}],"time":"2018-02-19 12:14:23.954814 +0900 JST m=+1973.190000824","errorInfo":null}
[Info]2018/02/19 12:14:24 acsessd /api/status.json
[Info]2018/02/19 12:14:24 {"hostname":"ksc-1x-dhcp-172-29-194-195.kwansei.ac.jp","hostid":"18d901f1-4a03-3ff1-ae34-c26b2732f13c","virtualizationSystem":"","total":8589934592,"available":2245136384,"usedPercent":73.86317253112793,"diskIO":[{"name":"disk0","ioTime":1295557,"weightedIO":0}],"cpu":[{"cpu":"cpu0","user":3852.5703125,"system":2197.75,"idle":14967.109375,"nice":0,"iowait":0,"irq":0,"softirq":0,"steal":0,"guest":0,"guestNice":0,"stolen":0},{"cpu":"cpu1","user":2348.796875,"system":959.9609375,"idle":17707.859375,"nice":0,"iowait":0,"irq":0,"softirq":0,"steal":0,"guest":0,"guestNice":0,"stolen":0},{"cpu":"cpu2","user":3737.3515625,"system":1931.53125,"idle":15347.7265625,"nice":0,"iowait":0,"irq":0,"softirq":0,"steal":0,"guest":0,"guestNice":0,"stolen":0},{"cpu":"cpu3","user":2383.3203125,"system":972.7890625,"idle":17660.5,"nice":0,"iowait":0,"irq":0,"softirq":0,"steal":0,"guest":0,"guestNice":0,"stolen":0}],"time":"2018-02-19 12:14:24.5151 +0900 JST m=+1973.750285264","errorInfo":null}
[Info]2018/02/19 12:14:24 acsessd /api/status.json
[Info]2018/02/19 12:14:24 {"hostname":"ksc-1x-dhcp-172-29-194-195.kwansei.ac.jp","hostid":"18d901f1-4a03-3ff1-ae34-c26b2732f13c","virtualizationSystem":"","total":8589934592,"available":2246324224,"usedPercent":73.84934425354004,"diskIO":[{"name":"disk0","ioTime":1295580,"weightedIO":0}],"cpu":[{"cpu":"cpu0","user":3852.8359375,"system":2197.8203125,"idle":14967.1328125,"nice":0,"iowait":0,"irq":0,"softirq":0,"steal":0,"guest":0,"guestNice":0,"stolen":0},{"cpu":"cpu1","user":2349.046875,"system":960,"idle":17707.9296875,"nice":0,"iowait":0,"irq":0,"softirq":0,"steal":0,"guest":0,"guestNice":0,"stolen":0},{"cpu":"cpu2","user":3737.6484375,"system":1931.578125,"idle":15347.7578125,"nice":0,"iowait":0,"irq":0,"softirq":0,"steal":0,"guest":0,"guestNice":0,"stolen":0},{"cpu":"cpu3","user":2383.5703125,"system":972.8359375,"idle":17660.5625,"nice":0,"iowait":0,"irq":0,"softirq":0,"steal":0,"guest":0,"guestNice":0,"stolen":0}],"time":"2018-02-19 12:14:24.983257 +0900 JST m=+1974.218441410","errorInfo":null}
[Info]2018/02/19 12:14:25 acsessd /api/status.json
[Info]2018/02/19 12:14:25 {"hostname":"ksc-1x-dhcp-172-29-194-195.kwansei.ac.jp","hostid":"18d901f1-4a03-3ff1-ae34-c26b2732f13c","virtualizationSystem":"","total":8589934592,"available":2273755136,"usedPercent":73.5300064086914,"diskIO":[{"name":"disk0","ioTime":1295600,"weightedIO":0}],"cpu":[{"cpu":"cpu0","user":3853.046875,"system":2197.8984375,"idle":14967.2265625,"nice":0,"iowait":0,"irq":0,"softirq":0,"steal":0,"guest":0,"guestNice":0,"stolen":0},{"cpu":"cpu1","user":2349.1953125,"system":960.046875,"idle":17708.1171875,"nice":0,"iowait":0,"irq":0,"softirq":0,"steal":0,"guest":0,"guestNice":0,"stolen":0},{"cpu":"cpu2","user":3737.8671875,"system":1931.6328125,"idle":15347.859375,"nice":0,"iowait":0,"irq":0,"softirq":0,"steal":0,"guest":0,"guestNice":0,"stolen":0},{"cpu":"cpu3","user":2383.703125,"system":972.890625,"idle":17660.7578125,"nice":0,"iowait":0,"irq":0,"softirq":0,"steal":0,"guest":0,"guestNice":0,"stolen":0}],"time":"2018-02-19 12:14:25.463204 +0900 JST m=+1974.698387585","errorInfo":null}
[Info]2018/02/19 12:14:25 acsessd /api/status.json
[Info]2018/02/19 12:14:25 {"hostname":"ksc-1x-dhcp-172-29-194-195.kwansei.ac.jp","hostid":"18d901f1-4a03-3ff1-ae34-c26b2732f13c","virtualizationSystem":"","total":8589934592,"available":2275008512,"usedPercent":73.51541519165039,"diskIO":[{"name":"disk0","ioTime":1295617,"weightedIO":0}],"cpu":[{"cpu":"cpu0","user":3853.234375,"system":2197.9453125,"idle":14967.3828125,"nice":0,"iowait":0,"irq":0,"softirq":0,"steal":0,"guest":0,"guestNice":0,"stolen":0},{"cpu":"cpu1","user":2349.28125,"system":960.078125,"idle":17708.390625,"nice":0,"iowait":0,"irq":0,"softirq":0,"steal":0,"guest":0,"guestNice":0,"stolen":0},{"cpu":"cpu2","user":3738.046875,"system":1931.6875,"idle":15348.015625,"nice":0,"iowait":0,"irq":0,"softirq":0,"steal":0,"guest":0,"guestNice":0,"stolen":0},{"cpu":"cpu3","user":2383.7890625,"system":972.921875,"idle":17661.0390625,"nice":0,"iowait":0,"irq":0,"softirq":0,"steal":0,"guest":0,"guestNice":0,"stolen":0}],"time":"2018-02-19 12:14:25.966768 +0900 JST m=+1975.201951138","errorInfo":null}
[Info]2018/02/19 12:14:26 acsessd /api/status.json
[Info]2018/02/19 12:14:26 {"hostname":"ksc-1x-dhcp-172-29-194-195.kwansei.ac.jp","hostid":"18d901f1-4a03-3ff1-ae34-c26b2732f13c","virtualizationSystem":"","total":8589934592,"available":2275659776,"usedPercent":73.50783348083496,"diskIO":[{"name":"disk0","ioTime":1295636,"weightedIO":0}],"cpu":[{"cpu":"cpu0","user":3853.3828125,"system":2198.0078125,"idle":14967.5546875,"nice":0,"iowait":0,"irq":0,"softirq":0,"steal":0,"guest":0,"guestNice":0,"stolen":0},{"cpu":"cpu1","user":2349.3671875,"system":960.109375,"idle":17708.65625,"nice":0,"iowait":0,"irq":0,"softirq":0,"steal":0,"guest":0,"guestNice":0,"stolen":0},{"cpu":"cpu2","user":3738.203125,"system":1931.75,"idle":15348.1796875,"nice":0,"iowait":0,"irq":0,"softirq":0,"steal":0,"guest":0,"guestNice":0,"stolen":0},{"cpu":"cpu3","user":2383.875,"system":972.953125,"idle":17661.3046875,"nice":0,"iowait":0,"irq":0,"softirq":0,"steal":0,"guest":0,"guestNice":0,"stolen":0}],"time":"2018-02-19 12:14:26.455655 +0900 JST m=+1975.690836901","errorInfo":null}
[Info]2018/02/19 12:14:26 acsessd /api/status.json
[Info]2018/02/19 12:14:26 {"hostname":"ksc-1x-dhcp-172-29-194-195.kwansei.ac.jp","hostid":"18d901f1-4a03-3ff1-ae34-c26b2732f13c","virtualizationSystem":"","total":8589934592,"available":2274578432,"usedPercent":73.52042198181152,"diskIO":[{"name":"disk0","ioTime":1295647,"weightedIO":0}],"cpu":[{"cpu":"cpu0","user":3853.4921875,"system":2198.0546875,"idle":14967.796875,"nice":0,"iowait":0,"irq":0,"softirq":0,"steal":0,"guest":0,"guestNice":0,"stolen":0},{"cpu":"cpu1","user":2349.4296875,"system":960.125,"idle":17708.96875,"nice":0,"iowait":0,"irq":0,"softirq":0,"steal":0,"guest":0,"guestNice":0,"stolen":0},{"cpu":"cpu2","user":3738.328125,"system":1931.7890625,"idle":15348.40625,"nice":0,"iowait":0,"irq":0,"softirq":0,"steal":0,"guest":0,"guestNice":0,"stolen":0},{"cpu":"cpu3","user":2383.9375,"system":972.9765625,"idle":17661.609375,"nice":0,"iowait":0,"irq":0,"softirq":0,"steal":0,"guest":0,"guestNice":0,"stolen":0}],"time":"2018-02-19 12:14:26.962986 +0900 JST m=+1976.198166952","errorInfo":null}
[Info]2018/02/19 12:14:27 acsessd /api/status.json
[Info]2018/02/19 12:14:27 {"hostname":"ksc-1x-dhcp-172-29-194-195.kwansei.ac.jp","hostid":"18d901f1-4a03-3ff1-ae34-c26b2732f13c","virtualizationSystem":"","total":8589934592,"available":2277601280,"usedPercent":73.48523139953613,"diskIO":[{"name":"disk0","ioTime":1295665,"weightedIO":0}],"cpu":[{"cpu":"cpu0","user":3853.6796875,"system":2198.109375,"idle":14967.953125,"nice":0,"iowait":0,"irq":0,"softirq":0,"steal":0,"guest":0,"guestNice":0,"stolen":0},{"cpu":"cpu1","user":2349.546875,"system":960.1796875,"idle":17709.203125,"nice":0,"iowait":0,"irq":0,"softirq":0,"steal":0,"guest":0,"guestNice":0,"stolen":0},{"cpu":"cpu2","user":3738.515625,"system":1931.84375,"idle":15348.5625,"nice":0,"iowait":0,"irq":0,"softirq":0,"steal":0,"guest":0,"guestNice":0,"stolen":0},{"cpu":"cpu3","user":2384.0546875,"system":973.0234375,"idle":17661.84375,"nice":0,"iowait":0,"irq":0,"softirq":0,"steal":0,"guest":0,"guestNice":0,"stolen":0}],"time":"2018-02-19 12:14:27.477138 +0900 JST m=+1976.712317295","errorInfo":null}
[Info]2018/02/19 12:14:27 acsessd /api/status.json
[Info]2018/02/19 12:14:28 {"hostname":"ksc-1x-dhcp-172-29-194-195.kwansei.ac.jp","hostid":"18d901f1-4a03-3ff1-ae34-c26b2732f13c","virtualizationSystem":"","total":8589934592,"available":2371907584,"usedPercent":72.38736152648926,"diskIO":[{"name":"disk0","ioTime":1295681,"weightedIO":0}],"cpu":[{"cpu":"cpu0","user":3853.9140625,"system":2198.2109375,"idle":14968.03125,"nice":0,"iowait":0,"irq":0,"softirq":0,"steal":0,"guest":0,"guestNice":0,"stolen":0},{"cpu":"cpu1","user":2349.734375,"system":960.2578125,"idle":17709.34375,"nice":0,"iowait":0,"irq":0,"softirq":0,"steal":0,"guest":0,"guestNice":0,"stolen":0},{"cpu":"cpu2","user":3738.78125,"system":1931.9296875,"idle":15348.6328125,"nice":0,"iowait":0,"irq":0,"softirq":0,"steal":0,"guest":0,"guestNice":0,"stolen":0},{"cpu":"cpu3","user":2384.265625,"system":973.09375,"idle":17661.9765625,"nice":0,"iowait":0,"irq":0,"softirq":0,"steal":0,"guest":0,"guestNice":0,"stolen":0}],"time":"2018-02-19 12:14:28.000429 +0900 JST m=+1977.235608105","errorInfo":null}
[Info]2018/02/19 12:14:28 acsessd /api/status.json
[Info]2018/02/19 12:14:28 {"hostname":"ksc-1x-dhcp-172-29-194-195.kwansei.ac.jp","hostid":"18d901f1-4a03-3ff1-ae34-c26b2732f13c","virtualizationSystem":"","total":8589934592,"available":2315456512,"usedPercent":73.0445384979248,"diskIO":[{"name":"disk0","ioTime":1295709,"weightedIO":0}],"cpu":[{"cpu":"cpu0","user":3854.203125,"system":2198.296875,"idle":14968.046875,"nice":0,"iowait":0,"irq":0,"softirq":0,"steal":0,"guest":0,"guestNice":0,"stolen":0},{"cpu":"cpu1","user":2350,"system":960.328125,"idle":17709.3984375,"nice":0,"iowait":0,"irq":0,"softirq":0,"steal":0,"guest":0,"guestNice":0,"stolen":0},{"cpu":"cpu2","user":3739.0859375,"system":1932,"idle":15348.640625,"nice":0,"iowait":0,"irq":0,"softirq":0,"steal":0,"guest":0,"guestNice":0,"stolen":0},{"cpu":"cpu3","user":2384.546875,"system":973.15625,"idle":17662.0234375,"nice":0,"iowait":0,"irq":0,"softirq":0,"steal":0,"guest":0,"guestNice":0,"stolen":0}],"time":"2018-02-19 12:14:28.507969 +0900 JST m=+1977.743146156","errorInfo":null}
[Info]2018/02/19 12:14:28 acsessd /api/status.json
[Info]2018/02/19 12:14:28 {"hostname":"ksc-1x-dhcp-172-29-194-195.kwansei.ac.jp","hostid":"18d901f1-4a03-3ff1-ae34-c26b2732f13c","virtualizationSystem":"","total":8589934592,"available":2315296768,"usedPercent":73.0463981628418,"diskIO":[{"name":"disk0","ioTime":1295722,"weightedIO":0}],"cpu":[{"cpu":"cpu0","user":3854.4609375,"system":2198.359375,"idle":14968.1015625,"nice":0,"iowait":0,"irq":0,"softirq":0,"steal":0,"guest":0,"guestNice":0,"stolen":0},{"cpu":"cpu1","user":2350.1875,"system":960.375,"idle":17709.5546875,"nice":0,"iowait":0,"irq":0,"softirq":0,"steal":0,"guest":0,"guestNice":0,"stolen":0},{"cpu":"cpu2","user":3739.3515625,"system":1932.0625,"idle":15348.703125,"nice":0,"iowait":0,"irq":0,"softirq":0,"steal":0,"guest":0,"guestNice":0,"stolen":0},{"cpu":"cpu3","user":2384.765625,"system":973.203125,"idle":17662.1484375,"nice":0,"iowait":0,"irq":0,"softirq":0,"steal":0,"guest":0,"guestNice":0,"stolen":0}],"time":"2018-02-19 12:14:28.995899 +0900 JST m=+1978.231075367","errorInfo":null}
[Info]2018/02/19 12:14:29 acsessd /api/status.json
[Info]2018/02/19 12:14:29 {"hostname":"ksc-1x-dhcp-172-29-194-195.kwansei.ac.jp","hostid":"18d901f1-4a03-3ff1-ae34-c26b2732f13c","virtualizationSystem":"","total":8589934592,"available":2309820416,"usedPercent":73.11015129089355,"diskIO":[{"name":"disk0","ioTime":1295732,"weightedIO":0}],"cpu":[{"cpu":"cpu0","user":3854.6640625,"system":2198.3984375,"idle":14968.2421875,"nice":0,"iowait":0,"irq":0,"softirq":0,"steal":0,"guest":0,"guestNice":0,"stolen":0},{"cpu":"cpu1","user":2350.328125,"system":960.40625,"idle":17709.7578125,"nice":0,"iowait":0,"irq":0,"softirq":0,"steal":0,"guest":0,"guestNice":0,"stolen":0},{"cpu":"cpu2","user":3739.5625,"system":1932.1015625,"idle":15348.828125,"nice":0,"iowait":0,"irq":0,"softirq":0,"steal":0,"guest":0,"guestNice":0,"stolen":0},{"cpu":"cpu3","user":2384.890625,"system":973.2265625,"idle":17662.3671875,"nice":0,"iowait":0,"irq":0,"softirq":0,"steal":0,"guest":0,"guestNice":0,"stolen":0}],"time":"2018-02-19 12:14:29.479452 +0900 JST m=+1978.714628081","errorInfo":null}
[Info]2018/02/19 12:14:29 acsessd /api/status.json
[Info]2018/02/19 12:14:29 {"hostname":"ksc-1x-dhcp-172-29-194-195.kwansei.ac.jp","hostid":"18d901f1-4a03-3ff1-ae34-c26b2732f13c","virtualizationSystem":"","total":8589934592,"available":2315866112,"usedPercent":73.03977012634277,"diskIO":[{"name":"disk0","ioTime":1295753,"weightedIO":0}],"cpu":[{"cpu":"cpu0","user":3854.859375,"system":2198.4375,"idle":14968.3984375,"nice":0,"iowait":0,"irq":0,"softirq":0,"steal":0,"guest":0,"guestNice":0,"stolen":0},{"cpu":"cpu1","user":2350.4375,"system":960.4296875,"idle":17710.015625,"nice":0,"iowait":0,"irq":0,"softirq":0,"steal":0,"guest":0,"guestNice":0,"stolen":0},{"cpu":"cpu2","user":3739.765625,"system":1932.125,"idle":15348.9921875,"nice":0,"iowait":0,"irq":0,"softirq":0,"steal":0,"guest":0,"guestNice":0,"stolen":0},{"cpu":"cpu3","user":2384.9765625,"system":973.25,"idle":17662.65625,"nice":0,"iowait":0,"irq":0,"softirq":0,"steal":0,"guest":0,"guestNice":0,"stolen":0}],"time":"2018-02-19 12:14:29.976818 +0900 JST m=+1979.211993046","errorInfo":null}
[Info]2018/02/19 12:14:30 acsessd /api/status.json
[Info]2018/02/19 12:14:30 {"hostname":"ksc-1x-dhcp-172-29-194-195.kwansei.ac.jp","hostid":"18d901f1-4a03-3ff1-ae34-c26b2732f13c","virtualizationSystem":"","total":8589934592,"available":2314506240,"usedPercent":73.05560111999512,"diskIO":[{"name":"disk0","ioTime":1295753,"weightedIO":0}],"cpu":[{"cpu":"cpu0","user":3854.9375,"system":2198.4609375,"idle":14968.6953125,"nice":0,"iowait":0,"irq":0,"softirq":0,"steal":0,"guest":0,"guestNice":0,"stolen":0},{"cpu":"cpu1","user":2350.4765625,"system":960.453125,"idle":17710.34375,"nice":0,"iowait":0,"irq":0,"softirq":0,"steal":0,"guest":0,"guestNice":0,"stolen":0},{"cpu":"cpu2","user":3739.8515625,"system":1932.140625,"idle":15349.28125,"nice":0,"iowait":0,"irq":0,"softirq":0,"steal":0,"guest":0,"guestNice":0,"stolen":0},{"cpu":"cpu3","user":2385.0234375,"system":973.265625,"idle":17662.984375,"nice":0,"iowait":0,"irq":0,"softirq":0,"steal":0,"guest":0,"guestNice":0,"stolen":0}],"time":"2018-02-19 12:14:30.481523 +0900 JST m=+1979.716696960","errorInfo":null}
[Info]2018/02/19 12:14:30 acsessd /api/status.json
[Info]2018/02/19 12:14:30 {"hostname":"ksc-1x-dhcp-172-29-194-195.kwansei.ac.jp","hostid":"18d901f1-4a03-3ff1-ae34-c26b2732f13c","virtualizationSystem":"","total":8589934592,"available":2313879552,"usedPercent":73.06289672851562,"diskIO":[{"name":"disk0","ioTime":1295753,"weightedIO":0}],"cpu":[{"cpu":"cpu0","user":3855.0234375,"system":2198.4921875,"idle":14968.96875,"nice":0,"iowait":0,"irq":0,"softirq":0,"steal":0,"guest":0,"guestNice":0,"stolen":0},{"cpu":"cpu1","user":2350.5390625,"system":960.4765625,"idle":17710.6640625,"nice":0,"iowait":0,"irq":0,"softirq":0,"steal":0,"guest":0,"guestNice":0,"stolen":0},{"cpu":"cpu2","user":3739.953125,"system":1932.171875,"idle":15349.546875,"nice":0,"iowait":0,"irq":0,"softirq":0,"steal":0,"guest":0,"guestNice":0,"stolen":0},{"cpu":"cpu3","user":2385.078125,"system":973.2890625,"idle":17663.3046875,"nice":0,"iowait":0,"irq":0,"softirq":0,"steal":0,"guest":0,"guestNice":0,"stolen":0}],"time":"2018-02-19 12:14:30.987096 +0900 JST m=+1980.222268557","errorInfo":null}
[Info]2018/02/19 12:14:31 acsessd /api/status.json
[Info]2018/02/19 12:14:31 {"hostname":"ksc-1x-dhcp-172-29-194-195.kwansei.ac.jp","hostid":"18d901f1-4a03-3ff1-ae34-c26b2732f13c","virtualizationSystem":"","total":8589934592,"available":2334752768,"usedPercent":72.81990051269531,"diskIO":[{"name":"disk0","ioTime":1295766,"weightedIO":0}],"cpu":[{"cpu":"cpu0","user":3855.2890625,"system":2198.5390625,"idle":14969.0546875,"nice":0,"iowait":0,"irq":0,"softirq":0,"steal":0,"guest":0,"guestNice":0,"stolen":0},{"cpu":"cpu1","user":2350.6796875,"system":960.5,"idle":17710.890625,"nice":0,"iowait":0,"irq":0,"softirq":0,"steal":0,"guest":0,"guestNice":0,"stolen":0},{"cpu":"cpu2","user":3740.203125,"system":1932.2265625,"idle":15349.640625,"nice":0,"iowait":0,"irq":0,"softirq":0,"steal":0,"guest":0,"guestNice":0,"stolen":0},{"cpu":"cpu3","user":2385.2265625,"system":973.3203125,"idle":17663.515625,"nice":0,"iowait":0,"irq":0,"softirq":0,"steal":0,"guest":0,"guestNice":0,"stolen":0}],"time":"2018-02-19 12:14:31.494887 +0900 JST m=+1980.730059278","errorInfo":null}
[Info]2018/02/19 12:14:31 acsessd /api/status.json
[Info]2018/02/19 12:14:32 {"hostname":"ksc-1x-dhcp-172-29-194-195.kwansei.ac.jp","hostid":"18d901f1-4a03-3ff1-ae34-c26b2732f13c","virtualizationSystem":"","total":8589934592,"available":2330136576,"usedPercent":72.8736400604248,"diskIO":[{"name":"disk0","ioTime":1295767,"weightedIO":0}],"cpu":[{"cpu":"cpu0","user":3855.5078125,"system":2198.59375,"idle":14969.1953125,"nice":0,"iowait":0,"irq":0,"softirq":0,"steal":0,"guest":0,"guestNice":0,"stolen":0},{"cpu":"cpu1","user":2350.8125,"system":960.5390625,"idle":17711.1328125,"nice":0,"iowait":0,"irq":0,"softirq":0,"steal":0,"guest":0,"guestNice":0,"stolen":0},{"cpu":"cpu2","user":3740.4140625,"system":1932.2734375,"idle":15349.7890625,"nice":0,"iowait":0,"irq":0,"softirq":0,"steal":0,"guest":0,"guestNice":0,"stolen":0},{"cpu":"cpu3","user":2385.3671875,"system":973.3515625,"idle":17663.7578125,"nice":0,"iowait":0,"irq":0,"softirq":0,"steal":0,"guest":0,"guestNice":0,"stolen":0}],"time":"2018-02-19 12:14:32.026702 +0900 JST m=+1981.261873106","errorInfo":null}
[Info]2018/02/19 12:14:32 acsessd /api/status.json
[Info]2018/02/19 12:14:32 {"hostname":"ksc-1x-dhcp-172-29-194-195.kwansei.ac.jp","hostid":"18d901f1-4a03-3ff1-ae34-c26b2732f13c","virtualizationSystem":"","total":8589934592,"available":2322006016,"usedPercent":72.96829223632812,"diskIO":[{"name":"disk0","ioTime":1295775,"weightedIO":0}],"cpu":[{"cpu":"cpu0","user":3855.65625,"system":2198.609375,"idle":14969.390625,"nice":0,"iowait":0,"irq":0,"softirq":0,"steal":0,"guest":0,"guestNice":0,"stolen":0},{"cpu":"cpu1","user":2350.8671875,"system":960.5546875,"idle":17711.421875,"nice":0,"iowait":0,"irq":0,"softirq":0,"steal":0,"guest":0,"guestNice":0,"stolen":0},{"cpu":"cpu2","user":3740.6640625,"system":1932.296875,"idle":15349.890625,"nice":0,"iowait":0,"irq":0,"softirq":0,"steal":0,"guest":0,"guestNice":0,"stolen":0},{"cpu":"cpu3","user":2385.4296875,"system":973.375,"idle":17664.0390625,"nice":0,"iowait":0,"irq":0,"softirq":0,"steal":0,"guest":0,"guestNice":0,"stolen":0}],"time":"2018-02-19 12:14:32.490854 +0900 JST m=+1981.726024191","errorInfo":null}
[Info]2018/02/19 12:14:32 acsessd /api/status.json
[Info]2018/02/19 12:14:33 {"hostname":"ksc-1x-dhcp-172-29-194-195.kwansei.ac.jp","hostid":"18d901f1-4a03-3ff1-ae34-c26b2732f13c","virtualizationSystem":"","total":8589934592,"available":2339942400,"usedPercent":72.75948524475098,"diskIO":[{"name":"disk0","ioTime":1295775,"weightedIO":0}],"cpu":[{"cpu":"cpu0","user":3855.8515625,"system":2198.65625,"idle":14969.5625,"nice":0,"iowait":0,"irq":0,"softirq":0,"steal":0,"guest":0,"guestNice":0,"stolen":0},{"cpu":"cpu1","user":2350.9453125,"system":960.5859375,"idle":17711.7265625,"nice":0,"iowait":0,"irq":0,"softirq":0,"steal":0,"guest":0,"guestNice":0,"stolen":0},{"cpu":"cpu2","user":3740.84375,"system":1932.3359375,"idle":15350.0703125,"nice":0,"iowait":0,"irq":0,"softirq":0,"steal":0,"guest":0,"guestNice":0,"stolen":0},{"cpu":"cpu3","user":2385.5234375,"system":973.40625,"idle":17664.3203125,"nice":0,"iowait":0,"irq":0,"softirq":0,"steal":0,"guest":0,"guestNice":0,"stolen":0}],"time":"2018-02-19 12:14:33.015939 +0900 JST m=+1982.251108075","errorInfo":null}
[Info]2018/02/19 12:14:33 acsessd /api/status.json
[Info]2018/02/19 12:14:33 {"hostname":"ksc-1x-dhcp-172-29-194-195.kwansei.ac.jp","hostid":"18d901f1-4a03-3ff1-ae34-c26b2732f13c","virtualizationSystem":"","total":8589934592,"available":2366418944,"usedPercent":72.45125770568848,"diskIO":[{"name":"disk0","ioTime":1295825,"weightedIO":0}],"cpu":[{"cpu":"cpu0","user":3855.9375,"system":2198.7109375,"idle":14969.8046875,"nice":0,"iowait":0,"irq":0,"softirq":0,"steal":0,"guest":0,"guestNice":0,"stolen":0},{"cpu":"cpu1","user":2351.0078125,"system":960.6171875,"idle":17712.015625,"nice":0,"iowait":0,"irq":0,"softirq":0,"steal":0,"guest":0,"guestNice":0,"stolen":0},{"cpu":"cpu2","user":3740.9765625,"system":1932.3984375,"idle":15350.265625,"nice":0,"iowait":0,"irq":0,"softirq":0,"steal":0,"guest":0,"guestNice":0,"stolen":0},{"cpu":"cpu3","user":2385.578125,"system":973.4296875,"idle":17664.6328125,"nice":0,"iowait":0,"irq":0,"softirq":0,"steal":0,"guest":0,"guestNice":0,"stolen":0}],"time":"2018-02-19 12:14:33.505999 +0900 JST m=+1982.741167146","errorInfo":null}
[Info]2018/02/19 12:14:33 acsessd /api/status.json
[Info]2018/02/19 12:14:34 {"hostname":"ksc-1x-dhcp-172-29-194-195.kwansei.ac.jp","hostid":"18d901f1-4a03-3ff1-ae34-c26b2732f13c","virtualizationSystem":"","total":8589934592,"available":2359091200,"usedPercent":72.53656387329102,"diskIO":[{"name":"disk0","ioTime":1295836,"weightedIO":0}],"cpu":[{"cpu":"cpu0","user":3856.1640625,"system":2198.7578125,"idle":14969.9296875,"nice":0,"iowait":0,"irq":0,"softirq":0,"steal":0,"guest":0,"guestNice":0,"stolen":0},{"cpu":"cpu1","user":2351.1875,"system":960.65625,"idle":17712.1953125,"nice":0,"iowait":0,"irq":0,"softirq":0,"steal":0,"guest":0,"guestNice":0,"stolen":0},{"cpu":"cpu2","user":3741.171875,"system":1932.453125,"idle":15350.40625,"nice":0,"iowait":0,"irq":0,"softirq":0,"steal":0,"guest":0,"guestNice":0,"stolen":0},{"cpu":"cpu3","user":2385.765625,"system":973.4609375,"idle":17664.8046875,"nice":0,"iowait":0,"irq":0,"softirq":0,"steal":0,"guest":0,"guestNice":0,"stolen":0}],"time":"2018-02-19 12:14:34.015149 +0900 JST m=+1983.250316145","errorInfo":null}
[Info]2018/02/19 12:14:34 acsessd /api/status.json
[Info]2018/02/19 12:14:34 {"hostname":"ksc-1x-dhcp-172-29-194-195.kwansei.ac.jp","hostid":"18d901f1-4a03-3ff1-ae34-c26b2732f13c","virtualizationSystem":"","total":8589934592,"available":2349445120,"usedPercent":72.64885902404785,"diskIO":[{"name":"disk0","ioTime":1295836,"weightedIO":0}],"cpu":[{"cpu":"cpu0","user":3856.25,"system":2198.7890625,"idle":14970.1875,"nice":0,"iowait":0,"irq":0,"softirq":0,"steal":0,"guest":0,"guestNice":0,"stolen":0},{"cpu":"cpu1","user":2351.21875,"system":960.6640625,"idle":17712.53125,"nice":0,"iowait":0,"irq":0,"softirq":0,"steal":0,"guest":0,"guestNice":0,"stolen":0},{"cpu":"cpu2","user":3741.2421875,"system":1932.4921875,"idle":15350.6875,"nice":0,"iowait":0,"irq":0,"softirq":0,"steal":0,"guest":0,"guestNice":0,"stolen":0},{"cpu":"cpu3","user":2385.796875,"system":973.4765625,"idle":17665.140625,"nice":0,"iowait":0,"irq":0,"softirq":0,"steal":0,"guest":0,"guestNice":0,"stolen":0}],"time":"2018-02-19 12:14:34.501322 +0900 JST m=+1983.736488494","errorInfo":null}
[Info]2018/02/19 12:14:34 acsessd /api/status.json
[Info]2018/02/19 12:14:35 {"hostname":"ksc-1x-dhcp-172-29-194-195.kwansei.ac.jp","hostid":"18d901f1-4a03-3ff1-ae34-c26b2732f13c","virtualizationSystem":"","total":8589934592,"available":2347962368,"usedPercent":72.6661205291748,"diskIO":[{"name":"disk0","ioTime":1295843,"weightedIO":0}],"cpu":[{"cpu":"cpu0","user":3856.328125,"system":2198.828125,"idle":14970.46875,"nice":0,"iowait":0,"irq":0,"softirq":0,"steal":0,"guest":0,"guestNice":0,"stolen":0},{"cpu":"cpu1","user":2351.2421875,"system":960.6796875,"idle":17712.890625,"nice":0,"iowait":0,"irq":0,"softirq":0,"steal":0,"guest":0,"guestNice":0,"stolen":0},{"cpu":"cpu2","user":3741.3203125,"system":1932.5234375,"idle":15350.96875,"nice":0,"iowait":0,"irq":0,"softirq":0,"steal":0,"guest":0,"guestNice":0,"stolen":0},{"cpu":"cpu3","user":2385.8359375,"system":973.484375,"idle":17665.4921875,"nice":0,"iowait":0,"irq":0,"softirq":0,"steal":0,"guest":0,"guestNice":0,"stolen":0}],"time":"2018-02-19 12:14:35.007305 +0900 JST m=+1984.242470531","errorInfo":null}
[Info]2018/02/19 12:14:35 acsessd /api/status.json
[Info]2018/02/19 12:14:35 {"hostname":"ksc-1x-dhcp-172-29-194-195.kwansei.ac.jp","hostid":"18d901f1-4a03-3ff1-ae34-c26b2732f13c","virtualizationSystem":"","total":8589934592,"available":2319880192,"usedPercent":72.99304008483887,"diskIO":[{"name":"disk0","ioTime":1295866,"weightedIO":0}],"cpu":[{"cpu":"cpu0","user":3856.5546875,"system":2198.8828125,"idle":14970.5859375,"nice":0,"iowait":0,"irq":0,"softirq":0,"steal":0,"guest":0,"guestNice":0,"stolen":0},{"cpu":"cpu1","user":2351.4140625,"system":960.7109375,"idle":17713.0859375,"nice":0,"iowait":0,"irq":0,"softirq":0,"steal":0,"guest":0,"guestNice":0,"stolen":0},{"cpu":"cpu2","user":3741.5234375,"system":1932.59375,"idle":15351.1015625,"nice":0,"iowait":0,"irq":0,"softirq":0,"steal":0,"guest":0,"guestNice":0,"stolen":0},{"cpu":"cpu3","user":2385.9921875,"system":973.515625,"idle":17665.6953125,"nice":0,"iowait":0,"irq":0,"softirq":0,"steal":0,"guest":0,"guestNice":0,"stolen":0}],"time":"2018-02-19 12:14:35.522515 +0900 JST m=+1984.757679140","errorInfo":null}
[Info]2018/02/19 12:14:35 acsessd /api/status.json
[Info]2018/02/19 12:14:36 {"hostname":"ksc-1x-dhcp-172-29-194-195.kwansei.ac.jp","hostid":"18d901f1-4a03-3ff1-ae34-c26b2732f13c","virtualizationSystem":"","total":8589934592,"available":2261622784,"usedPercent":73.67124557495117,"diskIO":[{"name":"disk0","ioTime":1295872,"weightedIO":0}],"cpu":[{"cpu":"cpu0","user":3856.78125,"system":2198.9296875,"idle":14970.7109375,"nice":0,"iowait":0,"irq":0,"softirq":0,"steal":0,"guest":0,"guestNice":0,"stolen":0},{"cpu":"cpu1","user":2351.515625,"system":960.734375,"idle":17713.359375,"nice":0,"iowait":0,"irq":0,"softirq":0,"steal":0,"guest":0,"guestNice":0,"stolen":0},{"cpu":"cpu2","user":3741.765625,"system":1932.6484375,"idle":15351.1953125,"nice":0,"iowait":0,"irq":0,"softirq":0,"steal":0,"guest":0,"guestNice":0,"stolen":0},{"cpu":"cpu3","user":2386.1015625,"system":973.546875,"idle":17665.9609375,"nice":0,"iowait":0,"irq":0,"softirq":0,"steal":0,"guest":0,"guestNice":0,"stolen":0}],"time":"2018-02-19 12:14:36.033606 +0900 JST m=+1985.268768937","errorInfo":null}
[Info]2018/02/19 12:14:36 acsessd /api/status.json
[Info]2018/02/19 12:14:36 {"hostname":"ksc-1x-dhcp-172-29-194-195.kwansei.ac.jp","hostid":"18d901f1-4a03-3ff1-ae34-c26b2732f13c","virtualizationSystem":"","total":8589934592,"available":2299166720,"usedPercent":73.23417663574219,"diskIO":[{"name":"disk0","ioTime":1295891,"weightedIO":0}],"cpu":[{"cpu":"cpu0","user":3857.03125,"system":2199,"idle":14970.8125,"nice":0,"iowait":0,"irq":0,"softirq":0,"steal":0,"guest":0,"guestNice":0,"stolen":0},{"cpu":"cpu1","user":2351.7578125,"system":960.7890625,"idle":17713.484375,"nice":0,"iowait":0,"irq":0,"softirq":0,"steal":0,"guest":0,"guestNice":0,"stolen":0},{"cpu":"cpu2","user":3742.0390625,"system":1932.71875,"idle":15351.2734375,"nice":0,"iowait":0,"irq":0,"softirq":0,"steal":0,"guest":0,"guestNice":0,"stolen":0},{"cpu":"cpu3","user":2386.328125,"system":973.6015625,"idle":17666.09375,"nice":0,"iowait":0,"irq":0,"softirq":0,"steal":0,"guest":0,"guestNice":0,"stolen":0}],"time":"2018-02-19 12:14:36.566121 +0900 JST m=+1985.801283363","errorInfo":null}
[Info]2018/02/19 12:14:36 acsessd /api/status.json
[Info]2018/02/19 12:14:37 {"hostname":"ksc-1x-dhcp-172-29-194-195.kwansei.ac.jp","hostid":"18d901f1-4a03-3ff1-ae34-c26b2732f13c","virtualizationSystem":"","total":8589934592,"available":2296545280,"usedPercent":73.26469421386719,"diskIO":[{"name":"disk0","ioTime":1295907,"weightedIO":0}],"cpu":[{"cpu":"cpu0","user":3857.203125,"system":2199.0859375,"idle":14970.921875,"nice":0,"iowait":0,"irq":0,"softirq":0,"steal":0,"guest":0,"guestNice":0,"stolen":0},{"cpu":"cpu1","user":2351.8828125,"system":960.8515625,"idle":17713.671875,"nice":0,"iowait":0,"irq":0,"softirq":0,"steal":0,"guest":0,"guestNice":0,"stolen":0},{"cpu":"cpu2","user":3742.2109375,"system":1932.8125,"idle":15351.3828125,"nice":0,"iowait":0,"irq":0,"softirq":0,"steal":0,"guest":0,"guestNice":0,"stolen":0},{"cpu":"cpu3","user":2386.4765625,"system":973.6640625,"idle":17666.2578125,"nice":0,"iowait":0,"irq":0,"softirq":0,"steal":0,"guest":0,"guestNice":0,"stolen":0}],"time":"2018-02-19 12:14:37.046034 +0900 JST m=+1986.281195291","errorInfo":null}
[Info]2018/02/19 12:14:37 acsessd /api/status.json
[Info]2018/02/19 12:14:37 {"hostname":"ksc-1x-dhcp-172-29-194-195.kwansei.ac.jp","hostid":"18d901f1-4a03-3ff1-ae34-c26b2732f13c","virtualizationSystem":"","total":8589934592,"available":2296774656,"usedPercent":73.26202392578125,"diskIO":[{"name":"disk0","ioTime":1295914,"weightedIO":0}],"cpu":[{"cpu":"cpu0","user":3857.3046875,"system":2199.125,"idle":14971.1640625,"nice":0,"iowait":0,"irq":0,"softirq":0,"steal":0,"guest":0,"guestNice":0,"stolen":0},{"cpu":"cpu1","user":2351.8984375,"system":960.859375,"idle":17714.015625,"nice":0,"iowait":0,"irq":0,"softirq":0,"steal":0,"guest":0,"guestNice":0,"stolen":0},{"cpu":"cpu2","user":3742.265625,"system":1932.84375,"idle":15351.6796875,"nice":0,"iowait":0,"irq":0,"softirq":0,"steal":0,"guest":0,"guestNice":0,"stolen":0},{"cpu":"cpu3","user":2386.5,"system":973.6796875,"idle":17666.6015625,"nice":0,"iowait":0,"irq":0,"softirq":0,"steal":0,"guest":0,"guestNice":0,"stolen":0}],"time":"2018-02-19 12:14:37.525231 +0900 JST m=+1986.760392015","errorInfo":null}
[Info]2018/02/19 12:14:37 acsessd /api/status.json
[Info]2018/02/19 12:14:38 {"hostname":"ksc-1x-dhcp-172-29-194-195.kwansei.ac.jp","hostid":"18d901f1-4a03-3ff1-ae34-c26b2732f13c","virtualizationSystem":"","total":8589934592,"available":2298130432,"usedPercent":73.24624061584473,"diskIO":[{"name":"disk0","ioTime":1295930,"weightedIO":0}],"cpu":[{"cpu":"cpu0","user":3857.453125,"system":2199.1953125,"idle":14971.34375,"nice":0,"iowait":0,"irq":0,"softirq":0,"steal":0,"guest":0,"guestNice":0,"stolen":0},{"cpu":"cpu1","user":2351.984375,"system":960.890625,"idle":17714.3046875,"nice":0,"iowait":0,"irq":0,"softirq":0,"steal":0,"guest":0,"guestNice":0,"stolen":0},{"cpu":"cpu2","user":3742.4140625,"system":1932.8984375,"idle":15351.8671875,"nice":0,"iowait":0,"irq":0,"softirq":0,"steal":0,"guest":0,"guestNice":0,"stolen":0},{"cpu":"cpu3","user":2386.5703125,"system":973.7109375,"idle":17666.8984375,"nice":0,"iowait":0,"irq":0,"softirq":0,"steal":0,"guest":0,"guestNice":0,"stolen":0}],"time":"2018-02-19 12:14:38.037072 +0900 JST m=+1987.272231403","errorInfo":null}
[Info]2018/02/19 12:14:38 acsessd /api/status.json
[Info]2018/02/19 12:14:38 {"hostname":"ksc-1x-dhcp-172-29-194-195.kwansei.ac.jp","hostid":"18d901f1-4a03-3ff1-ae34-c26b2732f13c","virtualizationSystem":"","total":8589934592,"available":2288402432,"usedPercent":73.35948944091797,"diskIO":[{"name":"disk0","ioTime":1295948,"weightedIO":0}],"cpu":[{"cpu":"cpu0","user":3857.6015625,"system":2199.2578125,"idle":14971.53125,"nice":0,"iowait":0,"irq":0,"softirq":0,"steal":0,"guest":0,"guestNice":0,"stolen":0},{"cpu":"cpu1","user":2352.09375,"system":960.921875,"idle":17714.5546875,"nice":0,"iowait":0,"irq":0,"softirq":0,"steal":0,"guest":0,"guestNice":0,"stolen":0},{"cpu":"cpu2","user":3742.5703125,"system":1932.953125,"idle":15352.046875,"nice":0,"iowait":0,"irq":0,"softirq":0,"steal":0,"guest":0,"guestNice":0,"stolen":0},{"cpu":"cpu3","user":2386.6875,"system":973.75,"idle":17667.1328125,"nice":0,"iowait":0,"irq":0,"softirq":0,"steal":0,"guest":0,"guestNice":0,"stolen":0}],"time":"2018-02-19 12:14:38.541287 +0900 JST m=+1987.776445550","errorInfo":null}
[Info]2018/02/19 12:14:38 acsessd /api/status.json
[Info]2018/02/19 12:14:39 {"hostname":"ksc-1x-dhcp-172-29-194-195.kwansei.ac.jp","hostid":"18d901f1-4a03-3ff1-ae34-c26b2732f13c","virtualizationSystem":"","total":8589934592,"available":2288271360,"usedPercent":73.36101531982422,"diskIO":[{"name":"disk0","ioTime":1295956,"weightedIO":0}],"cpu":[{"cpu":"cpu0","user":3857.6953125,"system":2199.28125,"idle":14971.7890625,"nice":0,"iowait":0,"irq":0,"softirq":0,"steal":0,"guest":0,"guestNice":0,"stolen":0},{"cpu":"cpu1","user":2352.109375,"system":960.9296875,"idle":17714.9140625,"nice":0,"iowait":0,"irq":0,"softirq":0,"steal":0,"guest":0,"guestNice":0,"stolen":0},{"cpu":"cpu2","user":3742.640625,"system":1932.9765625,"idle":15352.3359375,"nice":0,"iowait":0,"irq":0,"softirq":0,"steal":0,"guest":0,"guestNice":0,"stolen":0},{"cpu":"cpu3","user":2386.703125,"system":973.765625,"idle":17667.484375,"nice":0,"iowait":0,"irq":0,"softirq":0,"steal":0,"guest":0,"guestNice":0,"stolen":0}],"time":"2018-02-19 12:14:39.031858 +0900 JST m=+1988.267015584","errorInfo":null}
[Info]2018/02/19 12:14:39 acsessd /api/status.json
[Info]2018/02/19 12:14:39 {"hostname":"ksc-1x-dhcp-172-29-194-195.kwansei.ac.jp","hostid":"18d901f1-4a03-3ff1-ae34-c26b2732f13c","virtualizationSystem":"","total":8589934592,"available":2286940160,"usedPercent":73.37651252746582,"diskIO":[{"name":"disk0","ioTime":1295979,"weightedIO":0}],"cpu":[{"cpu":"cpu0","user":3857.890625,"system":2199.3359375,"idle":14971.96875,"nice":0,"iowait":0,"irq":0,"softirq":0,"steal":0,"guest":0,"guestNice":0,"stolen":0},{"cpu":"cpu1","user":2352.25,"system":960.9765625,"idle":17715.15625,"nice":0,"iowait":0,"irq":0,"softirq":0,"steal":0,"guest":0,"guestNice":0,"stolen":0},{"cpu":"cpu2","user":3742.8203125,"system":1933.0546875,"idle":15352.5078125,"nice":0,"iowait":0,"irq":0,"softirq":0,"steal":0,"guest":0,"guestNice":0,"stolen":0},{"cpu":"cpu3","user":2386.8359375,"system":973.8203125,"idle":17667.734375,"nice":0,"iowait":0,"irq":0,"softirq":0,"steal":0,"guest":0,"guestNice":0,"stolen":0}],"time":"2018-02-19 12:14:39.582308 +0900 JST m=+1988.817464355","errorInfo":null}
[Info]2018/02/19 12:14:39 acsessd /api/status.json
[Info]2018/02/19 12:14:40 {"hostname":"ksc-1x-dhcp-172-29-194-195.kwansei.ac.jp","hostid":"18d901f1-4a03-3ff1-ae34-c26b2732f13c","virtualizationSystem":"","total":8589934592,"available":2284269568,"usedPercent":73.40760231018066,"diskIO":[{"name":"disk0","ioTime":1296015,"weightedIO":0}],"cpu":[{"cpu":"cpu0","user":3858.046875,"system":2199.40625,"idle":14972.109375,"nice":0,"iowait":0,"irq":0,"softirq":0,"steal":0,"guest":0,"guestNice":0,"stolen":0},{"cpu":"cpu1","user":2352.3515625,"system":961.0234375,"idle":17715.375,"nice":0,"iowait":0,"irq":0,"softirq":0,"steal":0,"guest":0,"guestNice":0,"stolen":0},{"cpu":"cpu2","user":3742.9921875,"system":1933.1171875,"idle":15352.6484375,"nice":0,"iowait":0,"irq":0,"softirq":0,"steal":0,"guest":0,"guestNice":0,"stolen":0},{"cpu":"cpu3","user":2386.921875,"system":973.8515625,"idle":17667.9765625,"nice":0,"iowait":0,"irq":0,"softirq":0,"steal":0,"guest":0,"guestNice":0,"stolen":0}],"time":"2018-02-19 12:14:40.048133 +0900 JST m=+1989.283288771","errorInfo":null}
[Info]2018/02/19 12:14:40 acsessd /api/status.json
[Info]2018/02/19 12:14:40 {"hostname":"ksc-1x-dhcp-172-29-194-195.kwansei.ac.jp","hostid":"18d901f1-4a03-3ff1-ae34-c26b2732f13c","virtualizationSystem":"","total":8589934592,"available":2282639360,"usedPercent":73.42658042907715,"diskIO":[{"name":"disk0","ioTime":1296031,"weightedIO":0}],"cpu":[{"cpu":"cpu0","user":3858.1953125,"system":2199.4765625,"idle":14972.2734375,"nice":0,"iowait":0,"irq":0,"softirq":0,"steal":0,"guest":0,"guestNice":0,"stolen":0},{"cpu":"cpu1","user":2352.46875,"system":961.0625,"idle":17715.6015625,"nice":0,"iowait":0,"irq":0,"softirq":0,"steal":0,"guest":0,"guestNice":0,"stolen":0},{"cpu":"cpu2","user":3743.1328125,"system":1933.171875,"idle":15352.828125,"nice":0,"iowait":0,"irq":0,"softirq":0,"steal":0,"guest":0,"guestNice":0,"stolen":0},{"cpu":"cpu3","user":2387.0390625,"system":973.890625,"idle":17668.203125,"nice":0,"iowait":0,"irq":0,"softirq":0,"steal":0,"guest":0,"guestNice":0,"stolen":0}],"time":"2018-02-19 12:14:40.537352 +0900 JST m=+1989.772506823","errorInfo":null}
[Info]2018/02/19 12:14:40 acsessd /api/status.json
[Info]2018/02/19 12:14:41 {"hostname":"ksc-1x-dhcp-172-29-194-195.kwansei.ac.jp","hostid":"18d901f1-4a03-3ff1-ae34-c26b2732f13c","virtualizationSystem":"","total":8589934592,"available":2282512384,"usedPercent":73.42805862426758,"diskIO":[{"name":"disk0","ioTime":1296040,"weightedIO":0}],"cpu":[{"cpu":"cpu0","user":3858.3984375,"system":2199.5546875,"idle":14972.390625,"nice":0,"iowait":0,"irq":0,"softirq":0,"steal":0,"guest":0,"guestNice":0,"stolen":0},{"cpu":"cpu1","user":2352.640625,"system":961.1171875,"idle":17715.7734375,"nice":0,"iowait":0,"irq":0,"softirq":0,"steal":0,"guest":0,"guestNice":0,"stolen":0},{"cpu":"cpu2","user":3743.328125,"system":1933.25,"idle":15352.953125,"nice":0,"iowait":0,"irq":0,"softirq":0,"steal":0,"guest":0,"guestNice":0,"stolen":0},{"cpu":"cpu3","user":2387.203125,"system":973.953125,"idle":17668.375,"nice":0,"iowait":0,"irq":0,"softirq":0,"steal":0,"guest":0,"guestNice":0,"stolen":0}],"time":"2018-02-19 12:14:41.047125 +0900 JST m=+1990.282278887","errorInfo":null}
[Info]2018/02/19 12:14:41 acsessd /api/status.json
[Info]2018/02/19 12:14:41 {"hostname":"ksc-1x-dhcp-172-29-194-195.kwansei.ac.jp","hostid":"18d901f1-4a03-3ff1-ae34-c26b2732f13c","virtualizationSystem":"","total":8589934592,"available":2266767360,"usedPercent":73.61135482788086,"diskIO":[{"name":"disk0","ioTime":1296040,"weightedIO":0}],"cpu":[{"cpu":"cpu0","user":3858.5234375,"system":2199.6171875,"idle":14972.6171875,"nice":0,"iowait":0,"irq":0,"softirq":0,"steal":0,"guest":0,"guestNice":0,"stolen":0},{"cpu":"cpu1","user":2352.75,"system":961.1484375,"idle":17716.046875,"nice":0,"iowait":0,"irq":0,"softirq":0,"steal":0,"guest":0,"guestNice":0,"stolen":0},{"cpu":"cpu2","user":3743.46875,"system":1933.2890625,"idle":15353.1875,"nice":0,"iowait":0,"irq":0,"softirq":0,"steal":0,"guest":0,"guestNice":0,"stolen":0},{"cpu":"cpu3","user":2387.2890625,"system":974,"idle":17668.6484375,"nice":0,"iowait":0,"irq":0,"softirq":0,"steal":0,"guest":0,"guestNice":0,"stolen":0}],"time":"2018-02-19 12:14:41.575137 +0900 JST m=+1990.810289891","errorInfo":null}
[Info]2018/02/19 12:14:41 acsessd /api/status.json
[Info]2018/02/19 12:14:42 {"hostname":"ksc-1x-dhcp-172-29-194-195.kwansei.ac.jp","hostid":"18d901f1-4a03-3ff1-ae34-c26b2732f13c","virtualizationSystem":"","total":8589934592,"available":2263961600,"usedPercent":73.64401817321777,"diskIO":[{"name":"disk0","ioTime":1296056,"weightedIO":0}],"cpu":[{"cpu":"cpu0","user":3858.65625,"system":2199.6796875,"idle":14972.7890625,"nice":0,"iowait":0,"irq":0,"softirq":0,"steal":0,"guest":0,"guestNice":0,"stolen":0},{"cpu":"cpu1","user":2352.8671875,"system":961.1796875,"idle":17716.2734375,"nice":0,"iowait":0,"irq":0,"softirq":0,"steal":0,"guest":0,"guestNice":0,"stolen":0},{"cpu":"cpu2","user":3743.609375,"system":1933.3515625,"idle":15353.359375,"nice":0,"iowait":0,"irq":0,"softirq":0,"steal":0,"guest":0,"guestNice":0,"stolen":0},{"cpu":"cpu3","user":2387.40625,"system":974.03125,"idle":17668.875,"nice":0,"iowait":0,"irq":0,"softirq":0,"steal":0,"guest":0,"guestNice":0,"stolen":0}],"time":"2018-02-19 12:14:42.05352 +0900 JST m=+1991.288671862","errorInfo":null}
[Info]2018/02/19 12:14:42 acsessd /api/status.json
[Info]2018/02/19 12:14:42 {"hostname":"ksc-1x-dhcp-172-29-194-195.kwansei.ac.jp","hostid":"18d901f1-4a03-3ff1-ae34-c26b2732f13c","virtualizationSystem":"","total":8589934592,"available":2264014848,"usedPercent":73.64339828491211,"diskIO":[{"name":"disk0","ioTime":1296057,"weightedIO":0}],"cpu":[{"cpu":"cpu0","user":3858.71875,"system":2199.71875,"idle":14973.0859375,"nice":0,"iowait":0,"irq":0,"softirq":0,"steal":0,"guest":0,"guestNice":0,"stolen":0},{"cpu":"cpu1","user":2352.890625,"system":961.1875,"idle":17716.625,"nice":0,"iowait":0,"irq":0,"softirq":0,"steal":0,"guest":0,"guestNice":0,"stolen":0},{"cpu":"cpu2","user":3743.6796875,"system":1933.390625,"idle":15353.6328125,"nice":0,"iowait":0,"irq":0,"softirq":0,"steal":0,"guest":0,"guestNice":0,"stolen":0},{"cpu":"cpu3","user":2387.4296875,"system":974.0390625,"idle":17669.234375,"nice":0,"iowait":0,"irq":0,"softirq":0,"steal":0,"guest":0,"guestNice":0,"stolen":0}],"time":"2018-02-19 12:14:42.55313 +0900 JST m=+1991.788280898","errorInfo":null}
[Info]2018/02/19 12:14:42 acsessd /api/status.json
[Info]2018/02/19 12:14:43 {"hostname":"ksc-1x-dhcp-172-29-194-195.kwansei.ac.jp","hostid":"18d901f1-4a03-3ff1-ae34-c26b2732f13c","virtualizationSystem":"","total":8589934592,"available":2262863872,"usedPercent":73.65679740905762,"diskIO":[{"name":"disk0","ioTime":1296057,"weightedIO":0}],"cpu":[{"cpu":"cpu0","user":3858.8515625,"system":2199.7734375,"idle":14973.2890625,"nice":0,"iowait":0,"irq":0,"softirq":0,"steal":0,"guest":0,"guestNice":0,"stolen":0},{"cpu":"cpu1","user":2352.96875,"system":961.2265625,"idle":17716.90625,"nice":0,"iowait":0,"irq":0,"softirq":0,"steal":0,"guest":0,"guestNice":0,"stolen":0},{"cpu":"cpu2","user":3743.8203125,"system":1933.4375,"idle":15353.84375,"nice":0,"iowait":0,"irq":0,"softirq":0,"steal":0,"guest":0,"guestNice":0,"stolen":0},{"cpu":"cpu3","user":2387.515625,"system":974.0703125,"idle":17669.515625,"nice":0,"iowait":0,"irq":0,"softirq":0,"steal":0,"guest":0,"guestNice":0,"stolen":0}],"time":"2018-02-19 12:14:43.063577 +0900 JST m=+1992.298727212","errorInfo":null}
[Info]2018/02/19 12:14:43 acsessd /api/status.json
[Info]2018/02/19 12:14:43 {"hostname":"ksc-1x-dhcp-172-29-194-195.kwansei.ac.jp","hostid":"18d901f1-4a03-3ff1-ae34-c26b2732f13c","virtualizationSystem":"","total":8589934592,"available":2262929408,"usedPercent":73.65603446960449,"diskIO":[{"name":"disk0","ioTime":1296068,"weightedIO":0}],"cpu":[{"cpu":"cpu0","user":3858.9296875,"system":2199.8125,"idle":14973.5625,"nice":0,"iowait":0,"irq":0,"softirq":0,"steal":0,"guest":0,"guestNice":0,"stolen":0},{"cpu":"cpu1","user":2353,"system":961.2421875,"idle":17717.25,"nice":0,"iowait":0,"irq":0,"softirq":0,"steal":0,"guest":0,"guestNice":0,"stolen":0},{"cpu":"cpu2","user":3743.8828125,"system":1933.46875,"idle":15354.1328125,"nice":0,"iowait":0,"irq":0,"softirq":0,"steal":0,"guest":0,"guestNice":0,"stolen":0},{"cpu":"cpu3","user":2387.546875,"system":974.078125,"idle":17669.8671875,"nice":0,"iowait":0,"irq":0,"softirq":0,"steal":0,"guest":0,"guestNice":0,"stolen":0}],"time":"2018-02-19 12:14:43.556526 +0900 JST m=+1992.791674774","errorInfo":null}
[Info]2018/02/19 12:14:44 acsessd /api/status.json
[Info]2018/02/19 12:14:44 {"hostname":"ksc-1x-dhcp-172-29-194-195.kwansei.ac.jp","hostid":"18d901f1-4a03-3ff1-ae34-c26b2732f13c","virtualizationSystem":"","total":8589934592,"available":2262208512,"usedPercent":73.66442680358887,"diskIO":[{"name":"disk0","ioTime":1296068,"weightedIO":0}],"cpu":[{"cpu":"cpu0","user":3859,"system":2199.8359375,"idle":14973.859375,"nice":0,"iowait":0,"irq":0,"softirq":0,"steal":0,"guest":0,"guestNice":0,"stolen":0},{"cpu":"cpu1","user":2353.03125,"system":961.25,"idle":17717.6015625,"nice":0,"iowait":0,"irq":0,"softirq":0,"steal":0,"guest":0,"guestNice":0,"stolen":0},{"cpu":"cpu2","user":3743.9296875,"system":1933.4921875,"idle":15354.4609375,"nice":0,"iowait":0,"irq":0,"softirq":0,"steal":0,"guest":0,"guestNice":0,"stolen":0},{"cpu":"cpu3","user":2387.5546875,"system":974.09375,"idle":17670.234375,"nice":0,"iowait":0,"irq":0,"softirq":0,"steal":0,"guest":0,"guestNice":0,"stolen":0}],"time":"2018-02-19 12:14:44.064242 +0900 JST m=+1993.299389747","errorInfo":null}
[Info]2018/02/19 12:14:44 acsessd /api/status.json
[Info]2018/02/19 12:14:44 {"hostname":"ksc-1x-dhcp-172-29-194-195.kwansei.ac.jp","hostid":"18d901f1-4a03-3ff1-ae34-c26b2732f13c","virtualizationSystem":"","total":8589934592,"available":2266972160,"usedPercent":73.60897064208984,"diskIO":[{"name":"disk0","ioTime":1296077,"weightedIO":0}],"cpu":[{"cpu":"cpu0","user":3859.1875,"system":2199.890625,"idle":14974.015625,"nice":0,"iowait":0,"irq":0,"softirq":0,"steal":0,"guest":0,"guestNice":0,"stolen":0},{"cpu":"cpu1","user":2353.1484375,"system":961.2890625,"idle":17717.8515625,"nice":0,"iowait":0,"irq":0,"softirq":0,"steal":0,"guest":0,"guestNice":0,"stolen":0},{"cpu":"cpu2","user":3744.0859375,"system":1933.5546875,"idle":15354.640625,"nice":0,"iowait":0,"irq":0,"softirq":0,"steal":0,"guest":0,"guestNice":0,"stolen":0},{"cpu":"cpu3","user":2387.6796875,"system":974.125,"idle":17670.4765625,"nice":0,"iowait":0,"irq":0,"softirq":0,"steal":0,"guest":0,"guestNice":0,"stolen":0}],"time":"2018-02-19 12:14:44.573736 +0900 JST m=+1993.808882423","errorInfo":null}
[Info]2018/02/19 12:14:45 acsessd /api/status.json
[Info]2018/02/19 12:14:45 {"hostname":"ksc-1x-dhcp-172-29-194-195.kwansei.ac.jp","hostid":"18d901f1-4a03-3ff1-ae34-c26b2732f13c","virtualizationSystem":"","total":8589934592,"available":2263298048,"usedPercent":73.65174293518066,"diskIO":[{"name":"disk0","ioTime":1296085,"weightedIO":0}],"cpu":[{"cpu":"cpu0","user":3859.296875,"system":2199.9375,"idle":14974.2578125,"nice":0,"iowait":0,"irq":0,"softirq":0,"steal":0,"guest":0,"guestNice":0,"stolen":0},{"cpu":"cpu1","user":2353.203125,"system":961.3046875,"idle":17718.1640625,"nice":0,"iowait":0,"irq":0,"softirq":0,"steal":0,"guest":0,"guestNice":0,"stolen":0},{"cpu":"cpu2","user":3744.1953125,"system":1933.6015625,"idle":15354.875,"nice":0,"iowait":0,"irq":0,"softirq":0,"steal":0,"guest":0,"guestNice":0,"stolen":0},{"cpu":"cpu3","user":2387.75,"system":974.1484375,"idle":17670.7734375,"nice":0,"iowait":0,"irq":0,"softirq":0,"steal":0,"guest":0,"guestNice":0,"stolen":0}],"time":"2018-02-19 12:14:45.070445 +0900 JST m=+1994.305590986","errorInfo":null}
[Info]2018/02/19 12:14:45 acsessd /api/status.json
[Info]2018/02/19 12:14:45 {"hostname":"ksc-1x-dhcp-172-29-194-195.kwansei.ac.jp","hostid":"18d901f1-4a03-3ff1-ae34-c26b2732f13c","virtualizationSystem":"","total":8589934592,"available":2260217856,"usedPercent":73.68760108947754,"diskIO":[{"name":"disk0","ioTime":1296111,"weightedIO":0}],"cpu":[{"cpu":"cpu0","user":3859.46875,"system":2200.0625,"idle":14974.3828125,"nice":0,"iowait":0,"irq":0,"softirq":0,"steal":0,"guest":0,"guestNice":0,"stolen":0},{"cpu":"cpu1","user":2353.359375,"system":961.390625,"idle":17718.359375,"nice":0,"iowait":0,"irq":0,"softirq":0,"steal":0,"guest":0,"guestNice":0,"stolen":0},{"cpu":"cpu2","user":3744.375,"system":1933.7265625,"idle":15355.0078125,"nice":0,"iowait":0,"irq":0,"softirq":0,"steal":0,"guest":0,"guestNice":0,"stolen":0},{"cpu":"cpu3","user":2387.8828125,"system":974.25,"idle":17670.96875,"nice":0,"iowait":0,"irq":0,"softirq":0,"steal":0,"guest":0,"guestNice":0,"stolen":0}],"time":"2018-02-19 12:14:45.622026 +0900 JST m=+1994.857171377","errorInfo":null}
[Info]2018/02/19 12:14:46 acsessd /api/status.json
[Info]2018/02/19 12:14:46 {"hostname":"ksc-1x-dhcp-172-29-194-195.kwansei.ac.jp","hostid":"18d901f1-4a03-3ff1-ae34-c26b2732f13c","virtualizationSystem":"","total":8589934592,"available":2267996160,"usedPercent":73.59704971313477,"diskIO":[{"name":"disk0","ioTime":1296142,"weightedIO":0}],"cpu":[{"cpu":"cpu0","user":3859.578125,"system":2200.1328125,"idle":14974.578125,"nice":0,"iowait":0,"irq":0,"softirq":0,"steal":0,"guest":0,"guestNice":0,"stolen":0},{"cpu":"cpu1","user":2353.421875,"system":961.421875,"idle":17718.6328125,"nice":0,"iowait":0,"irq":0,"softirq":0,"steal":0,"guest":0,"guestNice":0,"stolen":0},{"cpu":"cpu2","user":3744.4765625,"system":1933.8125,"idle":15355.1875,"nice":0,"iowait":0,"irq":0,"softirq":0,"steal":0,"guest":0,"guestNice":0,"stolen":0},{"cpu":"cpu3","user":2387.9375,"system":974.28125,"idle":17671.25,"nice":0,"iowait":0,"irq":0,"softirq":0,"steal":0,"guest":0,"guestNice":0,"stolen":0}],"time":"2018-02-19 12:14:46.093703 +0900 JST m=+1995.328847185","errorInfo":null}
[Info]2018/02/19 12:14:46 acsessd /api/status.json
[Info]2018/02/19 12:14:46 {"hostname":"ksc-1x-dhcp-172-29-194-195.kwansei.ac.jp","hostid":"18d901f1-4a03-3ff1-ae34-c26b2732f13c","virtualizationSystem":"","total":8589934592,"available":2267512832,"usedPercent":73.60267639160156,"diskIO":[{"name":"disk0","ioTime":1296142,"weightedIO":0}],"cpu":[{"cpu":"cpu0","user":3859.671875,"system":2200.203125,"idle":14974.7890625,"nice":0,"iowait":0,"irq":0,"softirq":0,"steal":0,"guest":0,"guestNice":0,"stolen":0},{"cpu":"cpu1","user":2353.484375,"system":961.453125,"idle":17718.921875,"nice":0,"iowait":0,"irq":0,"softirq":0,"steal":0,"guest":0,"guestNice":0,"stolen":0},{"cpu":"cpu2","user":3744.5703125,"system":1933.875,"idle":15355.40625,"nice":0,"iowait":0,"irq":0,"softirq":0,"steal":0,"guest":0,"guestNice":0,"stolen":0},{"cpu":"cpu3","user":2387.9921875,"system":974.3125,"idle":17671.546875,"nice":0,"iowait":0,"irq":0,"softirq":0,"steal":0,"guest":0,"guestNice":0,"stolen":0}],"time":"2018-02-19 12:14:46.580679 +0900 JST m=+1995.815822651","errorInfo":null}
[Info]2018/02/19 12:14:47 acsessd /api/status.json
[Info]2018/02/19 12:14:47 {"hostname":"ksc-1x-dhcp-172-29-194-195.kwansei.ac.jp","hostid":"18d901f1-4a03-3ff1-ae34-c26b2732f13c","virtualizationSystem":"","total":8589934592,"available":2268078080,"usedPercent":73.59609603881836,"diskIO":[{"name":"disk0","ioTime":1296142,"weightedIO":0}],"cpu":[{"cpu":"cpu0","user":3859.765625,"system":2200.2734375,"idle":14975.015625,"nice":0,"iowait":0,"irq":0,"softirq":0,"steal":0,"guest":0,"guestNice":0,"stolen":0},{"cpu":"cpu1","user":2353.515625,"system":961.46875,"idle":17719.2578125,"nice":0,"iowait":0,"irq":0,"softirq":0,"steal":0,"guest":0,"guestNice":0,"stolen":0},{"cpu":"cpu2","user":3744.65625,"system":1933.9375,"idle":15355.65625,"nice":0,"iowait":0,"irq":0,"softirq":0,"steal":0,"guest":0,"guestNice":0,"stolen":0},{"cpu":"cpu3","user":2388.03125,"system":974.3359375,"idle":17671.875,"nice":0,"iowait":0,"irq":0,"softirq":0,"steal":0,"guest":0,"guestNice":0,"stolen":0}],"time":"2018-02-19 12:14:47.081081 +0900 JST m=+1996.316223746","errorInfo":null}
[Info]2018/02/19 12:14:47 acsessd /api/status.json
[Info]2018/02/19 12:14:47 {"hostname":"ksc-1x-dhcp-172-29-194-195.kwansei.ac.jp","hostid":"18d901f1-4a03-3ff1-ae34-c26b2732f13c","virtualizationSystem":"","total":8589934592,"available":2272632832,"usedPercent":73.54307174682617,"diskIO":[{"name":"disk0","ioTime":1296151,"weightedIO":0}],"cpu":[{"cpu":"cpu0","user":3859.8515625,"system":2200.359375,"idle":14975.2421875,"nice":0,"iowait":0,"irq":0,"softirq":0,"steal":0,"guest":0,"guestNice":0,"stolen":0},{"cpu":"cpu1","user":2353.5546875,"system":961.4921875,"idle":17719.59375,"nice":0,"iowait":0,"irq":0,"softirq":0,"steal":0,"guest":0,"guestNice":0,"stolen":0},{"cpu":"cpu2","user":3744.75,"system":1934,"idle":15355.890625,"nice":0,"iowait":0,"irq":0,"softirq":0,"steal":0,"guest":0,"guestNice":0,"stolen":0},{"cpu":"cpu3","user":2388.0859375,"system":974.3515625,"idle":17672.1953125,"nice":0,"iowait":0,"irq":0,"softirq":0,"steal":0,"guest":0,"guestNice":0,"stolen":0}],"time":"2018-02-19 12:14:47.586644 +0900 JST m=+1996.821785440","errorInfo":null}
[Info]2018/02/19 12:14:48 acsessd /api/status.json
[Info]2018/02/19 12:14:48 {"hostname":"ksc-1x-dhcp-172-29-194-195.kwansei.ac.jp","hostid":"18d901f1-4a03-3ff1-ae34-c26b2732f13c","virtualizationSystem":"","total":8589934592,"available":2264489984,"usedPercent":73.63786697387695,"diskIO":[{"name":"disk0","ioTime":1296179,"weightedIO":0}],"cpu":[{"cpu":"cpu0","user":3860.015625,"system":2200.46875,"idle":14975.40625,"nice":0,"iowait":0,"irq":0,"softirq":0,"steal":0,"guest":0,"guestNice":0,"stolen":0},{"cpu":"cpu1","user":2353.6796875,"system":961.5625,"idle":17719.8359375,"nice":0,"iowait":0,"irq":0,"softirq":0,"steal":0,"guest":0,"guestNice":0,"stolen":0},{"cpu":"cpu2","user":3744.9140625,"system":1934.1015625,"idle":15356.0625,"nice":0,"iowait":0,"irq":0,"softirq":0,"steal":0,"guest":0,"guestNice":0,"stolen":0},{"cpu":"cpu3","user":2388.2265625,"system":974.4296875,"idle":17672.4140625,"nice":0,"iowait":0,"irq":0,"softirq":0,"steal":0,"guest":0,"guestNice":0,"stolen":0}],"time":"2018-02-19 12:14:48.145246 +0900 JST m=+1997.380385545","errorInfo":null}
[Info]2018/02/19 12:14:48 acsessd /api/status.json
[Info]2018/02/19 12:14:48 {"hostname":"ksc-1x-dhcp-172-29-194-195.kwansei.ac.jp","hostid":"18d901f1-4a03-3ff1-ae34-c26b2732f13c","virtualizationSystem":"","total":8589934592,"available":2264829952,"usedPercent":73.63390922546387,"diskIO":[{"name":"disk0","ioTime":1296187,"weightedIO":0}],"cpu":[{"cpu":"cpu0","user":3860.1484375,"system":2200.5390625,"idle":14975.5546875,"nice":0,"iowait":0,"irq":0,"softirq":0,"steal":0,"guest":0,"guestNice":0,"stolen":0},{"cpu":"cpu1","user":2353.796875,"system":961.6015625,"idle":17720.0390625,"nice":0,"iowait":0,"irq":0,"softirq":0,"steal":0,"guest":0,"guestNice":0,"stolen":0},{"cpu":"cpu2","user":3745.0546875,"system":1934.1796875,"idle":15356.203125,"nice":0,"iowait":0,"irq":0,"softirq":0,"steal":0,"guest":0,"guestNice":0,"stolen":0},{"cpu":"cpu3","user":2388.34375,"system":974.46875,"idle":17672.6171875,"nice":0,"iowait":0,"irq":0,"softirq":0,"steal":0,"guest":0,"guestNice":0,"stolen":0}],"time":"2018-02-19 12:14:48.604942 +0900 JST m=+1997.840080717","errorInfo":null}
[Info]2018/02/19 12:14:49 acsessd /api/status.json
[Info]2018/02/19 12:14:49 {"hostname":"ksc-1x-dhcp-172-29-194-195.kwansei.ac.jp","hostid":"18d901f1-4a03-3ff1-ae34-c26b2732f13c","virtualizationSystem":"","total":8589934592,"available":2264813568,"usedPercent":73.63409996032715,"diskIO":[{"name":"disk0","ioTime":1296194,"weightedIO":0}],"cpu":[{"cpu":"cpu0","user":3860.2421875,"system":2200.59375,"idle":14975.796875,"nice":0,"iowait":0,"irq":0,"softirq":0,"steal":0,"guest":0,"guestNice":0,"stolen":0},{"cpu":"cpu1","user":2353.875,"system":961.6328125,"idle":17720.3125,"nice":0,"iowait":0,"irq":0,"softirq":0,"steal":0,"guest":0,"guestNice":0,"stolen":0},{"cpu":"cpu2","user":3745.15625,"system":1934.21875,"idle":15356.4453125,"nice":0,"iowait":0,"irq":0,"softirq":0,"steal":0,"guest":0,"guestNice":0,"stolen":0},{"cpu":"cpu3","user":2388.3984375,"system":974.4921875,"idle":17672.921875,"nice":0,"iowait":0,"irq":0,"softirq":0,"steal":0,"guest":0,"guestNice":0,"stolen":0}],"time":"2018-02-19 12:14:49.099474 +0900 JST m=+1998.334612620","errorInfo":null}
[Info]2018/02/19 12:14:49 acsessd /api/status.json
[Info]2018/02/19 12:14:50 acsessd /api/status.json
[Info]2018/02/19 12:14:50 {"hostname":"ksc-1x-dhcp-172-29-194-195.kwansei.ac.jp","hostid":"18d901f1-4a03-3ff1-ae34-c26b2732f13c","virtualizationSystem":"","total":8589934592,"available":2263113728,"usedPercent":73.65388870239258,"diskIO":[{"name":"disk0","ioTime":1296218,"weightedIO":0}],"cpu":[{"cpu":"cpu0","user":3860.3671875,"system":2200.671875,"idle":14976.3828125,"nice":0,"iowait":0,"irq":0,"softirq":0,"steal":0,"guest":0,"guestNice":0,"stolen":0},{"cpu":"cpu1","user":2353.9375,"system":961.65625,"idle":17721.0078125,"nice":0,"iowait":0,"irq":0,"softirq":0,"steal":0,"guest":0,"guestNice":0,"stolen":0},{"cpu":"cpu2","user":3745.2890625,"system":1934.2890625,"idle":15357.0234375,"nice":0,"iowait":0,"irq":0,"softirq":0,"steal":0,"guest":0,"guestNice":0,"stolen":0},{"cpu":"cpu3","user":2388.453125,"system":974.515625,"idle":17673.625,"nice":0,"iowait":0,"irq":0,"softirq":0,"steal":0,"guest":0,"guestNice":0,"stolen":0}],"time":"2018-02-19 12:14:50.098392 +0900 JST m=+1999.333528249","errorInfo":null}
[Info]2018/02/19 12:14:50 acsessd /api/status.json
[Info]2018/02/19 12:14:50 {"hostname":"ksc-1x-dhcp-172-29-194-195.kwansei.ac.jp","hostid":"18d901f1-4a03-3ff1-ae34-c26b2732f13c","virtualizationSystem":"","total":8589934592,"available":2264731648,"usedPercent":73.63505363464355,"diskIO":[{"name":"disk0","ioTime":1296218,"weightedIO":0}],"cpu":[{"cpu":"cpu0","user":3860.4296875,"system":2200.7109375,"idle":14976.6640625,"nice":0,"iowait":0,"irq":0,"softirq":0,"steal":0,"guest":0,"guestNice":0,"stolen":0},{"cpu":"cpu1","user":2353.9609375,"system":961.671875,"idle":17721.3515625,"nice":0,"iowait":0,"irq":0,"softirq":0,"steal":0,"guest":0,"guestNice":0,"stolen":0},{"cpu":"cpu2","user":3745.3515625,"system":1934.3359375,"idle":15357.3046875,"nice":0,"iowait":0,"irq":0,"softirq":0,"steal":0,"guest":0,"guestNice":0,"stolen":0},{"cpu":"cpu3","user":2388.484375,"system":974.5390625,"idle":17673.9609375,"nice":0,"iowait":0,"irq":0,"softirq":0,"steal":0,"guest":0,"guestNice":0,"stolen":0}],"time":"2018-02-19 12:14:50.599653 +0900 JST m=+1999.834788133","errorInfo":null}
[Info]2018/02/19 12:14:51 acsessd /api/status.json
[Info]2018/02/19 12:14:51 {"hostname":"ksc-1x-dhcp-172-29-194-195.kwansei.ac.jp","hostid":"18d901f1-4a03-3ff1-ae34-c26b2732f13c","virtualizationSystem":"","total":8589934592,"available":2248093696,"usedPercent":73.82874488830566,"diskIO":[{"name":"disk0","ioTime":1296236,"weightedIO":0}],"cpu":[{"cpu":"cpu0","user":3860.640625,"system":2200.7734375,"idle":14976.7890625,"nice":0,"iowait":0,"irq":0,"softirq":0,"steal":0,"guest":0,"guestNice":0,"stolen":0},{"cpu":"cpu1","user":2354.125,"system":961.71875,"idle":17721.5546875,"nice":0,"iowait":0,"irq":0,"softirq":0,"steal":0,"guest":0,"guestNice":0,"stolen":0},{"cpu":"cpu2","user":3745.5859375,"system":1934.390625,"idle":15357.421875,"nice":0,"iowait":0,"irq":0,"softirq":0,"steal":0,"guest":0,"guestNice":0,"stolen":0},{"cpu":"cpu3","user":2388.6640625,"system":974.578125,"idle":17674.1484375,"nice":0,"iowait":0,"irq":0,"softirq":0,"steal":0,"guest":0,"guestNice":0,"stolen":0}],"time":"2018-02-19 12:14:51.112957 +0900 JST m=+2000.348091659","errorInfo":null}
[Info]2018/02/19 12:14:51 acsessd /api/status.json
[Info]2018/02/19 12:14:51 {"hostname":"ksc-1x-dhcp-172-29-194-195.kwansei.ac.jp","hostid":"18d901f1-4a03-3ff1-ae34-c26b2732f13c","virtualizationSystem":"","total":8589934592,"available":2264858624,"usedPercent":73.63357543945312,"diskIO":[{"name":"disk0","ioTime":1296250,"weightedIO":0}],"cpu":[{"cpu":"cpu0","user":3860.8828125,"system":2200.859375,"idle":14976.875,"nice":0,"iowait":0,"irq":0,"softirq":0,"steal":0,"guest":0,"guestNice":0,"stolen":0},{"cpu":"cpu1","user":2354.3125,"system":961.765625,"idle":17721.71875,"nice":0,"iowait":0,"irq":0,"softirq":0,"steal":0,"guest":0,"guestNice":0,"stolen":0},{"cpu":"cpu2","user":3745.8203125,"system":1934.4765625,"idle":15357.5078125,"nice":0,"iowait":0,"irq":0,"softirq":0,"steal":0,"guest":0,"guestNice":0,"stolen":0},{"cpu":"cpu3","user":2388.875,"system":974.6328125,"idle":17674.2890625,"nice":0,"iowait":0,"irq":0,"softirq":0,"steal":0,"guest":0,"guestNice":0,"stolen":0}],"time":"2018-02-19 12:14:51.63224 +0900 JST m=+2000.867373491","errorInfo":null}
[Info]2018/02/19 12:14:51 {"hostname":"ksc-1x-dhcp-172-29-194-195.kwansei.ac.jp","hostid":"18d901f1-4a03-3ff1-ae34-c26b2732f13c","virtualizationSystem":"","total":8589934592,"available":2264227840,"usedPercent":73.64091873168945,"diskIO":[{"name":"disk0","ioTime":1296250,"weightedIO":0}],"cpu":[{"cpu":"cpu0","user":3860.8828125,"system":2200.859375,"idle":14976.875,"nice":0,"iowait":0,"irq":0,"softirq":0,"steal":0,"guest":0,"guestNice":0,"stolen":0},{"cpu":"cpu1","user":2354.3125,"system":961.765625,"idle":17721.71875,"nice":0,"iowait":0,"irq":0,"softirq":0,"steal":0,"guest":0,"guestNice":0,"stolen":0},{"cpu":"cpu2","user":3745.8203125,"system":1934.4765625,"idle":15357.5078125,"nice":0,"iowait":0,"irq":0,"softirq":0,"steal":0,"guest":0,"guestNice":0,"stolen":0},{"cpu":"cpu3","user":2388.875,"system":974.6328125,"idle":17674.296875,"nice":0,"iowait":0,"irq":0,"softirq":0,"steal":0,"guest":0,"guestNice":0,"stolen":0}],"time":"2018-02-19 12:14:51.633944 +0900 JST m=+2000.869078081","errorInfo":null}
[Info]2018/02/19 12:14:52 acsessd /api/status.json
[Info]2018/02/19 12:14:52 {"hostname":"ksc-1x-dhcp-172-29-194-195.kwansei.ac.jp","hostid":"18d901f1-4a03-3ff1-ae34-c26b2732f13c","virtualizationSystem":"","total":8589934592,"available":2259689472,"usedPercent":73.69375228881836,"diskIO":[{"name":"disk0","ioTime":1296250,"weightedIO":0}],"cpu":[{"cpu":"cpu0","user":3860.9296875,"system":2200.8828125,"idle":14977.1640625,"nice":0,"iowait":0,"irq":0,"softirq":0,"steal":0,"guest":0,"guestNice":0,"stolen":0},{"cpu":"cpu1","user":2354.34375,"system":961.78125,"idle":17722.046875,"nice":0,"iowait":0,"irq":0,"softirq":0,"steal":0,"guest":0,"guestNice":0,"stolen":0},{"cpu":"cpu2","user":3745.8671875,"system":1934.515625,"idle":15357.7890625,"nice":0,"iowait":0,"irq":0,"softirq":0,"steal":0,"guest":0,"guestNice":0,"stolen":0},{"cpu":"cpu3","user":2388.8984375,"system":974.640625,"idle":17674.625,"nice":0,"iowait":0,"irq":0,"softirq":0,"steal":0,"guest":0,"guestNice":0,"stolen":0}],"time":"2018-02-19 12:14:52.103724 +0900 JST m=+2001.338856560","errorInfo":null}
[Info]2018/02/19 12:14:52 acsessd /api/status.json
[Info]2018/02/19 12:14:52 {"hostname":"ksc-1x-dhcp-172-29-194-195.kwansei.ac.jp","hostid":"18d901f1-4a03-3ff1-ae34-c26b2732f13c","virtualizationSystem":"","total":8589934592,"available":2264580096,"usedPercent":73.6368179321289,"diskIO":[{"name":"disk0","ioTime":1296268,"weightedIO":0}],"cpu":[{"cpu":"cpu0","user":3861.046875,"system":2200.96875,"idle":14977.3671875,"nice":0,"iowait":0,"irq":0,"softirq":0,"steal":0,"guest":0,"guestNice":0,"stolen":0},{"cpu":"cpu1","user":2354.4140625,"system":961.8359375,"idle":17722.3046875,"nice":0,"iowait":0,"irq":0,"softirq":0,"steal":0,"guest":0,"guestNice":0,"stolen":0},{"cpu":"cpu2","user":3746,"system":1934.5859375,"idle":15357.9765625,"nice":0,"iowait":0,"irq":0,"softirq":0,"steal":0,"guest":0,"guestNice":0,"stolen":0},{"cpu":"cpu3","user":2388.9609375,"system":974.703125,"idle":17674.890625,"nice":0,"iowait":0,"irq":0,"softirq":0,"steal":0,"guest":0,"guestNice":0,"stolen":0}],"time":"2018-02-19 12:14:52.606127 +0900 JST m=+2001.841258976","errorInfo":null}
[Info]2018/02/19 12:14:53 acsessd /api/status.json
[Info]2018/02/19 12:14:53 {"hostname":"ksc-1x-dhcp-172-29-194-195.kwansei.ac.jp","hostid":"18d901f1-4a03-3ff1-ae34-c26b2732f13c","virtualizationSystem":"","total":8589934592,"available":2264870912,"usedPercent":73.63343238830566,"diskIO":[{"name":"disk0","ioTime":1296268,"weightedIO":0}],"cpu":[{"cpu":"cpu0","user":3861.125,"system":2201,"idle":14977.6484375,"nice":0,"iowait":0,"irq":0,"softirq":0,"steal":0,"guest":0,"guestNice":0,"stolen":0},{"cpu":"cpu1","user":2354.4453125,"system":961.84375,"idle":17722.6640625,"nice":0,"iowait":0,"irq":0,"softirq":0,"steal":0,"guest":0,"guestNice":0,"stolen":0},{"cpu":"cpu2","user":3746.0625,"system":1934.625,"idle":15358.28125,"nice":0,"iowait":0,"irq":0,"softirq":0,"steal":0,"guest":0,"guestNice":0,"stolen":0},{"cpu":"cpu3","user":2388.9921875,"system":974.71875,"idle":17675.2421875,"nice":0,"iowait":0,"irq":0,"softirq":0,"steal":0,"guest":0,"guestNice":0,"stolen":0}],"time":"2018-02-19 12:14:53.116434 +0900 JST m=+2002.351564401","errorInfo":null}
[Info]2018/02/19 12:14:53 acsessd /api/status.json
[Info]2018/02/19 12:14:53 {"hostname":"ksc-1x-dhcp-172-29-194-195.kwansei.ac.jp","hostid":"18d901f1-4a03-3ff1-ae34-c26b2732f13c","virtualizationSystem":"","total":8589934592,"available":2222940160,"usedPercent":74.1215705871582,"diskIO":[{"name":"disk0","ioTime":1296285,"weightedIO":0}],"cpu":[{"cpu":"cpu0","user":3861.21875,"system":2201.0625,"idle":14977.90625,"nice":0,"iowait":0,"irq":0,"softirq":0,"steal":0,"guest":0,"guestNice":0,"stolen":0},{"cpu":"cpu1","user":2354.484375,"system":961.875,"idle":17723.0078125,"nice":0,"iowait":0,"irq":0,"softirq":0,"steal":0,"guest":0,"guestNice":0,"stolen":0},{"cpu":"cpu2","user":3746.1484375,"system":1934.671875,"idle":15358.5546875,"nice":0,"iowait":0,"irq":0,"softirq":0,"steal":0,"guest":0,"guestNice":0,"stolen":0},{"cpu":"cpu3","user":2389.03125,"system":974.75,"idle":17675.578125,"nice":0,"iowait":0,"irq":0,"softirq":0,"steal":0,"guest":0,"guestNice":0,"stolen":0}],"time":"2018-02-19 12:14:53.640942 +0900 JST m=+2002.876071631","errorInfo":null}
[Info]2018/02/19 12:14:54 acsessd /api/status.json
[Info]2018/02/19 12:14:54 {"hostname":"ksc-1x-dhcp-172-29-194-195.kwansei.ac.jp","hostid":"18d901f1-4a03-3ff1-ae34-c26b2732f13c","virtualizationSystem":"","total":8589934592,"available":2201227264,"usedPercent":74.37434196472168,"diskIO":[{"name":"disk0","ioTime":1296303,"weightedIO":0}],"cpu":[{"cpu":"cpu0","user":3861.421875,"system":2201.125,"idle":14978.03125,"nice":0,"iowait":0,"irq":0,"softirq":0,"steal":0,"guest":0,"guestNice":0,"stolen":0},{"cpu":"cpu1","user":2354.59375,"system":961.921875,"idle":17723.25,"nice":0,"iowait":0,"irq":0,"softirq":0,"steal":0,"guest":0,"guestNice":0,"stolen":0},{"cpu":"cpu2","user":3746.34375,"system":1934.7421875,"idle":15358.6875,"nice":0,"iowait":0,"irq":0,"softirq":0,"steal":0,"guest":0,"guestNice":0,"stolen":0},{"cpu":"cpu3","user":2389.1640625,"system":974.8125,"idle":17675.7890625,"nice":0,"iowait":0,"irq":0,"softirq":0,"steal":0,"guest":0,"guestNice":0,"stolen":0}],"time":"2018-02-19 12:14:54.152039 +0900 JST m=+2003.387167764","errorInfo":null}
[Info]2018/02/19 12:14:54 acsessd /api/status.json
[Info]2018/02/19 12:14:54 {"hostname":"ksc-1x-dhcp-172-29-194-195.kwansei.ac.jp","hostid":"18d901f1-4a03-3ff1-ae34-c26b2732f13c","virtualizationSystem":"","total":8589934592,"available":2225053696,"usedPercent":74.09696578979492,"diskIO":[{"name":"disk0","ioTime":1296337,"weightedIO":0}],"cpu":[{"cpu":"cpu0","user":3861.5234375,"system":2201.2265625,"idle":14978.25,"nice":0,"iowait":0,"irq":0,"softirq":0,"steal":0,"guest":0,"guestNice":0,"stolen":0},{"cpu":"cpu1","user":2354.6796875,"system":961.9765625,"idle":17723.5234375,"nice":0,"iowait":0,"irq":0,"softirq":0,"steal":0,"guest":0,"guestNice":0,"stolen":0},{"cpu":"cpu2","user":3746.4453125,"system":1934.828125,"idle":15358.9140625,"nice":0,"iowait":0,"irq":0,"softirq":0,"steal":0,"guest":0,"guestNice":0,"stolen":0},{"cpu":"cpu3","user":2389.234375,"system":974.875,"idle":17676.0703125,"nice":0,"iowait":0,"irq":0,"softirq":0,"steal":0,"guest":0,"guestNice":0,"stolen":0}],"time":"2018-02-19 12:14:54.686814 +0900 JST m=+2003.921941183","errorInfo":null}
[Info]2018/02/19 12:14:55 acsessd /api/status.json
[Info]2018/02/19 12:14:55 {"hostname":"ksc-1x-dhcp-172-29-194-195.kwansei.ac.jp","hostid":"18d901f1-4a03-3ff1-ae34-c26b2732f13c","virtualizationSystem":"","total":8589934592,"available":2266365952,"usedPercent":73.61602783203125,"diskIO":[{"name":"disk0","ioTime":1296415,"weightedIO":0}],"cpu":[{"cpu":"cpu0","user":3861.5859375,"system":2201.296875,"idle":14978.46875,"nice":0,"iowait":0,"irq":0,"softirq":0,"steal":0,"guest":0,"guestNice":0,"stolen":0},{"cpu":"cpu1","user":2354.71875,"system":961.9921875,"idle":17723.8203125,"nice":0,"iowait":0,"irq":0,"softirq":0,"steal":0,"guest":0,"guestNice":0,"stolen":0},{"cpu":"cpu2","user":3746.5,"system":1934.9140625,"idle":15359.125,"nice":0,"iowait":0,"irq":0,"softirq":0,"steal":0,"guest":0,"guestNice":0,"stolen":0},{"cpu":"cpu3","user":2389.2890625,"system":974.8984375,"idle":17676.3515625,"nice":0,"iowait":0,"irq":0,"softirq":0,"steal":0,"guest":0,"guestNice":0,"stolen":0}],"time":"2018-02-19 12:14:55.133418 +0900 JST m=+2004.368545015","errorInfo":null}
[Info]2018/02/19 12:14:55 acsessd /api/status.json
[Info]2018/02/19 12:14:55 {"hostname":"ksc-1x-dhcp-172-29-194-195.kwansei.ac.jp","hostid":"18d901f1-4a03-3ff1-ae34-c26b2732f13c","virtualizationSystem":"","total":8589934592,"available":2245861376,"usedPercent":73.85473251342773,"diskIO":[{"name":"disk0","ioTime":1296446,"weightedIO":0}],"cpu":[{"cpu":"cpu0","user":3861.65625,"system":2201.34375,"idle":14978.7421875,"nice":0,"iowait":0,"irq":0,"softirq":0,"steal":0,"guest":0,"guestNice":0,"stolen":0},{"cpu":"cpu1","user":2354.75,"system":962.0078125,"idle":17724.171875,"nice":0,"iowait":0,"irq":0,"softirq":0,"steal":0,"guest":0,"guestNice":0,"stolen":0},{"cpu":"cpu2","user":3746.5703125,"system":1934.953125,"idle":15359.40625,"nice":0,"iowait":0,"irq":0,"softirq":0,"steal":0,"guest":0,"guestNice":0,"stolen":0},{"cpu":"cpu3","user":2389.3203125,"system":974.9140625,"idle":17676.6875,"nice":0,"iowait":0,"irq":0,"softirq":0,"steal":0,"guest":0,"guestNice":0,"stolen":0}],"time":"2018-02-19 12:14:55.633833 +0900 JST m=+2004.868958722","errorInfo":null}
[Info]2018/02/19 12:14:56 acsessd /api/status.json
[Info]2018/02/19 12:14:56 {"hostname":"ksc-1x-dhcp-172-29-194-195.kwansei.ac.jp","hostid":"18d901f1-4a03-3ff1-ae34-c26b2732f13c","virtualizationSystem":"","total":8589934592,"available":2245881856,"usedPercent":73.85449409484863,"diskIO":[{"name":"disk0","ioTime":1296448,"weightedIO":0}],"cpu":[{"cpu":"cpu0","user":3861.7265625,"system":2201.375,"idle":14979.015625,"nice":0,"iowait":0,"irq":0,"softirq":0,"steal":0,"guest":0,"guestNice":0,"stolen":0},{"cpu":"cpu1","user":2354.78125,"system":962.0234375,"idle":17724.5,"nice":0,"iowait":0,"irq":0,"softirq":0,"steal":0,"guest":0,"guestNice":0,"stolen":0},{"cpu":"cpu2","user":3746.65625,"system":1934.9921875,"idle":15359.6640625,"nice":0,"iowait":0,"irq":0,"softirq":0,"steal":0,"guest":0,"guestNice":0,"stolen":0},{"cpu":"cpu3","user":2389.34375,"system":974.9296875,"idle":17677.03125,"nice":0,"iowait":0,"irq":0,"softirq":0,"steal":0,"guest":0,"guestNice":0,"stolen":0}],"time":"2018-02-19 12:14:56.125219 +0900 JST m=+2005.360343901","errorInfo":null}
[Info]2018/02/19 12:14:56 acsessd /api/status.json
[Info]2018/02/19 12:14:56 {"hostname":"ksc-1x-dhcp-172-29-194-195.kwansei.ac.jp","hostid":"18d901f1-4a03-3ff1-ae34-c26b2732f13c","virtualizationSystem":"","total":8589934592,"available":2262933504,"usedPercent":73.65598678588867,"diskIO":[{"name":"disk0","ioTime":1296448,"weightedIO":0}],"cpu":[{"cpu":"cpu0","user":3861.8125,"system":2201.4140625,"idle":14979.2890625,"nice":0,"iowait":0,"irq":0,"softirq":0,"steal":0,"guest":0,"guestNice":0,"stolen":0},{"cpu":"cpu1","user":2354.8046875,"system":962.03125,"idle":17724.859375,"nice":0,"iowait":0,"irq":0,"softirq":0,"steal":0,"guest":0,"guestNice":0,"stolen":0},{"cpu":"cpu2","user":3746.7265625,"system":1935.0234375,"idle":15359.953125,"nice":0,"iowait":0,"irq":0,"softirq":0,"steal":0,"guest":0,"guestNice":0,"stolen":0},{"cpu":"cpu3","user":2389.3671875,"system":974.9375,"idle":17677.3828125,"nice":0,"iowait":0,"irq":0,"softirq":0,"steal":0,"guest":0,"guestNice":0,"stolen":0}],"time":"2018-02-19 12:14:56.623529 +0900 JST m=+2005.858652792","errorInfo":null}
[Info]2018/02/19 12:14:57 acsessd /api/status.json
[Info]2018/02/19 12:14:57 {"hostname":"ksc-1x-dhcp-172-29-194-195.kwansei.ac.jp","hostid":"18d901f1-4a03-3ff1-ae34-c26b2732f13c","virtualizationSystem":"","total":8589934592,"available":2262188032,"usedPercent":73.66466522216797,"diskIO":[{"name":"disk0","ioTime":1296448,"weightedIO":0}],"cpu":[{"cpu":"cpu0","user":3861.875,"system":2201.453125,"idle":14979.578125,"nice":0,"iowait":0,"irq":0,"softirq":0,"steal":0,"guest":0,"guestNice":0,"stolen":0},{"cpu":"cpu1","user":2354.828125,"system":962.046875,"idle":17725.21875,"nice":0,"iowait":0,"irq":0,"softirq":0,"steal":0,"guest":0,"guestNice":0,"stolen":0},{"cpu":"cpu2","user":3746.8125,"system":1935.0546875,"idle":15360.234375,"nice":0,"iowait":0,"irq":0,"softirq":0,"steal":0,"guest":0,"guestNice":0,"stolen":0},{"cpu":"cpu3","user":2389.3984375,"system":974.953125,"idle":17677.7421875,"nice":0,"iowait":0,"irq":0,"softirq":0,"steal":0,"guest":0,"guestNice":0,"stolen":0}],"time":"2018-02-19 12:14:57.126466 +0900 JST m=+2006.361588606","errorInfo":null}
[Info]2018/02/19 12:14:57 acsessd /api/status.json
[Info]2018/02/19 12:14:57 {"hostname":"ksc-1x-dhcp-172-29-194-195.kwansei.ac.jp","hostid":"18d901f1-4a03-3ff1-ae34-c26b2732f13c","virtualizationSystem":"","total":8589934592,"available":2261762048,"usedPercent":73.66962432861328,"diskIO":[{"name":"disk0","ioTime":1296459,"weightedIO":0}],"cpu":[{"cpu":"cpu0","user":3861.953125,"system":2201.5,"idle":14979.84375,"nice":0,"iowait":0,"irq":0,"softirq":0,"steal":0,"guest":0,"guestNice":0,"stolen":0},{"cpu":"cpu1","user":2354.8515625,"system":962.0546875,"idle":17725.578125,"nice":0,"iowait":0,"irq":0,"softirq":0,"steal":0,"guest":0,"guestNice":0,"stolen":0},{"cpu":"cpu2","user":3746.875,"system":1935.078125,"idle":15360.53125,"nice":0,"iowait":0,"irq":0,"softirq":0,"steal":0,"guest":0,"guestNice":0,"stolen":0},{"cpu":"cpu3","user":2389.4296875,"system":974.9609375,"idle":17678.0859375,"nice":0,"iowait":0,"irq":0,"softirq":0,"steal":0,"guest":0,"guestNice":0,"stolen":0}],"time":"2018-02-19 12:14:57.632554 +0900 JST m=+2006.867675992","errorInfo":null}
[Info]2018/02/19 12:14:58 acsessd /api/status.json
[Info]2018/02/19 12:14:58 {"hostname":"ksc-1x-dhcp-172-29-194-195.kwansei.ac.jp","hostid":"18d901f1-4a03-3ff1-ae34-c26b2732f13c","virtualizationSystem":"","total":8589934592,"available":2295898112,"usedPercent":73.2722282409668,"diskIO":[{"name":"disk0","ioTime":1296467,"weightedIO":0}],"cpu":[{"cpu":"cpu0","user":3862.0625,"system":2201.5390625,"idle":14980.1015625,"nice":0,"iowait":0,"irq":0,"softirq":0,"steal":0,"guest":0,"guestNice":0,"stolen":0},{"cpu":"cpu1","user":2354.8828125,"system":962.078125,"idle":17725.9296875,"nice":0,"iowait":0,"irq":0,"softirq":0,"steal":0,"guest":0,"guestNice":0,"stolen":0},{"cpu":"cpu2","user":3746.96875,"system":1935.1171875,"idle":15360.8046875,"nice":0,"iowait":0,"irq":0,"softirq":0,"steal":0,"guest":0,"guestNice":0,"stolen":0},{"cpu":"cpu3","user":2389.453125,"system":974.9921875,"idle":17678.4375,"nice":0,"iowait":0,"irq":0,"softirq":0,"steal":0,"guest":0,"guestNice":0,"stolen":0}],"time":"2018-02-19 12:14:58.146873 +0900 JST m=+2007.381993675","errorInfo":null}
[Info]2018/02/19 12:14:58 acsessd /api/status.json
[Info]2018/02/19 12:14:58 {"hostname":"ksc-1x-dhcp-172-29-194-195.kwansei.ac.jp","hostid":"18d901f1-4a03-3ff1-ae34-c26b2732f13c","virtualizationSystem":"","total":8589934592,"available":2294116352,"usedPercent":73.29297065734863,"diskIO":[{"name":"disk0","ioTime":1296482,"weightedIO":0}],"cpu":[{"cpu":"cpu0","user":3862.1953125,"system":2201.578125,"idle":14980.328125,"nice":0,"iowait":0,"irq":0,"softirq":0,"steal":0,"guest":0,"guestNice":0,"stolen":0},{"cpu":"cpu1","user":2354.9375,"system":962.1015625,"idle":17726.25,"nice":0,"iowait":0,"irq":0,"softirq":0,"steal":0,"guest":0,"guestNice":0,"stolen":0},{"cpu":"cpu2","user":3747.09375,"system":1935.1875,"idle":15361.0078125,"nice":0,"iowait":0,"irq":0,"softirq":0,"steal":0,"guest":0,"guestNice":0,"stolen":0},{"cpu":"cpu3","user":2389.5234375,"system":975.0078125,"idle":17678.75,"nice":0,"iowait":0,"irq":0,"softirq":0,"steal":0,"guest":0,"guestNice":0,"stolen":0}],"time":"2018-02-19 12:14:58.655073 +0900 JST m=+2007.890192520","errorInfo":null}
[Info]2018/02/19 12:14:59 acsessd /api/status.json
[Info]2018/02/19 12:14:59 {"hostname":"ksc-1x-dhcp-172-29-194-195.kwansei.ac.jp","hostid":"18d901f1-4a03-3ff1-ae34-c26b2732f13c","virtualizationSystem":"","total":8589934592,"available":2277687296,"usedPercent":73.4842300415039,"diskIO":[{"name":"disk0","ioTime":1296482,"weightedIO":0}],"cpu":[{"cpu":"cpu0","user":3862.2890625,"system":2201.609375,"idle":14980.59375,"nice":0,"iowait":0,"irq":0,"softirq":0,"steal":0,"guest":0,"guestNice":0,"stolen":0},{"cpu":"cpu1","user":2354.9921875,"system":962.1328125,"idle":17726.5625,"nice":0,"iowait":0,"irq":0,"softirq":0,"steal":0,"guest":0,"guestNice":0,"stolen":0},{"cpu":"cpu2","user":3747.1953125,"system":1935.21875,"idle":15361.2734375,"nice":0,"iowait":0,"irq":0,"softirq":0,"steal":0,"guest":0,"guestNice":0,"stolen":0},{"cpu":"cpu3","user":2389.578125,"system":975.0390625,"idle":17679.0625,"nice":0,"iowait":0,"irq":0,"softirq":0,"steal":0,"guest":0,"guestNice":0,"stolen":0}],"time":"2018-02-19 12:14:59.163458 +0900 JST m=+2008.398576751","errorInfo":null}
[Info]2018/02/19 12:18:19 acsessd /api/status.json
[Info]2018/02/19 12:18:19 {"hostname":"ksc-1x-dhcp-172-29-194-195.kwansei.ac.jp","hostid":"18d901f1-4a03-3ff1-ae34-c26b2732f13c","virtualizationSystem":"","total":8589934592,"available":2208194560,"usedPercent":74.29323196411133,"diskIO":[{"name":"disk0","ioTime":1300454,"weightedIO":0}],"cpu":[{"cpu":"cpu0","user":3888.1484375,"system":2213.8125,"idle":15099.0625,"nice":0,"iowait":0,"irq":0,"softirq":0,"steal":0,"guest":0,"guestNice":0,"stolen":0},{"cpu":"cpu1","user":2366.34375,"system":967.265625,"idle":17866.6015625,"nice":0,"iowait":0,"irq":0,"softirq":0,"steal":0,"guest":0,"guestNice":0,"stolen":0},{"cpu":"cpu2","user":3771.484375,"system":1946.046875,"idle":15482.6796875,"nice":0,"iowait":0,"irq":0,"softirq":0,"steal":0,"guest":0,"guestNice":0,"stolen":0},{"cpu":"cpu3","user":2401.125,"system":980.1796875,"idle":17818.8984375,"nice":0,"iowait":0,"irq":0,"softirq":0,"steal":0,"guest":0,"guestNice":0,"stolen":0}],"time":"2018-02-19 12:18:19.515579 +0900 JST m=+2208.750311921","errorInfo":null}
[Info]2018/02/19 12:18:19 acsessd /api/status.json
[Info]2018/02/19 12:18:19 {"hostname":"ksc-1x-dhcp-172-29-194-195.kwansei.ac.jp","hostid":"18d901f1-4a03-3ff1-ae34-c26b2732f13c","virtualizationSystem":"","total":8589934592,"available":2168467456,"usedPercent":74.75571632385254,"diskIO":[{"name":"disk0","ioTime":1300454,"weightedIO":0}],"cpu":[{"cpu":"cpu0","user":3888.1953125,"system":2213.8359375,"idle":15099.359375,"nice":0,"iowait":0,"irq":0,"softirq":0,"steal":0,"guest":0,"guestNice":0,"stolen":0},{"cpu":"cpu1","user":2366.359375,"system":967.2734375,"idle":17866.9453125,"nice":0,"iowait":0,"irq":0,"softirq":0,"steal":0,"guest":0,"guestNice":0,"stolen":0},{"cpu":"cpu2","user":3771.5234375,"system":1946.0703125,"idle":15482.984375,"nice":0,"iowait":0,"irq":0,"softirq":0,"steal":0,"guest":0,"guestNice":0,"stolen":0},{"cpu":"cpu3","user":2401.1328125,"system":980.1953125,"idle":17819.25,"nice":0,"iowait":0,"irq":0,"softirq":0,"steal":0,"guest":0,"guestNice":0,"stolen":0}],"time":"2018-02-19 12:18:19.99557 +0900 JST m=+2209.230302594","errorInfo":null}
[Info]2018/02/19 12:18:20 acsessd /api/status.json
[Info]2018/02/19 12:18:20 {"hostname":"ksc-1x-dhcp-172-29-194-195.kwansei.ac.jp","hostid":"18d901f1-4a03-3ff1-ae34-c26b2732f13c","virtualizationSystem":"","total":8589934592,"available":2167934976,"usedPercent":74.76191520690918,"diskIO":[{"name":"disk0","ioTime":1300454,"weightedIO":0}],"cpu":[{"cpu":"cpu0","user":3888.3125,"system":2213.875,"idle":15099.609375,"nice":0,"iowait":0,"irq":0,"softirq":0,"steal":0,"guest":0,"guestNice":0,"stolen":0},{"cpu":"cpu1","user":2366.421875,"system":967.296875,"idle":17867.265625,"nice":0,"iowait":0,"irq":0,"softirq":0,"steal":0,"guest":0,"guestNice":0,"stolen":0},{"cpu":"cpu2","user":3771.6171875,"system":1946.1171875,"idle":15483.2578125,"nice":0,"iowait":0,"irq":0,"softirq":0,"steal":0,"guest":0,"guestNice":0,"stolen":0},{"cpu":"cpu3","user":2401.1875,"system":980.21875,"idle":17819.578125,"nice":0,"iowait":0,"irq":0,"softirq":0,"steal":0,"guest":0,"guestNice":0,"stolen":0}],"time":"2018-02-19 12:18:20.515897 +0900 JST m=+2209.750628650","errorInfo":null}
[Info]2018/02/19 12:18:20 acsessd /api/status.json
[Info]2018/02/19 12:18:21 {"hostname":"ksc-1x-dhcp-172-29-194-195.kwansei.ac.jp","hostid":"18d901f1-4a03-3ff1-ae34-c26b2732f13c","virtualizationSystem":"","total":8589934592,"available":2167488512,"usedPercent":74.7671127319336,"diskIO":[{"name":"disk0","ioTime":1300454,"weightedIO":0}],"cpu":[{"cpu":"cpu0","user":3888.5546875,"system":2213.90625,"idle":15099.7265625,"nice":0,"iowait":0,"irq":0,"softirq":0,"steal":0,"guest":0,"guestNice":0,"stolen":0},{"cpu":"cpu1","user":2366.4375,"system":967.3046875,"idle":17867.625,"nice":0,"iowait":0,"irq":0,"softirq":0,"steal":0,"guest":0,"guestNice":0,"stolen":0},{"cpu":"cpu2","user":3771.671875,"system":1946.1328125,"idle":15483.5625,"nice":0,"iowait":0,"irq":0,"softirq":0,"steal":0,"guest":0,"guestNice":0,"stolen":0},{"cpu":"cpu3","user":2401.2265625,"system":980.234375,"idle":17819.90625,"nice":0,"iowait":0,"irq":0,"softirq":0,"steal":0,"guest":0,"guestNice":0,"stolen":0}],"time":"2018-02-19 12:18:21.002905 +0900 JST m=+2210.237635758","errorInfo":null}
[Info]2018/02/19 12:18:21 acsessd /api/status.json
[Info]2018/02/19 12:18:21 {"hostname":"ksc-1x-dhcp-172-29-194-195.kwansei.ac.jp","hostid":"18d901f1-4a03-3ff1-ae34-c26b2732f13c","virtualizationSystem":"","total":8589934592,"available":2167488512,"usedPercent":74.7671127319336,"diskIO":[{"name":"disk0","ioTime":1300462,"weightedIO":0}],"cpu":[{"cpu":"cpu0","user":3888.6171875,"system":2213.9296875,"idle":15100.03125,"nice":0,"iowait":0,"irq":0,"softirq":0,"steal":0,"guest":0,"guestNice":0,"stolen":0},{"cpu":"cpu1","user":2366.4609375,"system":967.3125,"idle":17867.984375,"nice":0,"iowait":0,"irq":0,"softirq":0,"steal":0,"guest":0,"guestNice":0,"stolen":0},{"cpu":"cpu2","user":3771.71875,"system":1946.1640625,"idle":15483.8828125,"nice":0,"iowait":0,"irq":0,"softirq":0,"steal":0,"guest":0,"guestNice":0,"stolen":0},{"cpu":"cpu3","user":2401.2421875,"system":980.2421875,"idle":17820.28125,"nice":0,"iowait":0,"irq":0,"softirq":0,"steal":0,"guest":0,"guestNice":0,"stolen":0}],"time":"2018-02-19 12:18:21.507108 +0900 JST m=+2210.741837474","errorInfo":null}
[Info]2018/02/19 12:18:21 acsessd /api/status.json
[Info]2018/02/19 12:18:22 {"hostname":"ksc-1x-dhcp-172-29-194-195.kwansei.ac.jp","hostid":"18d901f1-4a03-3ff1-ae34-c26b2732f13c","virtualizationSystem":"","total":8589934592,"available":2166644736,"usedPercent":74.77693557739258,"diskIO":[{"name":"disk0","ioTime":1300462,"weightedIO":0}],"cpu":[{"cpu":"cpu0","user":3888.6640625,"system":2213.953125,"idle":15100.3515625,"nice":0,"iowait":0,"irq":0,"softirq":0,"steal":0,"guest":0,"guestNice":0,"stolen":0},{"cpu":"cpu1","user":2366.46875,"system":967.3203125,"idle":17868.3671875,"nice":0,"iowait":0,"irq":0,"softirq":0,"steal":0,"guest":0,"guestNice":0,"stolen":0},{"cpu":"cpu2","user":3771.7578125,"system":1946.1875,"idle":15484.21875,"nice":0,"iowait":0,"irq":0,"softirq":0,"steal":0,"guest":0,"guestNice":0,"stolen":0},{"cpu":"cpu3","user":2401.25,"system":980.25,"idle":17820.65625,"nice":0,"iowait":0,"irq":0,"softirq":0,"steal":0,"guest":0,"guestNice":0,"stolen":0}],"time":"2018-02-19 12:18:22.006087 +0900 JST m=+2211.240815772","errorInfo":null}
[Info]2018/02/19 12:18:22 acsessd /api/status.json
[Info]2018/02/19 12:18:22 {"hostname":"ksc-1x-dhcp-172-29-194-195.kwansei.ac.jp","hostid":"18d901f1-4a03-3ff1-ae34-c26b2732f13c","virtualizationSystem":"","total":8589934592,"available":2164711424,"usedPercent":74.79944229125977,"diskIO":[{"name":"disk0","ioTime":1300472,"weightedIO":0}],"cpu":[{"cpu":"cpu0","user":3888.796875,"system":2214.015625,"idle":15100.546875,"nice":0,"iowait":0,"irq":0,"softirq":0,"steal":0,"guest":0,"guestNice":0,"stolen":0},{"cpu":"cpu1","user":2366.515625,"system":967.3671875,"idle":17868.6640625,"nice":0,"iowait":0,"irq":0,"softirq":0,"steal":0,"guest":0,"guestNice":0,"stolen":0},{"cpu":"cpu2","user":3771.875,"system":1946.2734375,"idle":15484.3984375,"nice":0,"iowait":0,"irq":0,"softirq":0,"steal":0,"guest":0,"guestNice":0,"stolen":0},{"cpu":"cpu3","user":2401.296875,"system":980.3046875,"idle":17820.9453125,"nice":0,"iowait":0,"irq":0,"softirq":0,"steal":0,"guest":0,"guestNice":0,"stolen":0}],"time":"2018-02-19 12:18:22.50765 +0900 JST m=+2211.742377552","errorInfo":null}
[Info]2018/02/19 12:18:22 acsessd /api/status.json
[Info]2018/02/19 12:18:23 {"hostname":"ksc-1x-dhcp-172-29-194-195.kwansei.ac.jp","hostid":"18d901f1-4a03-3ff1-ae34-c26b2732f13c","virtualizationSystem":"","total":8589934592,"available":2163888128,"usedPercent":74.80902671813965,"diskIO":[{"name":"disk0","ioTime":1300472,"weightedIO":0}],"cpu":[{"cpu":"cpu0","user":3888.8359375,"system":2214.0390625,"idle":15100.875,"nice":0,"iowait":0,"irq":0,"softirq":0,"steal":0,"guest":0,"guestNice":0,"stolen":0},{"cpu":"cpu1","user":2366.53125,"system":967.375,"idle":17869.0390625,"nice":0,"iowait":0,"irq":0,"softirq":0,"steal":0,"guest":0,"guestNice":0,"stolen":0},{"cpu":"cpu2","user":3771.8984375,"system":1946.296875,"idle":15484.7421875,"nice":0,"iowait":0,"irq":0,"softirq":0,"steal":0,"guest":0,"guestNice":0,"stolen":0},{"cpu":"cpu3","user":2401.3046875,"system":980.3125,"idle":17821.3125,"nice":0,"iowait":0,"irq":0,"softirq":0,"steal":0,"guest":0,"guestNice":0,"stolen":0}],"time":"2018-02-19 12:18:23.008337 +0900 JST m=+2212.243063671","errorInfo":null}
[Info]2018/02/19 12:18:23 acsessd /api/status.json
[Info]2018/02/19 12:18:23 {"hostname":"ksc-1x-dhcp-172-29-194-195.kwansei.ac.jp","hostid":"18d901f1-4a03-3ff1-ae34-c26b2732f13c","virtualizationSystem":"","total":8589934592,"available":2163658752,"usedPercent":74.81169700622559,"diskIO":[{"name":"disk0","ioTime":1300497,"weightedIO":0}],"cpu":[{"cpu":"cpu0","user":3888.875,"system":2214.0625,"idle":15101.203125,"nice":0,"iowait":0,"irq":0,"softirq":0,"steal":0,"guest":0,"guestNice":0,"stolen":0},{"cpu":"cpu1","user":2366.546875,"system":967.3828125,"idle":17869.3984375,"nice":0,"iowait":0,"irq":0,"softirq":0,"steal":0,"guest":0,"guestNice":0,"stolen":0},{"cpu":"cpu2","user":3771.9765625,"system":1946.3203125,"idle":15485.0390625,"nice":0,"iowait":0,"irq":0,"softirq":0,"steal":0,"guest":0,"guestNice":0,"stolen":0},{"cpu":"cpu3","user":2401.328125,"system":980.3203125,"idle":17821.6796875,"nice":0,"iowait":0,"irq":0,"softirq":0,"steal":0,"guest":0,"guestNice":0,"stolen":0}],"time":"2018-02-19 12:18:23.514398 +0900 JST m=+2212.749123635","errorInfo":null}
[Info]2018/02/19 12:18:23 acsessd /api/status.json
[Info]2018/02/19 12:18:24 {"hostname":"ksc-1x-dhcp-172-29-194-195.kwansei.ac.jp","hostid":"18d901f1-4a03-3ff1-ae34-c26b2732f13c","virtualizationSystem":"","total":8589934592,"available":2163372032,"usedPercent":74.81503486633301,"diskIO":[{"name":"disk0","ioTime":1300497,"weightedIO":0}],"cpu":[{"cpu":"cpu0","user":3888.921875,"system":2214.09375,"idle":15101.53125,"nice":0,"iowait":0,"irq":0,"softirq":0,"steal":0,"guest":0,"guestNice":0,"stolen":0},{"cpu":"cpu1","user":2366.5625,"system":967.390625,"idle":17869.78125,"nice":0,"iowait":0,"irq":0,"softirq":0,"steal":0,"guest":0,"guestNice":0,"stolen":0},{"cpu":"cpu2","user":3772.0078125,"system":1946.3359375,"idle":15485.3828125,"nice":0,"iowait":0,"irq":0,"softirq":0,"steal":0,"guest":0,"guestNice":0,"stolen":0},{"cpu":"cpu3","user":2401.34375,"system":980.328125,"idle":17822.0546875,"nice":0,"iowait":0,"irq":0,"softirq":0,"steal":0,"guest":0,"guestNice":0,"stolen":0}],"time":"2018-02-19 12:18:24.021088 +0900 JST m=+2213.255813178","errorInfo":null}
[Info]2018/02/19 12:18:24 acsessd /api/status.json
[Info]2018/02/19 12:18:24 {"hostname":"ksc-1x-dhcp-172-29-194-195.kwansei.ac.jp","hostid":"18d901f1-4a03-3ff1-ae34-c26b2732f13c","virtualizationSystem":"","total":8589934592,"available":2162561024,"usedPercent":74.82447624206543,"diskIO":[{"name":"disk0","ioTime":1300497,"weightedIO":0}],"cpu":[{"cpu":"cpu0","user":3888.953125,"system":2214.109375,"idle":15101.8671875,"nice":0,"iowait":0,"irq":0,"softirq":0,"steal":0,"guest":0,"guestNice":0,"stolen":0},{"cpu":"cpu1","user":2366.5703125,"system":967.390625,"idle":17870.15625,"nice":0,"iowait":0,"irq":0,"softirq":0,"steal":0,"guest":0,"guestNice":0,"stolen":0},{"cpu":"cpu2","user":3772.0703125,"system":1946.3671875,"idle":15485.6875,"nice":0,"iowait":0,"irq":0,"softirq":0,"steal":0,"guest":0,"guestNice":0,"stolen":0},{"cpu":"cpu3","user":2401.3515625,"system":980.3359375,"idle":17822.4296875,"nice":0,"iowait":0,"irq":0,"softirq":0,"steal":0,"guest":0,"guestNice":0,"stolen":0}],"time":"2018-02-19 12:18:24.523569 +0900 JST m=+2213.758293312","errorInfo":null}
[Info]2018/02/19 12:18:24 acsessd /api/status.json
[Info]2018/02/19 12:18:25 {"hostname":"ksc-1x-dhcp-172-29-194-195.kwansei.ac.jp","hostid":"18d901f1-4a03-3ff1-ae34-c26b2732f13c","virtualizationSystem":"","total":8589934592,"available":2163367936,"usedPercent":74.81508255004883,"diskIO":[{"name":"disk0","ioTime":1300497,"weightedIO":0}],"cpu":[{"cpu":"cpu0","user":3888.984375,"system":2214.1328125,"idle":15102.2109375,"nice":0,"iowait":0,"irq":0,"softirq":0,"steal":0,"guest":0,"guestNice":0,"stolen":0},{"cpu":"cpu1","user":2366.5859375,"system":967.3984375,"idle":17870.5234375,"nice":0,"iowait":0,"irq":0,"softirq":0,"steal":0,"guest":0,"guestNice":0,"stolen":0},{"cpu":"cpu2","user":3772.1171875,"system":1946.390625,"idle":15486.0078125,"nice":0,"iowait":0,"irq":0,"softirq":0,"steal":0,"guest":0,"guestNice":0,"stolen":0},{"cpu":"cpu3","user":2401.3671875,"system":980.34375,"idle":17822.8046875,"nice":0,"iowait":0,"irq":0,"softirq":0,"steal":0,"guest":0,"guestNice":0,"stolen":0}],"time":"2018-02-19 12:18:25.029849 +0900 JST m=+2214.264571661","errorInfo":null}
[Info]2018/02/19 12:18:25 acsessd /api/status.json
[Info]2018/02/19 12:18:25 {"hostname":"ksc-1x-dhcp-172-29-194-195.kwansei.ac.jp","hostid":"18d901f1-4a03-3ff1-ae34-c26b2732f13c","virtualizationSystem":"","total":8589934592,"available":2162573312,"usedPercent":74.82433319091797,"diskIO":[{"name":"disk0","ioTime":1300497,"weightedIO":0}],"cpu":[{"cpu":"cpu0","user":3889.015625,"system":2214.1640625,"idle":15102.5390625,"nice":0,"iowait":0,"irq":0,"softirq":0,"steal":0,"guest":0,"guestNice":0,"stolen":0},{"cpu":"cpu1","user":2366.59375,"system":967.40625,"idle":17870.90625,"nice":0,"iowait":0,"irq":0,"softirq":0,"steal":0,"guest":0,"guestNice":0,"stolen":0},{"cpu":"cpu2","user":3772.1640625,"system":1946.4140625,"idle":15486.3359375,"nice":0,"iowait":0,"irq":0,"softirq":0,"steal":0,"guest":0,"guestNice":0,"stolen":0},{"cpu":"cpu3","user":2401.3828125,"system":980.3515625,"idle":17823.171875,"nice":0,"iowait":0,"irq":0,"softirq":0,"steal":0,"guest":0,"guestNice":0,"stolen":0}],"time":"2018-02-19 12:18:25.533687 +0900 JST m=+2214.768409010","errorInfo":null}
[Info]2018/02/19 12:18:25 acsessd /api/status.json
[Info]2018/02/19 12:18:26 {"hostname":"ksc-1x-dhcp-172-29-194-195.kwansei.ac.jp","hostid":"18d901f1-4a03-3ff1-ae34-c26b2732f13c","virtualizationSystem":"","total":8589934592,"available":2163089408,"usedPercent":74.81832504272461,"diskIO":[{"name":"disk0","ioTime":1300497,"weightedIO":0}],"cpu":[{"cpu":"cpu0","user":3889.0546875,"system":2214.1875,"idle":15102.875,"nice":0,"iowait":0,"irq":0,"softirq":0,"steal":0,"guest":0,"guestNice":0,"stolen":0},{"cpu":"cpu1","user":2366.609375,"system":967.4140625,"idle":17871.28125,"nice":0,"iowait":0,"irq":0,"softirq":0,"steal":0,"guest":0,"guestNice":0,"stolen":0},{"cpu":"cpu2","user":3772.2109375,"system":1946.4375,"idle":15486.65625,"nice":0,"iowait":0,"irq":0,"softirq":0,"steal":0,"guest":0,"guestNice":0,"stolen":0},{"cpu":"cpu3","user":2401.390625,"system":980.359375,"idle":17823.5546875,"nice":0,"iowait":0,"irq":0,"softirq":0,"steal":0,"guest":0,"guestNice":0,"stolen":0}],"time":"2018-02-19 12:18:26.04031 +0900 JST m=+2215.275031269","errorInfo":null}
[Info]2018/02/19 12:18:26 acsessd /api/status.json
[Info]2018/02/19 12:18:26 {"hostname":"ksc-1x-dhcp-172-29-194-195.kwansei.ac.jp","hostid":"18d901f1-4a03-3ff1-ae34-c26b2732f13c","virtualizationSystem":"","total":8589934592,"available":2162929664,"usedPercent":74.8201847076416,"diskIO":[{"name":"disk0","ioTime":1300507,"weightedIO":0}],"cpu":[{"cpu":"cpu0","user":3889.1171875,"system":2214.21875,"idle":15103.171875,"nice":0,"iowait":0,"irq":0,"softirq":0,"steal":0,"guest":0,"guestNice":0,"stolen":0},{"cpu":"cpu1","user":2366.6171875,"system":967.421875,"idle":17871.6640625,"nice":0,"iowait":0,"irq":0,"softirq":0,"steal":0,"guest":0,"guestNice":0,"stolen":0},{"cpu":"cpu2","user":3772.2421875,"system":1946.4609375,"idle":15487,"nice":0,"iowait":0,"irq":0,"softirq":0,"steal":0,"guest":0,"guestNice":0,"stolen":0},{"cpu":"cpu3","user":2401.3984375,"system":980.3671875,"idle":17823.9296875,"nice":0,"iowait":0,"irq":0,"softirq":0,"steal":0,"guest":0,"guestNice":0,"stolen":0}],"time":"2018-02-19 12:18:26.54279 +0900 JST m=+2215.777509965","errorInfo":null}
[Info]2018/02/19 12:18:26 acsessd /api/status.json
[Info]2018/02/19 12:18:27 {"hostname":"ksc-1x-dhcp-172-29-194-195.kwansei.ac.jp","hostid":"18d901f1-4a03-3ff1-ae34-c26b2732f13c","virtualizationSystem":"","total":8589934592,"available":2162651136,"usedPercent":74.82342720031738,"diskIO":[{"name":"disk0","ioTime":1300514,"weightedIO":0}],"cpu":[{"cpu":"cpu0","user":3889.171875,"system":2214.234375,"idle":15103.4921875,"nice":0,"iowait":0,"irq":0,"softirq":0,"steal":0,"guest":0,"guestNice":0,"stolen":0},{"cpu":"cpu1","user":2366.625,"system":967.421875,"idle":17872.0390625,"nice":0,"iowait":0,"irq":0,"softirq":0,"steal":0,"guest":0,"guestNice":0,"stolen":0},{"cpu":"cpu2","user":3772.28125,"system":1946.484375,"idle":15487.328125,"nice":0,"iowait":0,"irq":0,"softirq":0,"steal":0,"guest":0,"guestNice":0,"stolen":0},{"cpu":"cpu3","user":2401.40625,"system":980.375,"idle":17824.3046875,"nice":0,"iowait":0,"irq":0,"softirq":0,"steal":0,"guest":0,"guestNice":0,"stolen":0}],"time":"2018-02-19 12:18:27.045303 +0900 JST m=+2216.280022164","errorInfo":null}
[Info]2018/02/19 12:18:27 acsessd /api/status.json
[Info]2018/02/19 12:18:27 {"hostname":"ksc-1x-dhcp-172-29-194-195.kwansei.ac.jp","hostid":"18d901f1-4a03-3ff1-ae34-c26b2732f13c","virtualizationSystem":"","total":8589934592,"available":2163372032,"usedPercent":74.81503486633301,"diskIO":[{"name":"disk0","ioTime":1300522,"weightedIO":0}],"cpu":[{"cpu":"cpu0","user":3889.234375,"system":2214.2734375,"idle":15103.796875,"nice":0,"iowait":0,"irq":0,"softirq":0,"steal":0,"guest":0,"guestNice":0,"stolen":0},{"cpu":"cpu1","user":2366.6484375,"system":967.4296875,"idle":17872.40625,"nice":0,"iowait":0,"irq":0,"softirq":0,"steal":0,"guest":0,"guestNice":0,"stolen":0},{"cpu":"cpu2","user":3772.3046875,"system":1946.5,"idle":15487.6796875,"nice":0,"iowait":0,"irq":0,"softirq":0,"steal":0,"guest":0,"guestNice":0,"stolen":0},{"cpu":"cpu3","user":2401.421875,"system":980.3828125,"idle":17824.6796875,"nice":0,"iowait":0,"irq":0,"softirq":0,"steal":0,"guest":0,"guestNice":0,"stolen":0}],"time":"2018-02-19 12:18:27.550058 +0900 JST m=+2216.784776398","errorInfo":null}
[Info]2018/02/19 12:18:27 acsessd /api/status.json
[Info]2018/02/19 12:18:28 {"hostname":"ksc-1x-dhcp-172-29-194-195.kwansei.ac.jp","hostid":"18d901f1-4a03-3ff1-ae34-c26b2732f13c","virtualizationSystem":"","total":8589934592,"available":2162585600,"usedPercent":74.82419013977051,"diskIO":[{"name":"disk0","ioTime":1300522,"weightedIO":0}],"cpu":[{"cpu":"cpu0","user":3889.2734375,"system":2214.28125,"idle":15104.1328125,"nice":0,"iowait":0,"irq":0,"softirq":0,"steal":0,"guest":0,"guestNice":0,"stolen":0},{"cpu":"cpu1","user":2366.65625,"system":967.4375,"idle":17872.7890625,"nice":0,"iowait":0,"irq":0,"softirq":0,"steal":0,"guest":0,"guestNice":0,"stolen":0},{"cpu":"cpu2","user":3772.359375,"system":1946.5234375,"idle":15488,"nice":0,"iowait":0,"irq":0,"softirq":0,"steal":0,"guest":0,"guestNice":0,"stolen":0},{"cpu":"cpu3","user":2401.4296875,"system":980.390625,"idle":17825.0546875,"nice":0,"iowait":0,"irq":0,"softirq":0,"steal":0,"guest":0,"guestNice":0,"stolen":0}],"time":"2018-02-19 12:18:28.054078 +0900 JST m=+2217.288795376","errorInfo":null}
[Info]2018/02/19 12:18:28 acsessd /api/status.json
[Info]2018/02/19 12:18:28 {"hostname":"ksc-1x-dhcp-172-29-194-195.kwansei.ac.jp","hostid":"18d901f1-4a03-3ff1-ae34-c26b2732f13c","virtualizationSystem":"","total":8589934592,"available":2163257344,"usedPercent":74.81637001037598,"diskIO":[{"name":"disk0","ioTime":1300522,"weightedIO":0}],"cpu":[{"cpu":"cpu0","user":3889.328125,"system":2214.328125,"idle":15104.4296875,"nice":0,"iowait":0,"irq":0,"softirq":0,"steal":0,"guest":0,"guestNice":0,"stolen":0},{"cpu":"cpu1","user":2366.6953125,"system":967.453125,"idle":17873.1171875,"nice":0,"iowait":0,"irq":0,"softirq":0,"steal":0,"guest":0,"guestNice":0,"stolen":0},{"cpu":"cpu2","user":3772.421875,"system":1946.5625,"idle":15488.296875,"nice":0,"iowait":0,"irq":0,"softirq":0,"steal":0,"guest":0,"guestNice":0,"stolen":0},{"cpu":"cpu3","user":2401.453125,"system":980.4140625,"idle":17825.40625,"nice":0,"iowait":0,"irq":0,"softirq":0,"steal":0,"guest":0,"guestNice":0,"stolen":0}],"time":"2018-02-19 12:18:28.55776 +0900 JST m=+2217.792476089","errorInfo":null}
[Info]2018/02/19 12:18:29 acsessd /api/status.json
[Info]2018/02/19 12:18:29 {"hostname":"ksc-1x-dhcp-172-29-194-195.kwansei.ac.jp","hostid":"18d901f1-4a03-3ff1-ae34-c26b2732f13c","virtualizationSystem":"","total":8589934592,"available":2163011584,"usedPercent":74.8192310333252,"diskIO":[{"name":"disk0","ioTime":1300531,"weightedIO":0}],"cpu":[{"cpu":"cpu0","user":3889.375,"system":2214.375,"idle":15104.7265625,"nice":0,"iowait":0,"irq":0,"softirq":0,"steal":0,"guest":0,"guestNice":0,"stolen":0},{"cpu":"cpu1","user":2366.734375,"system":967.46875,"idle":17873.46875,"nice":0,"iowait":0,"irq":0,"softirq":0,"steal":0,"guest":0,"guestNice":0,"stolen":0},{"cpu":"cpu2","user":3772.46875,"system":1946.59375,"idle":15488.6015625,"nice":0,"iowait":0,"irq":0,"softirq":0,"steal":0,"guest":0,"guestNice":0,"stolen":0},{"cpu":"cpu3","user":2401.4765625,"system":980.421875,"idle":17825.765625,"nice":0,"iowait":0,"irq":0,"softirq":0,"steal":0,"guest":0,"guestNice":0,"stolen":0}],"time":"2018-02-19 12:18:29.064112 +0900 JST m=+2218.298827677","errorInfo":null}
[Info]2018/02/19 12:18:29 acsessd /api/status.json
[Info]2018/02/19 12:18:29 {"hostname":"ksc-1x-dhcp-172-29-194-195.kwansei.ac.jp","hostid":"18d901f1-4a03-3ff1-ae34-c26b2732f13c","virtualizationSystem":"","total":8589934592,"available":2162114560,"usedPercent":74.82967376708984,"diskIO":[{"name":"disk0","ioTime":1300543,"weightedIO":0}],"cpu":[{"cpu":"cpu0","user":3889.453125,"system":2214.40625,"idle":15105.015625,"nice":0,"iowait":0,"irq":0,"softirq":0,"steal":0,"guest":0,"guestNice":0,"stolen":0},{"cpu":"cpu1","user":2366.765625,"system":967.4921875,"idle":17873.8046875,"nice":0,"iowait":0,"irq":0,"softirq":0,"steal":0,"guest":0,"guestNice":0,"stolen":0},{"cpu":"cpu2","user":3772.5625,"system":1946.625,"idle":15488.875,"nice":0,"iowait":0,"irq":0,"softirq":0,"steal":0,"guest":0,"guestNice":0,"stolen":0},{"cpu":"cpu3","user":2401.5078125,"system":980.4375,"idle":17826.1171875,"nice":0,"iowait":0,"irq":0,"softirq":0,"steal":0,"guest":0,"guestNice":0,"stolen":0}],"time":"2018-02-19 12:18:29.56942 +0900 JST m=+2218.804134468","errorInfo":null}
[Info]2018/02/19 12:18:30 acsessd /api/status.json
[Info]2018/02/19 12:18:30 {"hostname":"ksc-1x-dhcp-172-29-194-195.kwansei.ac.jp","hostid":"18d901f1-4a03-3ff1-ae34-c26b2732f13c","virtualizationSystem":"","total":8589934592,"available":2160934912,"usedPercent":74.8434066772461,"diskIO":[{"name":"disk0","ioTime":1300554,"weightedIO":0}],"cpu":[{"cpu":"cpu0","user":3889.546875,"system":2214.453125,"idle":15105.2734375,"nice":0,"iowait":0,"irq":0,"softirq":0,"steal":0,"guest":0,"guestNice":0,"stolen":0},{"cpu":"cpu1","user":2366.8046875,"system":967.5078125,"idle":17874.1484375,"nice":0,"iowait":0,"irq":0,"softirq":0,"steal":0,"guest":0,"guestNice":0,"stolen":0},{"cpu":"cpu2","user":3772.640625,"system":1946.6640625,"idle":15489.15625,"nice":0,"iowait":0,"irq":0,"softirq":0,"steal":0,"guest":0,"guestNice":0,"stolen":0},{"cpu":"cpu3","user":2401.546875,"system":980.4609375,"idle":17826.453125,"nice":0,"iowait":0,"irq":0,"softirq":0,"steal":0,"guest":0,"guestNice":0,"stolen":0}],"time":"2018-02-19 12:18:30.079487 +0900 JST m=+2219.314199866","errorInfo":null}
[Info]2018/02/19 12:18:30 acsessd /api/status.json
[Info]2018/02/19 12:18:30 {"hostname":"ksc-1x-dhcp-172-29-194-195.kwansei.ac.jp","hostid":"18d901f1-4a03-3ff1-ae34-c26b2732f13c","virtualizationSystem":"","total":8589934592,"available":2160238592,"usedPercent":74.85151290893555,"diskIO":[{"name":"disk0","ioTime":1300593,"weightedIO":0}],"cpu":[{"cpu":"cpu0","user":3889.703125,"system":2214.5,"idle":15105.4609375,"nice":0,"iowait":0,"irq":0,"softirq":0,"steal":0,"guest":0,"guestNice":0,"stolen":0},{"cpu":"cpu1","user":2366.859375,"system":967.53125,"idle":17874.4609375,"nice":0,"iowait":0,"irq":0,"softirq":0,"steal":0,"guest":0,"guestNice":0,"stolen":0},{"cpu":"cpu2","user":3772.765625,"system":1946.7109375,"idle":15489.375,"nice":0,"iowait":0,"irq":0,"softirq":0,"steal":0,"guest":0,"guestNice":0,"stolen":0},{"cpu":"cpu3","user":2401.6171875,"system":980.484375,"idle":17826.75,"nice":0,"iowait":0,"irq":0,"softirq":0,"steal":0,"guest":0,"guestNice":0,"stolen":0}],"time":"2018-02-19 12:18:30.580105 +0900 JST m=+2219.814816980","errorInfo":null}
[Info]2018/02/19 12:18:31 acsessd /api/status.json
[Info]2018/02/19 12:18:31 {"hostname":"ksc-1x-dhcp-172-29-194-195.kwansei.ac.jp","hostid":"18d901f1-4a03-3ff1-ae34-c26b2732f13c","virtualizationSystem":"","total":8589934592,"available":2107793408,"usedPercent":75.46205520629883,"diskIO":[{"name":"disk0","ioTime":1300608,"weightedIO":0}],"cpu":[{"cpu":"cpu0","user":3889.796875,"system":2214.5390625,"idle":15105.71875,"nice":0,"iowait":0,"irq":0,"softirq":0,"steal":0,"guest":0,"guestNice":0,"stolen":0},{"cpu":"cpu1","user":2366.8984375,"system":967.546875,"idle":17874.796875,"nice":0,"iowait":0,"irq":0,"softirq":0,"steal":0,"guest":0,"guestNice":0,"stolen":0},{"cpu":"cpu2","user":3772.8359375,"system":1946.75,"idle":15489.65625,"nice":0,"iowait":0,"irq":0,"softirq":0,"steal":0,"guest":0,"guestNice":0,"stolen":0},{"cpu":"cpu3","user":2401.671875,"system":980.5078125,"idle":17827.0625,"nice":0,"iowait":0,"irq":0,"softirq":0,"steal":0,"guest":0,"guestNice":0,"stolen":0}],"time":"2018-02-19 12:18:31.081557 +0900 JST m=+2220.316267708","errorInfo":null}
[Info]2018/02/19 12:18:31 acsessd /api/status.json
[Info]2018/02/19 12:18:31 {"hostname":"ksc-1x-dhcp-172-29-194-195.kwansei.ac.jp","hostid":"18d901f1-4a03-3ff1-ae34-c26b2732f13c","virtualizationSystem":"","total":8589934592,"available":2104389632,"usedPercent":75.50168037414551,"diskIO":[{"name":"disk0","ioTime":1300608,"weightedIO":0}],"cpu":[{"cpu":"cpu0","user":3889.859375,"system":2214.5859375,"idle":15106.0078125,"nice":0,"iowait":0,"irq":0,"softirq":0,"steal":0,"guest":0,"guestNice":0,"stolen":0},{"cpu":"cpu1","user":2366.921875,"system":967.5625,"idle":17875.140625,"nice":0,"iowait":0,"irq":0,"softirq":0,"steal":0,"guest":0,"guestNice":0,"stolen":0},{"cpu":"cpu2","user":3772.8984375,"system":1946.78125,"idle":15489.953125,"nice":0,"iowait":0,"irq":0,"softirq":0,"steal":0,"guest":0,"guestNice":0,"stolen":0},{"cpu":"cpu3","user":2401.6875,"system":980.5234375,"idle":17827.421875,"nice":0,"iowait":0,"irq":0,"softirq":0,"steal":0,"guest":0,"guestNice":0,"stolen":0}],"time":"2018-02-19 12:18:31.580512 +0900 JST m=+2220.815221903","errorInfo":null}
[Info]2018/02/19 12:18:32 acsessd /api/status.json
[Info]2018/02/19 12:18:32 {"hostname":"ksc-1x-dhcp-172-29-194-195.kwansei.ac.jp","hostid":"18d901f1-4a03-3ff1-ae34-c26b2732f13c","virtualizationSystem":"","total":8589934592,"available":2104741888,"usedPercent":75.49757957458496,"diskIO":[{"name":"disk0","ioTime":1300608,"weightedIO":0}],"cpu":[{"cpu":"cpu0","user":3889.9296875,"system":2214.625,"idle":15106.28125,"nice":0,"iowait":0,"irq":0,"softirq":0,"steal":0,"guest":0,"guestNice":0,"stolen":0},{"cpu":"cpu1","user":2366.9453125,"system":967.578125,"idle":17875.4921875,"nice":0,"iowait":0,"irq":0,"softirq":0,"steal":0,"guest":0,"guestNice":0,"stolen":0},{"cpu":"cpu2","user":3772.9609375,"system":1946.8203125,"idle":15490.234375,"nice":0,"iowait":0,"irq":0,"softirq":0,"steal":0,"guest":0,"guestNice":0,"stolen":0},{"cpu":"cpu3","user":2401.7265625,"system":980.53125,"idle":17827.765625,"nice":0,"iowait":0,"irq":0,"softirq":0,"steal":0,"guest":0,"guestNice":0,"stolen":0}],"time":"2018-02-19 12:18:32.077374 +0900 JST m=+2221.312083655","errorInfo":null}
[Info]2018/02/19 12:18:32 acsessd /api/status.json
[Info]2018/02/19 12:18:32 {"hostname":"ksc-1x-dhcp-172-29-194-195.kwansei.ac.jp","hostid":"18d901f1-4a03-3ff1-ae34-c26b2732f13c","virtualizationSystem":"","total":8589934592,"available":2104573952,"usedPercent":75.4995346069336,"diskIO":[{"name":"disk0","ioTime":1300608,"weightedIO":0}],"cpu":[{"cpu":"cpu0","user":3890.0078125,"system":2214.671875,"idle":15106.5546875,"nice":0,"iowait":0,"irq":0,"softirq":0,"steal":0,"guest":0,"guestNice":0,"stolen":0},{"cpu":"cpu1","user":2366.984375,"system":967.59375,"idle":17875.8359375,"nice":0,"iowait":0,"irq":0,"softirq":0,"steal":0,"guest":0,"guestNice":0,"stolen":0},{"cpu":"cpu2","user":3773.03125,"system":1946.859375,"idle":15490.5234375,"nice":0,"iowait":0,"irq":0,"softirq":0,"steal":0,"guest":0,"guestNice":0,"stolen":0},{"cpu":"cpu3","user":2401.7578125,"system":980.5546875,"idle":17828.1015625,"nice":0,"iowait":0,"irq":0,"softirq":0,"steal":0,"guest":0,"guestNice":0,"stolen":0}],"time":"2018-02-19 12:18:32.58108 +0900 JST m=+2221.815788244","errorInfo":null}
[Info]2018/02/19 12:18:33 acsessd /api/status.json
[Info]2018/02/19 12:18:33 {"hostname":"ksc-1x-dhcp-172-29-194-195.kwansei.ac.jp","hostid":"18d901f1-4a03-3ff1-ae34-c26b2732f13c","virtualizationSystem":"","total":8589934592,"available":2103873536,"usedPercent":75.50768852233887,"diskIO":[{"name":"disk0","ioTime":1300608,"weightedIO":0}],"cpu":[{"cpu":"cpu0","user":3890.046875,"system":2214.703125,"idle":15106.875,"nice":0,"iowait":0,"irq":0,"softirq":0,"steal":0,"guest":0,"guestNice":0,"stolen":0},{"cpu":"cpu1","user":2367.0078125,"system":967.609375,"idle":17876.1953125,"nice":0,"iowait":0,"irq":0,"softirq":0,"steal":0,"guest":0,"guestNice":0,"stolen":0},{"cpu":"cpu2","user":3773.1015625,"system":1946.890625,"idle":15490.8203125,"nice":0,"iowait":0,"irq":0,"softirq":0,"steal":0,"guest":0,"guestNice":0,"stolen":0},{"cpu":"cpu3","user":2401.78125,"system":980.5703125,"idle":17828.4609375,"nice":0,"iowait":0,"irq":0,"softirq":0,"steal":0,"guest":0,"guestNice":0,"stolen":0}],"time":"2018-02-19 12:18:33.086657 +0900 JST m=+2222.321364399","errorInfo":null}
[Info]2018/02/19 12:18:33 acsessd /api/status.json
[Info]2018/02/19 12:18:33 {"hostname":"ksc-1x-dhcp-172-29-194-195.kwansei.ac.jp","hostid":"18d901f1-4a03-3ff1-ae34-c26b2732f13c","virtualizationSystem":"","total":8589934592,"available":2094469120,"usedPercent":75.6171703338623,"diskIO":[{"name":"disk0","ioTime":1300676,"weightedIO":0}],"cpu":[{"cpu":"cpu0","user":3890.1953125,"system":2214.796875,"idle":15107.046875,"nice":0,"iowait":0,"irq":0,"softirq":0,"steal":0,"guest":0,"guestNice":0,"stolen":0},{"cpu":"cpu1","user":2367.109375,"system":967.6875,"idle":17876.4296875,"nice":0,"iowait":0,"irq":0,"softirq":0,"steal":0,"guest":0,"guestNice":0,"stolen":0},{"cpu":"cpu2","user":3773.2265625,"system":1947.0234375,"idle":15490.9921875,"nice":0,"iowait":0,"irq":0,"softirq":0,"steal":0,"guest":0,"guestNice":0,"stolen":0},{"cpu":"cpu3","user":2401.8671875,"system":980.640625,"idle":17828.7109375,"nice":0,"iowait":0,"irq":0,"softirq":0,"steal":0,"guest":0,"guestNice":0,"stolen":0}],"time":"2018-02-19 12:18:33.623966 +0900 JST m=+2222.858672802","errorInfo":null}
[Info]2018/02/19 12:18:34 acsessd /api/status.json
[Info]2018/02/19 12:18:34 {"hostname":"ksc-1x-dhcp-172-29-194-195.kwansei.ac.jp","hostid":"18d901f1-4a03-3ff1-ae34-c26b2732f13c","virtualizationSystem":"","total":8589934592,"available":2213089280,"usedPercent":74.23624992370605,"diskIO":[{"name":"disk0","ioTime":1300693,"weightedIO":0}],"cpu":[{"cpu":"cpu0","user":3890.359375,"system":2214.8828125,"idle":15107.1796875,"nice":0,"iowait":0,"irq":0,"softirq":0,"steal":0,"guest":0,"guestNice":0,"stolen":0},{"cpu":"cpu1","user":2367.1875,"system":967.71875,"idle":17876.7109375,"nice":0,"iowait":0,"irq":0,"softirq":0,"steal":0,"guest":0,"guestNice":0,"stolen":0},{"cpu":"cpu2","user":3773.3515625,"system":1947.09375,"idle":15491.1640625,"nice":0,"iowait":0,"irq":0,"softirq":0,"steal":0,"guest":0,"guestNice":0,"stolen":0},{"cpu":"cpu3","user":2401.921875,"system":980.6953125,"idle":17828.984375,"nice":0,"iowait":0,"irq":0,"softirq":0,"steal":0,"guest":0,"guestNice":0,"stolen":0}],"time":"2018-02-19 12:18:34.107429 +0900 JST m=+2223.342134641","errorInfo":null}
[Info]2018/02/19 12:18:34 acsessd /api/status.json
[Info]2018/02/19 12:18:34 {"hostname":"ksc-1x-dhcp-172-29-194-195.kwansei.ac.jp","hostid":"18d901f1-4a03-3ff1-ae34-c26b2732f13c","virtualizationSystem":"","total":8589934592,"available":2213560320,"usedPercent":74.23076629638672,"diskIO":[{"name":"disk0","ioTime":1300693,"weightedIO":0}],"cpu":[{"cpu":"cpu0","user":3890.40625,"system":2214.9453125,"idle":15107.4453125,"nice":0,"iowait":0,"irq":0,"softirq":0,"steal":0,"guest":0,"guestNice":0,"stolen":0},{"cpu":"cpu1","user":2367.203125,"system":967.734375,"idle":17877.046875,"nice":0,"iowait":0,"irq":0,"softirq":0,"steal":0,"guest":0,"guestNice":0,"stolen":0},{"cpu":"cpu2","user":3773.3984375,"system":1947.1484375,"idle":15491.4453125,"nice":0,"iowait":0,"irq":0,"softirq":0,"steal":0,"guest":0,"guestNice":0,"stolen":0},{"cpu":"cpu3","user":2401.953125,"system":980.71875,"idle":17829.3125,"nice":0,"iowait":0,"irq":0,"softirq":0,"steal":0,"guest":0,"guestNice":0,"stolen":0}],"time":"2018-02-19 12:18:34.589382 +0900 JST m=+2223.824086407","errorInfo":null}
[Info]2018/02/19 12:18:35 acsessd /api/status.json
[Info]2018/02/19 12:18:35 {"hostname":"ksc-1x-dhcp-172-29-194-195.kwansei.ac.jp","hostid":"18d901f1-4a03-3ff1-ae34-c26b2732f13c","virtualizationSystem":"","total":8589934592,"available":2213875712,"usedPercent":74.22709465026855,"diskIO":[{"name":"disk0","ioTime":1300693,"weightedIO":0}],"cpu":[{"cpu":"cpu0","user":3890.4921875,"system":2215.03125,"idle":15107.6640625,"nice":0,"iowait":0,"irq":0,"softirq":0,"steal":0,"guest":0,"guestNice":0,"stolen":0},{"cpu":"cpu1","user":2367.2421875,"system":967.765625,"idle":17877.375,"nice":0,"iowait":0,"irq":0,"softirq":0,"steal":0,"guest":0,"guestNice":0,"stolen":0},{"cpu":"cpu2","user":3773.484375,"system":1947.2265625,"idle":15491.671875,"nice":0,"iowait":0,"irq":0,"softirq":0,"steal":0,"guest":0,"guestNice":0,"stolen":0},{"cpu":"cpu3","user":2401.984375,"system":980.75,"idle":17829.640625,"nice":0,"iowait":0,"irq":0,"softirq":0,"steal":0,"guest":0,"guestNice":0,"stolen":0}],"time":"2018-02-19 12:18:35.090459 +0900 JST m=+2224.325163199","errorInfo":null}
[Info]2018/02/19 12:18:35 acsessd /api/status.json
[Info]2018/02/19 12:18:35 {"hostname":"ksc-1x-dhcp-172-29-194-195.kwansei.ac.jp","hostid":"18d901f1-4a03-3ff1-ae34-c26b2732f13c","virtualizationSystem":"","total":8589934592,"available":2213511168,"usedPercent":74.23133850097656,"diskIO":[{"name":"disk0","ioTime":1300693,"weightedIO":0}],"cpu":[{"cpu":"cpu0","user":3890.5703125,"system":2215.109375,"idle":15107.8984375,"nice":0,"iowait":0,"irq":0,"softirq":0,"steal":0,"guest":0,"guestNice":0,"stolen":0},{"cpu":"cpu1","user":2367.28125,"system":967.78125,"idle":17877.6953125,"nice":0,"iowait":0,"irq":0,"softirq":0,"steal":0,"guest":0,"guestNice":0,"stolen":0},{"cpu":"cpu2","user":3773.546875,"system":1947.2890625,"idle":15491.9296875,"nice":0,"iowait":0,"irq":0,"softirq":0,"steal":0,"guest":0,"guestNice":0,"stolen":0},{"cpu":"cpu3","user":2402.0234375,"system":980.7734375,"idle":17829.9609375,"nice":0,"iowait":0,"irq":0,"softirq":0,"steal":0,"guest":0,"guestNice":0,"stolen":0}],"time":"2018-02-19 12:18:35.583788 +0900 JST m=+2224.818490289","errorInfo":null}
[Info]2018/02/19 12:18:36 acsessd /api/status.json
[Info]2018/02/19 12:18:36 {"hostname":"ksc-1x-dhcp-172-29-194-195.kwansei.ac.jp","hostid":"18d901f1-4a03-3ff1-ae34-c26b2732f13c","virtualizationSystem":"","total":8589934592,"available":2237288448,"usedPercent":73.95453453063965,"diskIO":[{"name":"disk0","ioTime":1300701,"weightedIO":0}],"cpu":[{"cpu":"cpu0","user":3890.640625,"system":2215.1875,"idle":15108.15625,"nice":0,"iowait":0,"irq":0,"softirq":0,"steal":0,"guest":0,"guestNice":0,"stolen":0},{"cpu":"cpu1","user":2367.3125,"system":967.8046875,"idle":17878.0546875,"nice":0,"iowait":0,"irq":0,"softirq":0,"steal":0,"guest":0,"guestNice":0,"stolen":0},{"cpu":"cpu2","user":3773.609375,"system":1947.3515625,"idle":15492.2109375,"nice":0,"iowait":0,"irq":0,"softirq":0,"steal":0,"guest":0,"guestNice":0,"stolen":0},{"cpu":"cpu3","user":2402.0546875,"system":980.796875,"idle":17830.3125,"nice":0,"iowait":0,"irq":0,"softirq":0,"steal":0,"guest":0,"guestNice":0,"stolen":0}],"time":"2018-02-19 12:18:36.102059 +0900 JST m=+2225.336760842","errorInfo":null}
[Info]2018/02/19 12:18:36 acsessd /api/status.json
[Info]2018/02/19 12:18:36 {"hostname":"ksc-1x-dhcp-172-29-194-195.kwansei.ac.jp","hostid":"18d901f1-4a03-3ff1-ae34-c26b2732f13c","virtualizationSystem":"","total":8589934592,"available":2237317120,"usedPercent":73.9542007446289,"diskIO":[{"name":"disk0","ioTime":1300701,"weightedIO":0}],"cpu":[{"cpu":"cpu0","user":3890.7109375,"system":2215.2734375,"idle":15108.3671875,"nice":0,"iowait":0,"irq":0,"softirq":0,"steal":0,"guest":0,"guestNice":0,"stolen":0},{"cpu":"cpu1","user":2367.3359375,"system":967.828125,"idle":17878.375,"nice":0,"iowait":0,"irq":0,"softirq":0,"steal":0,"guest":0,"guestNice":0,"stolen":0},{"cpu":"cpu2","user":3773.65625,"system":1947.4296875,"idle":15492.4609375,"nice":0,"iowait":0,"irq":0,"softirq":0,"steal":0,"guest":0,"guestNice":0,"stolen":0},{"cpu":"cpu3","user":2402.09375,"system":980.8203125,"idle":17830.625,"nice":0,"iowait":0,"irq":0,"softirq":0,"steal":0,"guest":0,"guestNice":0,"stolen":0}],"time":"2018-02-19 12:18:36.588936 +0900 JST m=+2225.823637155","errorInfo":null}
[Info]2018/02/19 12:18:37 acsessd /api/status.json
[Info]2018/02/19 12:18:37 {"hostname":"ksc-1x-dhcp-172-29-194-195.kwansei.ac.jp","hostid":"18d901f1-4a03-3ff1-ae34-c26b2732f13c","virtualizationSystem":"","total":8589934592,"available":2237468672,"usedPercent":73.95243644714355,"diskIO":[{"name":"disk0","ioTime":1300708,"weightedIO":0}],"cpu":[{"cpu":"cpu0","user":3890.765625,"system":2215.328125,"idle":15108.671875,"nice":0,"iowait":0,"irq":0,"softirq":0,"steal":0,"guest":0,"guestNice":0,"stolen":0},{"cpu":"cpu1","user":2367.3515625,"system":967.84375,"idle":17878.7421875,"nice":0,"iowait":0,"irq":0,"softirq":0,"steal":0,"guest":0,"guestNice":0,"stolen":0},{"cpu":"cpu2","user":3773.71875,"system":1947.46875,"idle":15492.7578125,"nice":0,"iowait":0,"irq":0,"softirq":0,"steal":0,"guest":0,"guestNice":0,"stolen":0},{"cpu":"cpu3","user":2402.1171875,"system":980.8359375,"idle":17830.984375,"nice":0,"iowait":0,"irq":0,"softirq":0,"steal":0,"guest":0,"guestNice":0,"stolen":0}],"time":"2018-02-19 12:18:37.098105 +0900 JST m=+2226.332804492","errorInfo":null}
[Info]2018/02/19 12:18:37 acsessd /api/status.json
[Info]2018/02/19 12:18:37 {"hostname":"ksc-1x-dhcp-172-29-194-195.kwansei.ac.jp","hostid":"18d901f1-4a03-3ff1-ae34-c26b2732f13c","virtualizationSystem":"","total":8589934592,"available":2237202432,"usedPercent":73.95553588867188,"diskIO":[{"name":"disk0","ioTime":1300708,"weightedIO":0}],"cpu":[{"cpu":"cpu0","user":3890.8125,"system":2215.359375,"idle":15108.984375,"nice":0,"iowait":0,"irq":0,"softirq":0,"steal":0,"guest":0,"guestNice":0,"stolen":0},{"cpu":"cpu1","user":2367.375,"system":967.859375,"idle":17879.09375,"nice":0,"iowait":0,"irq":0,"softirq":0,"steal":0,"guest":0,"guestNice":0,"stolen":0},{"cpu":"cpu2","user":3773.7578125,"system":1947.4921875,"idle":15493.0859375,"nice":0,"iowait":0,"irq":0,"softirq":0,"steal":0,"guest":0,"guestNice":0,"stolen":0},{"cpu":"cpu3","user":2402.1328125,"system":980.84375,"idle":17831.34375,"nice":0,"iowait":0,"irq":0,"softirq":0,"steal":0,"guest":0,"guestNice":0,"stolen":0}],"time":"2018-02-19 12:18:37.595021 +0900 JST m=+2226.829719982","errorInfo":null}
[Info]2018/02/19 12:18:38 acsessd /api/status.json
[Info]2018/02/19 12:18:38 {"hostname":"ksc-1x-dhcp-172-29-194-195.kwansei.ac.jp","hostid":"18d901f1-4a03-3ff1-ae34-c26b2732f13c","virtualizationSystem":"","total":8589934592,"available":2237616128,"usedPercent":73.95071983337402,"diskIO":[{"name":"disk0","ioTime":1300716,"weightedIO":0}],"cpu":[{"cpu":"cpu0","user":3890.859375,"system":2215.3828125,"idle":15109.2890625,"nice":0,"iowait":0,"irq":0,"softirq":0,"steal":0,"guest":0,"guestNice":0,"stolen":0},{"cpu":"cpu1","user":2367.3984375,"system":967.875,"idle":17879.453125,"nice":0,"iowait":0,"irq":0,"softirq":0,"steal":0,"guest":0,"guestNice":0,"stolen":0},{"cpu":"cpu2","user":3773.796875,"system":1947.5234375,"idle":15493.40625,"nice":0,"iowait":0,"irq":0,"softirq":0,"steal":0,"guest":0,"guestNice":0,"stolen":0},{"cpu":"cpu3","user":2402.1640625,"system":980.859375,"idle":17831.703125,"nice":0,"iowait":0,"irq":0,"softirq":0,"steal":0,"guest":0,"guestNice":0,"stolen":0}],"time":"2018-02-19 12:18:38.099907 +0900 JST m=+2227.334605037","errorInfo":null}
[Info]2018/02/19 12:18:38 acsessd /api/status.json
[Info]2018/02/19 12:18:38 {"hostname":"ksc-1x-dhcp-172-29-194-195.kwansei.ac.jp","hostid":"18d901f1-4a03-3ff1-ae34-c26b2732f13c","virtualizationSystem":"","total":8589934592,"available":2248732672,"usedPercent":73.8213062286377,"diskIO":[{"name":"disk0","ioTime":1300717,"weightedIO":0}],"cpu":[{"cpu":"cpu0","user":3890.9296875,"system":2215.4375,"idle":15109.5625,"nice":0,"iowait":0,"irq":0,"softirq":0,"steal":0,"guest":0,"guestNice":0,"stolen":0},{"cpu":"cpu1","user":2367.4453125,"system":967.890625,"idle":17879.78125,"nice":0,"iowait":0,"irq":0,"softirq":0,"steal":0,"guest":0,"guestNice":0,"stolen":0},{"cpu":"cpu2","user":3773.84375,"system":1947.578125,"idle":15493.6953125,"nice":0,"iowait":0,"irq":0,"softirq":0,"steal":0,"guest":0,"guestNice":0,"stolen":0},{"cpu":"cpu3","user":2402.1875,"system":980.8828125,"idle":17832.046875,"nice":0,"iowait":0,"irq":0,"softirq":0,"steal":0,"guest":0,"guestNice":0,"stolen":0}],"time":"2018-02-19 12:18:38.602231 +0900 JST m=+2227.836927623","errorInfo":null}
[Info]2018/02/19 12:18:39 acsessd /api/status.json
[Info]2018/02/19 12:18:39 {"hostname":"ksc-1x-dhcp-172-29-194-195.kwansei.ac.jp","hostid":"18d901f1-4a03-3ff1-ae34-c26b2732f13c","virtualizationSystem":"","total":8589934592,"available":2248355840,"usedPercent":73.82569313049316,"diskIO":[{"name":"disk0","ioTime":1300717,"weightedIO":0}],"cpu":[{"cpu":"cpu0","user":3891.0234375,"system":2215.4765625,"idle":15109.8203125,"nice":0,"iowait":0,"irq":0,"softirq":0,"steal":0,"guest":0,"guestNice":0,"stolen":0},{"cpu":"cpu1","user":2367.4609375,"system":967.8984375,"idle":17880.15625,"nice":0,"iowait":0,"irq":0,"softirq":0,"steal":0,"guest":0,"guestNice":0,"stolen":0},{"cpu":"cpu2","user":3773.953125,"system":1947.609375,"idle":15493.9453125,"nice":0,"iowait":0,"irq":0,"softirq":0,"steal":0,"guest":0,"guestNice":0,"stolen":0},{"cpu":"cpu3","user":2402.2109375,"system":980.890625,"idle":17832.40625,"nice":0,"iowait":0,"irq":0,"softirq":0,"steal":0,"guest":0,"guestNice":0,"stolen":0}],"time":"2018-02-19 12:18:39.103644 +0900 JST m=+2228.338339970","errorInfo":null}
[Info]2018/02/19 12:18:39 acsessd /api/status.json
[Info]2018/02/19 12:18:39 {"hostname":"ksc-1x-dhcp-172-29-194-195.kwansei.ac.jp","hostid":"18d901f1-4a03-3ff1-ae34-c26b2732f13c","virtualizationSystem":"","total":8589934592,"available":2249084928,"usedPercent":73.81720542907715,"diskIO":[{"name":"disk0","ioTime":1300727,"weightedIO":0}],"cpu":[{"cpu":"cpu0","user":3891.0703125,"system":2215.5078125,"idle":15110.125,"nice":0,"iowait":0,"irq":0,"softirq":0,"steal":0,"guest":0,"guestNice":0,"stolen":0},{"cpu":"cpu1","user":2367.4765625,"system":967.90625,"idle":17880.515625,"nice":0,"iowait":0,"irq":0,"softirq":0,"steal":0,"guest":0,"guestNice":0,"stolen":0},{"cpu":"cpu2","user":3774,"system":1947.640625,"idle":15494.2578125,"nice":0,"iowait":0,"irq":0,"softirq":0,"steal":0,"guest":0,"guestNice":0,"stolen":0},{"cpu":"cpu3","user":2402.21875,"system":980.8984375,"idle":17832.7734375,"nice":0,"iowait":0,"irq":0,"softirq":0,"steal":0,"guest":0,"guestNice":0,"stolen":0}],"time":"2018-02-19 12:18:39.59843 +0900 JST m=+2228.833124846","errorInfo":null}
[Info]2018/02/19 12:18:40 acsessd /api/status.json
[Info]2018/02/19 12:18:40 {"hostname":"ksc-1x-dhcp-172-29-194-195.kwansei.ac.jp","hostid":"18d901f1-4a03-3ff1-ae34-c26b2732f13c","virtualizationSystem":"","total":8589934592,"available":2249252864,"usedPercent":73.81525039672852,"diskIO":[{"name":"disk0","ioTime":1300727,"weightedIO":0}],"cpu":[{"cpu":"cpu0","user":3891.1015625,"system":2215.53125,"idle":15110.4765625,"nice":0,"iowait":0,"irq":0,"softirq":0,"steal":0,"guest":0,"guestNice":0,"stolen":0},{"cpu":"cpu1","user":2367.484375,"system":967.90625,"idle":17880.8984375,"nice":0,"iowait":0,"irq":0,"softirq":0,"steal":0,"guest":0,"guestNice":0,"stolen":0},{"cpu":"cpu2","user":3774.046875,"system":1947.6640625,"idle":15494.5859375,"nice":0,"iowait":0,"irq":0,"softirq":0,"steal":0,"guest":0,"guestNice":0,"stolen":0},{"cpu":"cpu3","user":2402.234375,"system":980.90625,"idle":17833.1484375,"nice":0,"iowait":0,"irq":0,"softirq":0,"steal":0,"guest":0,"guestNice":0,"stolen":0}],"time":"2018-02-19 12:18:40.103297 +0900 JST m=+2229.337991506","errorInfo":null}
[Info]2018/02/19 12:18:40 acsessd /api/status.json
[Info]2018/02/19 12:18:40 {"hostname":"ksc-1x-dhcp-172-29-194-195.kwansei.ac.jp","hostid":"18d901f1-4a03-3ff1-ae34-c26b2732f13c","virtualizationSystem":"","total":8589934592,"available":2248466432,"usedPercent":73.82440567016602,"diskIO":[{"name":"disk0","ioTime":1300727,"weightedIO":0}],"cpu":[{"cpu":"cpu0","user":3891.15625,"system":2215.5546875,"idle":15110.7890625,"nice":0,"iowait":0,"irq":0,"softirq":0,"steal":0,"guest":0,"guestNice":0,"stolen":0},{"cpu":"cpu1","user":2367.4921875,"system":967.9140625,"idle":17881.2734375,"nice":0,"iowait":0,"irq":0,"softirq":0,"steal":0,"guest":0,"guestNice":0,"stolen":0},{"cpu":"cpu2","user":3774.0859375,"system":1947.6875,"idle":15494.9140625,"nice":0,"iowait":0,"irq":0,"softirq":0,"steal":0,"guest":0,"guestNice":0,"stolen":0},{"cpu":"cpu3","user":2402.2578125,"system":980.921875,"idle":17833.5,"nice":0,"iowait":0,"irq":0,"softirq":0,"steal":0,"guest":0,"guestNice":0,"stolen":0}],"time":"2018-02-19 12:18:40.605884 +0900 JST m=+2229.840577017","errorInfo":null}
[Info]2018/02/19 12:18:41 acsessd /api/status.json
[Info]2018/02/19 12:18:41 {"hostname":"ksc-1x-dhcp-172-29-194-195.kwansei.ac.jp","hostid":"18d901f1-4a03-3ff1-ae34-c26b2732f13c","virtualizationSystem":"","total":8589934592,"available":2248708096,"usedPercent":73.82159233093262,"diskIO":[{"name":"disk0","ioTime":1300735,"weightedIO":0}],"cpu":[{"cpu":"cpu0","user":3891.203125,"system":2215.5859375,"idle":15111.1015625,"nice":0,"iowait":0,"irq":0,"softirq":0,"steal":0,"guest":0,"guestNice":0,"stolen":0},{"cpu":"cpu1","user":2367.5,"system":967.921875,"idle":17881.6640625,"nice":0,"iowait":0,"irq":0,"softirq":0,"steal":0,"guest":0,"guestNice":0,"stolen":0},{"cpu":"cpu2","user":3774.125,"system":1947.703125,"idle":15495.2578125,"nice":0,"iowait":0,"irq":0,"softirq":0,"steal":0,"guest":0,"guestNice":0,"stolen":0},{"cpu":"cpu3","user":2402.2578125,"system":980.9296875,"idle":17833.8828125,"nice":0,"iowait":0,"irq":0,"softirq":0,"steal":0,"guest":0,"guestNice":0,"stolen":0}],"time":"2018-02-19 12:18:41.110295 +0900 JST m=+2230.344986737","errorInfo":null}
[Info]2018/02/19 12:18:41 acsessd /api/status.json
[Info]2018/02/19 12:18:41 {"hostname":"ksc-1x-dhcp-172-29-194-195.kwansei.ac.jp","hostid":"18d901f1-4a03-3ff1-ae34-c26b2732f13c","virtualizationSystem":"","total":8589934592,"available":2248224768,"usedPercent":73.82721900939941,"diskIO":[{"name":"disk0","ioTime":1300735,"weightedIO":0}],"cpu":[{"cpu":"cpu0","user":3891.2421875,"system":2215.6171875,"idle":15111.4296875,"nice":0,"iowait":0,"irq":0,"softirq":0,"steal":0,"guest":0,"guestNice":0,"stolen":0},{"cpu":"cpu1","user":2367.5078125,"system":967.921875,"idle":17882.0390625,"nice":0,"iowait":0,"irq":0,"softirq":0,"steal":0,"guest":0,"guestNice":0,"stolen":0},{"cpu":"cpu2","user":3774.1796875,"system":1947.71875,"idle":15495.578125,"nice":0,"iowait":0,"irq":0,"softirq":0,"steal":0,"guest":0,"guestNice":0,"stolen":0},{"cpu":"cpu3","user":2402.265625,"system":980.9296875,"idle":17834.265625,"nice":0,"iowait":0,"irq":0,"softirq":0,"steal":0,"guest":0,"guestNice":0,"stolen":0}],"time":"2018-02-19 12:18:41.613912 +0900 JST m=+2230.848602611","errorInfo":null}
[Info]2018/02/19 12:18:42 acsessd /api/status.json
[Info]2018/02/19 12:18:42 {"hostname":"ksc-1x-dhcp-172-29-194-195.kwansei.ac.jp","hostid":"18d901f1-4a03-3ff1-ae34-c26b2732f13c","virtualizationSystem":"","total":8589934592,"available":2248327168,"usedPercent":73.8260269165039,"diskIO":[{"name":"disk0","ioTime":1300735,"weightedIO":0}],"cpu":[{"cpu":"cpu0","user":3891.296875,"system":2215.6328125,"idle":15111.75,"nice":0,"iowait":0,"irq":0,"softirq":0,"steal":0,"guest":0,"guestNice":0,"stolen":0},{"cpu":"cpu1","user":2367.5234375,"system":967.9296875,"idle":17882.421875,"nice":0,"iowait":0,"irq":0,"softirq":0,"steal":0,"guest":0,"guestNice":0,"stolen":0},{"cpu":"cpu2","user":3774.203125,"system":1947.734375,"idle":15495.9296875,"nice":0,"iowait":0,"irq":0,"softirq":0,"steal":0,"guest":0,"guestNice":0,"stolen":0},{"cpu":"cpu3","user":2402.28125,"system":980.9453125,"idle":17834.640625,"nice":0,"iowait":0,"irq":0,"softirq":0,"steal":0,"guest":0,"guestNice":0,"stolen":0}],"time":"2018-02-19 12:18:42.118582 +0900 JST m=+2231.353272175","errorInfo":null}
[Info]2018/02/19 12:18:42 acsessd /api/status.json
[Info]2018/02/19 12:18:42 {"hostname":"ksc-1x-dhcp-172-29-194-195.kwansei.ac.jp","hostid":"18d901f1-4a03-3ff1-ae34-c26b2732f13c","virtualizationSystem":"","total":8589934592,"available":2248495104,"usedPercent":73.82407188415527,"diskIO":[{"name":"disk0","ioTime":1300735,"weightedIO":0}],"cpu":[{"cpu":"cpu0","user":3891.3359375,"system":2215.6640625,"idle":15112.078125,"nice":0,"iowait":0,"irq":0,"softirq":0,"steal":0,"guest":0,"guestNice":0,"stolen":0},{"cpu":"cpu1","user":2367.5390625,"system":967.9296875,"idle":17882.7890625,"nice":0,"iowait":0,"irq":0,"softirq":0,"steal":0,"guest":0,"guestNice":0,"stolen":0},{"cpu":"cpu2","user":3774.25,"system":1947.7578125,"idle":15496.25,"nice":0,"iowait":0,"irq":0,"softirq":0,"steal":0,"guest":0,"guestNice":0,"stolen":0},{"cpu":"cpu3","user":2402.2890625,"system":980.953125,"idle":17835.0234375,"nice":0,"iowait":0,"irq":0,"softirq":0,"steal":0,"guest":0,"guestNice":0,"stolen":0}],"time":"2018-02-19 12:18:42.623097 +0900 JST m=+2231.857786000","errorInfo":null}
[Info]2018/02/19 12:18:43 acsessd /api/status.json
[Info]2018/02/19 12:18:43 {"hostname":"ksc-1x-dhcp-172-29-194-195.kwansei.ac.jp","hostid":"18d901f1-4a03-3ff1-ae34-c26b2732f13c","virtualizationSystem":"","total":8589934592,"available":2248097792,"usedPercent":73.82869720458984,"diskIO":[{"name":"disk0","ioTime":1300735,"weightedIO":0}],"cpu":[{"cpu":"cpu0","user":3891.3828125,"system":2215.6796875,"idle":15112.3984375,"nice":0,"iowait":0,"irq":0,"softirq":0,"steal":0,"guest":0,"guestNice":0,"stolen":0},{"cpu":"cpu1","user":2367.5546875,"system":967.9375,"idle":17883.1640625,"nice":0,"iowait":0,"irq":0,"softirq":0,"steal":0,"guest":0,"guestNice":0,"stolen":0},{"cpu":"cpu2","user":3774.28125,"system":1947.7890625,"idle":15496.59375,"nice":0,"iowait":0,"irq":0,"softirq":0,"steal":0,"guest":0,"guestNice":0,"stolen":0},{"cpu":"cpu3","user":2402.296875,"system":980.9609375,"idle":17835.3984375,"nice":0,"iowait":0,"irq":0,"softirq":0,"steal":0,"guest":0,"guestNice":0,"stolen":0}],"time":"2018-02-19 12:18:43.13107 +0900 JST m=+2232.365758135","errorInfo":null}
[Info]2018/02/19 12:18:43 acsessd /api/status.json
[Info]2018/02/19 12:18:43 {"hostname":"ksc-1x-dhcp-172-29-194-195.kwansei.ac.jp","hostid":"18d901f1-4a03-3ff1-ae34-c26b2732f13c","virtualizationSystem":"","total":8589934592,"available":2248130560,"usedPercent":73.82831573486328,"diskIO":[{"name":"disk0","ioTime":1300735,"weightedIO":0}],"cpu":[{"cpu":"cpu0","user":3891.4140625,"system":2215.6953125,"idle":15112.75,"nice":0,"iowait":0,"irq":0,"softirq":0,"steal":0,"guest":0,"guestNice":0,"stolen":0},{"cpu":"cpu1","user":2367.5703125,"system":967.9375,"idle":17883.5390625,"nice":0,"iowait":0,"irq":0,"softirq":0,"steal":0,"guest":0,"guestNice":0,"stolen":0},{"cpu":"cpu2","user":3774.3359375,"system":1947.8125,"idle":15496.8984375,"nice":0,"iowait":0,"irq":0,"softirq":0,"steal":0,"guest":0,"guestNice":0,"stolen":0},{"cpu":"cpu3","user":2402.3046875,"system":980.9609375,"idle":17835.78125,"nice":0,"iowait":0,"irq":0,"softirq":0,"steal":0,"guest":0,"guestNice":0,"stolen":0}],"time":"2018-02-19 12:18:43.633591 +0900 JST m=+2232.868278362","errorInfo":null}
[Info]2018/02/19 12:18:44 acsessd /api/status.json
[Info]2018/02/19 12:18:44 {"hostname":"ksc-1x-dhcp-172-29-194-195.kwansei.ac.jp","hostid":"18d901f1-4a03-3ff1-ae34-c26b2732f13c","virtualizationSystem":"","total":8589934592,"available":2240319488,"usedPercent":73.91924858093262,"diskIO":[{"name":"disk0","ioTime":1300735,"weightedIO":0}],"cpu":[{"cpu":"cpu0","user":3891.59375,"system":2215.734375,"idle":15112.9296875,"nice":0,"iowait":0,"irq":0,"softirq":0,"steal":0,"guest":0,"guestNice":0,"stolen":0},{"cpu":"cpu1","user":2367.5859375,"system":967.953125,"idle":17883.9140625,"nice":0,"iowait":0,"irq":0,"softirq":0,"steal":0,"guest":0,"guestNice":0,"stolen":0},{"cpu":"cpu2","user":3774.390625,"system":1947.84375,"idle":15497.21875,"nice":0,"iowait":0,"irq":0,"softirq":0,"steal":0,"guest":0,"guestNice":0,"stolen":0},{"cpu":"cpu3","user":2402.3203125,"system":980.9921875,"idle":17836.1328125,"nice":0,"iowait":0,"irq":0,"softirq":0,"steal":0,"guest":0,"guestNice":0,"stolen":0}],"time":"2018-02-19 12:18:44.146257 +0900 JST m=+2233.380943606","errorInfo":null}
[Info]2018/02/19 12:18:44 acsessd /api/status.json
[Info]2018/02/19 12:18:44 {"hostname":"ksc-1x-dhcp-172-29-194-195.kwansei.ac.jp","hostid":"18d901f1-4a03-3ff1-ae34-c26b2732f13c","virtualizationSystem":"","total":8589934592,"available":2236854272,"usedPercent":73.9595890045166,"diskIO":[{"name":"disk0","ioTime":1300744,"weightedIO":0}],"cpu":[{"cpu":"cpu0","user":3891.6328125,"system":2215.7578125,"idle":15113.265625,"nice":0,"iowait":0,"irq":0,"softirq":0,"steal":0,"guest":0,"guestNice":0,"stolen":0},{"cpu":"cpu1","user":2367.609375,"system":967.953125,"idle":17884.28125,"nice":0,"iowait":0,"irq":0,"softirq":0,"steal":0,"guest":0,"guestNice":0,"stolen":0},{"cpu":"cpu2","user":3774.484375,"system":1947.8671875,"idle":15497.4921875,"nice":0,"iowait":0,"irq":0,"softirq":0,"steal":0,"guest":0,"guestNice":0,"stolen":0},{"cpu":"cpu3","user":2402.34375,"system":981,"idle":17836.5,"nice":0,"iowait":0,"irq":0,"softirq":0,"steal":0,"guest":0,"guestNice":0,"stolen":0}],"time":"2018-02-19 12:18:44.645489 +0900 JST m=+2233.880174333","errorInfo":null}
[Info]2018/02/19 12:18:45 acsessd /api/status.json
[Info]2018/02/19 12:18:45 {"hostname":"ksc-1x-dhcp-172-29-194-195.kwansei.ac.jp","hostid":"18d901f1-4a03-3ff1-ae34-c26b2732f13c","virtualizationSystem":"","total":8589934592,"available":2230996992,"usedPercent":74.02777671813965,"diskIO":[{"name":"disk0","ioTime":1300744,"weightedIO":0}],"cpu":[{"cpu":"cpu0","user":3891.71875,"system":2215.7890625,"idle":15113.5625,"nice":0,"iowait":0,"irq":0,"softirq":0,"steal":0,"guest":0,"guestNice":0,"stolen":0},{"cpu":"cpu1","user":2367.6484375,"system":967.9765625,"idle":17884.6328125,"nice":0,"iowait":0,"irq":0,"softirq":0,"steal":0,"guest":0,"guestNice":0,"stolen":0},{"cpu":"cpu2","user":3774.5546875,"system":1947.8828125,"idle":15497.8125,"nice":0,"iowait":0,"irq":0,"softirq":0,"steal":0,"guest":0,"guestNice":0,"stolen":0},{"cpu":"cpu3","user":2402.375,"system":981.0234375,"idle":17836.8515625,"nice":0,"iowait":0,"irq":0,"softirq":0,"steal":0,"guest":0,"guestNice":0,"stolen":0}],"time":"2018-02-19 12:18:45.175478 +0900 JST m=+2234.410162254","errorInfo":null}
[Info]2018/02/19 12:18:45 acsessd /api/status.json
[Info]2018/02/19 12:18:45 {"hostname":"ksc-1x-dhcp-172-29-194-195.kwansei.ac.jp","hostid":"18d901f1-4a03-3ff1-ae34-c26b2732f13c","virtualizationSystem":"","total":8589934592,"available":2235338752,"usedPercent":73.97723197937012,"diskIO":[{"name":"disk0","ioTime":1300760,"weightedIO":0}],"cpu":[{"cpu":"cpu0","user":3891.9609375,"system":2215.8125,"idle":15113.671875,"nice":0,"iowait":0,"irq":0,"softirq":0,"steal":0,"guest":0,"guestNice":0,"stolen":0},{"cpu":"cpu1","user":2367.765625,"system":968,"idle":17884.8671875,"nice":0,"iowait":0,"irq":0,"softirq":0,"steal":0,"guest":0,"guestNice":0,"stolen":0},{"cpu":"cpu2","user":3774.8046875,"system":1947.921875,"idle":15497.90625,"nice":0,"iowait":0,"irq":0,"softirq":0,"steal":0,"guest":0,"guestNice":0,"stolen":0},{"cpu":"cpu3","user":2402.515625,"system":981.0390625,"idle":17837.078125,"nice":0,"iowait":0,"irq":0,"softirq":0,"steal":0,"guest":0,"guestNice":0,"stolen":0}],"time":"2018-02-19 12:18:45.660219 +0900 JST m=+2234.894902292","errorInfo":null}
[Info]2018/02/19 12:18:46 acsessd /api/status.json
[Info]2018/02/19 12:18:46 {"hostname":"ksc-1x-dhcp-172-29-194-195.kwansei.ac.jp","hostid":"18d901f1-4a03-3ff1-ae34-c26b2732f13c","virtualizationSystem":"","total":8589934592,"available":2232619008,"usedPercent":74.0088939666748,"diskIO":[{"name":"disk0","ioTime":1300760,"weightedIO":0}],"cpu":[{"cpu":"cpu0","user":3892.15625,"system":2215.8359375,"idle":15113.84375,"nice":0,"iowait":0,"irq":0,"softirq":0,"steal":0,"guest":0,"guestNice":0,"stolen":0},{"cpu":"cpu1","user":2367.8203125,"system":968.015625,"idle":17885.1875,"nice":0,"iowait":0,"irq":0,"softirq":0,"steal":0,"guest":0,"guestNice":0,"stolen":0},{"cpu":"cpu2","user":3774.9921875,"system":1947.953125,"idle":15498.078125,"nice":0,"iowait":0,"irq":0,"softirq":0,"steal":0,"guest":0,"guestNice":0,"stolen":0},{"cpu":"cpu3","user":2402.5703125,"system":981.0625,"idle":17837.390625,"nice":0,"iowait":0,"irq":0,"softirq":0,"steal":0,"guest":0,"guestNice":0,"stolen":0}],"time":"2018-02-19 12:18:46.160269 +0900 JST m=+2235.394951626","errorInfo":null}
[Info]2018/02/19 12:18:46 acsessd /api/status.json
[Info]2018/02/19 12:18:46 {"hostname":"ksc-1x-dhcp-172-29-194-195.kwansei.ac.jp","hostid":"18d901f1-4a03-3ff1-ae34-c26b2732f13c","virtualizationSystem":"","total":8589934592,"available":2234589184,"usedPercent":73.98595809936523,"diskIO":[{"name":"disk0","ioTime":1300778,"weightedIO":0}],"cpu":[{"cpu":"cpu0","user":3892.4140625,"system":2215.859375,"idle":15113.953125,"nice":0,"iowait":0,"irq":0,"softirq":0,"steal":0,"guest":0,"guestNice":0,"stolen":0},{"cpu":"cpu1","user":2367.8515625,"system":968.0390625,"idle":17885.53125,"nice":0,"iowait":0,"irq":0,"softirq":0,"steal":0,"guest":0,"guestNice":0,"stolen":0},{"cpu":"cpu2","user":3775.1328125,"system":1947.96875,"idle":15498.3125,"nice":0,"iowait":0,"irq":0,"softirq":0,"steal":0,"guest":0,"guestNice":0,"stolen":0},{"cpu":"cpu3","user":2402.6171875,"system":981.0703125,"idle":17837.7265625,"nice":0,"iowait":0,"irq":0,"softirq":0,"steal":0,"guest":0,"guestNice":0,"stolen":0}],"time":"2018-02-19 12:18:46.664204 +0900 JST m=+2235.898885881","errorInfo":null}
[Info]2018/02/19 12:18:47 acsessd /api/status.json
[Info]2018/02/19 12:18:47 {"hostname":"ksc-1x-dhcp-172-29-194-195.kwansei.ac.jp","hostid":"18d901f1-4a03-3ff1-ae34-c26b2732f13c","virtualizationSystem":"","total":8589934592,"available":2235203584,"usedPercent":73.97880554199219,"diskIO":[{"name":"disk0","ioTime":1300778,"weightedIO":0}],"cpu":[{"cpu":"cpu0","user":3892.4609375,"system":2215.90625,"idle":15114.2421875,"nice":0,"iowait":0,"irq":0,"softirq":0,"steal":0,"guest":0,"guestNice":0,"stolen":0},{"cpu":"cpu1","user":2367.890625,"system":968.0546875,"idle":17885.859375,"nice":0,"iowait":0,"irq":0,"softirq":0,"steal":0,"guest":0,"guestNice":0,"stolen":0},{"cpu":"cpu2","user":3775.5,"system":1947.96875,"idle":15498.3359375,"nice":0,"iowait":0,"irq":0,"softirq":0,"steal":0,"guest":0,"guestNice":0,"stolen":0},{"cpu":"cpu3","user":2402.6484375,"system":981.078125,"idle":17838.078125,"nice":0,"iowait":0,"irq":0,"softirq":0,"steal":0,"guest":0,"guestNice":0,"stolen":0}],"time":"2018-02-19 12:18:47.154832 +0900 JST m=+2236.389512644","errorInfo":null}
[Info]2018/02/19 12:18:47 acsessd /api/status.json
[Info]2018/02/19 12:18:47 {"hostname":"ksc-1x-dhcp-172-29-194-195.kwansei.ac.jp","hostid":"18d901f1-4a03-3ff1-ae34-c26b2732f13c","virtualizationSystem":"","total":8589934592,"available":2236735488,"usedPercent":73.96097183227539,"diskIO":[{"name":"disk0","ioTime":1300778,"weightedIO":0}],"cpu":[{"cpu":"cpu0","user":3892.734375,"system":2215.9375,"idle":15114.328125,"nice":0,"iowait":0,"irq":0,"softirq":0,"steal":0,"guest":0,"guestNice":0,"stolen":0},{"cpu":"cpu1","user":2367.9453125,"system":968.0703125,"idle":17886.1796875,"nice":0,"iowait":0,"irq":0,"softirq":0,"steal":0,"guest":0,"guestNice":0,"stolen":0},{"cpu":"cpu2","user":3775.6875,"system":1948,"idle":15498.5078125,"nice":0,"iowait":0,"irq":0,"softirq":0,"steal":0,"guest":0,"guestNice":0,"stolen":0},{"cpu":"cpu3","user":2402.71875,"system":981.0859375,"idle":17838.3828125,"nice":0,"iowait":0,"irq":0,"softirq":0,"steal":0,"guest":0,"guestNice":0,"stolen":0}],"time":"2018-02-19 12:18:47.655159 +0900 JST m=+2236.889838975","errorInfo":null}
[Info]2018/02/19 12:18:48 acsessd /api/status.json
[Info]2018/02/19 12:18:48 {"hostname":"ksc-1x-dhcp-172-29-194-195.kwansei.ac.jp","hostid":"18d901f1-4a03-3ff1-ae34-c26b2732f13c","virtualizationSystem":"","total":8589934592,"available":2235748352,"usedPercent":73.97246360778809,"diskIO":[{"name":"disk0","ioTime":1300778,"weightedIO":0}],"cpu":[{"cpu":"cpu0","user":3892.9453125,"system":2215.9609375,"idle":15114.5,"nice":0,"iowait":0,"irq":0,"softirq":0,"steal":0,"guest":0,"guestNice":0,"stolen":0},{"cpu":"cpu1","user":2368.015625,"system":968.1015625,"idle":17886.4765625,"nice":0,"iowait":0,"irq":0,"softirq":0,"steal":0,"guest":0,"guestNice":0,"stolen":0},{"cpu":"cpu2","user":3775.890625,"system":1948.015625,"idle":15498.6953125,"nice":0,"iowait":0,"irq":0,"softirq":0,"steal":0,"guest":0,"guestNice":0,"stolen":0},{"cpu":"cpu3","user":2402.78125,"system":981.109375,"idle":17838.7109375,"nice":0,"iowait":0,"irq":0,"softirq":0,"steal":0,"guest":0,"guestNice":0,"stolen":0}],"time":"2018-02-19 12:18:48.174121 +0900 JST m=+2237.408799298","errorInfo":null}
[Info]2018/02/19 12:18:48 acsessd /api/status.json
[Info]2018/02/19 12:18:48 {"hostname":"ksc-1x-dhcp-172-29-194-195.kwansei.ac.jp","hostid":"18d901f1-4a03-3ff1-ae34-c26b2732f13c","virtualizationSystem":"","total":8589934592,"available":2237833216,"usedPercent":73.94819259643555,"diskIO":[{"name":"disk0","ioTime":1300778,"weightedIO":0}],"cpu":[{"cpu":"cpu0","user":3893.1796875,"system":2215.9921875,"idle":15114.6171875,"nice":0,"iowait":0,"irq":0,"softirq":0,"steal":0,"guest":0,"guestNice":0,"stolen":0},{"cpu":"cpu1","user":2368.0859375,"system":968.1171875,"idle":17886.765625,"nice":0,"iowait":0,"irq":0,"softirq":0,"steal":0,"guest":0,"guestNice":0,"stolen":0},{"cpu":"cpu2","user":3776.0703125,"system":1948.0390625,"idle":15498.8671875,"nice":0,"iowait":0,"irq":0,"softirq":0,"steal":0,"guest":0,"guestNice":0,"stolen":0},{"cpu":"cpu3","user":2402.8515625,"system":981.1171875,"idle":17839,"nice":0,"iowait":0,"irq":0,"softirq":0,"steal":0,"guest":0,"guestNice":0,"stolen":0}],"time":"2018-02-19 12:18:48.653767 +0900 JST m=+2237.888444739","errorInfo":null}
[Info]2018/02/19 12:18:49 acsessd /api/status.json
[Info]2018/02/19 12:18:49 {"hostname":"ksc-1x-dhcp-172-29-194-195.kwansei.ac.jp","hostid":"18d901f1-4a03-3ff1-ae34-c26b2732f13c","virtualizationSystem":"","total":8589934592,"available":2267652096,"usedPercent":73.60105514526367,"diskIO":[{"name":"disk0","ioTime":1300778,"weightedIO":0}],"cpu":[{"cpu":"cpu0","user":3893.453125,"system":2216.015625,"idle":15114.703125,"nice":0,"iowait":0,"irq":0,"softirq":0,"steal":0,"guest":0,"guestNice":0,"stolen":0},{"cpu":"cpu1","user":2368.15625,"system":968.1328125,"idle":17887.078125,"nice":0,"iowait":0,"irq":0,"softirq":0,"steal":0,"guest":0,"guestNice":0,"stolen":0},{"cpu":"cpu2","user":3776.265625,"system":1948.0859375,"idle":15499.015625,"nice":0,"iowait":0,"irq":0,"softirq":0,"steal":0,"guest":0,"guestNice":0,"stolen":0},{"cpu":"cpu3","user":2402.9140625,"system":981.1328125,"idle":17839.3125,"nice":0,"iowait":0,"irq":0,"softirq":0,"steal":0,"guest":0,"guestNice":0,"stolen":0}],"time":"2018-02-19 12:18:49.155927 +0900 JST m=+2238.390603843","errorInfo":null}
[Info]2018/02/19 12:18:49 acsessd /api/status.json
[Info]2018/02/19 12:18:49 {"hostname":"ksc-1x-dhcp-172-29-194-195.kwansei.ac.jp","hostid":"18d901f1-4a03-3ff1-ae34-c26b2732f13c","virtualizationSystem":"","total":8589934592,"available":2268803072,"usedPercent":73.58765602111816,"diskIO":[{"name":"disk0","ioTime":1300778,"weightedIO":0}],"cpu":[{"cpu":"cpu0","user":3893.703125,"system":2216.015625,"idle":15114.8515625,"nice":0,"iowait":0,"irq":0,"softirq":0,"steal":0,"guest":0,"guestNice":0,"stolen":0},{"cpu":"cpu1","user":2368.1875,"system":968.1328125,"idle":17887.4296875,"nice":0,"iowait":0,"irq":0,"softirq":0,"steal":0,"guest":0,"guestNice":0,"stolen":0},{"cpu":"cpu2","user":3776.4609375,"system":1948.109375,"idle":15499.1796875,"nice":0,"iowait":0,"irq":0,"softirq":0,"steal":0,"guest":0,"guestNice":0,"stolen":0},{"cpu":"cpu3","user":2402.953125,"system":981.1484375,"idle":17839.6484375,"nice":0,"iowait":0,"irq":0,"softirq":0,"steal":0,"guest":0,"guestNice":0,"stolen":0}],"time":"2018-02-19 12:18:49.655832 +0900 JST m=+2238.890507896","errorInfo":null}
[Info]2018/02/19 12:18:50 acsessd /api/status.json
[Info]2018/02/19 12:18:50 {"hostname":"ksc-1x-dhcp-172-29-194-195.kwansei.ac.jp","hostid":"18d901f1-4a03-3ff1-ae34-c26b2732f13c","virtualizationSystem":"","total":8589934592,"available":2262622208,"usedPercent":73.65961074829102,"diskIO":[{"name":"disk0","ioTime":1300778,"weightedIO":0}],"cpu":[{"cpu":"cpu0","user":3893.9921875,"system":2216.046875,"idle":15114.9375,"nice":0,"iowait":0,"irq":0,"softirq":0,"steal":0,"guest":0,"guestNice":0,"stolen":0},{"cpu":"cpu1","user":2368.296875,"system":968.171875,"idle":17887.6953125,"nice":0,"iowait":0,"irq":0,"softirq":0,"steal":0,"guest":0,"guestNice":0,"stolen":0},{"cpu":"cpu2","user":3776.8203125,"system":1948.125,"idle":15499.2265625,"nice":0,"iowait":0,"irq":0,"softirq":0,"steal":0,"guest":0,"guestNice":0,"stolen":0},{"cpu":"cpu3","user":2403.0390625,"system":981.1796875,"idle":17839.9453125,"nice":0,"iowait":0,"irq":0,"softirq":0,"steal":0,"guest":0,"guestNice":0,"stolen":0}],"time":"2018-02-19 12:18:50.179573 +0900 JST m=+2239.414247960","errorInfo":null}
[Info]2018/02/19 12:18:50 acsessd /api/status.json
[Info]2018/02/19 12:18:50 {"hostname":"ksc-1x-dhcp-172-29-194-195.kwansei.ac.jp","hostid":"18d901f1-4a03-3ff1-ae34-c26b2732f13c","virtualizationSystem":"","total":8589934592,"available":2260942848,"usedPercent":73.67916107177734,"diskIO":[{"name":"disk0","ioTime":1300778,"weightedIO":0}],"cpu":[{"cpu":"cpu0","user":3894.203125,"system":2216.0859375,"idle":15115.0625,"nice":0,"iowait":0,"irq":0,"softirq":0,"steal":0,"guest":0,"guestNice":0,"stolen":0},{"cpu":"cpu1","user":2368.3671875,"system":968.1796875,"idle":17887.9921875,"nice":0,"iowait":0,"irq":0,"softirq":0,"steal":0,"guest":0,"guestNice":0,"stolen":0},{"cpu":"cpu2","user":3777.0234375,"system":1948.1484375,"idle":15499.3671875,"nice":0,"iowait":0,"irq":0,"softirq":0,"steal":0,"guest":0,"guestNice":0,"stolen":0},{"cpu":"cpu3","user":2403.109375,"system":981.1953125,"idle":17840.234375,"nice":0,"iowait":0,"irq":0,"softirq":0,"steal":0,"guest":0,"guestNice":0,"stolen":0}],"time":"2018-02-19 12:18:50.6599 +0900 JST m=+2239.894573532","errorInfo":null}
[Info]2018/02/19 12:18:51 acsessd /api/status.json
[Info]2018/02/19 12:18:51 {"hostname":"ksc-1x-dhcp-172-29-194-195.kwansei.ac.jp","hostid":"18d901f1-4a03-3ff1-ae34-c26b2732f13c","virtualizationSystem":"","total":8589934592,"available":2258989056,"usedPercent":73.70190620422363,"diskIO":[{"name":"disk0","ioTime":1300787,"weightedIO":0}],"cpu":[{"cpu":"cpu0","user":3894.3828125,"system":2216.1015625,"idle":15115.25,"nice":0,"iowait":0,"irq":0,"softirq":0,"steal":0,"guest":0,"guestNice":0,"stolen":0},{"cpu":"cpu1","user":2368.421875,"system":968.1953125,"idle":17888.3125,"nice":0,"iowait":0,"irq":0,"softirq":0,"steal":0,"guest":0,"guestNice":0,"stolen":0},{"cpu":"cpu2","user":3777.234375,"system":1948.171875,"idle":15499.5234375,"nice":0,"iowait":0,"irq":0,"softirq":0,"steal":0,"guest":0,"guestNice":0,"stolen":0},{"cpu":"cpu3","user":2403.1640625,"system":981.1953125,"idle":17840.5625,"nice":0,"iowait":0,"irq":0,"softirq":0,"steal":0,"guest":0,"guestNice":0,"stolen":0}],"time":"2018-02-19 12:18:51.159917 +0900 JST m=+2240.394590146","errorInfo":null}
[Info]2018/02/19 12:18:51 acsessd /api/status.json
[Info]2018/02/19 12:18:51 {"hostname":"ksc-1x-dhcp-172-29-194-195.kwansei.ac.jp","hostid":"18d901f1-4a03-3ff1-ae34-c26b2732f13c","virtualizationSystem":"","total":8589934592,"available":2259705856,"usedPercent":73.69356155395508,"diskIO":[{"name":"disk0","ioTime":1300795,"weightedIO":0}],"cpu":[{"cpu":"cpu0","user":3894.515625,"system":2216.1328125,"idle":15115.484375,"nice":0,"iowait":0,"irq":0,"softirq":0,"steal":0,"guest":0,"guestNice":0,"stolen":0},{"cpu":"cpu1","user":2368.46875,"system":968.21875,"idle":17888.6328125,"nice":0,"iowait":0,"irq":0,"softirq":0,"steal":0,"guest":0,"guestNice":0,"stolen":0},{"cpu":"cpu2","user":3777.546875,"system":1948.171875,"idle":15499.6015625,"nice":0,"iowait":0,"irq":0,"softirq":0,"steal":0,"guest":0,"guestNice":0,"stolen":0},{"cpu":"cpu3","user":2403.1875,"system":981.203125,"idle":17840.921875,"nice":0,"iowait":0,"irq":0,"softirq":0,"steal":0,"guest":0,"guestNice":0,"stolen":0}],"time":"2018-02-19 12:18:51.658914 +0900 JST m=+2240.893585992","errorInfo":null}
[Info]2018/02/19 12:18:52 acsessd /api/status.json
[Info]2018/02/19 12:18:52 {"hostname":"ksc-1x-dhcp-172-29-194-195.kwansei.ac.jp","hostid":"18d901f1-4a03-3ff1-ae34-c26b2732f13c","virtualizationSystem":"","total":8589934592,"available":2258309120,"usedPercent":73.7098217010498,"diskIO":[{"name":"disk0","ioTime":1300795,"weightedIO":0}],"cpu":[{"cpu":"cpu0","user":3894.6484375,"system":2216.15625,"idle":15115.7265625,"nice":0,"iowait":0,"irq":0,"softirq":0,"steal":0,"guest":0,"guestNice":0,"stolen":0},{"cpu":"cpu1","user":2368.515625,"system":968.234375,"idle":17888.96875,"nice":0,"iowait":0,"irq":0,"softirq":0,"steal":0,"guest":0,"guestNice":0,"stolen":0},{"cpu":"cpu2","user":3777.8359375,"system":1948.1796875,"idle":15499.6953125,"nice":0,"iowait":0,"irq":0,"softirq":0,"steal":0,"guest":0,"guestNice":0,"stolen":0},{"cpu":"cpu3","user":2403.2421875,"system":981.2109375,"idle":17841.2578125,"nice":0,"iowait":0,"irq":0,"softirq":0,"steal":0,"guest":0,"guestNice":0,"stolen":0}],"time":"2018-02-19 12:18:52.16467 +0900 JST m=+2241.399340623","errorInfo":null}
[Info]2018/02/19 12:18:52 acsessd /api/status.json
[Info]2018/02/19 12:18:52 {"hostname":"ksc-1x-dhcp-172-29-194-195.kwansei.ac.jp","hostid":"18d901f1-4a03-3ff1-ae34-c26b2732f13c","virtualizationSystem":"","total":8589934592,"available":2249371648,"usedPercent":73.81386756896973,"diskIO":[{"name":"disk0","ioTime":1300803,"weightedIO":0}],"cpu":[{"cpu":"cpu0","user":3894.9296875,"system":2216.1796875,"idle":15115.8125,"nice":0,"iowait":0,"irq":0,"softirq":0,"steal":0,"guest":0,"guestNice":0,"stolen":0},{"cpu":"cpu1","user":2368.5859375,"system":968.2421875,"idle":17889.2734375,"nice":0,"iowait":0,"irq":0,"softirq":0,"steal":0,"guest":0,"guestNice":0,"stolen":0},{"cpu":"cpu2","user":3778.0390625,"system":1948.203125,"idle":15499.859375,"nice":0,"iowait":0,"irq":0,"softirq":0,"steal":0,"guest":0,"guestNice":0,"stolen":0},{"cpu":"cpu3","user":2403.328125,"system":981.2265625,"idle":17841.546875,"nice":0,"iowait":0,"irq":0,"softirq":0,"steal":0,"guest":0,"guestNice":0,"stolen":0}],"time":"2018-02-19 12:18:52.664954 +0900 JST m=+2241.899624328","errorInfo":null}
[Info]2018/02/19 12:18:53 acsessd /api/status.json
[Info]2018/02/19 12:18:53 {"hostname":"ksc-1x-dhcp-172-29-194-195.kwansei.ac.jp","hostid":"18d901f1-4a03-3ff1-ae34-c26b2732f13c","virtualizationSystem":"","total":8589934592,"available":2244468736,"usedPercent":73.87094497680664,"diskIO":[{"name":"disk0","ioTime":1300811,"weightedIO":0}],"cpu":[{"cpu":"cpu0","user":3895.140625,"system":2216.2109375,"idle":15115.984375,"nice":0,"iowait":0,"irq":0,"softirq":0,"steal":0,"guest":0,"guestNice":0,"stolen":0},{"cpu":"cpu1","user":2368.6640625,"system":968.2734375,"idle":17889.578125,"nice":0,"iowait":0,"irq":0,"softirq":0,"steal":0,"guest":0,"guestNice":0,"stolen":0},{"cpu":"cpu2","user":3778.2734375,"system":1948.2265625,"idle":15500.0234375,"nice":0,"iowait":0,"irq":0,"softirq":0,"steal":0,"guest":0,"guestNice":0,"stolen":0},{"cpu":"cpu3","user":2403.3984375,"system":981.2578125,"idle":17841.859375,"nice":0,"iowait":0,"irq":0,"softirq":0,"steal":0,"guest":0,"guestNice":0,"stolen":0}],"time":"2018-02-19 12:18:53.192145 +0900 JST m=+2242.426812998","errorInfo":null}
[Info]2018/02/19 12:18:53 acsessd /api/status.json
[Info]2018/02/19 12:18:53 {"hostname":"ksc-1x-dhcp-172-29-194-195.kwansei.ac.jp","hostid":"18d901f1-4a03-3ff1-ae34-c26b2732f13c","virtualizationSystem":"","total":8589934592,"available":2236887040,"usedPercent":73.95920753479004,"diskIO":[{"name":"disk0","ioTime":1300811,"weightedIO":0}],"cpu":[{"cpu":"cpu0","user":3895.3671875,"system":2216.2265625,"idle":15116.109375,"nice":0,"iowait":0,"irq":0,"softirq":0,"steal":0,"guest":0,"guestNice":0,"stolen":0},{"cpu":"cpu1","user":2368.7265625,"system":968.2890625,"idle":17889.8828125,"nice":0,"iowait":0,"irq":0,"softirq":0,"steal":0,"guest":0,"guestNice":0,"stolen":0},{"cpu":"cpu2","user":3778.5,"system":1948.2421875,"idle":15500.15625,"nice":0,"iowait":0,"irq":0,"softirq":0,"steal":0,"guest":0,"guestNice":0,"stolen":0},{"cpu":"cpu3","user":2403.4765625,"system":981.2734375,"idle":17842.140625,"nice":0,"iowait":0,"irq":0,"softirq":0,"steal":0,"guest":0,"guestNice":0,"stolen":0}],"time":"2018-02-19 12:18:53.677346 +0900 JST m=+2242.912014100","errorInfo":null}
[Info]2018/02/19 12:18:54 acsessd /api/status.json
[Info]2018/02/19 12:18:54 {"hostname":"ksc-1x-dhcp-172-29-194-195.kwansei.ac.jp","hostid":"18d901f1-4a03-3ff1-ae34-c26b2732f13c","virtualizationSystem":"","total":8589934592,"available":2254348288,"usedPercent":73.75593185424805,"diskIO":[{"name":"disk0","ioTime":1300811,"weightedIO":0}],"cpu":[{"cpu":"cpu0","user":3895.5625,"system":2216.2578125,"idle":15116.2734375,"nice":0,"iowait":0,"irq":0,"softirq":0,"steal":0,"guest":0,"guestNice":0,"stolen":0},{"cpu":"cpu1","user":2368.828125,"system":968.3046875,"idle":17890.140625,"nice":0,"iowait":0,"irq":0,"softirq":0,"steal":0,"guest":0,"guestNice":0,"stolen":0},{"cpu":"cpu2","user":3778.8046875,"system":1948.265625,"idle":15500.2109375,"nice":0,"iowait":0,"irq":0,"softirq":0,"steal":0,"guest":0,"guestNice":0,"stolen":0},{"cpu":"cpu3","user":2403.5546875,"system":981.296875,"idle":17842.4296875,"nice":0,"iowait":0,"irq":0,"softirq":0,"steal":0,"guest":0,"guestNice":0,"stolen":0}],"time":"2018-02-19 12:18:54.170541 +0900 JST m=+2243.405208215","errorInfo":null}
[Info]2018/02/19 12:18:54 acsessd /api/status.json
[Info]2018/02/19 12:18:54 {"hostname":"ksc-1x-dhcp-172-29-194-195.kwansei.ac.jp","hostid":"18d901f1-4a03-3ff1-ae34-c26b2732f13c","virtualizationSystem":"","total":8589934592,"available":2253705216,"usedPercent":73.76341819763184,"diskIO":[{"name":"disk0","ioTime":1300811,"weightedIO":0}],"cpu":[{"cpu":"cpu0","user":3895.7578125,"system":2216.265625,"idle":15116.4609375,"nice":0,"iowait":0,"irq":0,"softirq":0,"steal":0,"guest":0,"guestNice":0,"stolen":0},{"cpu":"cpu1","user":2368.875,"system":968.3203125,"idle":17890.484375,"nice":0,"iowait":0,"irq":0,"softirq":0,"steal":0,"guest":0,"guestNice":0,"stolen":0},{"cpu":"cpu2","user":3779.0390625,"system":1948.2890625,"idle":15500.34375,"nice":0,"iowait":0,"irq":0,"softirq":0,"steal":0,"guest":0,"guestNice":0,"stolen":0},{"cpu":"cpu3","user":2403.59375,"system":981.3125,"idle":17842.765625,"nice":0,"iowait":0,"irq":0,"softirq":0,"steal":0,"guest":0,"guestNice":0,"stolen":0}],"time":"2018-02-19 12:18:54.672427 +0900 JST m=+2243.907093571","errorInfo":null}
[Info]2018/02/19 12:18:55 acsessd /api/status.json
[Info]2018/02/19 12:18:55 {"hostname":"ksc-1x-dhcp-172-29-194-195.kwansei.ac.jp","hostid":"18d901f1-4a03-3ff1-ae34-c26b2732f13c","virtualizationSystem":"","total":8589934592,"available":2253410304,"usedPercent":73.7668514251709,"diskIO":[{"name":"disk0","ioTime":1300811,"weightedIO":0}],"cpu":[{"cpu":"cpu0","user":3896.0703125,"system":2216.2734375,"idle":15116.546875,"nice":0,"iowait":0,"irq":0,"softirq":0,"steal":0,"guest":0,"guestNice":0,"stolen":0},{"cpu":"cpu1","user":2368.90625,"system":968.3359375,"idle":17890.8359375,"nice":0,"iowait":0,"irq":0,"softirq":0,"steal":0,"guest":0,"guestNice":0,"stolen":0},{"cpu":"cpu2","user":3779.2265625,"system":1948.296875,"idle":15500.5546875,"nice":0,"iowait":0,"irq":0,"softirq":0,"steal":0,"guest":0,"guestNice":0,"stolen":0},{"cpu":"cpu3","user":2403.6484375,"system":981.34375,"idle":17843.0859375,"nice":0,"iowait":0,"irq":0,"softirq":0,"steal":0,"guest":0,"guestNice":0,"stolen":0}],"time":"2018-02-19 12:18:55.196048 +0900 JST m=+2244.430713199","errorInfo":null}
[Info]2018/02/19 12:18:55 acsessd /api/status.json
[Info]2018/02/19 12:18:55 {"hostname":"ksc-1x-dhcp-172-29-194-195.kwansei.ac.jp","hostid":"18d901f1-4a03-3ff1-ae34-c26b2732f13c","virtualizationSystem":"","total":8589934592,"available":2250514432,"usedPercent":73.80056381225586,"diskIO":[{"name":"disk0","ioTime":1300811,"weightedIO":0}],"cpu":[{"cpu":"cpu0","user":3896.28125,"system":2216.296875,"idle":15116.6953125,"nice":0,"iowait":0,"irq":0,"softirq":0,"steal":0,"guest":0,"guestNice":0,"stolen":0},{"cpu":"cpu1","user":2368.984375,"system":968.3515625,"idle":17891.125,"nice":0,"iowait":0,"irq":0,"softirq":0,"steal":0,"guest":0,"guestNice":0,"stolen":0},{"cpu":"cpu2","user":3779.4296875,"system":1948.3359375,"idle":15500.703125,"nice":0,"iowait":0,"irq":0,"softirq":0,"steal":0,"guest":0,"guestNice":0,"stolen":0},{"cpu":"cpu3","user":2403.7265625,"system":981.3515625,"idle":17843.3828125,"nice":0,"iowait":0,"irq":0,"softirq":0,"steal":0,"guest":0,"guestNice":0,"stolen":0}],"time":"2018-02-19 12:18:55.67797 +0900 JST m=+2244.912634302","errorInfo":null}
[Info]2018/02/19 12:18:56 acsessd /api/status.json
[Info]2018/02/19 12:18:56 {"hostname":"ksc-1x-dhcp-172-29-194-195.kwansei.ac.jp","hostid":"18d901f1-4a03-3ff1-ae34-c26b2732f13c","virtualizationSystem":"","total":8589934592,"available":2246012928,"usedPercent":73.85296821594238,"diskIO":[{"name":"disk0","ioTime":1300811,"weightedIO":0}],"cpu":[{"cpu":"cpu0","user":3896.5078125,"system":2216.3203125,"idle":15116.8515625,"nice":0,"iowait":0,"irq":0,"softirq":0,"steal":0,"guest":0,"guestNice":0,"stolen":0},{"cpu":"cpu1","user":2369.0625,"system":968.375,"idle":17891.4296875,"nice":0,"iowait":0,"irq":0,"softirq":0,"steal":0,"guest":0,"guestNice":0,"stolen":0},{"cpu":"cpu2","user":3779.6328125,"system":1948.359375,"idle":15500.875,"nice":0,"iowait":0,"irq":0,"softirq":0,"steal":0,"guest":0,"guestNice":0,"stolen":0},{"cpu":"cpu3","user":2403.8046875,"system":981.3828125,"idle":17843.6796875,"nice":0,"iowait":0,"irq":0,"softirq":0,"steal":0,"guest":0,"guestNice":0,"stolen":0}],"time":"2018-02-19 12:18:56.200829 +0900 JST m=+2245.435492005","errorInfo":null}
[Info]2018/02/19 12:18:56 acsessd /api/status.json
[Info]2018/02/19 12:18:56 {"hostname":"ksc-1x-dhcp-172-29-194-195.kwansei.ac.jp","hostid":"18d901f1-4a03-3ff1-ae34-c26b2732f13c","virtualizationSystem":"","total":8589934592,"available":2241552384,"usedPercent":73.9048957824707,"diskIO":[{"name":"disk0","ioTime":1300819,"weightedIO":0}],"cpu":[{"cpu":"cpu0","user":3896.75,"system":2216.3359375,"idle":15116.9765625,"nice":0,"iowait":0,"irq":0,"softirq":0,"steal":0,"guest":0,"guestNice":0,"stolen":0},{"cpu":"cpu1","user":2369.140625,"system":968.3984375,"idle":17891.703125,"nice":0,"iowait":0,"irq":0,"softirq":0,"steal":0,"guest":0,"guestNice":0,"stolen":0},{"cpu":"cpu2","user":3779.8671875,"system":1948.3828125,"idle":15501.0078125,"nice":0,"iowait":0,"irq":0,"softirq":0,"steal":0,"guest":0,"guestNice":0,"stolen":0},{"cpu":"cpu3","user":2403.8671875,"system":981.3984375,"idle":17843.984375,"nice":0,"iowait":0,"irq":0,"softirq":0,"steal":0,"guest":0,"guestNice":0,"stolen":0}],"time":"2018-02-19 12:18:56.68975 +0900 JST m=+2245.924412331","errorInfo":null}
[Info]2018/02/19 12:18:57 acsessd /api/status.json
[Info]2018/02/19 12:18:57 {"hostname":"ksc-1x-dhcp-172-29-194-195.kwansei.ac.jp","hostid":"18d901f1-4a03-3ff1-ae34-c26b2732f13c","virtualizationSystem":"","total":8589934592,"available":2231459840,"usedPercent":74.02238845825195,"diskIO":[{"name":"disk0","ioTime":1300834,"weightedIO":0}],"cpu":[{"cpu":"cpu0","user":3897.046875,"system":2216.375,"idle":15117.0703125,"nice":0,"iowait":0,"irq":0,"softirq":0,"steal":0,"guest":0,"guestNice":0,"stolen":0},{"cpu":"cpu1","user":2369.296875,"system":968.4765625,"idle":17891.8984375,"nice":0,"iowait":0,"irq":0,"softirq":0,"steal":0,"guest":0,"guestNice":0,"stolen":0},{"cpu":"cpu2","user":3780.125,"system":1948.453125,"idle":15501.1015625,"nice":0,"iowait":0,"irq":0,"softirq":0,"steal":0,"guest":0,"guestNice":0,"stolen":0},{"cpu":"cpu3","user":2404.046875,"system":981.4765625,"idle":17844.15625,"nice":0,"iowait":0,"irq":0,"softirq":0,"steal":0,"guest":0,"guestNice":0,"stolen":0}],"time":"2018-02-19 12:18:57.235262 +0900 JST m=+2246.469923132","errorInfo":null}
[Info]2018/02/19 12:18:57 acsessd /api/status.json
[Info]2018/02/19 12:18:57 {"hostname":"ksc-1x-dhcp-172-29-194-195.kwansei.ac.jp","hostid":"18d901f1-4a03-3ff1-ae34-c26b2732f13c","virtualizationSystem":"","total":8589934592,"available":2218508288,"usedPercent":74.17316436767578,"diskIO":[{"name":"disk0","ioTime":1300834,"weightedIO":0}],"cpu":[{"cpu":"cpu0","user":3897.34375,"system":2216.4140625,"idle":15117.1015625,"nice":0,"iowait":0,"irq":0,"softirq":0,"steal":0,"guest":0,"guestNice":0,"stolen":0},{"cpu":"cpu1","user":2369.46875,"system":968.53125,"idle":17892.046875,"nice":0,"iowait":0,"irq":0,"softirq":0,"steal":0,"guest":0,"guestNice":0,"stolen":0},{"cpu":"cpu2","user":3780.3828125,"system":1948.515625,"idle":15501.1484375,"nice":0,"iowait":0,"irq":0,"softirq":0,"steal":0,"guest":0,"guestNice":0,"stolen":0},{"cpu":"cpu3","user":2404.203125,"system":981.5078125,"idle":17844.3359375,"nice":0,"iowait":0,"irq":0,"softirq":0,"steal":0,"guest":0,"guestNice":0,"stolen":0}],"time":"2018-02-19 12:18:57.71286 +0900 JST m=+2246.947519946","errorInfo":null}
[Info]2018/02/19 12:18:58 acsessd /api/status.json
[Info]2018/02/19 12:18:58 {"hostname":"ksc-1x-dhcp-172-29-194-195.kwansei.ac.jp","hostid":"18d901f1-4a03-3ff1-ae34-c26b2732f13c","virtualizationSystem":"","total":8589934592,"available":2233176064,"usedPercent":74.00240898132324,"diskIO":[{"name":"disk0","ioTime":1300850,"weightedIO":0}],"cpu":[{"cpu":"cpu0","user":3897.546875,"system":2216.4453125,"idle":15117.265625,"nice":0,"iowait":0,"irq":0,"softirq":0,"steal":0,"guest":0,"guestNice":0,"stolen":0},{"cpu":"cpu1","user":2369.609375,"system":968.5546875,"idle":17892.28125,"nice":0,"iowait":0,"irq":0,"softirq":0,"steal":0,"guest":0,"guestNice":0,"stolen":0},{"cpu":"cpu2","user":3780.6171875,"system":1948.5390625,"idle":15501.296875,"nice":0,"iowait":0,"irq":0,"softirq":0,"steal":0,"guest":0,"guestNice":0,"stolen":0},{"cpu":"cpu3","user":2404.328125,"system":981.53125,"idle":17844.5859375,"nice":0,"iowait":0,"irq":0,"softirq":0,"steal":0,"guest":0,"guestNice":0,"stolen":0}],"time":"2018-02-19 12:18:58.219012 +0900 JST m=+2247.453671214","errorInfo":null}
[Info]2018/02/19 12:18:58 acsessd /api/status.json
[Info]2018/02/19 12:18:58 {"hostname":"ksc-1x-dhcp-172-29-194-195.kwansei.ac.jp","hostid":"18d901f1-4a03-3ff1-ae34-c26b2732f13c","virtualizationSystem":"","total":8589934592,"available":2245570560,"usedPercent":73.85811805725098,"diskIO":[{"name":"disk0","ioTime":1300860,"weightedIO":0}],"cpu":[{"cpu":"cpu0","user":3897.8125,"system":2216.5234375,"idle":15117.3125,"nice":0,"iowait":0,"irq":0,"softirq":0,"steal":0,"guest":0,"guestNice":0,"stolen":0},{"cpu":"cpu1","user":2369.8125,"system":968.609375,"idle":17892.4140625,"nice":0,"iowait":0,"irq":0,"softirq":0,"steal":0,"guest":0,"guestNice":0,"stolen":0},{"cpu":"cpu2","user":3780.890625,"system":1948.609375,"idle":15501.3359375,"nice":0,"iowait":0,"irq":0,"softirq":0,"steal":0,"guest":0,"guestNice":0,"stolen":0},{"cpu":"cpu3","user":2404.4921875,"system":981.6015625,"idle":17844.7421875,"nice":0,"iowait":0,"irq":0,"softirq":0,"steal":0,"guest":0,"guestNice":0,"stolen":0}],"time":"2018-02-19 12:18:58.718961 +0900 JST m=+2247.953618792","errorInfo":null}
[Info]2018/02/19 12:18:59 acsessd /api/status.json
[Info]2018/02/19 12:18:59 {"hostname":"ksc-1x-dhcp-172-29-194-195.kwansei.ac.jp","hostid":"18d901f1-4a03-3ff1-ae34-c26b2732f13c","virtualizationSystem":"","total":8589934592,"available":2242260992,"usedPercent":73.89664649963379,"diskIO":[{"name":"disk0","ioTime":1300867,"weightedIO":0}],"cpu":[{"cpu":"cpu0","user":3898.078125,"system":2216.578125,"idle":15117.375,"nice":0,"iowait":0,"irq":0,"softirq":0,"steal":0,"guest":0,"guestNice":0,"stolen":0},{"cpu":"cpu1","user":2369.8984375,"system":968.6484375,"idle":17892.671875,"nice":0,"iowait":0,"irq":0,"softirq":0,"steal":0,"guest":0,"guestNice":0,"stolen":0},{"cpu":"cpu2","user":3781.15625,"system":1948.65625,"idle":15501.40625,"nice":0,"iowait":0,"irq":0,"softirq":0,"steal":0,"guest":0,"guestNice":0,"stolen":0},{"cpu":"cpu3","user":2404.6015625,"system":981.640625,"idle":17844.9765625,"nice":0,"iowait":0,"irq":0,"softirq":0,"steal":0,"guest":0,"guestNice":0,"stolen":0}],"time":"2018-02-19 12:18:59.208069 +0900 JST m=+2248.442725679","errorInfo":null}
[Info]2018/02/19 12:18:59 acsessd /api/status.json
[Info]2018/02/19 12:18:59 {"hostname":"ksc-1x-dhcp-172-29-194-195.kwansei.ac.jp","hostid":"18d901f1-4a03-3ff1-ae34-c26b2732f13c","virtualizationSystem":"","total":8589934592,"available":2238672896,"usedPercent":73.93841743469238,"diskIO":[{"name":"disk0","ioTime":1300875,"weightedIO":0}],"cpu":[{"cpu":"cpu0","user":3898.265625,"system":2216.609375,"idle":15117.53125,"nice":0,"iowait":0,"irq":0,"softirq":0,"steal":0,"guest":0,"guestNice":0,"stolen":0},{"cpu":"cpu1","user":2369.984375,"system":968.65625,"idle":17892.953125,"nice":0,"iowait":0,"irq":0,"softirq":0,"steal":0,"guest":0,"guestNice":0,"stolen":0},{"cpu":"cpu2","user":3781.40625,"system":1948.671875,"idle":15501.515625,"nice":0,"iowait":0,"irq":0,"softirq":0,"steal":0,"guest":0,"guestNice":0,"stolen":0},{"cpu":"cpu3","user":2404.6875,"system":981.65625,"idle":17845.2578125,"nice":0,"iowait":0,"irq":0,"softirq":0,"steal":0,"guest":0,"guestNice":0,"stolen":0}],"time":"2018-02-19 12:18:59.696828 +0900 JST m=+2248.931484338","errorInfo":null}
[Info]2018/02/19 12:19:00 acsessd /api/status.json
[Info]2018/02/19 12:19:00 {"hostname":"ksc-1x-dhcp-172-29-194-195.kwansei.ac.jp","hostid":"18d901f1-4a03-3ff1-ae34-c26b2732f13c","virtualizationSystem":"","total":8589934592,"available":2238066688,"usedPercent":73.94547462463379,"diskIO":[{"name":"disk0","ioTime":1300891,"weightedIO":0}],"cpu":[{"cpu":"cpu0","user":3898.5703125,"system":2216.625,"idle":15117.609375,"nice":0,"iowait":0,"irq":0,"softirq":0,"steal":0,"guest":0,"guestNice":0,"stolen":0},{"cpu":"cpu1","user":2370.015625,"system":968.6796875,"idle":17893.296875,"nice":0,"iowait":0,"irq":0,"softirq":0,"steal":0,"guest":0,"guestNice":0,"stolen":0},{"cpu":"cpu2","user":3781.578125,"system":1948.6953125,"idle":15501.71875,"nice":0,"iowait":0,"irq":0,"softirq":0,"steal":0,"guest":0,"guestNice":0,"stolen":0},{"cpu":"cpu3","user":2404.7421875,"system":981.6640625,"idle":17845.5859375,"nice":0,"iowait":0,"irq":0,"softirq":0,"steal":0,"guest":0,"guestNice":0,"stolen":0}],"time":"2018-02-19 12:19:00.197632 +0900 JST m=+2249.432287223","errorInfo":null}
[Info]2018/02/19 12:19:00 acsessd /api/status.json
[Info]2018/02/19 12:19:00 {"hostname":"ksc-1x-dhcp-172-29-194-195.kwansei.ac.jp","hostid":"18d901f1-4a03-3ff1-ae34-c26b2732f13c","virtualizationSystem":"","total":8589934592,"available":2238210048,"usedPercent":73.94380569458008,"diskIO":[{"name":"disk0","ioTime":1300891,"weightedIO":0}],"cpu":[{"cpu":"cpu0","user":3898.6875,"system":2216.6328125,"idle":15117.8828125,"nice":0,"iowait":0,"irq":0,"softirq":0,"steal":0,"guest":0,"guestNice":0,"stolen":0},{"cpu":"cpu1","user":2370.0390625,"system":968.6875,"idle":17893.65625,"nice":0,"iowait":0,"irq":0,"softirq":0,"steal":0,"guest":0,"guestNice":0,"stolen":0},{"cpu":"cpu2","user":3781.890625,"system":1948.7109375,"idle":15501.78125,"nice":0,"iowait":0,"irq":0,"softirq":0,"steal":0,"guest":0,"guestNice":0,"stolen":0},{"cpu":"cpu3","user":2404.765625,"system":981.6875,"idle":17845.9296875,"nice":0,"iowait":0,"irq":0,"softirq":0,"steal":0,"guest":0,"guestNice":0,"stolen":0}],"time":"2018-02-19 12:19:00.70136 +0900 JST m=+2249.936013870","errorInfo":null}
[Info]2018/02/19 12:19:01 acsessd /api/status.json
[Info]2018/02/19 12:19:01 {"hostname":"ksc-1x-dhcp-172-29-194-195.kwansei.ac.jp","hostid":"18d901f1-4a03-3ff1-ae34-c26b2732f13c","virtualizationSystem":"","total":8589934592,"available":2232217600,"usedPercent":74.0135669708252,"diskIO":[{"name":"disk0","ioTime":1300891,"weightedIO":0}],"cpu":[{"cpu":"cpu0","user":3899.03125,"system":2216.6484375,"idle":15117.921875,"nice":0,"iowait":0,"irq":0,"softirq":0,"steal":0,"guest":0,"guestNice":0,"stolen":0},{"cpu":"cpu1","user":2370.078125,"system":968.703125,"idle":17894.0078125,"nice":0,"iowait":0,"irq":0,"softirq":0,"steal":0,"guest":0,"guestNice":0,"stolen":0},{"cpu":"cpu2","user":3782.0625,"system":1948.71875,"idle":15502.0078125,"nice":0,"iowait":0,"irq":0,"softirq":0,"steal":0,"guest":0,"guestNice":0,"stolen":0},{"cpu":"cpu3","user":2404.8125,"system":981.703125,"idle":17846.265625,"nice":0,"iowait":0,"irq":0,"softirq":0,"steal":0,"guest":0,"guestNice":0,"stolen":0}],"time":"2018-02-19 12:19:01.21864 +0900 JST m=+2250.453293533","errorInfo":null}
[Info]2018/02/19 12:19:01 acsessd /api/status.json
[Info]2018/02/19 12:19:01 {"hostname":"ksc-1x-dhcp-172-29-194-195.kwansei.ac.jp","hostid":"18d901f1-4a03-3ff1-ae34-c26b2732f13c","virtualizationSystem":"","total":8589934592,"available":2231877632,"usedPercent":74.01752471923828,"diskIO":[{"name":"disk0","ioTime":1300891,"weightedIO":0}],"cpu":[{"cpu":"cpu0","user":3899.1875,"system":2216.6875,"idle":15118.109375,"nice":0,"iowait":0,"irq":0,"softirq":0,"steal":0,"guest":0,"guestNice":0,"stolen":0},{"cpu":"cpu1","user":2370.125,"system":968.71875,"idle":17894.328125,"nice":0,"iowait":0,"irq":0,"softirq":0,"steal":0,"guest":0,"guestNice":0,"stolen":0},{"cpu":"cpu2","user":3782.234375,"system":1948.75,"idle":15502.1875,"nice":0,"iowait":0,"irq":0,"softirq":0,"steal":0,"guest":0,"guestNice":0,"stolen":0},{"cpu":"cpu3","user":2404.875,"system":981.71875,"idle":17846.578125,"nice":0,"iowait":0,"irq":0,"softirq":0,"steal":0,"guest":0,"guestNice":0,"stolen":0}],"time":"2018-02-19 12:19:01.706643 +0900 JST m=+2250.941295713","errorInfo":null}
[Info]2018/02/19 12:19:02 acsessd /api/status.json
[Info]2018/02/19 12:19:02 {"hostname":"ksc-1x-dhcp-172-29-194-195.kwansei.ac.jp","hostid":"18d901f1-4a03-3ff1-ae34-c26b2732f13c","virtualizationSystem":"","total":8589934592,"available":2234798080,"usedPercent":73.9835262298584,"diskIO":[{"name":"disk0","ioTime":1300899,"weightedIO":0}],"cpu":[{"cpu":"cpu0","user":3899.3828125,"system":2216.71875,"idle":15118.2890625,"nice":0,"iowait":0,"irq":0,"softirq":0,"steal":0,"guest":0,"guestNice":0,"stolen":0},{"cpu":"cpu1","user":2370.2265625,"system":968.734375,"idle":17894.6171875,"nice":0,"iowait":0,"irq":0,"softirq":0,"steal":0,"guest":0,"guestNice":0,"stolen":0},{"cpu":"cpu2","user":3782.4296875,"system":1948.7734375,"idle":15502.3671875,"nice":0,"iowait":0,"irq":0,"softirq":0,"steal":0,"guest":0,"guestNice":0,"stolen":0},{"cpu":"cpu3","user":2404.953125,"system":981.7421875,"idle":17846.8828125,"nice":0,"iowait":0,"irq":0,"softirq":0,"steal":0,"guest":0,"guestNice":0,"stolen":0}],"time":"2018-02-19 12:19:02.225785 +0900 JST m=+2251.460436197","errorInfo":null}
[Info]2018/02/19 12:19:02 acsessd /api/status.json
[Info]2018/02/19 12:19:02 {"hostname":"ksc-1x-dhcp-172-29-194-195.kwansei.ac.jp","hostid":"18d901f1-4a03-3ff1-ae34-c26b2732f13c","virtualizationSystem":"","total":8589934592,"available":2234916864,"usedPercent":73.98214340209961,"diskIO":[{"name":"disk0","ioTime":1300899,"weightedIO":0}],"cpu":[{"cpu":"cpu0","user":3899.53125,"system":2216.7578125,"idle":15118.484375,"nice":0,"iowait":0,"irq":0,"softirq":0,"steal":0,"guest":0,"guestNice":0,"stolen":0},{"cpu":"cpu1","user":2370.265625,"system":968.7421875,"idle":17894.9453125,"nice":0,"iowait":0,"irq":0,"softirq":0,"steal":0,"guest":0,"guestNice":0,"stolen":0},{"cpu":"cpu2","user":3782.71875,"system":1948.78125,"idle":15502.453125,"nice":0,"iowait":0,"irq":0,"softirq":0,"steal":0,"guest":0,"guestNice":0,"stolen":0},{"cpu":"cpu3","user":2404.9921875,"system":981.7421875,"idle":17847.21875,"nice":0,"iowait":0,"irq":0,"softirq":0,"steal":0,"guest":0,"guestNice":0,"stolen":0}],"time":"2018-02-19 12:19:02.709837 +0900 JST m=+2251.944487128","errorInfo":null}
[Info]2018/02/19 12:19:03 acsessd /api/status.json
[Info]2018/02/19 12:19:03 {"hostname":"ksc-1x-dhcp-172-29-194-195.kwansei.ac.jp","hostid":"18d901f1-4a03-3ff1-ae34-c26b2732f13c","virtualizationSystem":"","total":8589934592,"available":2234966016,"usedPercent":73.98157119750977,"diskIO":[{"name":"disk0","ioTime":1300899,"weightedIO":0}],"cpu":[{"cpu":"cpu0","user":3899.6875,"system":2216.78125,"idle":15118.6875,"nice":0,"iowait":0,"irq":0,"softirq":0,"steal":0,"guest":0,"guestNice":0,"stolen":0},{"cpu":"cpu1","user":2370.2890625,"system":968.7578125,"idle":17895.296875,"nice":0,"iowait":0,"irq":0,"softirq":0,"steal":0,"guest":0,"guestNice":0,"stolen":0},{"cpu":"cpu2","user":3782.9765625,"system":1948.78125,"idle":15502.5859375,"nice":0,"iowait":0,"irq":0,"softirq":0,"steal":0,"guest":0,"guestNice":0,"stolen":0},{"cpu":"cpu3","user":2405.0078125,"system":981.75,"idle":17847.59375,"nice":0,"iowait":0,"irq":0,"softirq":0,"steal":0,"guest":0,"guestNice":0,"stolen":0}],"time":"2018-02-19 12:19:03.209956 +0900 JST m=+2252.444605661","errorInfo":null}
[Info]2018/02/19 12:19:03 acsessd /api/status.json
[Info]2018/02/19 12:19:03 {"hostname":"ksc-1x-dhcp-172-29-194-195.kwansei.ac.jp","hostid":"18d901f1-4a03-3ff1-ae34-c26b2732f13c","virtualizationSystem":"","total":8589934592,"available":2234445824,"usedPercent":73.98762702941895,"diskIO":[{"name":"disk0","ioTime":1300926,"weightedIO":0}],"cpu":[{"cpu":"cpu0","user":3899.984375,"system":2216.7890625,"idle":15118.78125,"nice":0,"iowait":0,"irq":0,"softirq":0,"steal":0,"guest":0,"guestNice":0,"stolen":0},{"cpu":"cpu1","user":2370.3125,"system":968.7734375,"idle":17895.65625,"nice":0,"iowait":0,"irq":0,"softirq":0,"steal":0,"guest":0,"guestNice":0,"stolen":0},{"cpu":"cpu2","user":3783.1015625,"system":1948.84375,"idle":15502.796875,"nice":0,"iowait":0,"irq":0,"softirq":0,"steal":0,"guest":0,"guestNice":0,"stolen":0},{"cpu":"cpu3","user":2405.03125,"system":981.765625,"idle":17847.9453125,"nice":0,"iowait":0,"irq":0,"softirq":0,"steal":0,"guest":0,"guestNice":0,"stolen":0}],"time":"2018-02-19 12:19:03.714393 +0900 JST m=+2252.949042007","errorInfo":null}
[Info]2018/02/19 12:19:04 acsessd /api/status.json
[Info]2018/02/19 12:19:04 {"hostname":"ksc-1x-dhcp-172-29-194-195.kwansei.ac.jp","hostid":"18d901f1-4a03-3ff1-ae34-c26b2732f13c","virtualizationSystem":"","total":8589934592,"available":2245582848,"usedPercent":73.85797500610352,"diskIO":[{"name":"disk0","ioTime":1300936,"weightedIO":0}],"cpu":[{"cpu":"cpu0","user":3900.296875,"system":2216.8671875,"idle":15118.8046875,"nice":0,"iowait":0,"irq":0,"softirq":0,"steal":0,"guest":0,"guestNice":0,"stolen":0},{"cpu":"cpu1","user":2370.5078125,"system":968.84375,"idle":17895.8046875,"nice":0,"iowait":0,"irq":0,"softirq":0,"steal":0,"guest":0,"guestNice":0,"stolen":0},{"cpu":"cpu2","user":3783.40625,"system":1948.9375,"idle":15502.8203125,"nice":0,"iowait":0,"irq":0,"softirq":0,"steal":0,"guest":0,"guestNice":0,"stolen":0},{"cpu":"cpu3","user":2405.2109375,"system":981.8515625,"idle":17848.09375,"nice":0,"iowait":0,"irq":0,"softirq":0,"steal":0,"guest":0,"guestNice":0,"stolen":0}],"time":"2018-02-19 12:19:04.250378 +0900 JST m=+2253.485025098","errorInfo":null}
[Info]2018/02/19 12:19:04 acsessd /api/status.json
[Info]2018/02/19 12:19:04 {"hostname":"ksc-1x-dhcp-172-29-194-195.kwansei.ac.jp","hostid":"18d901f1-4a03-3ff1-ae34-c26b2732f13c","virtualizationSystem":"","total":8589934592,"available":2244575232,"usedPercent":73.86970520019531,"diskIO":[{"name":"disk0","ioTime":1300936,"weightedIO":0}],"cpu":[{"cpu":"cpu0","user":3900.5078125,"system":2216.90625,"idle":15118.921875,"nice":0,"iowait":0,"irq":0,"softirq":0,"steal":0,"guest":0,"guestNice":0,"stolen":0},{"cpu":"cpu1","user":2370.5859375,"system":968.8515625,"idle":17896.078125,"nice":0,"iowait":0,"irq":0,"softirq":0,"steal":0,"guest":0,"guestNice":0,"stolen":0},{"cpu":"cpu2","user":3783.640625,"system":1948.9765625,"idle":15502.8984375,"nice":0,"iowait":0,"irq":0,"softirq":0,"steal":0,"guest":0,"guestNice":0,"stolen":0},{"cpu":"cpu3","user":2405.3046875,"system":981.8671875,"idle":17848.34375,"nice":0,"iowait":0,"irq":0,"softirq":0,"steal":0,"guest":0,"guestNice":0,"stolen":0}],"time":"2018-02-19 12:19:04.714952 +0900 JST m=+2253.949599060","errorInfo":null}
[Info]2018/02/19 12:19:05 acsessd /api/status.json
[Info]2018/02/19 12:19:05 {"hostname":"ksc-1x-dhcp-172-29-194-195.kwansei.ac.jp","hostid":"18d901f1-4a03-3ff1-ae34-c26b2732f13c","virtualizationSystem":"","total":8589934592,"available":2242260992,"usedPercent":73.89664649963379,"diskIO":[{"name":"disk0","ioTime":1300936,"weightedIO":0}],"cpu":[{"cpu":"cpu0","user":3900.671875,"system":2216.9296875,"idle":15119.125,"nice":0,"iowait":0,"irq":0,"softirq":0,"steal":0,"guest":0,"guestNice":0,"stolen":0},{"cpu":"cpu1","user":2370.6484375,"system":968.8671875,"idle":17896.40625,"nice":0,"iowait":0,"irq":0,"softirq":0,"steal":0,"guest":0,"guestNice":0,"stolen":0},{"cpu":"cpu2","user":3783.84375,"system":1949.0078125,"idle":15503.0703125,"nice":0,"iowait":0,"irq":0,"softirq":0,"steal":0,"guest":0,"guestNice":0,"stolen":0},{"cpu":"cpu3","user":2405.3515625,"system":981.890625,"idle":17848.671875,"nice":0,"iowait":0,"irq":0,"softirq":0,"steal":0,"guest":0,"guestNice":0,"stolen":0}],"time":"2018-02-19 12:19:05.224616 +0900 JST m=+2254.459261431","errorInfo":null}
[Info]2018/02/19 12:19:05 acsessd /api/status.json
[Info]2018/02/19 12:19:05 {"hostname":"ksc-1x-dhcp-172-29-194-195.kwansei.ac.jp","hostid":"18d901f1-4a03-3ff1-ae34-c26b2732f13c","virtualizationSystem":"","total":8589934592,"available":2242867200,"usedPercent":73.88958930969238,"diskIO":[{"name":"disk0","ioTime":1300936,"weightedIO":0}],"cpu":[{"cpu":"cpu0","user":3900.8046875,"system":2216.953125,"idle":15119.3515625,"nice":0,"iowait":0,"irq":0,"softirq":0,"steal":0,"guest":0,"guestNice":0,"stolen":0},{"cpu":"cpu1","user":2370.6640625,"system":968.875,"idle":17896.7578125,"nice":0,"iowait":0,"irq":0,"softirq":0,"steal":0,"guest":0,"guestNice":0,"stolen":0},{"cpu":"cpu2","user":3784.109375,"system":1949.015625,"idle":15503.1875,"nice":0,"iowait":0,"irq":0,"softirq":0,"steal":0,"guest":0,"guestNice":0,"stolen":0},{"cpu":"cpu3","user":2405.3828125,"system":981.8984375,"idle":17849.015625,"nice":0,"iowait":0,"irq":0,"softirq":0,"steal":0,"guest":0,"guestNice":0,"stolen":0}],"time":"2018-02-19 12:19:05.720145 +0900 JST m=+2254.954789608","errorInfo":null}
[Info]2018/02/19 12:19:06 acsessd /api/status.json
[Info]2018/02/19 12:19:06 {"hostname":"ksc-1x-dhcp-172-29-194-195.kwansei.ac.jp","hostid":"18d901f1-4a03-3ff1-ae34-c26b2732f13c","virtualizationSystem":"","total":8589934592,"available":2243653632,"usedPercent":73.88043403625488,"diskIO":[{"name":"disk0","ioTime":1300936,"weightedIO":0}],"cpu":[{"cpu":"cpu0","user":3900.9765625,"system":2216.96875,"idle":15119.578125,"nice":0,"iowait":0,"irq":0,"softirq":0,"steal":0,"guest":0,"guestNice":0,"stolen":0},{"cpu":"cpu1","user":2370.7265625,"system":968.890625,"idle":17897.0859375,"nice":0,"iowait":0,"irq":0,"softirq":0,"steal":0,"guest":0,"guestNice":0,"stolen":0},{"cpu":"cpu2","user":3784.3125,"system":1949.0390625,"idle":15503.3515625,"nice":0,"iowait":0,"irq":0,"softirq":0,"steal":0,"guest":0,"guestNice":0,"stolen":0},{"cpu":"cpu3","user":2405.4375,"system":981.9140625,"idle":17849.34375,"nice":0,"iowait":0,"irq":0,"softirq":0,"steal":0,"guest":0,"guestNice":0,"stolen":0}],"time":"2018-02-19 12:19:06.227614 +0900 JST m=+2255.462257815","errorInfo":null}
[Info]2018/02/19 12:19:06 acsessd /api/status.json
[Info]2018/02/19 12:19:06 {"hostname":"ksc-1x-dhcp-172-29-194-195.kwansei.ac.jp","hostid":"18d901f1-4a03-3ff1-ae34-c26b2732f13c","virtualizationSystem":"","total":8589934592,"available":2242875392,"usedPercent":73.88949394226074,"diskIO":[{"name":"disk0","ioTime":1300944,"weightedIO":0}],"cpu":[{"cpu":"cpu0","user":3901.1171875,"system":2217,"idle":15119.8125,"nice":0,"iowait":0,"irq":0,"softirq":0,"steal":0,"guest":0,"guestNice":0,"stolen":0},{"cpu":"cpu1","user":2370.8515625,"system":968.9140625,"idle":17897.3515625,"nice":0,"iowait":0,"irq":0,"softirq":0,"steal":0,"guest":0,"guestNice":0,"stolen":0},{"cpu":"cpu2","user":3784.46875,"system":1949.0703125,"idle":15503.578125,"nice":0,"iowait":0,"irq":0,"softirq":0,"steal":0,"guest":0,"guestNice":0,"stolen":0},{"cpu":"cpu3","user":2405.578125,"system":981.9375,"idle":17849.59375,"nice":0,"iowait":0,"irq":0,"softirq":0,"steal":0,"guest":0,"guestNice":0,"stolen":0}],"time":"2018-02-19 12:19:06.754243 +0900 JST m=+2255.988885554","errorInfo":null}
[Info]2018/02/19 12:19:07 acsessd /api/status.json
[Info]2018/02/19 12:19:07 {"hostname":"ksc-1x-dhcp-172-29-194-195.kwansei.ac.jp","hostid":"18d901f1-4a03-3ff1-ae34-c26b2732f13c","virtualizationSystem":"","total":8589934592,"available":2226180096,"usedPercent":74.08385276794434,"diskIO":[{"name":"disk0","ioTime":1300955,"weightedIO":0}],"cpu":[{"cpu":"cpu0","user":3901.3984375,"system":2217.03125,"idle":15119.8984375,"nice":0,"iowait":0,"irq":0,"softirq":0,"steal":0,"guest":0,"guestNice":0,"stolen":0},{"cpu":"cpu1","user":2371.0234375,"system":968.9609375,"idle":17897.53125,"nice":0,"iowait":0,"irq":0,"softirq":0,"steal":0,"guest":0,"guestNice":0,"stolen":0},{"cpu":"cpu2","user":3784.7578125,"system":1949.1171875,"idle":15503.6484375,"nice":0,"iowait":0,"irq":0,"softirq":0,"steal":0,"guest":0,"guestNice":0,"stolen":0},{"cpu":"cpu3","user":2405.7421875,"system":981.9921875,"idle":17849.7890625,"nice":0,"iowait":0,"irq":0,"softirq":0,"steal":0,"guest":0,"guestNice":0,"stolen":0}],"time":"2018-02-19 12:19:07.272639 +0900 JST m=+2256.507280975","errorInfo":null}
[Info]2018/02/19 12:19:07 acsessd /api/status.json
[Info]2018/02/19 12:19:07 {"hostname":"ksc-1x-dhcp-172-29-194-195.kwansei.ac.jp","hostid":"18d901f1-4a03-3ff1-ae34-c26b2732f13c","virtualizationSystem":"","total":8589934592,"available":2239705088,"usedPercent":73.92640113830566,"diskIO":[{"name":"disk0","ioTime":1300966,"weightedIO":0}],"cpu":[{"cpu":"cpu0","user":3901.6640625,"system":2217.1171875,"idle":15119.953125,"nice":0,"iowait":0,"irq":0,"softirq":0,"steal":0,"guest":0,"guestNice":0,"stolen":0},{"cpu":"cpu1","user":2371.171875,"system":969.046875,"idle":17897.703125,"nice":0,"iowait":0,"irq":0,"softirq":0,"steal":0,"guest":0,"guestNice":0,"stolen":0},{"cpu":"cpu2","user":3785.0078125,"system":1949.21875,"idle":15503.703125,"nice":0,"iowait":0,"irq":0,"softirq":0,"steal":0,"guest":0,"guestNice":0,"stolen":0},{"cpu":"cpu3","user":2405.890625,"system":982.0625,"idle":17849.9609375,"nice":0,"iowait":0,"irq":0,"softirq":0,"steal":0,"guest":0,"guestNice":0,"stolen":0}],"time":"2018-02-19 12:19:07.787721 +0900 JST m=+2257.022361246","errorInfo":null}
[Info]2018/02/19 12:19:08 acsessd /api/status.json
[Info]2018/02/19 12:19:08 {"hostname":"ksc-1x-dhcp-172-29-194-195.kwansei.ac.jp","hostid":"18d901f1-4a03-3ff1-ae34-c26b2732f13c","virtualizationSystem":"","total":8589934592,"available":2237300736,"usedPercent":73.95439147949219,"diskIO":[{"name":"disk0","ioTime":1300980,"weightedIO":0}],"cpu":[{"cpu":"cpu0","user":3901.859375,"system":2217.1796875,"idle":15120.0625,"nice":0,"iowait":0,"irq":0,"softirq":0,"steal":0,"guest":0,"guestNice":0,"stolen":0},{"cpu":"cpu1","user":2371.3046875,"system":969.0703125,"idle":17897.90625,"nice":0,"iowait":0,"irq":0,"softirq":0,"steal":0,"guest":0,"guestNice":0,"stolen":0},{"cpu":"cpu2","user":3785.234375,"system":1949.2578125,"idle":15503.7890625,"nice":0,"iowait":0,"irq":0,"softirq":0,"steal":0,"guest":0,"guestNice":0,"stolen":0},{"cpu":"cpu3","user":2406.0078125,"system":982.1015625,"idle":17850.1640625,"nice":0,"iowait":0,"irq":0,"softirq":0,"steal":0,"guest":0,"guestNice":0,"stolen":0}],"time":"2018-02-19 12:19:08.253679 +0900 JST m=+2257.488318755","errorInfo":null}
[Info]2018/02/19 12:19:08 acsessd /api/status.json
[Info]2018/02/19 12:19:08 {"hostname":"ksc-1x-dhcp-172-29-194-195.kwansei.ac.jp","hostid":"18d901f1-4a03-3ff1-ae34-c26b2732f13c","virtualizationSystem":"","total":8589934592,"available":2247933952,"usedPercent":73.83060455322266,"diskIO":[{"name":"disk0","ioTime":1300980,"weightedIO":0}],"cpu":[{"cpu":"cpu0","user":3902.09375,"system":2217.1953125,"idle":15120.1875,"nice":0,"iowait":0,"irq":0,"softirq":0,"steal":0,"guest":0,"guestNice":0,"stolen":0},{"cpu":"cpu1","user":2371.328125,"system":969.0859375,"idle":17898.2578125,"nice":0,"iowait":0,"irq":0,"softirq":0,"steal":0,"guest":0,"guestNice":0,"stolen":0},{"cpu":"cpu2","user":3785.40625,"system":1949.2734375,"idle":15503.9921875,"nice":0,"iowait":0,"irq":0,"softirq":0,"steal":0,"guest":0,"guestNice":0,"stolen":0},{"cpu":"cpu3","user":2406.0390625,"system":982.1171875,"idle":17850.5078125,"nice":0,"iowait":0,"irq":0,"softirq":0,"steal":0,"guest":0,"guestNice":0,"stolen":0}],"time":"2018-02-19 12:19:08.748217 +0900 JST m=+2257.982856278","errorInfo":null}
[Info]2018/02/19 12:19:09 acsessd /api/status.json
[Info]2018/02/19 12:19:09 {"hostname":"ksc-1x-dhcp-172-29-194-195.kwansei.ac.jp","hostid":"18d901f1-4a03-3ff1-ae34-c26b2732f13c","virtualizationSystem":"","total":8589934592,"available":2247589888,"usedPercent":73.83460998535156,"diskIO":[{"name":"disk0","ioTime":1300980,"weightedIO":0}],"cpu":[{"cpu":"cpu0","user":3902.3359375,"system":2217.2109375,"idle":15120.328125,"nice":0,"iowait":0,"irq":0,"softirq":0,"steal":0,"guest":0,"guestNice":0,"stolen":0},{"cpu":"cpu1","user":2371.3515625,"system":969.1015625,"idle":17898.6171875,"nice":0,"iowait":0,"irq":0,"softirq":0,"steal":0,"guest":0,"guestNice":0,"stolen":0},{"cpu":"cpu2","user":3785.59375,"system":1949.2890625,"idle":15504.1875,"nice":0,"iowait":0,"irq":0,"softirq":0,"steal":0,"guest":0,"guestNice":0,"stolen":0},{"cpu":"cpu3","user":2406.0703125,"system":982.1328125,"idle":17850.8671875,"nice":0,"iowait":0,"irq":0,"softirq":0,"steal":0,"guest":0,"guestNice":0,"stolen":0}],"time":"2018-02-19 12:19:09.253956 +0900 JST m=+2258.488593814","errorInfo":null}
[Info]2018/02/19 12:19:09 acsessd /api/status.json
[Info]2018/02/19 12:19:09 {"hostname":"ksc-1x-dhcp-172-29-194-195.kwansei.ac.jp","hostid":"18d901f1-4a03-3ff1-ae34-c26b2732f13c","virtualizationSystem":"","total":8589934592,"available":2247671808,"usedPercent":73.83365631103516,"diskIO":[{"name":"disk0","ioTime":1300989,"weightedIO":0}],"cpu":[{"cpu":"cpu0","user":3902.5078125,"system":2217.2421875,"idle":15120.5234375,"nice":0,"iowait":0,"irq":0,"softirq":0,"steal":0,"guest":0,"guestNice":0,"stolen":0},{"cpu":"cpu1","user":2371.375,"system":969.1171875,"idle":17898.96875,"nice":0,"iowait":0,"irq":0,"softirq":0,"steal":0,"guest":0,"guestNice":0,"stolen":0},{"cpu":"cpu2","user":3785.859375,"system":1949.296875,"idle":15504.296875,"nice":0,"iowait":0,"irq":0,"softirq":0,"steal":0,"guest":0,"guestNice":0,"stolen":0},{"cpu":"cpu3","user":2406.078125,"system":982.140625,"idle":17851.234375,"nice":0,"iowait":0,"irq":0,"softirq":0,"steal":0,"guest":0,"guestNice":0,"stolen":0}],"time":"2018-02-19 12:19:09.754215 +0900 JST m=+2258.988852270","errorInfo":null}
[Info]2018/02/19 12:19:10 acsessd /api/status.json
[Info]2018/02/19 12:19:10 {"hostname":"ksc-1x-dhcp-172-29-194-195.kwansei.ac.jp","hostid":"18d901f1-4a03-3ff1-ae34-c26b2732f13c","virtualizationSystem":"","total":8589934592,"available":2251603968,"usedPercent":73.78787994384766,"diskIO":[{"name":"disk0","ioTime":1300998,"weightedIO":0}],"cpu":[{"cpu":"cpu0","user":3902.7109375,"system":2217.2578125,"idle":15120.7265625,"nice":0,"iowait":0,"irq":0,"softirq":0,"steal":0,"guest":0,"guestNice":0,"stolen":0},{"cpu":"cpu1","user":2371.4375,"system":969.140625,"idle":17899.296875,"nice":0,"iowait":0,"irq":0,"softirq":0,"steal":0,"guest":0,"guestNice":0,"stolen":0},{"cpu":"cpu2","user":3786.2421875,"system":1949.3046875,"idle":15504.3359375,"nice":0,"iowait":0,"irq":0,"softirq":0,"steal":0,"guest":0,"guestNice":0,"stolen":0},{"cpu":"cpu3","user":2406.125,"system":982.1640625,"idle":17851.5859375,"nice":0,"iowait":0,"irq":0,"softirq":0,"steal":0,"guest":0,"guestNice":0,"stolen":0}],"time":"2018-02-19 12:19:10.293883 +0900 JST m=+2259.528518821","errorInfo":null}
[Info]2018/02/19 12:19:10 acsessd /api/status.json
[Info]2018/02/19 12:19:10 {"hostname":"ksc-1x-dhcp-172-29-194-195.kwansei.ac.jp","hostid":"18d901f1-4a03-3ff1-ae34-c26b2732f13c","virtualizationSystem":"","total":8589934592,"available":2246029312,"usedPercent":73.8527774810791,"diskIO":[{"name":"disk0","ioTime":1300998,"weightedIO":0}],"cpu":[{"cpu":"cpu0","user":3902.890625,"system":2217.28125,"idle":15120.8828125,"nice":0,"iowait":0,"irq":0,"softirq":0,"steal":0,"guest":0,"guestNice":0,"stolen":0},{"cpu":"cpu1","user":2371.5,"system":969.15625,"idle":17899.5859375,"nice":0,"iowait":0,"irq":0,"softirq":0,"steal":0,"guest":0,"guestNice":0,"stolen":0},{"cpu":"cpu2","user":3786.4140625,"system":1949.3359375,"idle":15504.5,"nice":0,"iowait":0,"irq":0,"softirq":0,"steal":0,"guest":0,"guestNice":0,"stolen":0},{"cpu":"cpu3","user":2406.1796875,"system":982.1796875,"idle":17851.8828125,"nice":0,"iowait":0,"irq":0,"softirq":0,"steal":0,"guest":0,"guestNice":0,"stolen":0}],"time":"2018-02-19 12:19:10.762248 +0900 JST m=+2259.996882987","errorInfo":null}
[Info]2018/02/19 12:19:11 acsessd /api/status.json
[Info]2018/02/19 12:19:11 {"hostname":"ksc-1x-dhcp-172-29-194-195.kwansei.ac.jp","hostid":"18d901f1-4a03-3ff1-ae34-c26b2732f13c","virtualizationSystem":"","total":8589934592,"available":2235305984,"usedPercent":73.97761344909668,"diskIO":[{"name":"disk0","ioTime":1300998,"weightedIO":0}],"cpu":[{"cpu":"cpu0","user":3903.09375,"system":2217.3125,"idle":15121.0546875,"nice":0,"iowait":0,"irq":0,"softirq":0,"steal":0,"guest":0,"guestNice":0,"stolen":0},{"cpu":"cpu1","user":2371.578125,"system":969.1875,"idle":17899.8828125,"nice":0,"iowait":0,"irq":0,"softirq":0,"steal":0,"guest":0,"guestNice":0,"stolen":0},{"cpu":"cpu2","user":3786.609375,"system":1949.3671875,"idle":15504.6796875,"nice":0,"iowait":0,"irq":0,"softirq":0,"steal":0,"guest":0,"guestNice":0,"stolen":0},{"cpu":"cpu3","user":2406.25,"system":982.21875,"idle":17852.1796875,"nice":0,"iowait":0,"irq":0,"softirq":0,"steal":0,"guest":0,"guestNice":0,"stolen":0}],"time":"2018-02-19 12:19:11.282582 +0900 JST m=+2260.517215481","errorInfo":null}
[Info]2018/02/19 12:19:11 acsessd /api/status.json
[Info]2018/02/19 12:19:11 {"hostname":"ksc-1x-dhcp-172-29-194-195.kwansei.ac.jp","hostid":"18d901f1-4a03-3ff1-ae34-c26b2732f13c","virtualizationSystem":"","total":8589934592,"available":2230784000,"usedPercent":74.0302562713623,"diskIO":[{"name":"disk0","ioTime":1301005,"weightedIO":0}],"cpu":[{"cpu":"cpu0","user":3903.421875,"system":2217.3203125,"idle":15121.09375,"nice":0,"iowait":0,"irq":0,"softirq":0,"steal":0,"guest":0,"guestNice":0,"stolen":0},{"cpu":"cpu1","user":2371.6015625,"system":969.2109375,"idle":17900.21875,"nice":0,"iowait":0,"irq":0,"softirq":0,"steal":0,"guest":0,"guestNice":0,"stolen":0},{"cpu":"cpu2","user":3786.75,"system":1949.375,"idle":15504.90625,"nice":0,"iowait":0,"irq":0,"softirq":0,"steal":0,"guest":0,"guestNice":0,"stolen":0},{"cpu":"cpu3","user":2406.2734375,"system":982.2265625,"idle":17852.5234375,"nice":0,"iowait":0,"irq":0,"softirq":0,"steal":0,"guest":0,"guestNice":0,"stolen":0}],"time":"2018-02-19 12:19:11.76469 +0900 JST m=+2260.999323366","errorInfo":null}
[Info]2018/02/19 12:19:12 acsessd /api/status.json
[Info]2018/02/19 12:19:12 {"hostname":"ksc-1x-dhcp-172-29-194-195.kwansei.ac.jp","hostid":"18d901f1-4a03-3ff1-ae34-c26b2732f13c","virtualizationSystem":"","total":8589934592,"available":2230370304,"usedPercent":74.03507232666016,"diskIO":[{"name":"disk0","ioTime":1301005,"weightedIO":0}],"cpu":[{"cpu":"cpu0","user":3903.5859375,"system":2217.3515625,"idle":15121.296875,"nice":0,"iowait":0,"irq":0,"softirq":0,"steal":0,"guest":0,"guestNice":0,"stolen":0},{"cpu":"cpu1","user":2371.6171875,"system":969.21875,"idle":17900.578125,"nice":0,"iowait":0,"irq":0,"softirq":0,"steal":0,"guest":0,"guestNice":0,"stolen":0},{"cpu":"cpu2","user":3787.015625,"system":1949.375,"idle":15505.03125,"nice":0,"iowait":0,"irq":0,"softirq":0,"steal":0,"guest":0,"guestNice":0,"stolen":0},{"cpu":"cpu3","user":2406.28125,"system":982.2265625,"idle":17852.90625,"nice":0,"iowait":0,"irq":0,"softirq":0,"steal":0,"guest":0,"guestNice":0,"stolen":0}],"time":"2018-02-19 12:19:12.266468 +0900 JST m=+2261.501099811","errorInfo":null}
[Info]2018/02/19 12:19:12 acsessd /api/status.json
[Info]2018/02/19 12:19:12 {"hostname":"ksc-1x-dhcp-172-29-194-195.kwansei.ac.jp","hostid":"18d901f1-4a03-3ff1-ae34-c26b2732f13c","virtualizationSystem":"","total":8589934592,"available":2229751808,"usedPercent":74.04227256774902,"diskIO":[{"name":"disk0","ioTime":1301005,"weightedIO":0}],"cpu":[{"cpu":"cpu0","user":3903.7421875,"system":2217.3671875,"idle":15121.515625,"nice":0,"iowait":0,"irq":0,"softirq":0,"steal":0,"guest":0,"guestNice":0,"stolen":0},{"cpu":"cpu1","user":2371.71875,"system":969.2421875,"idle":17900.8515625,"nice":0,"iowait":0,"irq":0,"softirq":0,"steal":0,"guest":0,"guestNice":0,"stolen":0},{"cpu":"cpu2","user":3787.1875,"system":1949.3984375,"idle":15505.2265625,"nice":0,"iowait":0,"irq":0,"softirq":0,"steal":0,"guest":0,"guestNice":0,"stolen":0},{"cpu":"cpu3","user":2406.3515625,"system":982.2421875,"idle":17853.21875,"nice":0,"iowait":0,"irq":0,"softirq":0,"steal":0,"guest":0,"guestNice":0,"stolen":0}],"time":"2018-02-19 12:19:12.771611 +0900 JST m=+2262.006241697","errorInfo":null}
[Info]2018/02/19 12:19:13 acsessd /api/status.json
[Info]2018/02/19 12:19:13 {"hostname":"ksc-1x-dhcp-172-29-194-195.kwansei.ac.jp","hostid":"18d901f1-4a03-3ff1-ae34-c26b2732f13c","virtualizationSystem":"","total":8589934592,"available":2221580288,"usedPercent":74.13740158081055,"diskIO":[{"name":"disk0","ioTime":1301005,"weightedIO":0}],"cpu":[{"cpu":"cpu0","user":3904.015625,"system":2217.390625,"idle":15121.6328125,"nice":0,"iowait":0,"irq":0,"softirq":0,"steal":0,"guest":0,"guestNice":0,"stolen":0},{"cpu":"cpu1","user":2371.7734375,"system":969.2734375,"idle":17901.171875,"nice":0,"iowait":0,"irq":0,"softirq":0,"steal":0,"guest":0,"guestNice":0,"stolen":0},{"cpu":"cpu2","user":3787.4921875,"system":1949.40625,"idle":15505.328125,"nice":0,"iowait":0,"irq":0,"softirq":0,"steal":0,"guest":0,"guestNice":0,"stolen":0},{"cpu":"cpu3","user":2406.40625,"system":982.265625,"idle":17853.546875,"nice":0,"iowait":0,"irq":0,"softirq":0,"steal":0,"guest":0,"guestNice":0,"stolen":0}],"time":"2018-02-19 12:19:13.291139 +0900 JST m=+2262.525769064","errorInfo":null}
[Info]2018/02/19 12:19:13 acsessd /api/status.json
[Info]2018/02/19 12:19:13 {"hostname":"ksc-1x-dhcp-172-29-194-195.kwansei.ac.jp","hostid":"18d901f1-4a03-3ff1-ae34-c26b2732f13c","virtualizationSystem":"","total":8589934592,"available":2243084288,"usedPercent":73.8870620727539,"diskIO":[{"name":"disk0","ioTime":1301005,"weightedIO":0}],"cpu":[{"cpu":"cpu0","user":3904.1953125,"system":2217.421875,"idle":15121.8046875,"nice":0,"iowait":0,"irq":0,"softirq":0,"steal":0,"guest":0,"guestNice":0,"stolen":0},{"cpu":"cpu1","user":2371.84375,"system":969.2890625,"idle":17901.46875,"nice":0,"iowait":0,"irq":0,"softirq":0,"steal":0,"guest":0,"guestNice":0,"stolen":0},{"cpu":"cpu2","user":3787.65625,"system":1949.4296875,"idle":15505.515625,"nice":0,"iowait":0,"irq":0,"softirq":0,"steal":0,"guest":0,"guestNice":0,"stolen":0},{"cpu":"cpu3","user":2406.4765625,"system":982.28125,"idle":17853.8359375,"nice":0,"iowait":0,"irq":0,"softirq":0,"steal":0,"guest":0,"guestNice":0,"stolen":0}],"time":"2018-02-19 12:19:13.775274 +0900 JST m=+2263.009903154","errorInfo":null}
[Info]2018/02/19 12:19:14 acsessd /api/status.json
[Info]2018/02/19 12:19:14 {"hostname":"ksc-1x-dhcp-172-29-194-195.kwansei.ac.jp","hostid":"18d901f1-4a03-3ff1-ae34-c26b2732f13c","virtualizationSystem":"","total":8589934592,"available":2241736704,"usedPercent":73.90275001525879,"diskIO":[{"name":"disk0","ioTime":1301005,"weightedIO":0}],"cpu":[{"cpu":"cpu0","user":3904.3984375,"system":2217.4375,"idle":15121.9765625,"nice":0,"iowait":0,"irq":0,"softirq":0,"steal":0,"guest":0,"guestNice":0,"stolen":0},{"cpu":"cpu1","user":2371.90625,"system":969.3046875,"idle":17901.78125,"nice":0,"iowait":0,"irq":0,"softirq":0,"steal":0,"guest":0,"guestNice":0,"stolen":0},{"cpu":"cpu2","user":3787.828125,"system":1949.4609375,"idle":15505.7109375,"nice":0,"iowait":0,"irq":0,"softirq":0,"steal":0,"guest":0,"guestNice":0,"stolen":0},{"cpu":"cpu3","user":2406.5546875,"system":982.3046875,"idle":17854.140625,"nice":0,"iowait":0,"irq":0,"softirq":0,"steal":0,"guest":0,"guestNice":0,"stolen":0}],"time":"2018-02-19 12:19:14.28928 +0900 JST m=+2263.523908584","errorInfo":null}
[Info]2018/02/19 12:19:14 acsessd /api/status.json
[Info]2018/02/19 12:19:14 {"hostname":"ksc-1x-dhcp-172-29-194-195.kwansei.ac.jp","hostid":"18d901f1-4a03-3ff1-ae34-c26b2732f13c","virtualizationSystem":"","total":8589934592,"available":2238607360,"usedPercent":73.93918037414551,"diskIO":[{"name":"disk0","ioTime":1301005,"weightedIO":0}],"cpu":[{"cpu":"cpu0","user":3904.7578125,"system":2217.4453125,"idle":15122,"nice":0,"iowait":0,"irq":0,"softirq":0,"steal":0,"guest":0,"guestNice":0,"stolen":0},{"cpu":"cpu1","user":2371.9609375,"system":969.34375,"idle":17902.0859375,"nice":0,"iowait":0,"irq":0,"softirq":0,"steal":0,"guest":0,"guestNice":0,"stolen":0},{"cpu":"cpu2","user":3787.9765625,"system":1949.625,"idle":15505.796875,"nice":0,"iowait":0,"irq":0,"softirq":0,"steal":0,"guest":0,"guestNice":0,"stolen":0},{"cpu":"cpu3","user":2406.625,"system":982.3515625,"idle":17854.4140625,"nice":0,"iowait":0,"irq":0,"softirq":0,"steal":0,"guest":0,"guestNice":0,"stolen":0}],"time":"2018-02-19 12:19:14.792393 +0900 JST m=+2264.027019922","errorInfo":null}
[Info]2018/02/19 12:19:15 acsessd /api/status.json
[Info]2018/02/19 12:19:15 {"hostname":"ksc-1x-dhcp-172-29-194-195.kwansei.ac.jp","hostid":"18d901f1-4a03-3ff1-ae34-c26b2732f13c","virtualizationSystem":"","total":8589934592,"available":2233344000,"usedPercent":74.00045394897461,"diskIO":[{"name":"disk0","ioTime":1301015,"weightedIO":0}],"cpu":[{"cpu":"cpu0","user":3905.015625,"system":2217.5,"idle":15122.078125,"nice":0,"iowait":0,"irq":0,"softirq":0,"steal":0,"guest":0,"guestNice":0,"stolen":0},{"cpu":"cpu1","user":2372.1015625,"system":969.3828125,"idle":17902.2890625,"nice":0,"iowait":0,"irq":0,"softirq":0,"steal":0,"guest":0,"guestNice":0,"stolen":0},{"cpu":"cpu2","user":3788.234375,"system":1949.6640625,"idle":15505.890625,"nice":0,"iowait":0,"irq":0,"softirq":0,"steal":0,"guest":0,"guestNice":0,"stolen":0},{"cpu":"cpu3","user":2406.7734375,"system":982.390625,"idle":17854.6171875,"nice":0,"iowait":0,"irq":0,"softirq":0,"steal":0,"guest":0,"guestNice":0,"stolen":0}],"time":"2018-02-19 12:19:15.291334 +0900 JST m=+2264.525960432","errorInfo":null}
[Info]2018/02/19 12:19:15 acsessd /api/status.json
[Info]2018/02/19 12:19:15 {"hostname":"ksc-1x-dhcp-172-29-194-195.kwansei.ac.jp","hostid":"18d901f1-4a03-3ff1-ae34-c26b2732f13c","virtualizationSystem":"","total":8589934592,"available":2232766464,"usedPercent":74.00717735290527,"diskIO":[{"name":"disk0","ioTime":1301023,"weightedIO":0}],"cpu":[{"cpu":"cpu0","user":3905.203125,"system":2217.5234375,"idle":15122.25,"nice":0,"iowait":0,"irq":0,"softirq":0,"steal":0,"guest":0,"guestNice":0,"stolen":0},{"cpu":"cpu1","user":2372.1796875,"system":969.3984375,"idle":17902.59375,"nice":0,"iowait":0,"irq":0,"softirq":0,"steal":0,"guest":0,"guestNice":0,"stolen":0},{"cpu":"cpu2","user":3788.3984375,"system":1949.6953125,"idle":15506.078125,"nice":0,"iowait":0,"irq":0,"softirq":0,"steal":0,"guest":0,"guestNice":0,"stolen":0},{"cpu":"cpu3","user":2406.859375,"system":982.4140625,"idle":17854.890625,"nice":0,"iowait":0,"irq":0,"softirq":0,"steal":0,"guest":0,"guestNice":0,"stolen":0}],"time":"2018-02-19 12:19:15.785257 +0900 JST m=+2265.019882372","errorInfo":null}
[Info]2018/02/19 12:19:16 acsessd /api/status.json
[Info]2018/02/19 12:19:16 {"hostname":"ksc-1x-dhcp-172-29-194-195.kwansei.ac.jp","hostid":"18d901f1-4a03-3ff1-ae34-c26b2732f13c","virtualizationSystem":"","total":8589934592,"available":2232696832,"usedPercent":74.00798797607422,"diskIO":[{"name":"disk0","ioTime":1301023,"weightedIO":0}],"cpu":[{"cpu":"cpu0","user":3905.375,"system":2217.546875,"idle":15122.453125,"nice":0,"iowait":0,"irq":0,"softirq":0,"steal":0,"guest":0,"guestNice":0,"stolen":0},{"cpu":"cpu1","user":2372.265625,"system":969.4140625,"idle":17902.8828125,"nice":0,"iowait":0,"irq":0,"softirq":0,"steal":0,"guest":0,"guestNice":0,"stolen":0},{"cpu":"cpu2","user":3788.5859375,"system":1949.71875,"idle":15506.2578125,"nice":0,"iowait":0,"irq":0,"softirq":0,"steal":0,"guest":0,"guestNice":0,"stolen":0},{"cpu":"cpu3","user":2406.9375,"system":982.4296875,"idle":17855.1875,"nice":0,"iowait":0,"irq":0,"softirq":0,"steal":0,"guest":0,"guestNice":0,"stolen":0}],"time":"2018-02-19 12:19:16.293778 +0900 JST m=+2265.528401928","errorInfo":null}
[Info]2018/02/19 12:19:16 acsessd /api/status.json
[Info]2018/02/19 12:19:16 {"hostname":"ksc-1x-dhcp-172-29-194-195.kwansei.ac.jp","hostid":"18d901f1-4a03-3ff1-ae34-c26b2732f13c","virtualizationSystem":"","total":8589934592,"available":2223882240,"usedPercent":74.11060333251953,"diskIO":[{"name":"disk0","ioTime":1301030,"weightedIO":0}],"cpu":[{"cpu":"cpu0","user":3905.59375,"system":2217.59375,"idle":15122.578125,"nice":0,"iowait":0,"irq":0,"softirq":0,"steal":0,"guest":0,"guestNice":0,"stolen":0},{"cpu":"cpu1","user":2372.3984375,"system":969.4453125,"idle":17903.1171875,"nice":0,"iowait":0,"irq":0,"softirq":0,"steal":0,"guest":0,"guestNice":0,"stolen":0},{"cpu":"cpu2","user":3788.8203125,"system":1949.765625,"idle":15506.375,"nice":0,"iowait":0,"irq":0,"softirq":0,"steal":0,"guest":0,"guestNice":0,"stolen":0},{"cpu":"cpu3","user":2407.0546875,"system":982.453125,"idle":17855.4453125,"nice":0,"iowait":0,"irq":0,"softirq":0,"steal":0,"guest":0,"guestNice":0,"stolen":0}],"time":"2018-02-19 12:19:16.794582 +0900 JST m=+2266.029205384","errorInfo":null}
[Info]2018/02/19 12:19:17 acsessd /api/status.json
[Info]2018/02/19 12:19:17 {"hostname":"ksc-1x-dhcp-172-29-194-195.kwansei.ac.jp","hostid":"18d901f1-4a03-3ff1-ae34-c26b2732f13c","virtualizationSystem":"","total":8589934592,"available":2218725376,"usedPercent":74.1706371307373,"diskIO":[{"name":"disk0","ioTime":1301037,"weightedIO":0}],"cpu":[{"cpu":"cpu0","user":3905.8125,"system":2217.640625,"idle":15122.71875,"nice":0,"iowait":0,"irq":0,"softirq":0,"steal":0,"guest":0,"guestNice":0,"stolen":0},{"cpu":"cpu1","user":2372.4765625,"system":969.46875,"idle":17903.4140625,"nice":0,"iowait":0,"irq":0,"softirq":0,"steal":0,"guest":0,"guestNice":0,"stolen":0},{"cpu":"cpu2","user":3789.03125,"system":1949.796875,"idle":15506.53125,"nice":0,"iowait":0,"irq":0,"softirq":0,"steal":0,"guest":0,"guestNice":0,"stolen":0},{"cpu":"cpu3","user":2407.1328125,"system":982.484375,"idle":17855.734375,"nice":0,"iowait":0,"irq":0,"softirq":0,"steal":0,"guest":0,"guestNice":0,"stolen":0}],"time":"2018-02-19 12:19:17.30625 +0900 JST m=+2266.540872650","errorInfo":null}
[Info]2018/02/19 12:19:17 acsessd /api/status.json
[Info]2018/02/19 12:19:17 {"hostname":"ksc-1x-dhcp-172-29-194-195.kwansei.ac.jp","hostid":"18d901f1-4a03-3ff1-ae34-c26b2732f13c","virtualizationSystem":"","total":8589934592,"available":2213474304,"usedPercent":74.23176765441895,"diskIO":[{"name":"disk0","ioTime":1301037,"weightedIO":0}],"cpu":[{"cpu":"cpu0","user":3905.9921875,"system":2217.671875,"idle":15122.8828125,"nice":0,"iowait":0,"irq":0,"softirq":0,"steal":0,"guest":0,"guestNice":0,"stolen":0},{"cpu":"cpu1","user":2372.5625,"system":969.484375,"idle":17903.6796875,"nice":0,"iowait":0,"irq":0,"softirq":0,"steal":0,"guest":0,"guestNice":0,"stolen":0},{"cpu":"cpu2","user":3789.21875,"system":1949.828125,"idle":15506.6875,"nice":0,"iowait":0,"irq":0,"softirq":0,"steal":0,"guest":0,"guestNice":0,"stolen":0},{"cpu":"cpu3","user":2407.21875,"system":982.5078125,"idle":17856.0078125,"nice":0,"iowait":0,"irq":0,"softirq":0,"steal":0,"guest":0,"guestNice":0,"stolen":0}],"time":"2018-02-19 12:19:17.785482 +0900 JST m=+2267.020102995","errorInfo":null}
[Info]2018/02/19 12:19:18 acsessd /api/status.json
[Info]2018/02/19 12:19:18 {"hostname":"ksc-1x-dhcp-172-29-194-195.kwansei.ac.jp","hostid":"18d901f1-4a03-3ff1-ae34-c26b2732f13c","virtualizationSystem":"","total":8589934592,"available":2217304064,"usedPercent":74.18718338012695,"diskIO":[{"name":"disk0","ioTime":1301037,"weightedIO":0}],"cpu":[{"cpu":"cpu0","user":3906.171875,"system":2217.703125,"idle":15123.078125,"nice":0,"iowait":0,"irq":0,"softirq":0,"steal":0,"guest":0,"guestNice":0,"stolen":0},{"cpu":"cpu1","user":2372.6640625,"system":969.515625,"idle":17903.9609375,"nice":0,"iowait":0,"irq":0,"softirq":0,"steal":0,"guest":0,"guestNice":0,"stolen":0},{"cpu":"cpu2","user":3789.3828125,"system":1949.875,"idle":15506.8828125,"nice":0,"iowait":0,"irq":0,"softirq":0,"steal":0,"guest":0,"guestNice":0,"stolen":0},{"cpu":"cpu3","user":2407.3125,"system":982.53125,"idle":17856.2890625,"nice":0,"iowait":0,"irq":0,"softirq":0,"steal":0,"guest":0,"guestNice":0,"stolen":0}],"time":"2018-02-19 12:19:18.307296 +0900 JST m=+2267.541915980","errorInfo":null}
[Info]2018/02/19 12:19:18 acsessd /api/status.json
[Info]2018/02/19 12:19:18 {"hostname":"ksc-1x-dhcp-172-29-194-195.kwansei.ac.jp","hostid":"18d901f1-4a03-3ff1-ae34-c26b2732f13c","virtualizationSystem":"","total":8589934592,"available":2213097472,"usedPercent":74.23615455627441,"diskIO":[{"name":"disk0","ioTime":1301037,"weightedIO":0}],"cpu":[{"cpu":"cpu0","user":3906.3984375,"system":2217.78125,"idle":15123.1640625,"nice":0,"iowait":0,"irq":0,"softirq":0,"steal":0,"guest":0,"guestNice":0,"stolen":0},{"cpu":"cpu1","user":2372.765625,"system":969.546875,"idle":17904.2109375,"nice":0,"iowait":0,"irq":0,"softirq":0,"steal":0,"guest":0,"guestNice":0,"stolen":0},{"cpu":"cpu2","user":3789.5859375,"system":1949.9765625,"idle":15506.96875,"nice":0,"iowait":0,"irq":0,"softirq":0,"steal":0,"guest":0,"guestNice":0,"stolen":0},{"cpu":"cpu3","user":2407.390625,"system":982.578125,"idle":17856.5625,"nice":0,"iowait":0,"irq":0,"softirq":0,"steal":0,"guest":0,"guestNice":0,"stolen":0}],"time":"2018-02-19 12:19:18.8089 +0900 JST m=+2268.043519153","errorInfo":null}
[Info]2018/02/19 12:19:19 acsessd /api/status.json
[Info]2018/02/19 12:19:19 {"hostname":"ksc-1x-dhcp-172-29-194-195.kwansei.ac.jp","hostid":"18d901f1-4a03-3ff1-ae34-c26b2732f13c","virtualizationSystem":"","total":8589934592,"available":2221101056,"usedPercent":74.14298057556152,"diskIO":[{"name":"disk0","ioTime":1301056,"weightedIO":0}],"cpu":[{"cpu":"cpu0","user":3906.6640625,"system":2217.828125,"idle":15123.25,"nice":0,"iowait":0,"irq":0,"softirq":0,"steal":0,"guest":0,"guestNice":0,"stolen":0},{"cpu":"cpu1","user":2372.90625,"system":969.578125,"idle":17904.4375,"nice":0,"iowait":0,"irq":0,"softirq":0,"steal":0,"guest":0,"guestNice":0,"stolen":0},{"cpu":"cpu2","user":3789.84375,"system":1950.03125,"idle":15507.0546875,"nice":0,"iowait":0,"irq":0,"softirq":0,"steal":0,"guest":0,"guestNice":0,"stolen":0},{"cpu":"cpu3","user":2407.5078125,"system":982.6171875,"idle":17856.796875,"nice":0,"iowait":0,"irq":0,"softirq":0,"steal":0,"guest":0,"guestNice":0,"stolen":0}],"time":"2018-02-19 12:19:19.315378 +0900 JST m=+2268.549995970","errorInfo":null}
[Info]2018/02/19 12:19:19 acsessd /api/status.json
[Info]2018/02/19 12:19:19 {"hostname":"ksc-1x-dhcp-172-29-194-195.kwansei.ac.jp","hostid":"18d901f1-4a03-3ff1-ae34-c26b2732f13c","virtualizationSystem":"","total":8589934592,"available":2223239168,"usedPercent":74.11808967590332,"diskIO":[{"name":"disk0","ioTime":1301056,"weightedIO":0}],"cpu":[{"cpu":"cpu0","user":3906.828125,"system":2217.8515625,"idle":15123.453125,"nice":0,"iowait":0,"irq":0,"softirq":0,"steal":0,"guest":0,"guestNice":0,"stolen":0},{"cpu":"cpu1","user":2373,"system":969.609375,"idle":17904.71875,"nice":0,"iowait":0,"irq":0,"softirq":0,"steal":0,"guest":0,"guestNice":0,"stolen":0},{"cpu":"cpu2","user":3790.0859375,"system":1950.046875,"idle":15507.1875,"nice":0,"iowait":0,"irq":0,"softirq":0,"steal":0,"guest":0,"guestNice":0,"stolen":0},{"cpu":"cpu3","user":2407.609375,"system":982.640625,"idle":17857.0703125,"nice":0,"iowait":0,"irq":0,"softirq":0,"steal":0,"guest":0,"guestNice":0,"stolen":0}],"time":"2018-02-19 12:19:19.826876 +0900 JST m=+2269.061493135","errorInfo":null}
[Info]2018/02/19 12:19:20 acsessd /api/status.json
[Info]2018/02/19 12:19:20 {"hostname":"ksc-1x-dhcp-172-29-194-195.kwansei.ac.jp","hostid":"18d901f1-4a03-3ff1-ae34-c26b2732f13c","virtualizationSystem":"","total":8589934592,"available":2213384192,"usedPercent":74.23281669616699,"diskIO":[{"name":"disk0","ioTime":1301081,"weightedIO":0}],"cpu":[{"cpu":"cpu0","user":3907.0859375,"system":2217.9296875,"idle":15123.5234375,"nice":0,"iowait":0,"irq":0,"softirq":0,"steal":0,"guest":0,"guestNice":0,"stolen":0},{"cpu":"cpu1","user":2373.1875,"system":969.6484375,"idle":17904.8828125,"nice":0,"iowait":0,"irq":0,"softirq":0,"steal":0,"guest":0,"guestNice":0,"stolen":0},{"cpu":"cpu2","user":3790.3515625,"system":1950.109375,"idle":15507.2578125,"nice":0,"iowait":0,"irq":0,"softirq":0,"steal":0,"guest":0,"guestNice":0,"stolen":0},{"cpu":"cpu3","user":2407.8046875,"system":982.6953125,"idle":17857.21875,"nice":0,"iowait":0,"irq":0,"softirq":0,"steal":0,"guest":0,"guestNice":0,"stolen":0}],"time":"2018-02-19 12:19:20.331424 +0900 JST m=+2269.566041040","errorInfo":null}
[Info]2018/02/19 12:19:20 acsessd /api/status.json
[Info]2018/02/19 12:19:20 {"hostname":"ksc-1x-dhcp-172-29-194-195.kwansei.ac.jp","hostid":"18d901f1-4a03-3ff1-ae34-c26b2732f13c","virtualizationSystem":"","total":8589934592,"available":2212626432,"usedPercent":74.24163818359375,"diskIO":[{"name":"disk0","ioTime":1301085,"weightedIO":0}],"cpu":[{"cpu":"cpu0","user":3907.25,"system":2217.96875,"idle":15123.6875,"nice":0,"iowait":0,"irq":0,"softirq":0,"steal":0,"guest":0,"guestNice":0,"stolen":0},{"cpu":"cpu1","user":2373.25,"system":969.6640625,"idle":17905.171875,"nice":0,"iowait":0,"irq":0,"softirq":0,"steal":0,"guest":0,"guestNice":0,"stolen":0},{"cpu":"cpu2","user":3790.53125,"system":1950.140625,"idle":15507.421875,"nice":0,"iowait":0,"irq":0,"softirq":0,"steal":0,"guest":0,"guestNice":0,"stolen":0},{"cpu":"cpu3","user":2407.875,"system":982.703125,"idle":17857.5078125,"nice":0,"iowait":0,"irq":0,"softirq":0,"steal":0,"guest":0,"guestNice":0,"stolen":0}],"time":"2018-02-19 12:19:20.803781 +0900 JST m=+2270.038396542","errorInfo":null}
[Info]2018/02/19 12:19:21 acsessd /api/status.json
[Info]2018/02/19 12:19:21 {"hostname":"ksc-1x-dhcp-172-29-194-195.kwansei.ac.jp","hostid":"18d901f1-4a03-3ff1-ae34-c26b2732f13c","virtualizationSystem":"","total":8589934592,"available":2240888832,"usedPercent":73.9126205444336,"diskIO":[{"name":"disk0","ioTime":1301094,"weightedIO":0}],"cpu":[{"cpu":"cpu0","user":3907.484375,"system":2217.9921875,"idle":15123.828125,"nice":0,"iowait":0,"irq":0,"softirq":0,"steal":0,"guest":0,"guestNice":0,"stolen":0},{"cpu":"cpu1","user":2373.3046875,"system":969.6875,"idle":17905.5,"nice":0,"iowait":0,"irq":0,"softirq":0,"steal":0,"guest":0,"guestNice":0,"stolen":0},{"cpu":"cpu2","user":3790.75,"system":1950.171875,"idle":15507.578125,"nice":0,"iowait":0,"irq":0,"softirq":0,"steal":0,"guest":0,"guestNice":0,"stolen":0},{"cpu":"cpu3","user":2407.9296875,"system":982.7265625,"idle":17857.8359375,"nice":0,"iowait":0,"irq":0,"softirq":0,"steal":0,"guest":0,"guestNice":0,"stolen":0}],"time":"2018-02-19 12:19:21.32539 +0900 JST m=+2270.560004288","errorInfo":null}
[Info]2018/02/19 12:19:21 acsessd /api/status.json
[Info]2018/02/19 12:19:21 {"hostname":"ksc-1x-dhcp-172-29-194-195.kwansei.ac.jp","hostid":"18d901f1-4a03-3ff1-ae34-c26b2732f13c","virtualizationSystem":"","total":8589934592,"available":2238984192,"usedPercent":73.93479347229004,"diskIO":[{"name":"disk0","ioTime":1301110,"weightedIO":0}],"cpu":[{"cpu":"cpu0","user":3907.703125,"system":2218,"idle":15123.984375,"nice":0,"iowait":0,"irq":0,"softirq":0,"steal":0,"guest":0,"guestNice":0,"stolen":0},{"cpu":"cpu1","user":2373.3203125,"system":969.6953125,"idle":17905.859375,"nice":0,"iowait":0,"irq":0,"softirq":0,"steal":0,"guest":0,"guestNice":0,"stolen":0},{"cpu":"cpu2","user":3790.953125,"system":1950.1953125,"idle":15507.734375,"nice":0,"iowait":0,"irq":0,"softirq":0,"steal":0,"guest":0,"guestNice":0,"stolen":0},{"cpu":"cpu3","user":2407.96875,"system":982.75,"idle":17858.15625,"nice":0,"iowait":0,"irq":0,"softirq":0,"steal":0,"guest":0,"guestNice":0,"stolen":0}],"time":"2018-02-19 12:19:21.81227 +0900 JST m=+2271.046883471","errorInfo":null}
[Info]2018/02/19 12:19:22 acsessd /api/status.json
[Info]2018/02/19 12:19:22 {"hostname":"ksc-1x-dhcp-172-29-194-195.kwansei.ac.jp","hostid":"18d901f1-4a03-3ff1-ae34-c26b2732f13c","virtualizationSystem":"","total":8589934592,"available":2239139840,"usedPercent":73.93298149108887,"diskIO":[{"name":"disk0","ioTime":1301110,"weightedIO":0}],"cpu":[{"cpu":"cpu0","user":3907.8359375,"system":2218.046875,"idle":15124.203125,"nice":0,"iowait":0,"irq":0,"softirq":0,"steal":0,"guest":0,"guestNice":0,"stolen":0},{"cpu":"cpu1","user":2373.3671875,"system":969.71875,"idle":17906.1953125,"nice":0,"iowait":0,"irq":0,"softirq":0,"steal":0,"guest":0,"guestNice":0,"stolen":0},{"cpu":"cpu2","user":3791.234375,"system":1950.21875,"idle":15507.8203125,"nice":0,"iowait":0,"irq":0,"softirq":0,"steal":0,"guest":0,"guestNice":0,"stolen":0},{"cpu":"cpu3","user":2408.015625,"system":982.78125,"idle":17858.4765625,"nice":0,"iowait":0,"irq":0,"softirq":0,"steal":0,"guest":0,"guestNice":0,"stolen":0}],"time":"2018-02-19 12:19:22.325487 +0900 JST m=+2271.560099529","errorInfo":null}
[Info]2018/02/19 12:19:22 acsessd /api/status.json
[Info]2018/02/19 12:19:22 {"hostname":"ksc-1x-dhcp-172-29-194-195.kwansei.ac.jp","hostid":"18d901f1-4a03-3ff1-ae34-c26b2732f13c","virtualizationSystem":"","total":8589934592,"available":2243321856,"usedPercent":73.88429641723633,"diskIO":[{"name":"disk0","ioTime":1301120,"weightedIO":0}],"cpu":[{"cpu":"cpu0","user":3908.0703125,"system":2218.1484375,"idle":15124.265625,"nice":0,"iowait":0,"irq":0,"softirq":0,"steal":0,"guest":0,"guestNice":0,"stolen":0},{"cpu":"cpu1","user":2373.4453125,"system":969.8203125,"idle":17906.40625,"nice":0,"iowait":0,"irq":0,"softirq":0,"steal":0,"guest":0,"guestNice":0,"stolen":0},{"cpu":"cpu2","user":3791.4921875,"system":1950.296875,"idle":15507.890625,"nice":0,"iowait":0,"irq":0,"softirq":0,"steal":0,"guest":0,"guestNice":0,"stolen":0},{"cpu":"cpu3","user":2408.1015625,"system":982.875,"idle":17858.6953125,"nice":0,"iowait":0,"irq":0,"softirq":0,"steal":0,"guest":0,"guestNice":0,"stolen":0}],"time":"2018-02-19 12:19:22.82918 +0900 JST m=+2272.063791537","errorInfo":null}
[Info]2018/02/19 12:19:23 acsessd /api/status.json
[Info]2018/02/19 12:19:23 {"hostname":"ksc-1x-dhcp-172-29-194-195.kwansei.ac.jp","hostid":"18d901f1-4a03-3ff1-ae34-c26b2732f13c","virtualizationSystem":"","total":8589934592,"available":2236563456,"usedPercent":73.96297454833984,"diskIO":[{"name":"disk0","ioTime":1301127,"weightedIO":0}],"cpu":[{"cpu":"cpu0","user":3908.3671875,"system":2218.171875,"idle":15124.3515625,"nice":0,"iowait":0,"irq":0,"softirq":0,"steal":0,"guest":0,"guestNice":0,"stolen":0},{"cpu":"cpu1","user":2373.515625,"system":969.8515625,"idle":17906.7109375,"nice":0,"iowait":0,"irq":0,"softirq":0,"steal":0,"guest":0,"guestNice":0,"stolen":0},{"cpu":"cpu2","user":3791.7890625,"system":1950.3125,"idle":15507.96875,"nice":0,"iowait":0,"irq":0,"softirq":0,"steal":0,"guest":0,"guestNice":0,"stolen":0},{"cpu":"cpu3","user":2408.1875,"system":982.90625,"idle":17858.9765625,"nice":0,"iowait":0,"irq":0,"softirq":0,"steal":0,"guest":0,"guestNice":0,"stolen":0}],"time":"2018-02-19 12:19:23.345358 +0900 JST m=+2272.579968400","errorInfo":null}
[Info]2018/02/19 12:19:23 acsessd /api/status.json
[Info]2018/02/19 12:19:23 {"hostname":"ksc-1x-dhcp-172-29-194-195.kwansei.ac.jp","hostid":"18d901f1-4a03-3ff1-ae34-c26b2732f13c","virtualizationSystem":"","total":8589934592,"available":2236510208,"usedPercent":73.96359443664551,"diskIO":[{"name":"disk0","ioTime":1301135,"weightedIO":0}],"cpu":[{"cpu":"cpu0","user":3908.5390625,"system":2218.1953125,"idle":15124.53125,"nice":0,"iowait":0,"irq":0,"softirq":0,"steal":0,"guest":0,"guestNice":0,"stolen":0},{"cpu":"cpu1","user":2373.5859375,"system":969.859375,"idle":17907,"nice":0,"iowait":0,"irq":0,"softirq":0,"steal":0,"guest":0,"guestNice":0,"stolen":0},{"cpu":"cpu2","user":3791.953125,"system":1950.34375,"idle":15508.15625,"nice":0,"iowait":0,"irq":0,"softirq":0,"steal":0,"guest":0,"guestNice":0,"stolen":0},{"cpu":"cpu3","user":2408.2421875,"system":982.921875,"idle":17859.28125,"nice":0,"iowait":0,"irq":0,"softirq":0,"steal":0,"guest":0,"guestNice":0,"stolen":0}],"time":"2018-02-19 12:19:23.824694 +0900 JST m=+2273.059303674","errorInfo":null}
[Info]2018/02/19 12:19:24 acsessd /api/status.json
[Info]2018/02/19 12:19:24 {"hostname":"ksc-1x-dhcp-172-29-194-195.kwansei.ac.jp","hostid":"18d901f1-4a03-3ff1-ae34-c26b2732f13c","virtualizationSystem":"","total":8589934592,"available":2236395520,"usedPercent":73.96492958068848,"diskIO":[{"name":"disk0","ioTime":1301135,"weightedIO":0}],"cpu":[{"cpu":"cpu0","user":3908.7578125,"system":2218.2265625,"idle":15124.6875,"nice":0,"iowait":0,"irq":0,"softirq":0,"steal":0,"guest":0,"guestNice":0,"stolen":0},{"cpu":"cpu1","user":2373.65625,"system":969.890625,"idle":17907.3046875,"nice":0,"iowait":0,"irq":0,"softirq":0,"steal":0,"guest":0,"guestNice":0,"stolen":0},{"cpu":"cpu2","user":3792.171875,"system":1950.3671875,"idle":15508.3125,"nice":0,"iowait":0,"irq":0,"softirq":0,"steal":0,"guest":0,"guestNice":0,"stolen":0},{"cpu":"cpu3","user":2408.3046875,"system":982.9453125,"idle":17859.6015625,"nice":0,"iowait":0,"irq":0,"softirq":0,"steal":0,"guest":0,"guestNice":0,"stolen":0}],"time":"2018-02-19 12:19:24.341633 +0900 JST m=+2273.576242076","errorInfo":null}
[Info]2018/02/19 12:19:24 acsessd /api/status.json
[Info]2018/02/19 12:19:24 {"hostname":"ksc-1x-dhcp-172-29-194-195.kwansei.ac.jp","hostid":"18d901f1-4a03-3ff1-ae34-c26b2732f13c","virtualizationSystem":"","total":8589934592,"available":2244722688,"usedPercent":73.86798858642578,"diskIO":[{"name":"disk0","ioTime":1301146,"weightedIO":0}],"cpu":[{"cpu":"cpu0","user":3908.8984375,"system":2218.25,"idle":15124.921875,"nice":0,"iowait":0,"irq":0,"softirq":0,"steal":0,"guest":0,"guestNice":0,"stolen":0},{"cpu":"cpu1","user":2373.703125,"system":969.90625,"idle":17907.640625,"nice":0,"iowait":0,"irq":0,"softirq":0,"steal":0,"guest":0,"guestNice":0,"stolen":0},{"cpu":"cpu2","user":3792.453125,"system":1950.390625,"idle":15508.40625,"nice":0,"iowait":0,"irq":0,"softirq":0,"steal":0,"guest":0,"guestNice":0,"stolen":0},{"cpu":"cpu3","user":2408.34375,"system":982.953125,"idle":17859.953125,"nice":0,"iowait":0,"irq":0,"softirq":0,"steal":0,"guest":0,"guestNice":0,"stolen":0}],"time":"2018-02-19 12:19:24.854165 +0900 JST m=+2274.088772503","errorInfo":null}
[Info]2018/02/19 12:19:25 acsessd /api/status.json
[Info]2018/02/19 12:19:25 {"hostname":"ksc-1x-dhcp-172-29-194-195.kwansei.ac.jp","hostid":"18d901f1-4a03-3ff1-ae34-c26b2732f13c","virtualizationSystem":"","total":8589934592,"available":2245783552,"usedPercent":73.85563850402832,"diskIO":[{"name":"disk0","ioTime":1301146,"weightedIO":0}],"cpu":[{"cpu":"cpu0","user":3909.0390625,"system":2218.265625,"idle":15125.1328125,"nice":0,"iowait":0,"irq":0,"softirq":0,"steal":0,"guest":0,"guestNice":0,"stolen":0},{"cpu":"cpu1","user":2373.7421875,"system":969.921875,"idle":17907.9609375,"nice":0,"iowait":0,"irq":0,"softirq":0,"steal":0,"guest":0,"guestNice":0,"stolen":0},{"cpu":"cpu2","user":3792.7109375,"system":1950.40625,"idle":15508.5078125,"nice":0,"iowait":0,"irq":0,"softirq":0,"steal":0,"guest":0,"guestNice":0,"stolen":0},{"cpu":"cpu3","user":2408.3671875,"system":982.9609375,"idle":17860.2890625,"nice":0,"iowait":0,"irq":0,"softirq":0,"steal":0,"guest":0,"guestNice":0,"stolen":0}],"time":"2018-02-19 12:19:25.329442 +0900 JST m=+2274.564049152","errorInfo":null}
[Info]2018/02/19 12:19:25 acsessd /api/status.json
[Info]2018/02/19 12:19:25 {"hostname":"ksc-1x-dhcp-172-29-194-195.kwansei.ac.jp","hostid":"18d901f1-4a03-3ff1-ae34-c26b2732f13c","virtualizationSystem":"","total":8589934592,"available":2245476352,"usedPercent":73.85921478271484,"diskIO":[{"name":"disk0","ioTime":1301154,"weightedIO":0}],"cpu":[{"cpu":"cpu0","user":3909.140625,"system":2218.2890625,"idle":15125.40625,"nice":0,"iowait":0,"irq":0,"softirq":0,"steal":0,"guest":0,"guestNice":0,"stolen":0},{"cpu":"cpu1","user":2373.7578125,"system":969.9375,"idle":17908.3203125,"nice":0,"iowait":0,"irq":0,"softirq":0,"steal":0,"guest":0,"guestNice":0,"stolen":0},{"cpu":"cpu2","user":3793.03125,"system":1950.4140625,"idle":15508.5703125,"nice":0,"iowait":0,"irq":0,"softirq":0,"steal":0,"guest":0,"guestNice":0,"stolen":0},{"cpu":"cpu3","user":2408.3828125,"system":982.96875,"idle":17860.6640625,"nice":0,"iowait":0,"irq":0,"softirq":0,"steal":0,"guest":0,"guestNice":0,"stolen":0}],"time":"2018-02-19 12:19:25.829063 +0900 JST m=+2275.063668512","errorInfo":null}
[Info]2018/02/19 12:19:26 acsessd /api/status.json
[Info]2018/02/19 12:19:26 {"hostname":"ksc-1x-dhcp-172-29-194-195.kwansei.ac.jp","hostid":"18d901f1-4a03-3ff1-ae34-c26b2732f13c","virtualizationSystem":"","total":8589934592,"available":2245607424,"usedPercent":73.8576889038086,"diskIO":[{"name":"disk0","ioTime":1301154,"weightedIO":0}],"cpu":[{"cpu":"cpu0","user":3909.265625,"system":2218.3046875,"idle":15125.65625,"nice":0,"iowait":0,"irq":0,"softirq":0,"steal":0,"guest":0,"guestNice":0,"stolen":0},{"cpu":"cpu1","user":2373.78125,"system":969.9453125,"idle":17908.6796875,"nice":0,"iowait":0,"irq":0,"softirq":0,"steal":0,"guest":0,"guestNice":0,"stolen":0},{"cpu":"cpu2","user":3793.3203125,"system":1950.421875,"idle":15508.671875,"nice":0,"iowait":0,"irq":0,"softirq":0,"steal":0,"guest":0,"guestNice":0,"stolen":0},{"cpu":"cpu3","user":2408.4140625,"system":982.9765625,"idle":17861.0234375,"nice":0,"iowait":0,"irq":0,"softirq":0,"steal":0,"guest":0,"guestNice":0,"stolen":0}],"time":"2018-02-19 12:19:26.332565 +0900 JST m=+2275.567169622","errorInfo":null}
[Info]2018/02/19 12:19:26 acsessd /api/status.json
[Info]2018/02/19 12:19:26 {"hostname":"ksc-1x-dhcp-172-29-194-195.kwansei.ac.jp","hostid":"18d901f1-4a03-3ff1-ae34-c26b2732f13c","virtualizationSystem":"","total":8589934592,"available":2237403136,"usedPercent":73.95319938659668,"diskIO":[{"name":"disk0","ioTime":1301154,"weightedIO":0}],"cpu":[{"cpu":"cpu0","user":3909.46875,"system":2218.328125,"idle":15125.8203125,"nice":0,"iowait":0,"irq":0,"softirq":0,"steal":0,"guest":0,"guestNice":0,"stolen":0},{"cpu":"cpu1","user":2373.8359375,"system":969.9609375,"idle":17909,"nice":0,"iowait":0,"irq":0,"softirq":0,"steal":0,"guest":0,"guestNice":0,"stolen":0},{"cpu":"cpu2","user":3793.5546875,"system":1950.4453125,"idle":15508.796875,"nice":0,"iowait":0,"irq":0,"softirq":0,"steal":0,"guest":0,"guestNice":0,"stolen":0},{"cpu":"cpu3","user":2408.46875,"system":982.9921875,"idle":17861.3359375,"nice":0,"iowait":0,"irq":0,"softirq":0,"steal":0,"guest":0,"guestNice":0,"stolen":0}],"time":"2018-02-19 12:19:26.835818 +0900 JST m=+2276.070422244","errorInfo":null}
[Info]2018/02/19 12:19:27 acsessd /api/status.json
[Info]2018/02/19 12:19:27 {"hostname":"ksc-1x-dhcp-172-29-194-195.kwansei.ac.jp","hostid":"18d901f1-4a03-3ff1-ae34-c26b2732f13c","virtualizationSystem":"","total":8589934592,"available":2241695744,"usedPercent":73.90322685241699,"diskIO":[{"name":"disk0","ioTime":1301179,"weightedIO":0}],"cpu":[{"cpu":"cpu0","user":3909.703125,"system":2218.3671875,"idle":15125.9453125,"nice":0,"iowait":0,"irq":0,"softirq":0,"steal":0,"guest":0,"guestNice":0,"stolen":0},{"cpu":"cpu1","user":2373.9140625,"system":969.9921875,"idle":17909.296875,"nice":0,"iowait":0,"irq":0,"softirq":0,"steal":0,"guest":0,"guestNice":0,"stolen":0},{"cpu":"cpu2","user":3793.7890625,"system":1950.484375,"idle":15508.9453125,"nice":0,"iowait":0,"irq":0,"softirq":0,"steal":0,"guest":0,"guestNice":0,"stolen":0},{"cpu":"cpu3","user":2408.5703125,"system":983.0234375,"idle":17861.609375,"nice":0,"iowait":0,"irq":0,"softirq":0,"steal":0,"guest":0,"guestNice":0,"stolen":0}],"time":"2018-02-19 12:19:27.35734 +0900 JST m=+2276.591943164","errorInfo":null}
[Info]2018/02/19 12:19:27 acsessd /api/status.json
[Info]2018/02/19 12:19:27 {"hostname":"ksc-1x-dhcp-172-29-194-195.kwansei.ac.jp","hostid":"18d901f1-4a03-3ff1-ae34-c26b2732f13c","virtualizationSystem":"","total":8589934592,"available":2239270912,"usedPercent":73.93145561218262,"diskIO":[{"name":"disk0","ioTime":1301180,"weightedIO":0}],"cpu":[{"cpu":"cpu0","user":3909.8984375,"system":2218.4140625,"idle":15126.0859375,"nice":0,"iowait":0,"irq":0,"softirq":0,"steal":0,"guest":0,"guestNice":0,"stolen":0},{"cpu":"cpu1","user":2373.9609375,"system":970.0078125,"idle":17909.609375,"nice":0,"iowait":0,"irq":0,"softirq":0,"steal":0,"guest":0,"guestNice":0,"stolen":0},{"cpu":"cpu2","user":3793.96875,"system":1950.5,"idle":15509.109375,"nice":0,"iowait":0,"irq":0,"softirq":0,"steal":0,"guest":0,"guestNice":0,"stolen":0},{"cpu":"cpu3","user":2408.6328125,"system":983.03125,"idle":17861.90625,"nice":0,"iowait":0,"irq":0,"softirq":0,"steal":0,"guest":0,"guestNice":0,"stolen":0}],"time":"2018-02-19 12:19:27.83323 +0900 JST m=+2277.067831933","errorInfo":null}
[Info]2018/02/19 12:19:28 acsessd /api/status.json
[Info]2018/02/19 12:19:28 {"hostname":"ksc-1x-dhcp-172-29-194-195.kwansei.ac.jp","hostid":"18d901f1-4a03-3ff1-ae34-c26b2732f13c","virtualizationSystem":"","total":8589934592,"available":2236940288,"usedPercent":73.95858764648438,"diskIO":[{"name":"disk0","ioTime":1301180,"weightedIO":0}],"cpu":[{"cpu":"cpu0","user":3910.1484375,"system":2218.4453125,"idle":15126.1953125,"nice":0,"iowait":0,"irq":0,"softirq":0,"steal":0,"guest":0,"guestNice":0,"stolen":0},{"cpu":"cpu1","user":2373.9921875,"system":970.015625,"idle":17909.96875,"nice":0,"iowait":0,"irq":0,"softirq":0,"steal":0,"guest":0,"guestNice":0,"stolen":0},{"cpu":"cpu2","user":3794.1328125,"system":1950.5078125,"idle":15509.34375,"nice":0,"iowait":0,"irq":0,"softirq":0,"steal":0,"guest":0,"guestNice":0,"stolen":0},{"cpu":"cpu3","user":2408.6484375,"system":983.0390625,"idle":17862.2890625,"nice":0,"iowait":0,"irq":0,"softirq":0,"steal":0,"guest":0,"guestNice":0,"stolen":0}],"time":"2018-02-19 12:19:28.341692 +0900 JST m=+2277.576293685","errorInfo":null}
[Info]2018/02/19 12:19:28 acsessd /api/status.json
[Info]2018/02/19 12:19:28 {"hostname":"ksc-1x-dhcp-172-29-194-195.kwansei.ac.jp","hostid":"18d901f1-4a03-3ff1-ae34-c26b2732f13c","virtualizationSystem":"","total":8589934592,"available":2237145088,"usedPercent":73.95620346069336,"diskIO":[{"name":"disk0","ioTime":1301180,"weightedIO":0}],"cpu":[{"cpu":"cpu0","user":3910.2734375,"system":2218.46875,"idle":15126.4453125,"nice":0,"iowait":0,"irq":0,"softirq":0,"steal":0,"guest":0,"guestNice":0,"stolen":0},{"cpu":"cpu1","user":2374,"system":970.03125,"idle":17910.3359375,"nice":0,"iowait":0,"irq":0,"softirq":0,"steal":0,"guest":0,"guestNice":0,"stolen":0},{"cpu":"cpu2","user":3794.4296875,"system":1950.5078125,"idle":15509.4375,"nice":0,"iowait":0,"irq":0,"softirq":0,"steal":0,"guest":0,"guestNice":0,"stolen":0},{"cpu":"cpu3","user":2408.671875,"system":983.046875,"idle":17862.65625,"nice":0,"iowait":0,"irq":0,"softirq":0,"steal":0,"guest":0,"guestNice":0,"stolen":0}],"time":"2018-02-19 12:19:28.84671 +0900 JST m=+2278.081310303","errorInfo":null}
[Info]2018/02/19 12:19:29 acsessd /api/status.json
[Info]2018/02/19 12:19:29 {"hostname":"ksc-1x-dhcp-172-29-194-195.kwansei.ac.jp","hostid":"18d901f1-4a03-3ff1-ae34-c26b2732f13c","virtualizationSystem":"","total":8589934592,"available":2236973056,"usedPercent":73.95820617675781,"diskIO":[{"name":"disk0","ioTime":1301180,"weightedIO":0}],"cpu":[{"cpu":"cpu0","user":3910.5703125,"system":2218.484375,"idle":15126.515625,"nice":0,"iowait":0,"irq":0,"softirq":0,"steal":0,"guest":0,"guestNice":0,"stolen":0},{"cpu":"cpu1","user":2374.0234375,"system":970.046875,"idle":17910.6953125,"nice":0,"iowait":0,"irq":0,"softirq":0,"steal":0,"guest":0,"guestNice":0,"stolen":0},{"cpu":"cpu2","user":3794.5703125,"system":1950.5390625,"idle":15509.6640625,"nice":0,"iowait":0,"irq":0,"softirq":0,"steal":0,"guest":0,"guestNice":0,"stolen":0},{"cpu":"cpu3","user":2408.6953125,"system":983.078125,"idle":17862.9921875,"nice":0,"iowait":0,"irq":0,"softirq":0,"steal":0,"guest":0,"guestNice":0,"stolen":0}],"time":"2018-02-19 12:19:29.350325 +0900 JST m=+2278.584924544","errorInfo":null}
[Info]2018/02/19 12:19:29 acsessd /api/status.json
[Info]2018/02/19 12:19:29 {"hostname":"ksc-1x-dhcp-172-29-194-195.kwansei.ac.jp","hostid":"18d901f1-4a03-3ff1-ae34-c26b2732f13c","virtualizationSystem":"","total":8589934592,"available":2244640768,"usedPercent":73.86894226074219,"diskIO":[{"name":"disk0","ioTime":1301180,"weightedIO":0}],"cpu":[{"cpu":"cpu0","user":3910.828125,"system":2218.5390625,"idle":15126.625,"nice":0,"iowait":0,"irq":0,"softirq":0,"steal":0,"guest":0,"guestNice":0,"stolen":0},{"cpu":"cpu1","user":2374.09375,"system":970.078125,"idle":17911.0078125,"nice":0,"iowait":0,"irq":0,"softirq":0,"steal":0,"guest":0,"guestNice":0,"stolen":0},{"cpu":"cpu2","user":3794.828125,"system":1950.59375,"idle":15509.7578125,"nice":0,"iowait":0,"irq":0,"softirq":0,"steal":0,"guest":0,"guestNice":0,"stolen":0},{"cpu":"cpu3","user":2408.7578125,"system":983.109375,"idle":17863.3125,"nice":0,"iowait":0,"irq":0,"softirq":0,"steal":0,"guest":0,"guestNice":0,"stolen":0}],"time":"2018-02-19 12:19:29.874252 +0900 JST m=+2279.108850156","errorInfo":null}
[Info]2018/02/19 12:19:30 acsessd /api/status.json
[Info]2018/02/19 12:19:30 {"hostname":"ksc-1x-dhcp-172-29-194-195.kwansei.ac.jp","hostid":"18d901f1-4a03-3ff1-ae34-c26b2732f13c","virtualizationSystem":"","total":8589934592,"available":2255556608,"usedPercent":73.74186515808105,"diskIO":[{"name":"disk0","ioTime":1301180,"weightedIO":0}],"cpu":[{"cpu":"cpu0","user":3911.0859375,"system":2218.578125,"idle":15126.71875,"nice":0,"iowait":0,"irq":0,"softirq":0,"steal":0,"guest":0,"guestNice":0,"stolen":0},{"cpu":"cpu1","user":2374.1953125,"system":970.1171875,"idle":17911.2578125,"nice":0,"iowait":0,"irq":0,"softirq":0,"steal":0,"guest":0,"guestNice":0,"stolen":0},{"cpu":"cpu2","user":3795.0625,"system":1950.65625,"idle":15509.8515625,"nice":0,"iowait":0,"irq":0,"softirq":0,"steal":0,"guest":0,"guestNice":0,"stolen":0},{"cpu":"cpu3","user":2408.8828125,"system":983.1484375,"idle":17863.5390625,"nice":0,"iowait":0,"irq":0,"softirq":0,"steal":0,"guest":0,"guestNice":0,"stolen":0}],"time":"2018-02-19 12:19:30.379531 +0900 JST m=+2279.614128345","errorInfo":null}
[Info]2018/02/19 12:19:30 acsessd /api/status.json
[Info]2018/02/19 12:19:30 {"hostname":"ksc-1x-dhcp-172-29-194-195.kwansei.ac.jp","hostid":"18d901f1-4a03-3ff1-ae34-c26b2732f13c","virtualizationSystem":"","total":8589934592,"available":2250960896,"usedPercent":73.79536628723145,"diskIO":[{"name":"disk0","ioTime":1301180,"weightedIO":0}],"cpu":[{"cpu":"cpu0","user":3911.2890625,"system":2218.609375,"idle":15126.859375,"nice":0,"iowait":0,"irq":0,"softirq":0,"steal":0,"guest":0,"guestNice":0,"stolen":0},{"cpu":"cpu1","user":2374.2734375,"system":970.140625,"idle":17911.53125,"nice":0,"iowait":0,"irq":0,"softirq":0,"steal":0,"guest":0,"guestNice":0,"stolen":0},{"cpu":"cpu2","user":3795.2734375,"system":1950.6875,"idle":15509.984375,"nice":0,"iowait":0,"irq":0,"softirq":0,"steal":0,"guest":0,"guestNice":0,"stolen":0},{"cpu":"cpu3","user":2408.953125,"system":983.1640625,"idle":17863.8203125,"nice":0,"iowait":0,"irq":0,"softirq":0,"steal":0,"guest":0,"guestNice":0,"stolen":0}],"time":"2018-02-19 12:19:30.854165 +0900 JST m=+2280.088760915","errorInfo":null}
[Info]2018/02/19 12:19:31 acsessd /api/status.json
[Info]2018/02/19 12:19:31 {"hostname":"ksc-1x-dhcp-172-29-194-195.kwansei.ac.jp","hostid":"18d901f1-4a03-3ff1-ae34-c26b2732f13c","virtualizationSystem":"","total":8589934592,"available":2244222976,"usedPercent":73.87380599975586,"diskIO":[{"name":"disk0","ioTime":1301189,"weightedIO":0}],"cpu":[{"cpu":"cpu0","user":3911.53125,"system":2218.640625,"idle":15126.9765625,"nice":0,"iowait":0,"irq":0,"softirq":0,"steal":0,"guest":0,"guestNice":0,"stolen":0},{"cpu":"cpu1","user":2374.34375,"system":970.15625,"idle":17911.84375,"nice":0,"iowait":0,"irq":0,"softirq":0,"steal":0,"guest":0,"guestNice":0,"stolen":0},{"cpu":"cpu2","user":3795.4765625,"system":1950.7109375,"idle":15510.1484375,"nice":0,"iowait":0,"irq":0,"softirq":0,"steal":0,"guest":0,"guestNice":0,"stolen":0},{"cpu":"cpu3","user":2409.0234375,"system":983.1796875,"idle":17864.1328125,"nice":0,"iowait":0,"irq":0,"softirq":0,"steal":0,"guest":0,"guestNice":0,"stolen":0}],"time":"2018-02-19 12:19:31.362834 +0900 JST m=+2280.597429013","errorInfo":null}
[Info]2018/02/19 12:19:31 acsessd /api/status.json
[Info]2018/02/19 12:19:31 {"hostname":"ksc-1x-dhcp-172-29-194-195.kwansei.ac.jp","hostid":"18d901f1-4a03-3ff1-ae34-c26b2732f13c","virtualizationSystem":"","total":8589934592,"available":2239078400,"usedPercent":73.93369674682617,"diskIO":[{"name":"disk0","ioTime":1301189,"weightedIO":0}],"cpu":[{"cpu":"cpu0","user":3911.7265625,"system":2218.671875,"idle":15127.140625,"nice":0,"iowait":0,"irq":0,"softirq":0,"steal":0,"guest":0,"guestNice":0,"stolen":0},{"cpu":"cpu1","user":2374.3515625,"system":970.1640625,"idle":17912.2109375,"nice":0,"iowait":0,"irq":0,"softirq":0,"steal":0,"guest":0,"guestNice":0,"stolen":0},{"cpu":"cpu2","user":3795.7109375,"system":1950.7109375,"idle":15510.3046875,"nice":0,"iowait":0,"irq":0,"softirq":0,"steal":0,"guest":0,"guestNice":0,"stolen":0},{"cpu":"cpu3","user":2409.03125,"system":983.1875,"idle":17864.5078125,"nice":0,"iowait":0,"irq":0,"softirq":0,"steal":0,"guest":0,"guestNice":0,"stolen":0}],"time":"2018-02-19 12:19:31.859343 +0900 JST m=+2281.093937171","errorInfo":null}
[Info]2018/02/19 12:19:32 acsessd /api/status.json
[Info]2018/02/19 12:19:32 {"hostname":"ksc-1x-dhcp-172-29-194-195.kwansei.ac.jp","hostid":"18d901f1-4a03-3ff1-ae34-c26b2732f13c","virtualizationSystem":"","total":8589934592,"available":2239709184,"usedPercent":73.92635345458984,"diskIO":[{"name":"disk0","ioTime":1301189,"weightedIO":0}],"cpu":[{"cpu":"cpu0","user":3911.9453125,"system":2218.6875,"idle":15127.296875,"nice":0,"iowait":0,"irq":0,"softirq":0,"steal":0,"guest":0,"guestNice":0,"stolen":0},{"cpu":"cpu1","user":2374.375,"system":970.171875,"idle":17912.578125,"nice":0,"iowait":0,"irq":0,"softirq":0,"steal":0,"guest":0,"guestNice":0,"stolen":0},{"cpu":"cpu2","user":3795.9140625,"system":1950.7265625,"idle":15510.484375,"nice":0,"iowait":0,"irq":0,"softirq":0,"steal":0,"guest":0,"guestNice":0,"stolen":0},{"cpu":"cpu3","user":2409.046875,"system":983.203125,"idle":17864.875,"nice":0,"iowait":0,"irq":0,"softirq":0,"steal":0,"guest":0,"guestNice":0,"stolen":0}],"time":"2018-02-19 12:19:32.361127 +0900 JST m=+2281.595720664","errorInfo":null}
[Info]2018/02/19 12:19:32 acsessd /api/status.json
[Info]2018/02/19 12:19:32 {"hostname":"ksc-1x-dhcp-172-29-194-195.kwansei.ac.jp","hostid":"18d901f1-4a03-3ff1-ae34-c26b2732f13c","virtualizationSystem":"","total":8589934592,"available":2239418368,"usedPercent":73.92973899841309,"diskIO":[{"name":"disk0","ioTime":1301189,"weightedIO":0}],"cpu":[{"cpu":"cpu0","user":3912.3125,"system":2218.6875,"idle":15127.3203125,"nice":0,"iowait":0,"irq":0,"softirq":0,"steal":0,"guest":0,"guestNice":0,"stolen":0},{"cpu":"cpu1","user":2374.390625,"system":970.171875,"idle":17912.9453125,"nice":0,"iowait":0,"irq":0,"softirq":0,"steal":0,"guest":0,"guestNice":0,"stolen":0},{"cpu":"cpu2","user":3795.953125,"system":1950.75,"idle":15510.8125,"nice":0,"iowait":0,"irq":0,"softirq":0,"steal":0,"guest":0,"guestNice":0,"stolen":0},{"cpu":"cpu3","user":2409.0625,"system":983.21875,"idle":17865.2265625,"nice":0,"iowait":0,"irq":0,"softirq":0,"steal":0,"guest":0,"guestNice":0,"stolen":0}],"time":"2018-02-19 12:19:32.862715 +0900 JST m=+2282.097307717","errorInfo":null}
[Info]2018/02/19 12:19:33 acsessd /api/status.json
[Info]2018/02/19 12:19:33 {"hostname":"ksc-1x-dhcp-172-29-194-195.kwansei.ac.jp","hostid":"18d901f1-4a03-3ff1-ae34-c26b2732f13c","virtualizationSystem":"","total":8589934592,"available":2230628352,"usedPercent":74.03206825256348,"diskIO":[{"name":"disk0","ioTime":1301211,"weightedIO":0}],"cpu":[{"cpu":"cpu0","user":3912.5078125,"system":2218.765625,"idle":15127.4609375,"nice":0,"iowait":0,"irq":0,"softirq":0,"steal":0,"guest":0,"guestNice":0,"stolen":0},{"cpu":"cpu1","user":2374.46875,"system":970.2265625,"idle":17913.234375,"nice":0,"iowait":0,"irq":0,"softirq":0,"steal":0,"guest":0,"guestNice":0,"stolen":0},{"cpu":"cpu2","user":3796.2890625,"system":1950.7734375,"idle":15510.859375,"nice":0,"iowait":0,"irq":0,"softirq":0,"steal":0,"guest":0,"guestNice":0,"stolen":0},{"cpu":"cpu3","user":2409.125,"system":983.2734375,"idle":17865.5234375,"nice":0,"iowait":0,"irq":0,"softirq":0,"steal":0,"guest":0,"guestNice":0,"stolen":0}],"time":"2018-02-19 12:19:33.394759 +0900 JST m=+2282.629350045","errorInfo":null}
[Info]2018/02/19 12:19:33 acsessd /api/status.json
[Info]2018/02/19 12:19:33 {"hostname":"ksc-1x-dhcp-172-29-194-195.kwansei.ac.jp","hostid":"18d901f1-4a03-3ff1-ae34-c26b2732f13c","virtualizationSystem":"","total":8589934592,"available":2230595584,"usedPercent":74.03244972229004,"diskIO":[{"name":"disk0","ioTime":1301211,"weightedIO":0}],"cpu":[{"cpu":"cpu0","user":3912.6796875,"system":2218.8203125,"idle":15127.609375,"nice":0,"iowait":0,"irq":0,"softirq":0,"steal":0,"guest":0,"guestNice":0,"stolen":0},{"cpu":"cpu1","user":2374.53125,"system":970.2578125,"idle":17913.5078125,"nice":0,"iowait":0,"irq":0,"softirq":0,"steal":0,"guest":0,"guestNice":0,"stolen":0},{"cpu":"cpu2","user":3796.4453125,"system":1950.8359375,"idle":15511.015625,"nice":0,"iowait":0,"irq":0,"softirq":0,"steal":0,"guest":0,"guestNice":0,"stolen":0},{"cpu":"cpu3","user":2409.1953125,"system":983.3046875,"idle":17865.796875,"nice":0,"iowait":0,"irq":0,"softirq":0,"steal":0,"guest":0,"guestNice":0,"stolen":0}],"time":"2018-02-19 12:19:33.869839 +0900 JST m=+2283.104429622","errorInfo":null}
[Info]2018/02/19 12:19:34 acsessd /api/status.json
[Info]2018/02/19 12:19:34 {"hostname":"ksc-1x-dhcp-172-29-194-195.kwansei.ac.jp","hostid":"18d901f1-4a03-3ff1-ae34-c26b2732f13c","virtualizationSystem":"","total":8589934592,"available":2223538176,"usedPercent":74.11460876464844,"diskIO":[{"name":"disk0","ioTime":1301211,"weightedIO":0}],"cpu":[{"cpu":"cpu0","user":3912.953125,"system":2218.8671875,"idle":15127.6953125,"nice":0,"iowait":0,"irq":0,"softirq":0,"steal":0,"guest":0,"guestNice":0,"stolen":0},{"cpu":"cpu1","user":2374.6953125,"system":970.2890625,"idle":17913.7265625,"nice":0,"iowait":0,"irq":0,"softirq":0,"steal":0,"guest":0,"guestNice":0,"stolen":0},{"cpu":"cpu2","user":3796.703125,"system":1950.8828125,"idle":15511.125,"nice":0,"iowait":0,"irq":0,"softirq":0,"steal":0,"guest":0,"guestNice":0,"stolen":0},{"cpu":"cpu3","user":2409.359375,"system":983.34375,"idle":17866,"nice":0,"iowait":0,"irq":0,"softirq":0,"steal":0,"guest":0,"guestNice":0,"stolen":0}],"time":"2018-02-19 12:19:34.390052 +0900 JST m=+2283.624641966","errorInfo":null}
[Info]2018/02/19 12:19:34 acsessd /api/status.json
[Info]2018/02/19 12:19:34 {"hostname":"ksc-1x-dhcp-172-29-194-195.kwansei.ac.jp","hostid":"18d901f1-4a03-3ff1-ae34-c26b2732f13c","virtualizationSystem":"","total":8589934592,"available":2223767552,"usedPercent":74.1119384765625,"diskIO":[{"name":"disk0","ioTime":1301211,"weightedIO":0}],"cpu":[{"cpu":"cpu0","user":3913.1640625,"system":2218.8828125,"idle":15127.84375,"nice":0,"iowait":0,"irq":0,"softirq":0,"steal":0,"guest":0,"guestNice":0,"stolen":0},{"cpu":"cpu1","user":2374.71875,"system":970.296875,"idle":17914.0703125,"nice":0,"iowait":0,"irq":0,"softirq":0,"steal":0,"guest":0,"guestNice":0,"stolen":0},{"cpu":"cpu2","user":3796.875,"system":1950.9140625,"idle":15511.2890625,"nice":0,"iowait":0,"irq":0,"softirq":0,"steal":0,"guest":0,"guestNice":0,"stolen":0},{"cpu":"cpu3","user":2409.3828125,"system":983.3515625,"idle":17866.3515625,"nice":0,"iowait":0,"irq":0,"softirq":0,"steal":0,"guest":0,"guestNice":0,"stolen":0}],"time":"2018-02-19 12:19:34.874619 +0900 JST m=+2284.109208060","errorInfo":null}
[Info]2018/02/19 12:19:35 acsessd /api/status.json
[Info]2018/02/19 12:19:35 {"hostname":"ksc-1x-dhcp-172-29-194-195.kwansei.ac.jp","hostid":"18d901f1-4a03-3ff1-ae34-c26b2732f13c","virtualizationSystem":"","total":8589934592,"available":2221981696,"usedPercent":74.13272857666016,"diskIO":[{"name":"disk0","ioTime":1301211,"weightedIO":0}],"cpu":[{"cpu":"cpu0","user":3913.390625,"system":2218.890625,"idle":15128.0078125,"nice":0,"iowait":0,"irq":0,"softirq":0,"steal":0,"guest":0,"guestNice":0,"stolen":0},{"cpu":"cpu1","user":2374.75,"system":970.3046875,"idle":17914.421875,"nice":0,"iowait":0,"irq":0,"softirq":0,"steal":0,"guest":0,"guestNice":0,"stolen":0},{"cpu":"cpu2","user":3797.0546875,"system":1950.9453125,"idle":15511.484375,"nice":0,"iowait":0,"irq":0,"softirq":0,"steal":0,"guest":0,"guestNice":0,"stolen":0},{"cpu":"cpu3","user":2409.40625,"system":983.3671875,"idle":17866.703125,"nice":0,"iowait":0,"irq":0,"softirq":0,"steal":0,"guest":0,"guestNice":0,"stolen":0}],"time":"2018-02-19 12:19:35.377675 +0900 JST m=+2284.612263063","errorInfo":null}
[Info]2018/02/19 12:19:35 acsessd /api/status.json
[Info]2018/02/19 12:19:35 {"hostname":"ksc-1x-dhcp-172-29-194-195.kwansei.ac.jp","hostid":"18d901f1-4a03-3ff1-ae34-c26b2732f13c","virtualizationSystem":"","total":8589934592,"available":2221690880,"usedPercent":74.1361141204834,"diskIO":[{"name":"disk0","ioTime":1301211,"weightedIO":0}],"cpu":[{"cpu":"cpu0","user":3913.4921875,"system":2218.8984375,"idle":15128.2890625,"nice":0,"iowait":0,"irq":0,"softirq":0,"steal":0,"guest":0,"guestNice":0,"stolen":0},{"cpu":"cpu1","user":2374.78125,"system":970.3125,"idle":17914.7734375,"nice":0,"iowait":0,"irq":0,"softirq":0,"steal":0,"guest":0,"guestNice":0,"stolen":0},{"cpu":"cpu2","user":3797.359375,"system":1950.953125,"idle":15511.5546875,"nice":0,"iowait":0,"irq":0,"softirq":0,"steal":0,"guest":0,"guestNice":0,"stolen":0},{"cpu":"cpu3","user":2409.4140625,"system":983.3828125,"idle":17867.0625,"nice":0,"iowait":0,"irq":0,"softirq":0,"steal":0,"guest":0,"guestNice":0,"stolen":0}],"time":"2018-02-19 12:19:35.879117 +0900 JST m=+2285.113703932","errorInfo":null}
[Info]2018/02/19 12:19:36 acsessd /api/status.json
[Info]2018/02/19 12:19:36 {"hostname":"ksc-1x-dhcp-172-29-194-195.kwansei.ac.jp","hostid":"18d901f1-4a03-3ff1-ae34-c26b2732f13c","virtualizationSystem":"","total":8589934592,"available":2221973504,"usedPercent":74.1328239440918,"diskIO":[{"name":"disk0","ioTime":1301211,"weightedIO":0}],"cpu":[{"cpu":"cpu0","user":3913.8046875,"system":2218.9140625,"idle":15128.359375,"nice":0,"iowait":0,"irq":0,"softirq":0,"steal":0,"guest":0,"guestNice":0,"stolen":0},{"cpu":"cpu1","user":2374.8046875,"system":970.328125,"idle":17915.125,"nice":0,"iowait":0,"irq":0,"softirq":0,"steal":0,"guest":0,"guestNice":0,"stolen":0},{"cpu":"cpu2","user":3797.4609375,"system":1950.9609375,"idle":15511.84375,"nice":0,"iowait":0,"irq":0,"softirq":0,"steal":0,"guest":0,"guestNice":0,"stolen":0},{"cpu":"cpu3","user":2409.453125,"system":983.3984375,"idle":17867.40625,"nice":0,"iowait":0,"irq":0,"softirq":0,"steal":0,"guest":0,"guestNice":0,"stolen":0}],"time":"2018-02-19 12:19:36.38599 +0900 JST m=+2285.620576097","errorInfo":null}
[Info]2018/02/19 12:19:36 acsessd /api/status.json
[Info]2018/02/19 12:19:36 {"hostname":"ksc-1x-dhcp-172-29-194-195.kwansei.ac.jp","hostid":"18d901f1-4a03-3ff1-ae34-c26b2732f13c","virtualizationSystem":"","total":8589934592,"available":2216235008,"usedPercent":74.19962882995605,"diskIO":[{"name":"disk0","ioTime":1301211,"weightedIO":0}],"cpu":[{"cpu":"cpu0","user":3914.0234375,"system":2218.9296875,"idle":15128.53125,"nice":0,"iowait":0,"irq":0,"softirq":0,"steal":0,"guest":0,"guestNice":0,"stolen":0},{"cpu":"cpu1","user":2374.8515625,"system":970.3515625,"idle":17915.4609375,"nice":0,"iowait":0,"irq":0,"softirq":0,"steal":0,"guest":0,"guestNice":0,"stolen":0},{"cpu":"cpu2","user":3797.75,"system":1950.96875,"idle":15511.953125,"nice":0,"iowait":0,"irq":0,"softirq":0,"steal":0,"guest":0,"guestNice":0,"stolen":0},{"cpu":"cpu3","user":2409.5,"system":983.4296875,"idle":17867.734375,"nice":0,"iowait":0,"irq":0,"softirq":0,"steal":0,"guest":0,"guestNice":0,"stolen":0}],"time":"2018-02-19 12:19:36.905128 +0900 JST m=+2286.139712410","errorInfo":null}
[Info]2018/02/19 12:19:37 acsessd /api/status.json
[Info]2018/02/19 12:19:37 {"hostname":"ksc-1x-dhcp-172-29-194-195.kwansei.ac.jp","hostid":"18d901f1-4a03-3ff1-ae34-c26b2732f13c","virtualizationSystem":"","total":8589934592,"available":2232111104,"usedPercent":74.01480674743652,"diskIO":[{"name":"disk0","ioTime":1301219,"weightedIO":0}],"cpu":[{"cpu":"cpu0","user":3914.25,"system":2219.0234375,"idle":15128.609375,"nice":0,"iowait":0,"irq":0,"softirq":0,"steal":0,"guest":0,"guestNice":0,"stolen":0},{"cpu":"cpu1","user":2374.921875,"system":970.40625,"idle":17915.7421875,"nice":0,"iowait":0,"irq":0,"softirq":0,"steal":0,"guest":0,"guestNice":0,"stolen":0},{"cpu":"cpu2","user":3797.9765625,"system":1951.0703125,"idle":15512.03125,"nice":0,"iowait":0,"irq":0,"softirq":0,"steal":0,"guest":0,"guestNice":0,"stolen":0},{"cpu":"cpu3","user":2409.609375,"system":983.46875,"idle":17868,"nice":0,"iowait":0,"irq":0,"softirq":0,"steal":0,"guest":0,"guestNice":0,"stolen":0}],"time":"2018-02-19 12:19:37.42686 +0900 JST m=+2286.661443910","errorInfo":null}
[Info]2018/02/19 12:19:37 acsessd /api/status.json
[Info]2018/02/19 12:19:37 {"hostname":"ksc-1x-dhcp-172-29-194-195.kwansei.ac.jp","hostid":"18d901f1-4a03-3ff1-ae34-c26b2732f13c","virtualizationSystem":"","total":8589934592,"available":2231992320,"usedPercent":74.01618957519531,"diskIO":[{"name":"disk0","ioTime":1301219,"weightedIO":0}],"cpu":[{"cpu":"cpu0","user":3914.421875,"system":2219.0859375,"idle":15128.75,"nice":0,"iowait":0,"irq":0,"softirq":0,"steal":0,"guest":0,"guestNice":0,"stolen":0},{"cpu":"cpu1","user":2375,"system":970.4375,"idle":17916,"nice":0,"iowait":0,"irq":0,"softirq":0,"steal":0,"guest":0,"guestNice":0,"stolen":0},{"cpu":"cpu2","user":3798.1328125,"system":1951.125,"idle":15512.1796875,"nice":0,"iowait":0,"irq":0,"softirq":0,"steal":0,"guest":0,"guestNice":0,"stolen":0},{"cpu":"cpu3","user":2409.671875,"system":983.5,"idle":17868.2734375,"nice":0,"iowait":0,"irq":0,"softirq":0,"steal":0,"guest":0,"guestNice":0,"stolen":0}],"time":"2018-02-19 12:19:37.89626 +0900 JST m=+2287.130842710","errorInfo":null}
[Info]2018/02/19 12:19:38 acsessd /api/status.json
[Info]2018/02/19 12:19:38 {"hostname":"ksc-1x-dhcp-172-29-194-195.kwansei.ac.jp","hostid":"18d901f1-4a03-3ff1-ae34-c26b2732f13c","virtualizationSystem":"","total":8589934592,"available":2226442240,"usedPercent":74.08080101013184,"diskIO":[{"name":"disk0","ioTime":1301219,"weightedIO":0}],"cpu":[{"cpu":"cpu0","user":3914.6796875,"system":2219.125,"idle":15128.859375,"nice":0,"iowait":0,"irq":0,"softirq":0,"steal":0,"guest":0,"guestNice":0,"stolen":0},{"cpu":"cpu1","user":2375.0859375,"system":970.46875,"idle":17916.2890625,"nice":0,"iowait":0,"irq":0,"softirq":0,"steal":0,"guest":0,"guestNice":0,"stolen":0},{"cpu":"cpu2","user":3798.390625,"system":1951.1875,"idle":15512.2734375,"nice":0,"iowait":0,"irq":0,"softirq":0,"steal":0,"guest":0,"guestNice":0,"stolen":0},{"cpu":"cpu3","user":2409.7421875,"system":983.5390625,"idle":17868.578125,"nice":0,"iowait":0,"irq":0,"softirq":0,"steal":0,"guest":0,"guestNice":0,"stolen":0}],"time":"2018-02-19 12:19:38.421286 +0900 JST m=+2287.655868112","errorInfo":null}
[Info]2018/02/19 12:19:38 acsessd /api/status.json
[Info]2018/02/19 12:19:38 {"hostname":"ksc-1x-dhcp-172-29-194-195.kwansei.ac.jp","hostid":"18d901f1-4a03-3ff1-ae34-c26b2732f13c","virtualizationSystem":"","total":8589934592,"available":2223824896,"usedPercent":74.11127090454102,"diskIO":[{"name":"disk0","ioTime":1301219,"weightedIO":0}],"cpu":[{"cpu":"cpu0","user":3914.9375,"system":2219.1875,"idle":15128.921875,"nice":0,"iowait":0,"irq":0,"softirq":0,"steal":0,"guest":0,"guestNice":0,"stolen":0},{"cpu":"cpu1","user":2375.140625,"system":970.5234375,"idle":17916.5703125,"nice":0,"iowait":0,"irq":0,"softirq":0,"steal":0,"guest":0,"guestNice":0,"stolen":0},{"cpu":"cpu2","user":3798.5625,"system":1951.25,"idle":15512.421875,"nice":0,"iowait":0,"irq":0,"softirq":0,"steal":0,"guest":0,"guestNice":0,"stolen":0},{"cpu":"cpu3","user":2409.7890625,"system":983.5703125,"idle":17868.8671875,"nice":0,"iowait":0,"irq":0,"softirq":0,"steal":0,"guest":0,"guestNice":0,"stolen":0}],"time":"2018-02-19 12:19:38.905158 +0900 JST m=+2288.139739371","errorInfo":null}
[Info]2018/02/19 12:19:39 acsessd /api/status.json
[Info]2018/02/19 12:19:39 {"hostname":"ksc-1x-dhcp-172-29-194-195.kwansei.ac.jp","hostid":"18d901f1-4a03-3ff1-ae34-c26b2732f13c","virtualizationSystem":"","total":8589934592,"available":2223824896,"usedPercent":74.11127090454102,"diskIO":[{"name":"disk0","ioTime":1301219,"weightedIO":0}],"cpu":[{"cpu":"cpu0","user":3915.046875,"system":2219.28125,"idle":15129.109375,"nice":0,"iowait":0,"irq":0,"softirq":0,"steal":0,"guest":0,"guestNice":0,"stolen":0},{"cpu":"cpu1","user":2375.2109375,"system":970.5703125,"idle":17916.84375,"nice":0,"iowait":0,"irq":0,"softirq":0,"steal":0,"guest":0,"guestNice":0,"stolen":0},{"cpu":"cpu2","user":3798.875,"system":1951.2734375,"idle":15512.4765625,"nice":0,"iowait":0,"irq":0,"softirq":0,"steal":0,"guest":0,"guestNice":0,"stolen":0},{"cpu":"cpu3","user":2409.828125,"system":983.6171875,"idle":17869.171875,"nice":0,"iowait":0,"irq":0,"softirq":0,"steal":0,"guest":0,"guestNice":0,"stolen":0}],"time":"2018-02-19 12:19:39.405684 +0900 JST m=+2288.640264488","errorInfo":null}
[Info]2018/02/19 12:19:39 acsessd /api/status.json
[Info]2018/02/19 12:19:39 {"hostname":"ksc-1x-dhcp-172-29-194-195.kwansei.ac.jp","hostid":"18d901f1-4a03-3ff1-ae34-c26b2732f13c","virtualizationSystem":"","total":8589934592,"available":2223259648,"usedPercent":74.11785125732422,"diskIO":[{"name":"disk0","ioTime":1301219,"weightedIO":0}],"cpu":[{"cpu":"cpu0","user":3915.28125,"system":2219.34375,"idle":15129.21875,"nice":0,"iowait":0,"irq":0,"softirq":0,"steal":0,"guest":0,"guestNice":0,"stolen":0},{"cpu":"cpu1","user":2375.296875,"system":970.625,"idle":17917.1171875,"nice":0,"iowait":0,"irq":0,"softirq":0,"steal":0,"guest":0,"guestNice":0,"stolen":0},{"cpu":"cpu2","user":3799.1328125,"system":1951.3359375,"idle":15512.5703125,"nice":0,"iowait":0,"irq":0,"softirq":0,"steal":0,"guest":0,"guestNice":0,"stolen":0},{"cpu":"cpu3","user":2409.90625,"system":983.671875,"idle":17869.453125,"nice":0,"iowait":0,"irq":0,"softirq":0,"steal":0,"guest":0,"guestNice":0,"stolen":0}],"time":"2018-02-19 12:19:39.935183 +0900 JST m=+2289.169761231","errorInfo":null}
[Info]2018/02/19 12:19:40 acsessd /api/status.json
[Info]2018/02/19 12:19:40 {"hostname":"ksc-1x-dhcp-172-29-194-195.kwansei.ac.jp","hostid":"18d901f1-4a03-3ff1-ae34-c26b2732f13c","virtualizationSystem":"","total":8589934592,"available":2220769280,"usedPercent":74.14684295654297,"diskIO":[{"name":"disk0","ioTime":1301236,"weightedIO":0}],"cpu":[{"cpu":"cpu0","user":3915.5078125,"system":2219.40625,"idle":15129.3125,"nice":0,"iowait":0,"irq":0,"softirq":0,"steal":0,"guest":0,"guestNice":0,"stolen":0},{"cpu":"cpu1","user":2375.3828125,"system":970.6484375,"idle":17917.3828125,"nice":0,"iowait":0,"irq":0,"softirq":0,"steal":0,"guest":0,"guestNice":0,"stolen":0},{"cpu":"cpu2","user":3799.2890625,"system":1951.40625,"idle":15512.71875,"nice":0,"iowait":0,"irq":0,"softirq":0,"steal":0,"guest":0,"guestNice":0,"stolen":0},{"cpu":"cpu3","user":2409.9921875,"system":983.703125,"idle":17869.71875,"nice":0,"iowait":0,"irq":0,"softirq":0,"steal":0,"guest":0,"guestNice":0,"stolen":0}],"time":"2018-02-19 12:19:40.417276 +0900 JST m=+2289.651853721","errorInfo":null}
[Info]2018/02/19 12:19:40 acsessd /api/status.json
[Info]2018/02/19 12:19:40 {"hostname":"ksc-1x-dhcp-172-29-194-195.kwansei.ac.jp","hostid":"18d901f1-4a03-3ff1-ae34-c26b2732f13c","virtualizationSystem":"","total":8589934592,"available":2228166656,"usedPercent":74.06072616577148,"diskIO":[{"name":"disk0","ioTime":1301243,"weightedIO":0}],"cpu":[{"cpu":"cpu0","user":3915.8125,"system":2219.4375,"idle":15129.375,"nice":0,"iowait":0,"irq":0,"softirq":0,"steal":0,"guest":0,"guestNice":0,"stolen":0},{"cpu":"cpu1","user":2375.484375,"system":970.6796875,"idle":17917.6484375,"nice":0,"iowait":0,"irq":0,"softirq":0,"steal":0,"guest":0,"guestNice":0,"stolen":0},{"cpu":"cpu2","user":3799.5703125,"system":1951.4453125,"idle":15512.8046875,"nice":0,"iowait":0,"irq":0,"softirq":0,"steal":0,"guest":0,"guestNice":0,"stolen":0},{"cpu":"cpu3","user":2410.0859375,"system":983.734375,"idle":17869.9921875,"nice":0,"iowait":0,"irq":0,"softirq":0,"steal":0,"guest":0,"guestNice":0,"stolen":0}],"time":"2018-02-19 12:19:40.930914 +0900 JST m=+2290.165491046","errorInfo":null}
[Info]2018/02/19 12:19:41 acsessd /api/status.json
[Info]2018/02/19 12:19:41 {"hostname":"ksc-1x-dhcp-172-29-194-195.kwansei.ac.jp","hostid":"18d901f1-4a03-3ff1-ae34-c26b2732f13c","virtualizationSystem":"","total":8589934592,"available":2222710784,"usedPercent":74.12424087524414,"diskIO":[{"name":"disk0","ioTime":1301251,"weightedIO":0}],"cpu":[{"cpu":"cpu0","user":3916.0625,"system":2219.46875,"idle":15129.484375,"nice":0,"iowait":0,"irq":0,"softirq":0,"steal":0,"guest":0,"guestNice":0,"stolen":0},{"cpu":"cpu1","user":2375.546875,"system":970.6953125,"idle":17917.953125,"nice":0,"iowait":0,"irq":0,"softirq":0,"steal":0,"guest":0,"guestNice":0,"stolen":0},{"cpu":"cpu2","user":3799.8046875,"system":1951.4765625,"idle":15512.921875,"nice":0,"iowait":0,"irq":0,"softirq":0,"steal":0,"guest":0,"guestNice":0,"stolen":0},{"cpu":"cpu3","user":2410.1484375,"system":983.75,"idle":17870.2890625,"nice":0,"iowait":0,"irq":0,"softirq":0,"steal":0,"guest":0,"guestNice":0,"stolen":0}],"time":"2018-02-19 12:19:41.418087 +0900 JST m=+2290.652662662","errorInfo":null}
[Info]2018/02/19 12:19:41 acsessd /api/status.json
[Info]2018/02/19 12:19:41 {"hostname":"ksc-1x-dhcp-172-29-194-195.kwansei.ac.jp","hostid":"18d901f1-4a03-3ff1-ae34-c26b2732f13c","virtualizationSystem":"","total":8589934592,"available":2223108096,"usedPercent":74.11961555480957,"diskIO":[{"name":"disk0","ioTime":1301252,"weightedIO":0}],"cpu":[{"cpu":"cpu0","user":3916.2265625,"system":2219.5,"idle":15129.6640625,"nice":0,"iowait":0,"irq":0,"softirq":0,"steal":0,"guest":0,"guestNice":0,"stolen":0},{"cpu":"cpu1","user":2375.6015625,"system":970.7109375,"idle":17918.2734375,"nice":0,"iowait":0,"irq":0,"softirq":0,"steal":0,"guest":0,"guestNice":0,"stolen":0},{"cpu":"cpu2","user":3799.96875,"system":1951.5,"idle":15513.1171875,"nice":0,"iowait":0,"irq":0,"softirq":0,"steal":0,"guest":0,"guestNice":0,"stolen":0},{"cpu":"cpu3","user":2410.203125,"system":983.765625,"idle":17870.609375,"nice":0,"iowait":0,"irq":0,"softirq":0,"steal":0,"guest":0,"guestNice":0,"stolen":0}],"time":"2018-02-19 12:19:41.91378 +0900 JST m=+2291.148354753","errorInfo":null}
[Info]2018/02/19 12:19:42 acsessd /api/status.json
[Info]2018/02/19 12:19:42 {"hostname":"ksc-1x-dhcp-172-29-194-195.kwansei.ac.jp","hostid":"18d901f1-4a03-3ff1-ae34-c26b2732f13c","virtualizationSystem":"","total":8589934592,"available":2216824832,"usedPercent":74.19276237487793,"diskIO":[{"name":"disk0","ioTime":1301252,"weightedIO":0}],"cpu":[{"cpu":"cpu0","user":3916.484375,"system":2219.546875,"idle":15129.765625,"nice":0,"iowait":0,"irq":0,"softirq":0,"steal":0,"guest":0,"guestNice":0,"stolen":0},{"cpu":"cpu1","user":2375.671875,"system":970.734375,"idle":17918.5703125,"nice":0,"iowait":0,"irq":0,"softirq":0,"steal":0,"guest":0,"guestNice":0,"stolen":0},{"cpu":"cpu2","user":3800.1484375,"system":1951.515625,"idle":15513.3203125,"nice":0,"iowait":0,"irq":0,"softirq":0,"steal":0,"guest":0,"guestNice":0,"stolen":0},{"cpu":"cpu3","user":2410.2734375,"system":983.7890625,"idle":17870.9140625,"nice":0,"iowait":0,"irq":0,"softirq":0,"steal":0,"guest":0,"guestNice":0,"stolen":0}],"time":"2018-02-19 12:19:42.425543 +0900 JST m=+2291.660116993","errorInfo":null}
[Info]2018/02/19 12:19:42 acsessd /api/status.json
[Info]2018/02/19 12:19:43 {"hostname":"ksc-1x-dhcp-172-29-194-195.kwansei.ac.jp","hostid":"18d901f1-4a03-3ff1-ae34-c26b2732f13c","virtualizationSystem":"","total":8589934592,"available":2242084864,"usedPercent":73.89869689941406,"diskIO":[{"name":"disk0","ioTime":1301293,"weightedIO":0}],"cpu":[{"cpu":"cpu0","user":3916.765625,"system":2219.6796875,"idle":15129.796875,"nice":0,"iowait":0,"irq":0,"softirq":0,"steal":0,"guest":0,"guestNice":0,"stolen":0},{"cpu":"cpu1","user":2375.84375,"system":970.8828125,"idle":17918.7109375,"nice":0,"iowait":0,"irq":0,"softirq":0,"steal":0,"guest":0,"guestNice":0,"stolen":0},{"cpu":"cpu2","user":3800.4296875,"system":1951.640625,"idle":15513.3671875,"nice":0,"iowait":0,"irq":0,"softirq":0,"steal":0,"guest":0,"guestNice":0,"stolen":0},{"cpu":"cpu3","user":2410.4765625,"system":983.9296875,"idle":17871.03125,"nice":0,"iowait":0,"irq":0,"softirq":0,"steal":0,"guest":0,"guestNice":0,"stolen":0}],"time":"2018-02-19 12:19:43.004932 +0900 JST m=+2292.239504557","errorInfo":null}
[Info]2018/02/19 12:19:43 acsessd /api/status.json
[Info]2018/02/19 12:19:43 {"hostname":"ksc-1x-dhcp-172-29-194-195.kwansei.ac.jp","hostid":"18d901f1-4a03-3ff1-ae34-c26b2732f13c","virtualizationSystem":"","total":8589934592,"available":2242469888,"usedPercent":73.89421463012695,"diskIO":[{"name":"disk0","ioTime":1301300,"weightedIO":0}],"cpu":[{"cpu":"cpu0","user":3916.9609375,"system":2219.8125,"idle":15129.8359375,"nice":0,"iowait":0,"irq":0,"softirq":0,"steal":0,"guest":0,"guestNice":0,"stolen":0},{"cpu":"cpu1","user":2376.0078125,"system":970.9921875,"idle":17918.7890625,"nice":0,"iowait":0,"irq":0,"softirq":0,"steal":0,"guest":0,"guestNice":0,"stolen":0},{"cpu":"cpu2","user":3800.59375,"system":1951.796875,"idle":15513.4140625,"nice":0,"iowait":0,"irq":0,"softirq":0,"steal":0,"guest":0,"guestNice":0,"stolen":0},{"cpu":"cpu3","user":2410.6484375,"system":984.046875,"idle":17871.1015625,"nice":0,"iowait":0,"irq":0,"softirq":0,"steal":0,"guest":0,"guestNice":0,"stolen":0}],"time":"2018-02-19 12:19:43.466861 +0900 JST m=+2292.701432583","errorInfo":null}
[Info]2018/02/19 12:19:43 acsessd /api/status.json
[Info]2018/02/19 12:19:43 {"hostname":"ksc-1x-dhcp-172-29-194-195.kwansei.ac.jp","hostid":"18d901f1-4a03-3ff1-ae34-c26b2732f13c","virtualizationSystem":"","total":8589934592,"available":2242310144,"usedPercent":73.89607429504395,"diskIO":[{"name":"disk0","ioTime":1301300,"weightedIO":0}],"cpu":[{"cpu":"cpu0","user":3917.171875,"system":2219.90625,"idle":15129.8984375,"nice":0,"iowait":0,"irq":0,"softirq":0,"steal":0,"guest":0,"guestNice":0,"stolen":0},{"cpu":"cpu1","user":2376.078125,"system":971.046875,"idle":17919.0390625,"nice":0,"iowait":0,"irq":0,"softirq":0,"steal":0,"guest":0,"guestNice":0,"stolen":0},{"cpu":"cpu2","user":3800.75,"system":1951.9140625,"idle":15513.5,"nice":0,"iowait":0,"irq":0,"softirq":0,"steal":0,"guest":0,"guestNice":0,"stolen":0},{"cpu":"cpu3","user":2410.7421875,"system":984.1015625,"idle":17871.3125,"nice":0,"iowait":0,"irq":0,"softirq":0,"steal":0,"guest":0,"guestNice":0,"stolen":0}],"time":"2018-02-19 12:19:43.931368 +0900 JST m=+2293.165938839","errorInfo":null}
[Info]2018/02/19 12:19:44 acsessd /api/status.json
[Info]2018/02/19 12:19:44 {"hostname":"ksc-1x-dhcp-172-29-194-195.kwansei.ac.jp","hostid":"18d901f1-4a03-3ff1-ae34-c26b2732f13c","virtualizationSystem":"","total":8589934592,"available":2242576384,"usedPercent":73.89297485351562,"diskIO":[{"name":"disk0","ioTime":1301300,"weightedIO":0}],"cpu":[{"cpu":"cpu0","user":3917.390625,"system":2220,"idle":15129.96875,"nice":0,"iowait":0,"irq":0,"softirq":0,"steal":0,"guest":0,"guestNice":0,"stolen":0},{"cpu":"cpu1","user":2376.2109375,"system":971.09375,"idle":17919.2421875,"nice":0,"iowait":0,"irq":0,"softirq":0,"steal":0,"guest":0,"guestNice":0,"stolen":0},{"cpu":"cpu2","user":3800.9453125,"system":1952.015625,"idle":15513.578125,"nice":0,"iowait":0,"irq":0,"softirq":0,"steal":0,"guest":0,"guestNice":0,"stolen":0},{"cpu":"cpu3","user":2410.8984375,"system":984.1484375,"idle":17871.4921875,"nice":0,"iowait":0,"irq":0,"softirq":0,"steal":0,"guest":0,"guestNice":0,"stolen":0}],"time":"2018-02-19 12:19:44.423806 +0900 JST m=+2293.658376314","errorInfo":null}
[Info]2018/02/19 12:19:44 acsessd /api/status.json
[Info]2018/02/19 12:19:44 {"hostname":"ksc-1x-dhcp-172-29-194-195.kwansei.ac.jp","hostid":"18d901f1-4a03-3ff1-ae34-c26b2732f13c","virtualizationSystem":"","total":8589934592,"available":2240385024,"usedPercent":73.91848564147949,"diskIO":[{"name":"disk0","ioTime":1301308,"weightedIO":0}],"cpu":[{"cpu":"cpu0","user":3917.578125,"system":2220.140625,"idle":15130.03125,"nice":0,"iowait":0,"irq":0,"softirq":0,"steal":0,"guest":0,"guestNice":0,"stolen":0},{"cpu":"cpu1","user":2376.3671875,"system":971.1484375,"idle":17919.4140625,"nice":0,"iowait":0,"irq":0,"softirq":0,"steal":0,"guest":0,"guestNice":0,"stolen":0},{"cpu":"cpu2","user":3801.140625,"system":1952.140625,"idle":15513.6484375,"nice":0,"iowait":0,"irq":0,"softirq":0,"steal":0,"guest":0,"guestNice":0,"stolen":0},{"cpu":"cpu3","user":2411.0546875,"system":984.203125,"idle":17871.671875,"nice":0,"iowait":0,"irq":0,"softirq":0,"steal":0,"guest":0,"guestNice":0,"stolen":0}],"time":"2018-02-19 12:19:44.923282 +0900 JST m=+2294.157850780","errorInfo":null}
[Info]2018/02/19 12:19:45 acsessd /api/status.json
[Info]2018/02/19 12:19:45 {"hostname":"ksc-1x-dhcp-172-29-194-195.kwansei.ac.jp","hostid":"18d901f1-4a03-3ff1-ae34-c26b2732f13c","virtualizationSystem":"","total":8589934592,"available":2238758912,"usedPercent":73.93741607666016,"diskIO":[{"name":"disk0","ioTime":1301308,"weightedIO":0}],"cpu":[{"cpu":"cpu0","user":3917.8359375,"system":2220.3046875,"idle":15130.078125,"nice":0,"iowait":0,"irq":0,"softirq":0,"steal":0,"guest":0,"guestNice":0,"stolen":0},{"cpu":"cpu1","user":2376.6171875,"system":971.2265625,"idle":17919.5625,"nice":0,"iowait":0,"irq":0,"softirq":0,"steal":0,"guest":0,"guestNice":0,"stolen":0},{"cpu":"cpu2","user":3801.40625,"system":1952.3046875,"idle":15513.703125,"nice":0,"iowait":0,"irq":0,"softirq":0,"steal":0,"guest":0,"guestNice":0,"stolen":0},{"cpu":"cpu3","user":2411.2890625,"system":984.2890625,"idle":17871.828125,"nice":0,"iowait":0,"irq":0,"softirq":0,"steal":0,"guest":0,"guestNice":0,"stolen":0}],"time":"2018-02-19 12:19:45.533937 +0900 JST m=+2294.768504816","errorInfo":null}
[Info]2018/02/19 12:19:45 acsessd /api/status.json
[Info]2018/02/19 12:19:45 {"hostname":"ksc-1x-dhcp-172-29-194-195.kwansei.ac.jp","hostid":"18d901f1-4a03-3ff1-ae34-c26b2732f13c","virtualizationSystem":"","total":8589934592,"available":2244751360,"usedPercent":73.86765480041504,"diskIO":[{"name":"disk0","ioTime":1301324,"weightedIO":0}],"cpu":[{"cpu":"cpu0","user":3917.984375,"system":2220.46875,"idle":15130.09375,"nice":0,"iowait":0,"irq":0,"softirq":0,"steal":0,"guest":0,"guestNice":0,"stolen":0},{"cpu":"cpu1","user":2376.78125,"system":971.3046875,"idle":17919.65625,"nice":0,"iowait":0,"irq":0,"softirq":0,"steal":0,"guest":0,"guestNice":0,"stolen":0},{"cpu":"cpu2","user":3801.578125,"system":1952.4296875,"idle":15513.7265625,"nice":0,"iowait":0,"irq":0,"softirq":0,"steal":0,"guest":0,"guestNice":0,"stolen":0},{"cpu":"cpu3","user":2411.4453125,"system":984.375,"idle":17871.9140625,"nice":0,"iowait":0,"irq":0,"softirq":0,"steal":0,"guest":0,"guestNice":0,"stolen":0}],"time":"2018-02-19 12:19:45.951469 +0900 JST m=+2295.186036042","errorInfo":null}
[Info]2018/02/19 12:19:46 acsessd /api/status.json
[Info]2018/02/19 12:19:46 {"hostname":"ksc-1x-dhcp-172-29-194-195.kwansei.ac.jp","hostid":"18d901f1-4a03-3ff1-ae34-c26b2732f13c","virtualizationSystem":"","total":8589934592,"available":2257244160,"usedPercent":73.72221946716309,"diskIO":[{"name":"disk0","ioTime":1301379,"weightedIO":0}],"cpu":[{"cpu":"cpu0","user":3918.203125,"system":2220.5625,"idle":15130.1640625,"nice":0,"iowait":0,"irq":0,"softirq":0,"steal":0,"guest":0,"guestNice":0,"stolen":0},{"cpu":"cpu1","user":2376.921875,"system":971.390625,"idle":17919.8125,"nice":0,"iowait":0,"irq":0,"softirq":0,"steal":0,"guest":0,"guestNice":0,"stolen":0},{"cpu":"cpu2","user":3801.765625,"system":1952.5390625,"idle":15513.8125,"nice":0,"iowait":0,"irq":0,"softirq":0,"steal":0,"guest":0,"guestNice":0,"stolen":0},{"cpu":"cpu3","user":2411.6015625,"system":984.4609375,"idle":17872.0625,"nice":0,"iowait":0,"irq":0,"softirq":0,"steal":0,"guest":0,"guestNice":0,"stolen":0}],"time":"2018-02-19 12:19:46.443025 +0900 JST m=+2295.677591900","errorInfo":null}
[Info]2018/02/19 12:19:46 acsessd /api/status.json
[Info]2018/02/19 12:19:46 {"hostname":"ksc-1x-dhcp-172-29-194-195.kwansei.ac.jp","hostid":"18d901f1-4a03-3ff1-ae34-c26b2732f13c","virtualizationSystem":"","total":8589934592,"available":2249498624,"usedPercent":73.8123893737793,"diskIO":[{"name":"disk0","ioTime":1301386,"weightedIO":0}],"cpu":[{"cpu":"cpu0","user":3918.390625,"system":2220.5859375,"idle":15130.328125,"nice":0,"iowait":0,"irq":0,"softirq":0,"steal":0,"guest":0,"guestNice":0,"stolen":0},{"cpu":"cpu1","user":2376.9609375,"system":971.40625,"idle":17920.1328125,"nice":0,"iowait":0,"irq":0,"softirq":0,"steal":0,"guest":0,"guestNice":0,"stolen":0},{"cpu":"cpu2","user":3801.96875,"system":1952.5625,"idle":15513.96875,"nice":0,"iowait":0,"irq":0,"softirq":0,"steal":0,"guest":0,"guestNice":0,"stolen":0},{"cpu":"cpu3","user":2411.625,"system":984.46875,"idle":17872.3984375,"nice":0,"iowait":0,"irq":0,"softirq":0,"steal":0,"guest":0,"guestNice":0,"stolen":0}],"time":"2018-02-19 12:19:46.924792 +0900 JST m=+2296.159357421","errorInfo":null}
[Info]2018/02/19 12:19:47 acsessd /api/status.json
[Info]2018/02/19 12:19:47 {"hostname":"ksc-1x-dhcp-172-29-194-195.kwansei.ac.jp","hostid":"18d901f1-4a03-3ff1-ae34-c26b2732f13c","virtualizationSystem":"","total":8589934592,"available":2249469952,"usedPercent":73.81272315979004,"diskIO":[{"name":"disk0","ioTime":1301386,"weightedIO":0}],"cpu":[{"cpu":"cpu0","user":3918.6171875,"system":2220.6171875,"idle":15130.4765625,"nice":0,"iowait":0,"irq":0,"softirq":0,"steal":0,"guest":0,"guestNice":0,"stolen":0},{"cpu":"cpu1","user":2377,"system":971.421875,"idle":17920.4765625,"nice":0,"iowait":0,"irq":0,"softirq":0,"steal":0,"guest":0,"guestNice":0,"stolen":0},{"cpu":"cpu2","user":3802.1875,"system":1952.6015625,"idle":15514.109375,"nice":0,"iowait":0,"irq":0,"softirq":0,"steal":0,"guest":0,"guestNice":0,"stolen":0},{"cpu":"cpu3","user":2411.6640625,"system":984.5,"idle":17872.734375,"nice":0,"iowait":0,"irq":0,"softirq":0,"steal":0,"guest":0,"guestNice":0,"stolen":0}],"time":"2018-02-19 12:19:47.44125 +0900 JST m=+2296.675814209","errorInfo":null}
[Info]2018/02/19 12:19:47 acsessd /api/status.json
[Info]2018/02/19 12:19:47 {"hostname":"ksc-1x-dhcp-172-29-194-195.kwansei.ac.jp","hostid":"18d901f1-4a03-3ff1-ae34-c26b2732f13c","virtualizationSystem":"","total":8589934592,"available":2249936896,"usedPercent":73.80728721618652,"diskIO":[{"name":"disk0","ioTime":1301386,"weightedIO":0}],"cpu":[{"cpu":"cpu0","user":3918.7734375,"system":2220.6953125,"idle":15130.640625,"nice":0,"iowait":0,"irq":0,"softirq":0,"steal":0,"guest":0,"guestNice":0,"stolen":0},{"cpu":"cpu1","user":2377.015625,"system":971.453125,"idle":17920.8125,"nice":0,"iowait":0,"irq":0,"softirq":0,"steal":0,"guest":0,"guestNice":0,"stolen":0},{"cpu":"cpu2","user":3802.4765625,"system":1952.625,"idle":15514.1953125,"nice":0,"iowait":0,"irq":0,"softirq":0,"steal":0,"guest":0,"guestNice":0,"stolen":0},{"cpu":"cpu3","user":2411.6953125,"system":984.5234375,"idle":17873.0703125,"nice":0,"iowait":0,"irq":0,"softirq":0,"steal":0,"guest":0,"guestNice":0,"stolen":0}],"time":"2018-02-19 12:19:47.936947 +0900 JST m=+2297.171509947","errorInfo":null}
[Info]2018/02/19 12:19:48 acsessd /api/status.json
[Info]2018/02/19 12:19:48 {"hostname":"ksc-1x-dhcp-172-29-194-195.kwansei.ac.jp","hostid":"18d901f1-4a03-3ff1-ae34-c26b2732f13c","virtualizationSystem":"","total":8589934592,"available":2249154560,"usedPercent":73.8163948059082,"diskIO":[{"name":"disk0","ioTime":1301394,"weightedIO":0}],"cpu":[{"cpu":"cpu0","user":3918.9921875,"system":2220.7109375,"idle":15130.7734375,"nice":0,"iowait":0,"irq":0,"softirq":0,"steal":0,"guest":0,"guestNice":0,"stolen":0},{"cpu":"cpu1","user":2377.09375,"system":971.4765625,"idle":17921.1015625,"nice":0,"iowait":0,"irq":0,"softirq":0,"steal":0,"guest":0,"guestNice":0,"stolen":0},{"cpu":"cpu2","user":3802.6640625,"system":1952.6640625,"idle":15514.34375,"nice":0,"iowait":0,"irq":0,"softirq":0,"steal":0,"guest":0,"guestNice":0,"stolen":0},{"cpu":"cpu3","user":2411.7578125,"system":984.5546875,"idle":17873.359375,"nice":0,"iowait":0,"irq":0,"softirq":0,"steal":0,"guest":0,"guestNice":0,"stolen":0}],"time":"2018-02-19 12:19:48.429214 +0900 JST m=+2297.663776938","errorInfo":null}
[Info]2018/02/19 12:19:48 acsessd /api/status.json
[Info]2018/02/19 12:19:48 {"hostname":"ksc-1x-dhcp-172-29-194-195.kwansei.ac.jp","hostid":"18d901f1-4a03-3ff1-ae34-c26b2732f13c","virtualizationSystem":"","total":8589934592,"available":2239045632,"usedPercent":73.93407821655273,"diskIO":[{"name":"disk0","ioTime":1301394,"weightedIO":0}],"cpu":[{"cpu":"cpu0","user":3919.1953125,"system":2220.7578125,"idle":15130.9375,"nice":0,"iowait":0,"irq":0,"softirq":0,"steal":0,"guest":0,"guestNice":0,"stolen":0},{"cpu":"cpu1","user":2377.1796875,"system":971.5078125,"idle":17921.3828125,"nice":0,"iowait":0,"irq":0,"softirq":0,"steal":0,"guest":0,"guestNice":0,"stolen":0},{"cpu":"cpu2","user":3802.8828125,"system":1952.703125,"idle":15514.4921875,"nice":0,"iowait":0,"irq":0,"softirq":0,"steal":0,"guest":0,"guestNice":0,"stolen":0},{"cpu":"cpu3","user":2411.8671875,"system":984.5859375,"idle":17873.6171875,"nice":0,"iowait":0,"irq":0,"softirq":0,"steal":0,"guest":0,"guestNice":0,"stolen":0}],"time":"2018-02-19 12:19:48.947133 +0900 JST m=+2298.181694637","errorInfo":null}
[Info]2018/02/19 12:19:49 acsessd /api/status.json
[Info]2018/02/19 12:19:49 {"hostname":"ksc-1x-dhcp-172-29-194-195.kwansei.ac.jp","hostid":"18d901f1-4a03-3ff1-ae34-c26b2732f13c","virtualizationSystem":"","total":8589934592,"available":2238840832,"usedPercent":73.93646240234375,"diskIO":[{"name":"disk0","ioTime":1301412,"weightedIO":0}],"cpu":[{"cpu":"cpu0","user":3919.4921875,"system":2220.84375,"idle":15131.03125,"nice":0,"iowait":0,"irq":0,"softirq":0,"steal":0,"guest":0,"guestNice":0,"stolen":0},{"cpu":"cpu1","user":2377.4140625,"system":971.578125,"idle":17921.5625,"nice":0,"iowait":0,"irq":0,"softirq":0,"steal":0,"guest":0,"guestNice":0,"stolen":0},{"cpu":"cpu2","user":3803.1640625,"system":1952.8046875,"idle":15514.5859375,"nice":0,"iowait":0,"irq":0,"softirq":0,"steal":0,"guest":0,"guestNice":0,"stolen":0},{"cpu":"cpu3","user":2412.09375,"system":984.671875,"idle":17873.78125,"nice":0,"iowait":0,"irq":0,"softirq":0,"steal":0,"guest":0,"guestNice":0,"stolen":0}],"time":"2018-02-19 12:19:49.555453 +0900 JST m=+2298.790013175","errorInfo":null}
[Info]2018/02/19 12:19:49 acsessd /api/status.json
[Info]2018/02/19 12:19:49 {"hostname":"ksc-1x-dhcp-172-29-194-195.kwansei.ac.jp","hostid":"18d901f1-4a03-3ff1-ae34-c26b2732f13c","virtualizationSystem":"","total":8589934592,"available":2220650496,"usedPercent":74.14822578430176,"diskIO":[{"name":"disk0","ioTime":1301412,"weightedIO":0}],"cpu":[{"cpu":"cpu0","user":3919.6328125,"system":2220.90625,"idle":15131.1484375,"nice":0,"iowait":0,"irq":0,"softirq":0,"steal":0,"guest":0,"guestNice":0,"stolen":0},{"cpu":"cpu1","user":2377.5078125,"system":971.625,"idle":17921.7421875,"nice":0,"iowait":0,"irq":0,"softirq":0,"steal":0,"guest":0,"guestNice":0,"stolen":0},{"cpu":"cpu2","user":3803.3125,"system":1952.8671875,"idle":15514.703125,"nice":0,"iowait":0,"irq":0,"softirq":0,"steal":0,"guest":0,"guestNice":0,"stolen":0},{"cpu":"cpu3","user":2412.1875,"system":984.71875,"idle":17873.96875,"nice":0,"iowait":0,"irq":0,"softirq":0,"steal":0,"guest":0,"guestNice":0,"stolen":0}],"time":"2018-02-19 12:19:49.974906 +0900 JST m=+2299.209466146","errorInfo":null}
[Info]2018/02/19 12:19:50 acsessd /api/status.json
[Info]2018/02/19 12:19:50 {"hostname":"ksc-1x-dhcp-172-29-194-195.kwansei.ac.jp","hostid":"18d901f1-4a03-3ff1-ae34-c26b2732f13c","virtualizationSystem":"","total":8589934592,"available":2225496064,"usedPercent":74.09181594848633,"diskIO":[{"name":"disk0","ioTime":1301412,"weightedIO":0}],"cpu":[{"cpu":"cpu0","user":3919.8125,"system":2220.96875,"idle":15131.328125,"nice":0,"iowait":0,"irq":0,"softirq":0,"steal":0,"guest":0,"guestNice":0,"stolen":0},{"cpu":"cpu1","user":2377.640625,"system":971.671875,"idle":17921.984375,"nice":0,"iowait":0,"irq":0,"softirq":0,"steal":0,"guest":0,"guestNice":0,"stolen":0},{"cpu":"cpu2","user":3803.4765625,"system":1952.921875,"idle":15514.8984375,"nice":0,"iowait":0,"irq":0,"softirq":0,"steal":0,"guest":0,"guestNice":0,"stolen":0},{"cpu":"cpu3","user":2412.3203125,"system":984.7578125,"idle":17874.2109375,"nice":0,"iowait":0,"irq":0,"softirq":0,"steal":0,"guest":0,"guestNice":0,"stolen":0}],"time":"2018-02-19 12:19:50.501584 +0900 JST m=+2299.736142501","errorInfo":null}
[Info]2018/02/19 12:19:50 acsessd /api/status.json
[Info]2018/02/19 12:19:50 {"hostname":"ksc-1x-dhcp-172-29-194-195.kwansei.ac.jp","hostid":"18d901f1-4a03-3ff1-ae34-c26b2732f13c","virtualizationSystem":"","total":8589934592,"available":2225360896,"usedPercent":74.0933895111084,"diskIO":[{"name":"disk0","ioTime":1301412,"weightedIO":0}],"cpu":[{"cpu":"cpu0","user":3919.875,"system":2221,"idle":15131.5703125,"nice":0,"iowait":0,"irq":0,"softirq":0,"steal":0,"guest":0,"guestNice":0,"stolen":0},{"cpu":"cpu1","user":2377.6796875,"system":971.6953125,"idle":17922.265625,"nice":0,"iowait":0,"irq":0,"softirq":0,"steal":0,"guest":0,"guestNice":0,"stolen":0},{"cpu":"cpu2","user":3803.53125,"system":1952.984375,"idle":15515.125,"nice":0,"iowait":0,"irq":0,"softirq":0,"steal":0,"guest":0,"guestNice":0,"stolen":0},{"cpu":"cpu3","user":2412.375,"system":984.78125,"idle":17874.484375,"nice":0,"iowait":0,"irq":0,"softirq":0,"steal":0,"guest":0,"guestNice":0,"stolen":0}],"time":"2018-02-19 12:19:50.946584 +0900 JST m=+2300.181141819","errorInfo":null}
[Info]2018/02/19 12:19:51 acsessd /api/status.json
[Info]2018/02/19 12:19:51 {"hostname":"ksc-1x-dhcp-172-29-194-195.kwansei.ac.jp","hostid":"18d901f1-4a03-3ff1-ae34-c26b2732f13c","virtualizationSystem":"","total":8589934592,"available":2225041408,"usedPercent":74.09710884094238,"diskIO":[{"name":"disk0","ioTime":1301412,"weightedIO":0}],"cpu":[{"cpu":"cpu0","user":3920.0625,"system":2221.0546875,"idle":15131.71875,"nice":0,"iowait":0,"irq":0,"softirq":0,"steal":0,"guest":0,"guestNice":0,"stolen":0},{"cpu":"cpu1","user":2377.828125,"system":971.7265625,"idle":17922.4765625,"nice":0,"iowait":0,"irq":0,"softirq":0,"steal":0,"guest":0,"guestNice":0,"stolen":0},{"cpu":"cpu2","user":3803.71875,"system":1953.0390625,"idle":15515.2734375,"nice":0,"iowait":0,"irq":0,"softirq":0,"steal":0,"guest":0,"guestNice":0,"stolen":0},{"cpu":"cpu3","user":2412.5234375,"system":984.8125,"idle":17874.6875,"nice":0,"iowait":0,"irq":0,"softirq":0,"steal":0,"guest":0,"guestNice":0,"stolen":0}],"time":"2018-02-19 12:19:51.442735 +0900 JST m=+2300.677291941","errorInfo":null}
[Info]2018/02/19 12:19:51 acsessd /api/status.json
[Info]2018/02/19 12:19:51 {"hostname":"ksc-1x-dhcp-172-29-194-195.kwansei.ac.jp","hostid":"18d901f1-4a03-3ff1-ae34-c26b2732f13c","virtualizationSystem":"","total":8589934592,"available":2224840704,"usedPercent":74.09944534301758,"diskIO":[{"name":"disk0","ioTime":1301420,"weightedIO":0}],"cpu":[{"cpu":"cpu0","user":3920.125,"system":2221.09375,"idle":15132.0234375,"nice":0,"iowait":0,"irq":0,"softirq":0,"steal":0,"guest":0,"guestNice":0,"stolen":0},{"cpu":"cpu1","user":2377.8359375,"system":971.7421875,"idle":17922.8515625,"nice":0,"iowait":0,"irq":0,"softirq":0,"steal":0,"guest":0,"guestNice":0,"stolen":0},{"cpu":"cpu2","user":3803.765625,"system":1953.0703125,"idle":15515.5859375,"nice":0,"iowait":0,"irq":0,"softirq":0,"steal":0,"guest":0,"guestNice":0,"stolen":0},{"cpu":"cpu3","user":2412.5390625,"system":984.828125,"idle":17875.0625,"nice":0,"iowait":0,"irq":0,"softirq":0,"steal":0,"guest":0,"guestNice":0,"stolen":0}],"time":"2018-02-19 12:19:51.955842 +0900 JST m=+2301.190398134","errorInfo":null}
[Info]2018/02/19 12:19:52 acsessd /api/status.json
[Info]2018/02/19 12:19:52 {"hostname":"ksc-1x-dhcp-172-29-194-195.kwansei.ac.jp","hostid":"18d901f1-4a03-3ff1-ae34-c26b2732f13c","virtualizationSystem":"","total":8589934592,"available":2225004544,"usedPercent":74.09753799438477,"diskIO":[{"name":"disk0","ioTime":1301429,"weightedIO":0}],"cpu":[{"cpu":"cpu0","user":3920.171875,"system":2221.125,"idle":15132.328125,"nice":0,"iowait":0,"irq":0,"softirq":0,"steal":0,"guest":0,"guestNice":0,"stolen":0},{"cpu":"cpu1","user":2377.8515625,"system":971.75,"idle":17923.21875,"nice":0,"iowait":0,"irq":0,"softirq":0,"steal":0,"guest":0,"guestNice":0,"stolen":0},{"cpu":"cpu2","user":3803.796875,"system":1953.1015625,"idle":15515.9140625,"nice":0,"iowait":0,"irq":0,"softirq":0,"steal":0,"guest":0,"guestNice":0,"stolen":0},{"cpu":"cpu3","user":2412.5546875,"system":984.8359375,"idle":17875.421875,"nice":0,"iowait":0,"irq":0,"softirq":0,"steal":0,"guest":0,"guestNice":0,"stolen":0}],"time":"2018-02-19 12:19:52.451563 +0900 JST m=+2301.686117974","errorInfo":null}
[Info]2018/02/19 12:19:52 acsessd /api/status.json
[Info]2018/02/19 12:19:52 {"hostname":"ksc-1x-dhcp-172-29-194-195.kwansei.ac.jp","hostid":"18d901f1-4a03-3ff1-ae34-c26b2732f13c","virtualizationSystem":"","total":8589934592,"available":2225266688,"usedPercent":74.09448623657227,"diskIO":[{"name":"disk0","ioTime":1301429,"weightedIO":0}],"cpu":[{"cpu":"cpu0","user":3920.1953125,"system":2221.1640625,"idle":15132.6640625,"nice":0,"iowait":0,"irq":0,"softirq":0,"steal":0,"guest":0,"guestNice":0,"stolen":0},{"cpu":"cpu1","user":2377.8515625,"system":971.75,"idle":17923.6015625,"nice":0,"iowait":0,"irq":0,"softirq":0,"steal":0,"guest":0,"guestNice":0,"stolen":0},{"cpu":"cpu2","user":3803.828125,"system":1953.1171875,"idle":15516.265625,"nice":0,"iowait":0,"irq":0,"softirq":0,"steal":0,"guest":0,"guestNice":0,"stolen":0},{"cpu":"cpu3","user":2412.5546875,"system":984.84375,"idle":17875.8046875,"nice":0,"iowait":0,"irq":0,"softirq":0,"steal":0,"guest":0,"guestNice":0,"stolen":0}],"time":"2018-02-19 12:19:52.95431 +0900 JST m=+2302.188863808","errorInfo":null}
[Info]2018/02/19 12:19:53 acsessd /api/status.json
[Info]2018/02/19 12:19:53 {"hostname":"ksc-1x-dhcp-172-29-194-195.kwansei.ac.jp","hostid":"18d901f1-4a03-3ff1-ae34-c26b2732f13c","virtualizationSystem":"","total":8589934592,"available":2225434624,"usedPercent":74.09253120422363,"diskIO":[{"name":"disk0","ioTime":1301429,"weightedIO":0}],"cpu":[{"cpu":"cpu0","user":3920.234375,"system":2221.1875,"idle":15133,"nice":0,"iowait":0,"irq":0,"softirq":0,"steal":0,"guest":0,"guestNice":0,"stolen":0},{"cpu":"cpu1","user":2377.8671875,"system":971.765625,"idle":17923.9765625,"nice":0,"iowait":0,"irq":0,"softirq":0,"steal":0,"guest":0,"guestNice":0,"stolen":0},{"cpu":"cpu2","user":3803.875,"system":1953.1484375,"idle":15516.5859375,"nice":0,"iowait":0,"irq":0,"softirq":0,"steal":0,"guest":0,"guestNice":0,"stolen":0},{"cpu":"cpu3","user":2412.5703125,"system":984.859375,"idle":17876.171875,"nice":0,"iowait":0,"irq":0,"softirq":0,"steal":0,"guest":0,"guestNice":0,"stolen":0}],"time":"2018-02-19 12:19:53.464111 +0900 JST m=+2302.698664035","errorInfo":null}
[Info]2018/02/19 12:19:53 acsessd /api/status.json
[Info]2018/02/19 12:19:53 {"hostname":"ksc-1x-dhcp-172-29-194-195.kwansei.ac.jp","hostid":"18d901f1-4a03-3ff1-ae34-c26b2732f13c","virtualizationSystem":"","total":8589934592,"available":2224648192,"usedPercent":74.10168647766113,"diskIO":[{"name":"disk0","ioTime":1301437,"weightedIO":0}],"cpu":[{"cpu":"cpu0","user":3920.2734375,"system":2221.2109375,"idle":15133.328125,"nice":0,"iowait":0,"irq":0,"softirq":0,"steal":0,"guest":0,"guestNice":0,"stolen":0},{"cpu":"cpu1","user":2377.8828125,"system":971.7734375,"idle":17924.34375,"nice":0,"iowait":0,"irq":0,"softirq":0,"steal":0,"guest":0,"guestNice":0,"stolen":0},{"cpu":"cpu2","user":3803.890625,"system":1953.171875,"idle":15516.9296875,"nice":0,"iowait":0,"irq":0,"softirq":0,"steal":0,"guest":0,"guestNice":0,"stolen":0},{"cpu":"cpu3","user":2412.578125,"system":984.8671875,"idle":17876.546875,"nice":0,"iowait":0,"irq":0,"softirq":0,"steal":0,"guest":0,"guestNice":0,"stolen":0}],"time":"2018-02-19 12:19:53.962906 +0900 JST m=+2303.197457859","errorInfo":null}
[Info]2018/02/19 12:19:54 acsessd /api/status.json
[Info]2018/02/19 12:19:54 {"hostname":"ksc-1x-dhcp-172-29-194-195.kwansei.ac.jp","hostid":"18d901f1-4a03-3ff1-ae34-c26b2732f13c","virtualizationSystem":"","total":8589934592,"available":2238259200,"usedPercent":73.94323348999023,"diskIO":[{"name":"disk0","ioTime":1301437,"weightedIO":0}],"cpu":[{"cpu":"cpu0","user":3920.3125,"system":2221.265625,"idle":15133.6171875,"nice":0,"iowait":0,"irq":0,"softirq":0,"steal":0,"guest":0,"guestNice":0,"stolen":0},{"cpu":"cpu1","user":2377.890625,"system":971.7890625,"idle":17924.7109375,"nice":0,"iowait":0,"irq":0,"softirq":0,"steal":0,"guest":0,"guestNice":0,"stolen":0},{"cpu":"cpu2","user":3803.9375,"system":1953.234375,"idle":15517.2109375,"nice":0,"iowait":0,"irq":0,"softirq":0,"steal":0,"guest":0,"guestNice":0,"stolen":0},{"cpu":"cpu3","user":2412.5859375,"system":984.875,"idle":17876.921875,"nice":0,"iowait":0,"irq":0,"softirq":0,"steal":0,"guest":0,"guestNice":0,"stolen":0}],"time":"2018-02-19 12:19:54.46305 +0900 JST m=+2303.697600985","errorInfo":null}
[Info]2018/02/19 12:19:54 acsessd /api/status.json
[Info]2018/02/19 12:19:54 {"hostname":"ksc-1x-dhcp-172-29-194-195.kwansei.ac.jp","hostid":"18d901f1-4a03-3ff1-ae34-c26b2732f13c","virtualizationSystem":"","total":8589934592,"available":2238009344,"usedPercent":73.94614219665527,"diskIO":[{"name":"disk0","ioTime":1301437,"weightedIO":0}],"cpu":[{"cpu":"cpu0","user":3920.3671875,"system":2221.3515625,"idle":15133.875,"nice":0,"iowait":0,"irq":0,"softirq":0,"steal":0,"guest":0,"guestNice":0,"stolen":0},{"cpu":"cpu1","user":2377.8984375,"system":971.8046875,"idle":17925.0703125,"nice":0,"iowait":0,"irq":0,"softirq":0,"steal":0,"guest":0,"guestNice":0,"stolen":0},{"cpu":"cpu2","user":3803.9765625,"system":1953.28125,"idle":15517.515625,"nice":0,"iowait":0,"irq":0,"softirq":0,"steal":0,"guest":0,"guestNice":0,"stolen":0},{"cpu":"cpu3","user":2412.609375,"system":984.890625,"idle":17877.2734375,"nice":0,"iowait":0,"irq":0,"softirq":0,"steal":0,"guest":0,"guestNice":0,"stolen":0}],"time":"2018-02-19 12:19:54.965028 +0900 JST m=+2304.199578550","errorInfo":null}
[Info]2018/02/19 12:19:55 acsessd /api/status.json
[Info]2018/02/19 12:19:55 {"hostname":"ksc-1x-dhcp-172-29-194-195.kwansei.ac.jp","hostid":"18d901f1-4a03-3ff1-ae34-c26b2732f13c","virtualizationSystem":"","total":8589934592,"available":2237571072,"usedPercent":73.95124435424805,"diskIO":[{"name":"disk0","ioTime":1301437,"weightedIO":0}],"cpu":[{"cpu":"cpu0","user":3920.4375,"system":2221.40625,"idle":15134.140625,"nice":0,"iowait":0,"irq":0,"softirq":0,"steal":0,"guest":0,"guestNice":0,"stolen":0},{"cpu":"cpu1","user":2377.9140625,"system":971.8125,"idle":17925.4453125,"nice":0,"iowait":0,"irq":0,"softirq":0,"steal":0,"guest":0,"guestNice":0,"stolen":0},{"cpu":"cpu2","user":3804.03125,"system":1953.34375,"idle":15517.796875,"nice":0,"iowait":0,"irq":0,"softirq":0,"steal":0,"guest":0,"guestNice":0,"stolen":0},{"cpu":"cpu3","user":2412.625,"system":984.8984375,"idle":17877.640625,"nice":0,"iowait":0,"irq":0,"softirq":0,"steal":0,"guest":0,"guestNice":0,"stolen":0}],"time":"2018-02-19 12:19:55.472969 +0900 JST m=+2304.707518177","errorInfo":null}
[Info]2018/02/19 12:19:55 acsessd /api/status.json
[Info]2018/02/19 12:19:55 {"hostname":"ksc-1x-dhcp-172-29-194-195.kwansei.ac.jp","hostid":"18d901f1-4a03-3ff1-ae34-c26b2732f13c","virtualizationSystem":"","total":8589934592,"available":2237812736,"usedPercent":73.94843101501465,"diskIO":[{"name":"disk0","ioTime":1301445,"weightedIO":0}],"cpu":[{"cpu":"cpu0","user":3920.484375,"system":2221.4375,"idle":15134.4609375,"nice":0,"iowait":0,"irq":0,"softirq":0,"steal":0,"guest":0,"guestNice":0,"stolen":0},{"cpu":"cpu1","user":2377.921875,"system":971.8203125,"idle":17925.828125,"nice":0,"iowait":0,"irq":0,"softirq":0,"steal":0,"guest":0,"guestNice":0,"stolen":0},{"cpu":"cpu2","user":3804.0625,"system":1953.359375,"idle":15518.1484375,"nice":0,"iowait":0,"irq":0,"softirq":0,"steal":0,"guest":0,"guestNice":0,"stolen":0},{"cpu":"cpu3","user":2412.6328125,"system":984.90625,"idle":17878.03125,"nice":0,"iowait":0,"irq":0,"softirq":0,"steal":0,"guest":0,"guestNice":0,"stolen":0}],"time":"2018-02-19 12:19:55.975458 +0900 JST m=+2305.210006217","errorInfo":null}
[Info]2018/02/19 12:19:56 acsessd /api/status.json
[Info]2018/02/19 12:19:56 {"hostname":"ksc-1x-dhcp-172-29-194-195.kwansei.ac.jp","hostid":"18d901f1-4a03-3ff1-ae34-c26b2732f13c","virtualizationSystem":"","total":8589934592,"available":2239578112,"usedPercent":73.9278793334961,"diskIO":[{"name":"disk0","ioTime":1301445,"weightedIO":0}],"cpu":[{"cpu":"cpu0","user":3920.5546875,"system":2221.46875,"idle":15134.75,"nice":0,"iowait":0,"irq":0,"softirq":0,"steal":0,"guest":0,"guestNice":0,"stolen":0},{"cpu":"cpu1","user":2377.9453125,"system":971.8203125,"idle":17926.1953125,"nice":0,"iowait":0,"irq":0,"softirq":0,"steal":0,"guest":0,"guestNice":0,"stolen":0},{"cpu":"cpu2","user":3804.125,"system":1953.375,"idle":15518.4609375,"nice":0,"iowait":0,"irq":0,"softirq":0,"steal":0,"guest":0,"guestNice":0,"stolen":0},{"cpu":"cpu3","user":2412.65625,"system":984.9140625,"idle":17878.3828125,"nice":0,"iowait":0,"irq":0,"softirq":0,"steal":0,"guest":0,"guestNice":0,"stolen":0}],"time":"2018-02-19 12:19:56.476221 +0900 JST m=+2305.710767679","errorInfo":null}
[Info]2018/02/19 12:19:56 acsessd /api/status.json
[Info]2018/02/19 12:19:56 {"hostname":"ksc-1x-dhcp-172-29-194-195.kwansei.ac.jp","hostid":"18d901f1-4a03-3ff1-ae34-c26b2732f13c","virtualizationSystem":"","total":8589934592,"available":2239188992,"usedPercent":73.93240928649902,"diskIO":[{"name":"disk0","ioTime":1301445,"weightedIO":0}],"cpu":[{"cpu":"cpu0","user":3920.5859375,"system":2221.5,"idle":15135.0859375,"nice":0,"iowait":0,"irq":0,"softirq":0,"steal":0,"guest":0,"guestNice":0,"stolen":0},{"cpu":"cpu1","user":2377.953125,"system":971.828125,"idle":17926.578125,"nice":0,"iowait":0,"irq":0,"softirq":0,"steal":0,"guest":0,"guestNice":0,"stolen":0},{"cpu":"cpu2","user":3804.140625,"system":1953.3828125,"idle":15518.828125,"nice":0,"iowait":0,"irq":0,"softirq":0,"steal":0,"guest":0,"guestNice":0,"stolen":0},{"cpu":"cpu3","user":2412.6640625,"system":984.9140625,"idle":17878.7734375,"nice":0,"iowait":0,"irq":0,"softirq":0,"steal":0,"guest":0,"guestNice":0,"stolen":0}],"time":"2018-02-19 12:19:56.983538 +0900 JST m=+2306.218084491","errorInfo":null}
[Info]2018/02/19 12:19:57 acsessd /api/status.json
[Info]2018/02/19 12:19:57 {"hostname":"ksc-1x-dhcp-172-29-194-195.kwansei.ac.jp","hostid":"18d901f1-4a03-3ff1-ae34-c26b2732f13c","virtualizationSystem":"","total":8589934592,"available":2239565824,"usedPercent":73.92802238464355,"diskIO":[{"name":"disk0","ioTime":1301453,"weightedIO":0}],"cpu":[{"cpu":"cpu0","user":3920.640625,"system":2221.5234375,"idle":15135.3984375,"nice":0,"iowait":0,"irq":0,"softirq":0,"steal":0,"guest":0,"guestNice":0,"stolen":0},{"cpu":"cpu1","user":2377.9609375,"system":971.828125,"idle":17926.953125,"nice":0,"iowait":0,"irq":0,"softirq":0,"steal":0,"guest":0,"guestNice":0,"stolen":0},{"cpu":"cpu2","user":3804.234375,"system":1953.40625,"idle":15519.109375,"nice":0,"iowait":0,"irq":0,"softirq":0,"steal":0,"guest":0,"guestNice":0,"stolen":0},{"cpu":"cpu3","user":2412.671875,"system":984.921875,"idle":17879.15625,"nice":0,"iowait":0,"irq":0,"softirq":0,"steal":0,"guest":0,"guestNice":0,"stolen":0}],"time":"2018-02-19 12:19:57.490556 +0900 JST m=+2306.725101045","errorInfo":null}
[Info]2018/02/19 12:19:57 acsessd /api/status.json
[Info]2018/02/19 12:19:57 {"hostname":"ksc-1x-dhcp-172-29-194-195.kwansei.ac.jp","hostid":"18d901f1-4a03-3ff1-ae34-c26b2732f13c","virtualizationSystem":"","total":8589934592,"available":2239361024,"usedPercent":73.93040657043457,"diskIO":[{"name":"disk0","ioTime":1301453,"weightedIO":0}],"cpu":[{"cpu":"cpu0","user":3920.6640625,"system":2221.546875,"idle":15135.7421875,"nice":0,"iowait":0,"irq":0,"softirq":0,"steal":0,"guest":0,"guestNice":0,"stolen":0},{"cpu":"cpu1","user":2377.96875,"system":971.8359375,"idle":17927.34375,"nice":0,"iowait":0,"irq":0,"softirq":0,"steal":0,"guest":0,"guestNice":0,"stolen":0},{"cpu":"cpu2","user":3804.2734375,"system":1953.4453125,"idle":15519.4296875,"nice":0,"iowait":0,"irq":0,"softirq":0,"steal":0,"guest":0,"guestNice":0,"stolen":0},{"cpu":"cpu3","user":2412.6875,"system":984.921875,"idle":17879.53125,"nice":0,"iowait":0,"irq":0,"softirq":0,"steal":0,"guest":0,"guestNice":0,"stolen":0}],"time":"2018-02-19 12:19:57.994875 +0900 JST m=+2307.229419186","errorInfo":null}
[Info]2018/02/19 12:19:58 acsessd /api/status.json
[Info]2018/02/19 12:19:58 {"hostname":"ksc-1x-dhcp-172-29-194-195.kwansei.ac.jp","hostid":"18d901f1-4a03-3ff1-ae34-c26b2732f13c","virtualizationSystem":"","total":8589934592,"available":2239201280,"usedPercent":73.93226623535156,"diskIO":[{"name":"disk0","ioTime":1301453,"weightedIO":0}],"cpu":[{"cpu":"cpu0","user":3920.71875,"system":2221.6328125,"idle":15136.0078125,"nice":0,"iowait":0,"irq":0,"softirq":0,"steal":0,"guest":0,"guestNice":0,"stolen":0},{"cpu":"cpu1","user":2377.9765625,"system":971.8515625,"idle":17927.71875,"nice":0,"iowait":0,"irq":0,"softirq":0,"steal":0,"guest":0,"guestNice":0,"stolen":0},{"cpu":"cpu2","user":3804.328125,"system":1953.5234375,"idle":15519.6953125,"nice":0,"iowait":0,"irq":0,"softirq":0,"steal":0,"guest":0,"guestNice":0,"stolen":0},{"cpu":"cpu3","user":2412.6953125,"system":984.9375,"idle":17879.90625,"nice":0,"iowait":0,"irq":0,"softirq":0,"steal":0,"guest":0,"guestNice":0,"stolen":0}],"time":"2018-02-19 12:19:58.50151 +0900 JST m=+2307.736053355","errorInfo":null}
[Info]2018/02/19 12:19:58 acsessd /api/status.json
[Info]2018/02/19 12:19:59 {"hostname":"ksc-1x-dhcp-172-29-194-195.kwansei.ac.jp","hostid":"18d901f1-4a03-3ff1-ae34-c26b2732f13c","virtualizationSystem":"","total":8589934592,"available":2239414272,"usedPercent":73.9297866821289,"diskIO":[{"name":"disk0","ioTime":1301453,"weightedIO":0}],"cpu":[{"cpu":"cpu0","user":3920.7734375,"system":2221.71875,"idle":15136.2578125,"nice":0,"iowait":0,"irq":0,"softirq":0,"steal":0,"guest":0,"guestNice":0,"stolen":0},{"cpu":"cpu1","user":2377.9765625,"system":971.859375,"idle":17928.1015625,"nice":0,"iowait":0,"irq":0,"softirq":0,"steal":0,"guest":0,"guestNice":0,"stolen":0},{"cpu":"cpu2","user":3804.375,"system":1953.59375,"idle":15519.9765625,"nice":0,"iowait":0,"irq":0,"softirq":0,"steal":0,"guest":0,"guestNice":0,"stolen":0},{"cpu":"cpu3","user":2412.703125,"system":984.953125,"idle":17880.28125,"nice":0,"iowait":0,"irq":0,"softirq":0,"steal":0,"guest":0,"guestNice":0,"stolen":0}],"time":"2018-02-19 12:19:59.008557 +0900 JST m=+2308.243099368","errorInfo":null}
[Info]2018/02/19 12:19:59 acsessd /api/status.json
[Info]2018/02/19 12:19:59 {"hostname":"ksc-1x-dhcp-172-29-194-195.kwansei.ac.jp","hostid":"18d901f1-4a03-3ff1-ae34-c26b2732f13c","virtualizationSystem":"","total":8589934592,"available":2239750144,"usedPercent":73.92587661743164,"diskIO":[{"name":"disk0","ioTime":1301453,"weightedIO":0}],"cpu":[{"cpu":"cpu0","user":3920.8203125,"system":2221.75,"idle":15136.578125,"nice":0,"iowait":0,"irq":0,"softirq":0,"steal":0,"guest":0,"guestNice":0,"stolen":0},{"cpu":"cpu1","user":2377.9921875,"system":971.8671875,"idle":17928.46875,"nice":0,"iowait":0,"irq":0,"softirq":0,"steal":0,"guest":0,"guestNice":0,"stolen":0},{"cpu":"cpu2","user":3804.421875,"system":1953.6328125,"idle":15520.2734375,"nice":0,"iowait":0,"irq":0,"softirq":0,"steal":0,"guest":0,"guestNice":0,"stolen":0},{"cpu":"cpu3","user":2412.71875,"system":984.9609375,"idle":17880.640625,"nice":0,"iowait":0,"irq":0,"softirq":0,"steal":0,"guest":0,"guestNice":0,"stolen":0}],"time":"2018-02-19 12:19:59.511061 +0900 JST m=+2308.745602190","errorInfo":null}
[Info]2018/02/19 12:19:59 acsessd /api/status.json
[Info]2018/02/19 12:20:00 {"hostname":"ksc-1x-dhcp-172-29-194-195.kwansei.ac.jp","hostid":"18d901f1-4a03-3ff1-ae34-c26b2732f13c","virtualizationSystem":"","total":8589934592,"available":2239873024,"usedPercent":73.92444610595703,"diskIO":[{"name":"disk0","ioTime":1301453,"weightedIO":0}],"cpu":[{"cpu":"cpu0","user":3920.84375,"system":2221.7734375,"idle":15136.921875,"nice":0,"iowait":0,"irq":0,"softirq":0,"steal":0,"guest":0,"guestNice":0,"stolen":0},{"cpu":"cpu1","user":2378.015625,"system":971.875,"idle":17928.84375,"nice":0,"iowait":0,"irq":0,"softirq":0,"steal":0,"guest":0,"guestNice":0,"stolen":0},{"cpu":"cpu2","user":3804.4375,"system":1953.6484375,"idle":15520.6484375,"nice":0,"iowait":0,"irq":0,"softirq":0,"steal":0,"guest":0,"guestNice":0,"stolen":0},{"cpu":"cpu3","user":2412.7265625,"system":984.96875,"idle":17881.03125,"nice":0,"iowait":0,"irq":0,"softirq":0,"steal":0,"guest":0,"guestNice":0,"stolen":0}],"time":"2018-02-19 12:20:00.017578 +0900 JST m=+2309.252118255","errorInfo":null}
[Info]2018/02/19 12:20:00 acsessd /api/status.json
[Info]2018/02/19 12:20:00 {"hostname":"ksc-1x-dhcp-172-29-194-195.kwansei.ac.jp","hostid":"18d901f1-4a03-3ff1-ae34-c26b2732f13c","virtualizationSystem":"","total":8589934592,"available":2239561728,"usedPercent":73.92807006835938,"diskIO":[{"name":"disk0","ioTime":1301453,"weightedIO":0}],"cpu":[{"cpu":"cpu0","user":3920.875,"system":2221.8125,"idle":15137.2421875,"nice":0,"iowait":0,"irq":0,"softirq":0,"steal":0,"guest":0,"guestNice":0,"stolen":0},{"cpu":"cpu1","user":2378.0234375,"system":971.8828125,"idle":17929.2109375,"nice":0,"iowait":0,"irq":0,"softirq":0,"steal":0,"guest":0,"guestNice":0,"stolen":0},{"cpu":"cpu2","user":3804.4609375,"system":1953.6640625,"idle":15520.9921875,"nice":0,"iowait":0,"irq":0,"softirq":0,"steal":0,"guest":0,"guestNice":0,"stolen":0},{"cpu":"cpu3","user":2412.7421875,"system":984.9765625,"idle":17881.3984375,"nice":0,"iowait":0,"irq":0,"softirq":0,"steal":0,"guest":0,"guestNice":0,"stolen":0}],"time":"2018-02-19 12:20:00.520237 +0900 JST m=+2309.754775878","errorInfo":null}
[Info]2018/02/19 12:20:00 acsessd /api/status.json
[Info]2018/02/19 12:20:01 {"hostname":"ksc-1x-dhcp-172-29-194-195.kwansei.ac.jp","hostid":"18d901f1-4a03-3ff1-ae34-c26b2732f13c","virtualizationSystem":"","total":8589934592,"available":2239549440,"usedPercent":73.92821311950684,"diskIO":[{"name":"disk0","ioTime":1301453,"weightedIO":0}],"cpu":[{"cpu":"cpu0","user":3920.921875,"system":2221.8515625,"idle":15137.5546875,"nice":0,"iowait":0,"irq":0,"softirq":0,"steal":0,"guest":0,"guestNice":0,"stolen":0},{"cpu":"cpu1","user":2378.03125,"system":971.890625,"idle":17929.5859375,"nice":0,"iowait":0,"irq":0,"softirq":0,"steal":0,"guest":0,"guestNice":0,"stolen":0},{"cpu":"cpu2","user":3804.4921875,"system":1953.6875,"idle":15521.328125,"nice":0,"iowait":0,"irq":0,"softirq":0,"steal":0,"guest":0,"guestNice":0,"stolen":0},{"cpu":"cpu3","user":2412.75,"system":984.9921875,"idle":17881.7734375,"nice":0,"iowait":0,"irq":0,"softirq":0,"steal":0,"guest":0,"guestNice":0,"stolen":0}],"time":"2018-02-19 12:20:01.024944 +0900 JST m=+2310.259482117","errorInfo":null}
[Info]2018/02/19 12:20:01 acsessd /api/status.json
[Info]2018/02/19 12:20:01 {"hostname":"ksc-1x-dhcp-172-29-194-195.kwansei.ac.jp","hostid":"18d901f1-4a03-3ff1-ae34-c26b2732f13c","virtualizationSystem":"","total":8589934592,"available":2239377408,"usedPercent":73.93021583557129,"diskIO":[{"name":"disk0","ioTime":1301453,"weightedIO":0}],"cpu":[{"cpu":"cpu0","user":3920.984375,"system":2221.890625,"idle":15137.84375,"nice":0,"iowait":0,"irq":0,"softirq":0,"steal":0,"guest":0,"guestNice":0,"stolen":0},{"cpu":"cpu1","user":2378.0625,"system":971.90625,"idle":17929.9375,"nice":0,"iowait":0,"irq":0,"softirq":0,"steal":0,"guest":0,"guestNice":0,"stolen":0},{"cpu":"cpu2","user":3804.546875,"system":1953.7265625,"idle":15521.640625,"nice":0,"iowait":0,"irq":0,"softirq":0,"steal":0,"guest":0,"guestNice":0,"stolen":0},{"cpu":"cpu3","user":2412.7734375,"system":985,"idle":17882.1328125,"nice":0,"iowait":0,"irq":0,"softirq":0,"steal":0,"guest":0,"guestNice":0,"stolen":0}],"time":"2018-02-19 12:20:01.530244 +0900 JST m=+2310.764781213","errorInfo":null}
[Info]2018/02/19 12:20:01 acsessd /api/status.json
[Info]2018/02/19 12:20:02 {"hostname":"ksc-1x-dhcp-172-29-194-195.kwansei.ac.jp","hostid":"18d901f1-4a03-3ff1-ae34-c26b2732f13c","virtualizationSystem":"","total":8589934592,"available":2240352256,"usedPercent":73.91886711120605,"diskIO":[{"name":"disk0","ioTime":1301453,"weightedIO":0}],"cpu":[{"cpu":"cpu0","user":3921.15625,"system":2221.96875,"idle":15138.0234375,"nice":0,"iowait":0,"irq":0,"softirq":0,"steal":0,"guest":0,"guestNice":0,"stolen":0},{"cpu":"cpu1","user":2378.1875,"system":971.9453125,"idle":17930.1953125,"nice":0,"iowait":0,"irq":0,"softirq":0,"steal":0,"guest":0,"guestNice":0,"stolen":0},{"cpu":"cpu2","user":3804.7265625,"system":1953.7890625,"idle":15521.8203125,"nice":0,"iowait":0,"irq":0,"softirq":0,"steal":0,"guest":0,"guestNice":0,"stolen":0},{"cpu":"cpu3","user":2412.9140625,"system":985.046875,"idle":17882.3671875,"nice":0,"iowait":0,"irq":0,"softirq":0,"steal":0,"guest":0,"guestNice":0,"stolen":0}],"time":"2018-02-19 12:20:02.071192 +0900 JST m=+2311.305728328","errorInfo":null}
[Info]2018/02/19 12:20:02 acsessd /api/status.json
[Info]2018/02/19 12:20:02 {"hostname":"ksc-1x-dhcp-172-29-194-195.kwansei.ac.jp","hostid":"18d901f1-4a03-3ff1-ae34-c26b2732f13c","virtualizationSystem":"","total":8589934592,"available":2240442368,"usedPercent":73.91781806945801,"diskIO":[{"name":"disk0","ioTime":1301453,"weightedIO":0}],"cpu":[{"cpu":"cpu0","user":3921.1953125,"system":2221.984375,"idle":15138.3203125,"nice":0,"iowait":0,"irq":0,"softirq":0,"steal":0,"guest":0,"guestNice":0,"stolen":0},{"cpu":"cpu1","user":2378.203125,"system":971.953125,"idle":17930.53125,"nice":0,"iowait":0,"irq":0,"softirq":0,"steal":0,"guest":0,"guestNice":0,"stolen":0},{"cpu":"cpu2","user":3804.7578125,"system":1953.8203125,"idle":15522.1171875,"nice":0,"iowait":0,"irq":0,"softirq":0,"steal":0,"guest":0,"guestNice":0,"stolen":0},{"cpu":"cpu3","user":2412.921875,"system":985.0546875,"idle":17882.7109375,"nice":0,"iowait":0,"irq":0,"softirq":0,"steal":0,"guest":0,"guestNice":0,"stolen":0}],"time":"2018-02-19 12:20:02.529399 +0900 JST m=+2311.763934866","errorInfo":null}
[Info]2018/02/19 12:20:02 acsessd /api/status.json
[Info]2018/02/19 12:20:03 {"hostname":"ksc-1x-dhcp-172-29-194-195.kwansei.ac.jp","hostid":"18d901f1-4a03-3ff1-ae34-c26b2732f13c","virtualizationSystem":"","total":8589934592,"available":2240024576,"usedPercent":73.92268180847168,"diskIO":[{"name":"disk0","ioTime":1301453,"weightedIO":0}],"cpu":[{"cpu":"cpu0","user":3921.265625,"system":2222.0078125,"idle":15138.6171875,"nice":0,"iowait":0,"irq":0,"softirq":0,"steal":0,"guest":0,"guestNice":0,"stolen":0},{"cpu":"cpu1","user":2378.21875,"system":971.9609375,"idle":17930.90625,"nice":0,"iowait":0,"irq":0,"softirq":0,"steal":0,"guest":0,"guestNice":0,"stolen":0},{"cpu":"cpu2","user":3804.796875,"system":1953.859375,"idle":15522.4296875,"nice":0,"iowait":0,"irq":0,"softirq":0,"steal":0,"guest":0,"guestNice":0,"stolen":0},{"cpu":"cpu3","user":2412.9375,"system":985.0546875,"idle":17883.0859375,"nice":0,"iowait":0,"irq":0,"softirq":0,"steal":0,"guest":0,"guestNice":0,"stolen":0}],"time":"2018-02-19 12:20:03.034328 +0900 JST m=+2312.268862087","errorInfo":null}
[Info]2018/02/19 12:20:03 acsessd /api/status.json
[Info]2018/02/19 12:20:03 {"hostname":"ksc-1x-dhcp-172-29-194-195.kwansei.ac.jp","hostid":"18d901f1-4a03-3ff1-ae34-c26b2732f13c","virtualizationSystem":"","total":8589934592,"available":2239614976,"usedPercent":73.92745018005371,"diskIO":[{"name":"disk0","ioTime":1301470,"weightedIO":0}],"cpu":[{"cpu":"cpu0","user":3921.296875,"system":2222.0546875,"idle":15138.9375,"nice":0,"iowait":0,"irq":0,"softirq":0,"steal":0,"guest":0,"guestNice":0,"stolen":0},{"cpu":"cpu1","user":2378.2265625,"system":971.984375,"idle":17931.265625,"nice":0,"iowait":0,"irq":0,"softirq":0,"steal":0,"guest":0,"guestNice":0,"stolen":0},{"cpu":"cpu2","user":3804.8359375,"system":1953.8984375,"idle":15522.75,"nice":0,"iowait":0,"irq":0,"softirq":0,"steal":0,"guest":0,"guestNice":0,"stolen":0},{"cpu":"cpu3","user":2412.9375,"system":985.0625,"idle":17883.46875,"nice":0,"iowait":0,"irq":0,"softirq":0,"steal":0,"guest":0,"guestNice":0,"stolen":0}],"time":"2018-02-19 12:20:03.537016 +0900 JST m=+2312.771549336","errorInfo":null}
[Info]2018/02/19 12:20:03 acsessd /api/status.json
[Info]2018/02/19 12:20:04 {"hostname":"ksc-1x-dhcp-172-29-194-195.kwansei.ac.jp","hostid":"18d901f1-4a03-3ff1-ae34-c26b2732f13c","virtualizationSystem":"","total":8589934592,"available":2240151552,"usedPercent":73.92120361328125,"diskIO":[{"name":"disk0","ioTime":1301470,"weightedIO":0}],"cpu":[{"cpu":"cpu0","user":3921.34375,"system":2222.1171875,"idle":15139.21875,"nice":0,"iowait":0,"irq":0,"softirq":0,"steal":0,"guest":0,"guestNice":0,"stolen":0},{"cpu":"cpu1","user":2378.234375,"system":971.9921875,"idle":17931.6328125,"nice":0,"iowait":0,"irq":0,"softirq":0,"steal":0,"guest":0,"guestNice":0,"stolen":0},{"cpu":"cpu2","user":3804.9140625,"system":1953.984375,"idle":15522.96875,"nice":0,"iowait":0,"irq":0,"softirq":0,"steal":0,"guest":0,"guestNice":0,"stolen":0},{"cpu":"cpu3","user":2412.953125,"system":985.078125,"idle":17883.8359375,"nice":0,"iowait":0,"irq":0,"softirq":0,"steal":0,"guest":0,"guestNice":0,"stolen":0}],"time":"2018-02-19 12:20:04.0402 +0900 JST m=+2313.274732141","errorInfo":null}
[Info]2018/02/19 12:20:04 acsessd /api/status.json
[Info]2018/02/19 12:20:04 {"hostname":"ksc-1x-dhcp-172-29-194-195.kwansei.ac.jp","hostid":"18d901f1-4a03-3ff1-ae34-c26b2732f13c","virtualizationSystem":"","total":8589934592,"available":2239311872,"usedPercent":73.93097877502441,"diskIO":[{"name":"disk0","ioTime":1301470,"weightedIO":0}],"cpu":[{"cpu":"cpu0","user":3921.515625,"system":2222.25,"idle":15139.3515625,"nice":0,"iowait":0,"irq":0,"softirq":0,"steal":0,"guest":0,"guestNice":0,"stolen":0},{"cpu":"cpu1","user":2378.3671875,"system":972.0703125,"idle":17931.875,"nice":0,"iowait":0,"irq":0,"softirq":0,"steal":0,"guest":0,"guestNice":0,"stolen":0},{"cpu":"cpu2","user":3805.078125,"system":1954.0859375,"idle":15523.1484375,"nice":0,"iowait":0,"irq":0,"softirq":0,"steal":0,"guest":0,"guestNice":0,"stolen":0},{"cpu":"cpu3","user":2413.109375,"system":985.140625,"idle":17884.0625,"nice":0,"iowait":0,"irq":0,"softirq":0,"steal":0,"guest":0,"guestNice":0,"stolen":0}],"time":"2018-02-19 12:20:04.603173 +0900 JST m=+2313.837704200","errorInfo":null}
[Info]2018/02/19 12:20:04 acsessd /api/status.json
[Info]2018/02/19 12:20:05 {"hostname":"ksc-1x-dhcp-172-29-194-195.kwansei.ac.jp","hostid":"18d901f1-4a03-3ff1-ae34-c26b2732f13c","virtualizationSystem":"","total":8589934592,"available":2239590400,"usedPercent":73.92773628234863,"diskIO":[{"name":"disk0","ioTime":1301470,"weightedIO":0}],"cpu":[{"cpu":"cpu0","user":3921.734375,"system":2222.328125,"idle":15139.453125,"nice":0,"iowait":0,"irq":0,"softirq":0,"steal":0,"guest":0,"guestNice":0,"stolen":0},{"cpu":"cpu1","user":2378.5390625,"system":972.1328125,"idle":17932.03125,"nice":0,"iowait":0,"irq":0,"softirq":0,"steal":0,"guest":0,"guestNice":0,"stolen":0},{"cpu":"cpu2","user":3805.3046875,"system":1954.171875,"idle":15523.2265625,"nice":0,"iowait":0,"irq":0,"softirq":0,"steal":0,"guest":0,"guestNice":0,"stolen":0},{"cpu":"cpu3","user":2413.28125,"system":985.203125,"idle":17884.21875,"nice":0,"iowait":0,"irq":0,"softirq":0,"steal":0,"guest":0,"guestNice":0,"stolen":0}],"time":"2018-02-19 12:20:05.111344 +0900 JST m=+2314.345874293","errorInfo":null}
[Info]2018/02/19 12:20:05 acsessd /api/status.json
[Info]2018/02/19 12:20:05 {"hostname":"ksc-1x-dhcp-172-29-194-195.kwansei.ac.jp","hostid":"18d901f1-4a03-3ff1-ae34-c26b2732f13c","virtualizationSystem":"","total":8589934592,"available":2239221760,"usedPercent":73.93202781677246,"diskIO":[{"name":"disk0","ioTime":1301470,"weightedIO":0}],"cpu":[{"cpu":"cpu0","user":3921.890625,"system":2222.3984375,"idle":15139.5703125,"nice":0,"iowait":0,"irq":0,"softirq":0,"steal":0,"guest":0,"guestNice":0,"stolen":0},{"cpu":"cpu1","user":2378.6484375,"system":972.1640625,"idle":17932.234375,"nice":0,"iowait":0,"irq":0,"softirq":0,"steal":0,"guest":0,"guestNice":0,"stolen":0},{"cpu":"cpu2","user":3805.46875,"system":1954.234375,"idle":15523.34375,"nice":0,"iowait":0,"irq":0,"softirq":0,"steal":0,"guest":0,"guestNice":0,"stolen":0},{"cpu":"cpu3","user":2413.375,"system":985.2421875,"idle":17884.4296875,"nice":0,"iowait":0,"irq":0,"softirq":0,"steal":0,"guest":0,"guestNice":0,"stolen":0}],"time":"2018-02-19 12:20:05.550016 +0900 JST m=+2314.784545961","errorInfo":null}
[Info]2018/02/19 12:20:05 acsessd /api/status.json
[Info]2018/02/19 12:20:06 {"hostname":"ksc-1x-dhcp-172-29-194-195.kwansei.ac.jp","hostid":"18d901f1-4a03-3ff1-ae34-c26b2732f13c","virtualizationSystem":"","total":8589934592,"available":2239033344,"usedPercent":73.9342212677002,"diskIO":[{"name":"disk0","ioTime":1301470,"weightedIO":0}],"cpu":[{"cpu":"cpu0","user":3921.9296875,"system":2222.4296875,"idle":15139.8984375,"nice":0,"iowait":0,"irq":0,"softirq":0,"steal":0,"guest":0,"guestNice":0,"stolen":0},{"cpu":"cpu1","user":2378.671875,"system":972.1796875,"idle":17932.6015625,"nice":0,"iowait":0,"irq":0,"softirq":0,"steal":0,"guest":0,"guestNice":0,"stolen":0},{"cpu":"cpu2","user":3805.515625,"system":1954.2734375,"idle":15523.6640625,"nice":0,"iowait":0,"irq":0,"softirq":0,"steal":0,"guest":0,"guestNice":0,"stolen":0},{"cpu":"cpu3","user":2413.40625,"system":985.265625,"idle":17884.7734375,"nice":0,"iowait":0,"irq":0,"softirq":0,"steal":0,"guest":0,"guestNice":0,"stolen":0}],"time":"2018-02-19 12:20:06.059268 +0900 JST m=+2315.293797170","errorInfo":null}
[Info]2018/02/19 12:20:06 acsessd /api/status.json
[Info]2018/02/19 12:20:06 {"hostname":"ksc-1x-dhcp-172-29-194-195.kwansei.ac.jp","hostid":"18d901f1-4a03-3ff1-ae34-c26b2732f13c","virtualizationSystem":"","total":8589934592,"available":2238775296,"usedPercent":73.93722534179688,"diskIO":[{"name":"disk0","ioTime":1301470,"weightedIO":0}],"cpu":[{"cpu":"cpu0","user":3922.203125,"system":2222.53125,"idle":15139.984375,"nice":0,"iowait":0,"irq":0,"softirq":0,"steal":0,"guest":0,"guestNice":0,"stolen":0},{"cpu":"cpu1","user":2378.9140625,"system":972.25,"idle":17932.734375,"nice":0,"iowait":0,"irq":0,"softirq":0,"steal":0,"guest":0,"guestNice":0,"stolen":0},{"cpu":"cpu2","user":3805.7734375,"system":1954.359375,"idle":15523.765625,"nice":0,"iowait":0,"irq":0,"softirq":0,"steal":0,"guest":0,"guestNice":0,"stolen":0},{"cpu":"cpu3","user":2413.6328125,"system":985.3515625,"idle":17884.9140625,"nice":0,"iowait":0,"irq":0,"softirq":0,"steal":0,"guest":0,"guestNice":0,"stolen":0}],"time":"2018-02-19 12:20:06.646891 +0900 JST m=+2315.881415850","errorInfo":null}
[Info]2018/02/19 12:20:06 acsessd /api/status.json
[Info]2018/02/19 12:20:07 {"hostname":"ksc-1x-dhcp-172-29-194-195.kwansei.ac.jp","hostid":"18d901f1-4a03-3ff1-ae34-c26b2732f13c","virtualizationSystem":"","total":8589934592,"available":2238406656,"usedPercent":73.9415168762207,"diskIO":[{"name":"disk0","ioTime":1301470,"weightedIO":0}],"cpu":[{"cpu":"cpu0","user":3922.359375,"system":2222.59375,"idle":15140.1015625,"nice":0,"iowait":0,"irq":0,"softirq":0,"steal":0,"guest":0,"guestNice":0,"stolen":0},{"cpu":"cpu1","user":2379.03125,"system":972.296875,"idle":17932.921875,"nice":0,"iowait":0,"irq":0,"softirq":0,"steal":0,"guest":0,"guestNice":0,"stolen":0},{"cpu":"cpu2","user":3805.921875,"system":1954.421875,"idle":15523.890625,"nice":0,"iowait":0,"irq":0,"softirq":0,"steal":0,"guest":0,"guestNice":0,"stolen":0},{"cpu":"cpu3","user":2413.7578125,"system":985.390625,"idle":17885.09375,"nice":0,"iowait":0,"irq":0,"softirq":0,"steal":0,"guest":0,"guestNice":0,"stolen":0}],"time":"2018-02-19 12:20:07.078885 +0900 JST m=+2316.313412051","errorInfo":null}
[Info]2018/02/19 12:20:07 acsessd /api/status.json
[Info]2018/02/19 12:20:07 {"hostname":"ksc-1x-dhcp-172-29-194-195.kwansei.ac.jp","hostid":"18d901f1-4a03-3ff1-ae34-c26b2732f13c","virtualizationSystem":"","total":8589934592,"available":2236612608,"usedPercent":73.96240234375,"diskIO":[{"name":"disk0","ioTime":1301484,"weightedIO":0}],"cpu":[{"cpu":"cpu0","user":3922.3828125,"system":2222.625,"idle":15140.421875,"nice":0,"iowait":0,"irq":0,"softirq":0,"steal":0,"guest":0,"guestNice":0,"stolen":0},{"cpu":"cpu1","user":2379.046875,"system":972.3046875,"idle":17933.265625,"nice":0,"iowait":0,"irq":0,"softirq":0,"steal":0,"guest":0,"guestNice":0,"stolen":0},{"cpu":"cpu2","user":3805.9609375,"system":1954.4609375,"idle":15524.203125,"nice":0,"iowait":0,"irq":0,"softirq":0,"steal":0,"guest":0,"guestNice":0,"stolen":0},{"cpu":"cpu3","user":2413.7734375,"system":985.3984375,"idle":17885.4375,"nice":0,"iowait":0,"irq":0,"softirq":0,"steal":0,"guest":0,"guestNice":0,"stolen":0}],"time":"2018-02-19 12:20:07.554097 +0900 JST m=+2316.788623008","errorInfo":null}
[Info]2018/02/19 12:20:08 acsessd /api/status.json
[Info]2018/02/19 12:20:08 {"hostname":"ksc-1x-dhcp-172-29-194-195.kwansei.ac.jp","hostid":"18d901f1-4a03-3ff1-ae34-c26b2732f13c","virtualizationSystem":"","total":8589934592,"available":2236772352,"usedPercent":73.96054267883301,"diskIO":[{"name":"disk0","ioTime":1301484,"weightedIO":0}],"cpu":[{"cpu":"cpu0","user":3922.4296875,"system":2222.65625,"idle":15140.734375,"nice":0,"iowait":0,"irq":0,"softirq":0,"steal":0,"guest":0,"guestNice":0,"stolen":0},{"cpu":"cpu1","user":2379.0625,"system":972.3125,"idle":17933.6328125,"nice":0,"iowait":0,"irq":0,"softirq":0,"steal":0,"guest":0,"guestNice":0,"stolen":0},{"cpu":"cpu2","user":3806,"system":1954.4921875,"idle":15524.515625,"nice":0,"iowait":0,"irq":0,"softirq":0,"steal":0,"guest":0,"guestNice":0,"stolen":0},{"cpu":"cpu3","user":2413.796875,"system":985.4140625,"idle":17885.7890625,"nice":0,"iowait":0,"irq":0,"softirq":0,"steal":0,"guest":0,"guestNice":0,"stolen":0}],"time":"2018-02-19 12:20:08.05564 +0900 JST m=+2317.290164962","errorInfo":null}
[Info]2018/02/19 12:20:08 acsessd /api/status.json
[Info]2018/02/19 12:20:08 {"hostname":"ksc-1x-dhcp-172-29-194-195.kwansei.ac.jp","hostid":"18d901f1-4a03-3ff1-ae34-c26b2732f13c","virtualizationSystem":"","total":8589934592,"available":2232111104,"usedPercent":74.01480674743652,"diskIO":[{"name":"disk0","ioTime":1301497,"weightedIO":0}],"cpu":[{"cpu":"cpu0","user":3922.4921875,"system":2222.71875,"idle":15141.015625,"nice":0,"iowait":0,"irq":0,"softirq":0,"steal":0,"guest":0,"guestNice":0,"stolen":0},{"cpu":"cpu1","user":2379.0859375,"system":972.3359375,"idle":17933.984375,"nice":0,"iowait":0,"irq":0,"softirq":0,"steal":0,"guest":0,"guestNice":0,"stolen":0},{"cpu":"cpu2","user":3806.0859375,"system":1954.546875,"idle":15524.7734375,"nice":0,"iowait":0,"irq":0,"softirq":0,"steal":0,"guest":0,"guestNice":0,"stolen":0},{"cpu":"cpu3","user":2413.828125,"system":985.4296875,"idle":17886.1484375,"nice":0,"iowait":0,"irq":0,"softirq":0,"steal":0,"guest":0,"guestNice":0,"stolen":0}],"time":"2018-02-19 12:20:08.567762 +0900 JST m=+2317.802286320","errorInfo":null}
[Info]2018/02/19 12:20:09 acsessd /api/status.json
[Info]2018/02/19 12:20:09 {"hostname":"ksc-1x-dhcp-172-29-194-195.kwansei.ac.jp","hostid":"18d901f1-4a03-3ff1-ae34-c26b2732f13c","virtualizationSystem":"","total":8589934592,"available":2231447552,"usedPercent":74.02253150939941,"diskIO":[{"name":"disk0","ioTime":1301497,"weightedIO":0}],"cpu":[{"cpu":"cpu0","user":3922.5546875,"system":2222.7890625,"idle":15141.2578125,"nice":0,"iowait":0,"irq":0,"softirq":0,"steal":0,"guest":0,"guestNice":0,"stolen":0},{"cpu":"cpu1","user":2379.09375,"system":972.34375,"idle":17934.3515625,"nice":0,"iowait":0,"irq":0,"softirq":0,"steal":0,"guest":0,"guestNice":0,"stolen":0},{"cpu":"cpu2","user":3806.1328125,"system":1954.6171875,"idle":15525.0390625,"nice":0,"iowait":0,"irq":0,"softirq":0,"steal":0,"guest":0,"guestNice":0,"stolen":0},{"cpu":"cpu3","user":2413.8359375,"system":985.453125,"idle":17886.5078125,"nice":0,"iowait":0,"irq":0,"softirq":0,"steal":0,"guest":0,"guestNice":0,"stolen":0}],"time":"2018-02-19 12:20:09.064584 +0900 JST m=+2318.299106503","errorInfo":null}
[Info]2018/02/19 12:20:09 acsessd /api/status.json
[Info]2018/02/19 12:20:09 {"hostname":"ksc-1x-dhcp-172-29-194-195.kwansei.ac.jp","hostid":"18d901f1-4a03-3ff1-ae34-c26b2732f13c","virtualizationSystem":"","total":8589934592,"available":2231537664,"usedPercent":74.02148246765137,"diskIO":[{"name":"disk0","ioTime":1301497,"weightedIO":0}],"cpu":[{"cpu":"cpu0","user":3922.6328125,"system":2222.8515625,"idle":15141.515625,"nice":0,"iowait":0,"irq":0,"softirq":0,"steal":0,"guest":0,"guestNice":0,"stolen":0},{"cpu":"cpu1","user":2379.1171875,"system":972.359375,"idle":17934.7109375,"nice":0,"iowait":0,"irq":0,"softirq":0,"steal":0,"guest":0,"guestNice":0,"stolen":0},{"cpu":"cpu2","user":3806.203125,"system":1954.671875,"idle":15525.3046875,"nice":0,"iowait":0,"irq":0,"softirq":0,"steal":0,"guest":0,"guestNice":0,"stolen":0},{"cpu":"cpu3","user":2413.859375,"system":985.46875,"idle":17886.8515625,"nice":0,"iowait":0,"irq":0,"softirq":0,"steal":0,"guest":0,"guestNice":0,"stolen":0}],"time":"2018-02-19 12:20:09.560572 +0900 JST m=+2318.795094403","errorInfo":null}
[Info]2018/02/19 12:20:10 acsessd /api/status.json
[Info]2018/02/19 12:20:10 {"hostname":"ksc-1x-dhcp-172-29-194-195.kwansei.ac.jp","hostid":"18d901f1-4a03-3ff1-ae34-c26b2732f13c","virtualizationSystem":"","total":8589934592,"available":2231595008,"usedPercent":74.02081489562988,"diskIO":[{"name":"disk0","ioTime":1301497,"weightedIO":0}],"cpu":[{"cpu":"cpu0","user":3922.65625,"system":2222.8671875,"idle":15141.859375,"nice":0,"iowait":0,"irq":0,"softirq":0,"steal":0,"guest":0,"guestNice":0,"stolen":0},{"cpu":"cpu1","user":2379.1171875,"system":972.359375,"idle":17935.09375,"nice":0,"iowait":0,"irq":0,"softirq":0,"steal":0,"guest":0,"guestNice":0,"stolen":0},{"cpu":"cpu2","user":3806.2265625,"system":1954.703125,"idle":15525.640625,"nice":0,"iowait":0,"irq":0,"softirq":0,"steal":0,"guest":0,"guestNice":0,"stolen":0},{"cpu":"cpu3","user":2413.859375,"system":985.46875,"idle":17887.2421875,"nice":0,"iowait":0,"irq":0,"softirq":0,"steal":0,"guest":0,"guestNice":0,"stolen":0}],"time":"2018-02-19 12:20:10.061526 +0900 JST m=+2319.296047506","errorInfo":null}
[Info]2018/02/19 12:20:10 acsessd /api/status.json
[Info]2018/02/19 12:20:10 {"hostname":"ksc-1x-dhcp-172-29-194-195.kwansei.ac.jp","hostid":"18d901f1-4a03-3ff1-ae34-c26b2732f13c","virtualizationSystem":"","total":8589934592,"available":2231672832,"usedPercent":74.0199089050293,"diskIO":[{"name":"disk0","ioTime":1301497,"weightedIO":0}],"cpu":[{"cpu":"cpu0","user":3922.6875,"system":2222.890625,"idle":15142.203125,"nice":0,"iowait":0,"irq":0,"softirq":0,"steal":0,"guest":0,"guestNice":0,"stolen":0},{"cpu":"cpu1","user":2379.1171875,"system":972.3671875,"idle":17935.484375,"nice":0,"iowait":0,"irq":0,"softirq":0,"steal":0,"guest":0,"guestNice":0,"stolen":0},{"cpu":"cpu2","user":3806.25,"system":1954.71875,"idle":15526,"nice":0,"iowait":0,"irq":0,"softirq":0,"steal":0,"guest":0,"guestNice":0,"stolen":0},{"cpu":"cpu3","user":2413.8828125,"system":985.4765625,"idle":17887.609375,"nice":0,"iowait":0,"irq":0,"softirq":0,"steal":0,"guest":0,"guestNice":0,"stolen":0}],"time":"2018-02-19 12:20:10.568552 +0900 JST m=+2319.803072570","errorInfo":null}
[Info]2018/02/19 12:20:11 acsessd /api/status.json
[Info]2018/02/19 12:20:11 {"hostname":"ksc-1x-dhcp-172-29-194-195.kwansei.ac.jp","hostid":"18d901f1-4a03-3ff1-ae34-c26b2732f13c","virtualizationSystem":"","total":8589934592,"available":2231250944,"usedPercent":74.02482032775879,"diskIO":[{"name":"disk0","ioTime":1301497,"weightedIO":0}],"cpu":[{"cpu":"cpu0","user":3922.7109375,"system":2222.90625,"idle":15142.5546875,"nice":0,"iowait":0,"irq":0,"softirq":0,"steal":0,"guest":0,"guestNice":0,"stolen":0},{"cpu":"cpu1","user":2379.125,"system":972.375,"idle":17935.8671875,"nice":0,"iowait":0,"irq":0,"softirq":0,"steal":0,"guest":0,"guestNice":0,"stolen":0},{"cpu":"cpu2","user":3806.2734375,"system":1954.75,"idle":15526.34375,"nice":0,"iowait":0,"irq":0,"softirq":0,"steal":0,"guest":0,"guestNice":0,"stolen":0},{"cpu":"cpu3","user":2413.890625,"system":985.4765625,"idle":17887.9921875,"nice":0,"iowait":0,"irq":0,"softirq":0,"steal":0,"guest":0,"guestNice":0,"stolen":0}],"time":"2018-02-19 12:20:11.071511 +0900 JST m=+2320.306029700","errorInfo":null}
[Info]2018/02/19 12:20:11 acsessd /api/status.json
[Info]2018/02/19 12:20:11 {"hostname":"ksc-1x-dhcp-172-29-194-195.kwansei.ac.jp","hostid":"18d901f1-4a03-3ff1-ae34-c26b2732f13c","virtualizationSystem":"","total":8589934592,"available":2231283712,"usedPercent":74.02443885803223,"diskIO":[{"name":"disk0","ioTime":1301497,"weightedIO":0}],"cpu":[{"cpu":"cpu0","user":3922.7421875,"system":2222.9296875,"idle":15142.890625,"nice":0,"iowait":0,"irq":0,"softirq":0,"steal":0,"guest":0,"guestNice":0,"stolen":0},{"cpu":"cpu1","user":2379.125,"system":972.375,"idle":17936.25,"nice":0,"iowait":0,"irq":0,"softirq":0,"steal":0,"guest":0,"guestNice":0,"stolen":0},{"cpu":"cpu2","user":3806.296875,"system":1954.765625,"idle":15526.6953125,"nice":0,"iowait":0,"irq":0,"softirq":0,"steal":0,"guest":0,"guestNice":0,"stolen":0},{"cpu":"cpu3","user":2413.8984375,"system":985.484375,"idle":17888.375,"nice":0,"iowait":0,"irq":0,"softirq":0,"steal":0,"guest":0,"guestNice":0,"stolen":0}],"time":"2018-02-19 12:20:11.576735 +0900 JST m=+2320.811253292","errorInfo":null}
[Info]2018/02/19 12:20:12 acsessd /api/status.json
[Info]2018/02/19 12:20:12 {"hostname":"ksc-1x-dhcp-172-29-194-195.kwansei.ac.jp","hostid":"18d901f1-4a03-3ff1-ae34-c26b2732f13c","virtualizationSystem":"","total":8589934592,"available":2231414784,"usedPercent":74.02291297912598,"diskIO":[{"name":"disk0","ioTime":1301497,"weightedIO":0}],"cpu":[{"cpu":"cpu0","user":3922.796875,"system":2222.9453125,"idle":15143.21875,"nice":0,"iowait":0,"irq":0,"softirq":0,"steal":0,"guest":0,"guestNice":0,"stolen":0},{"cpu":"cpu1","user":2379.1328125,"system":972.3828125,"idle":17936.6328125,"nice":0,"iowait":0,"irq":0,"softirq":0,"steal":0,"guest":0,"guestNice":0,"stolen":0},{"cpu":"cpu2","user":3806.3203125,"system":1954.78125,"idle":15527.0390625,"nice":0,"iowait":0,"irq":0,"softirq":0,"steal":0,"guest":0,"guestNice":0,"stolen":0},{"cpu":"cpu3","user":2413.8984375,"system":985.4921875,"idle":17888.7578125,"nice":0,"iowait":0,"irq":0,"softirq":0,"steal":0,"guest":0,"guestNice":0,"stolen":0}],"time":"2018-02-19 12:20:12.078254 +0900 JST m=+2321.312770989","errorInfo":null}
[Info]2018/02/19 12:20:12 acsessd /api/status.json
[Info]2018/02/19 12:20:12 {"hostname":"ksc-1x-dhcp-172-29-194-195.kwansei.ac.jp","hostid":"18d901f1-4a03-3ff1-ae34-c26b2732f13c","virtualizationSystem":"","total":8589934592,"available":2231820288,"usedPercent":74.01819229125977,"diskIO":[{"name":"disk0","ioTime":1301513,"weightedIO":0}],"cpu":[{"cpu":"cpu0","user":3922.828125,"system":2222.9765625,"idle":15143.5546875,"nice":0,"iowait":0,"irq":0,"softirq":0,"steal":0,"guest":0,"guestNice":0,"stolen":0},{"cpu":"cpu1","user":2379.140625,"system":972.390625,"idle":17937.015625,"nice":0,"iowait":0,"irq":0,"softirq":0,"steal":0,"guest":0,"guestNice":0,"stolen":0},{"cpu":"cpu2","user":3806.359375,"system":1954.8125,"idle":15527.375,"nice":0,"iowait":0,"irq":0,"softirq":0,"steal":0,"guest":0,"guestNice":0,"stolen":0},{"cpu":"cpu3","user":2413.90625,"system":985.4921875,"idle":17889.140625,"nice":0,"iowait":0,"irq":0,"softirq":0,"steal":0,"guest":0,"guestNice":0,"stolen":0}],"time":"2018-02-19 12:20:12.585386 +0900 JST m=+2321.819901990","errorInfo":null}
[Info]2018/02/19 12:20:13 acsessd /api/status.json
[Info]2018/02/19 12:20:13 {"hostname":"ksc-1x-dhcp-172-29-194-195.kwansei.ac.jp","hostid":"18d901f1-4a03-3ff1-ae34-c26b2732f13c","virtualizationSystem":"","total":8589934592,"available":2232172544,"usedPercent":74.01409149169922,"diskIO":[{"name":"disk0","ioTime":1301513,"weightedIO":0}],"cpu":[{"cpu":"cpu0","user":3922.8671875,"system":2223.0078125,"idle":15143.875,"nice":0,"iowait":0,"irq":0,"softirq":0,"steal":0,"guest":0,"guestNice":0,"stolen":0},{"cpu":"cpu1","user":2379.140625,"system":972.390625,"idle":17937.40625,"nice":0,"iowait":0,"irq":0,"softirq":0,"steal":0,"guest":0,"guestNice":0,"stolen":0},{"cpu":"cpu2","user":3806.3828125,"system":1954.828125,"idle":15527.7265625,"nice":0,"iowait":0,"irq":0,"softirq":0,"steal":0,"guest":0,"guestNice":0,"stolen":0},{"cpu":"cpu3","user":2413.9140625,"system":985.5078125,"idle":17889.515625,"nice":0,"iowait":0,"irq":0,"softirq":0,"steal":0,"guest":0,"guestNice":0,"stolen":0}],"time":"2018-02-19 12:20:13.091835 +0900 JST m=+2322.326350257","errorInfo":null}
[Info]2018/02/19 12:20:13 acsessd /api/status.json
[Info]2018/02/19 12:20:13 {"hostname":"ksc-1x-dhcp-172-29-194-195.kwansei.ac.jp","hostid":"18d901f1-4a03-3ff1-ae34-c26b2732f13c","virtualizationSystem":"","total":8589934592,"available":2231865344,"usedPercent":74.01766777038574,"diskIO":[{"name":"disk0","ioTime":1301513,"weightedIO":0}],"cpu":[{"cpu":"cpu0","user":3922.9140625,"system":2223.0625,"idle":15144.171875,"nice":0,"iowait":0,"irq":0,"softirq":0,"steal":0,"guest":0,"guestNice":0,"stolen":0},{"cpu":"cpu1","user":2379.15625,"system":972.40625,"idle":17937.7734375,"nice":0,"iowait":0,"irq":0,"softirq":0,"steal":0,"guest":0,"guestNice":0,"stolen":0},{"cpu":"cpu2","user":3806.4375,"system":1954.859375,"idle":15528.03125,"nice":0,"iowait":0,"irq":0,"softirq":0,"steal":0,"guest":0,"guestNice":0,"stolen":0},{"cpu":"cpu3","user":2413.921875,"system":985.515625,"idle":17889.890625,"nice":0,"iowait":0,"irq":0,"softirq":0,"steal":0,"guest":0,"guestNice":0,"stolen":0}],"time":"2018-02-19 12:20:13.589397 +0900 JST m=+2322.823911145","errorInfo":null}
[Info]2018/02/19 12:20:14 acsessd /api/status.json
[Info]2018/02/19 12:20:14 {"hostname":"ksc-1x-dhcp-172-29-194-195.kwansei.ac.jp","hostid":"18d901f1-4a03-3ff1-ae34-c26b2732f13c","virtualizationSystem":"","total":8589934592,"available":2231664640,"usedPercent":74.02000427246094,"diskIO":[{"name":"disk0","ioTime":1301513,"weightedIO":0}],"cpu":[{"cpu":"cpu0","user":3922.9609375,"system":2223.1015625,"idle":15144.4765625,"nice":0,"iowait":0,"irq":0,"softirq":0,"steal":0,"guest":0,"guestNice":0,"stolen":0},{"cpu":"cpu1","user":2379.1640625,"system":972.4140625,"idle":17938.1484375,"nice":0,"iowait":0,"irq":0,"softirq":0,"steal":0,"guest":0,"guestNice":0,"stolen":0},{"cpu":"cpu2","user":3806.5078125,"system":1954.96875,"idle":15528.25,"nice":0,"iowait":0,"irq":0,"softirq":0,"steal":0,"guest":0,"guestNice":0,"stolen":0},{"cpu":"cpu3","user":2413.9296875,"system":985.5234375,"idle":17890.2734375,"nice":0,"iowait":0,"irq":0,"softirq":0,"steal":0,"guest":0,"guestNice":0,"stolen":0}],"time":"2018-02-19 12:20:14.098927 +0900 JST m=+2323.333439974","errorInfo":null}
[Info]2018/02/19 12:20:14 acsessd /api/status.json
[Info]2018/02/19 12:20:14 {"hostname":"ksc-1x-dhcp-172-29-194-195.kwansei.ac.jp","hostid":"18d901f1-4a03-3ff1-ae34-c26b2732f13c","virtualizationSystem":"","total":8589934592,"available":2232168448,"usedPercent":74.01413917541504,"diskIO":[{"name":"disk0","ioTime":1301513,"weightedIO":0}],"cpu":[{"cpu":"cpu0","user":3923.0078125,"system":2223.1484375,"idle":15144.765625,"nice":0,"iowait":0,"irq":0,"softirq":0,"steal":0,"guest":0,"guestNice":0,"stolen":0},{"cpu":"cpu1","user":2379.171875,"system":972.421875,"idle":17938.5234375,"nice":0,"iowait":0,"irq":0,"softirq":0,"steal":0,"guest":0,"guestNice":0,"stolen":0},{"cpu":"cpu2","user":3806.5859375,"system":1955.046875,"idle":15528.4921875,"nice":0,"iowait":0,"irq":0,"softirq":0,"steal":0,"guest":0,"guestNice":0,"stolen":0},{"cpu":"cpu3","user":2413.9453125,"system":985.53125,"idle":17890.640625,"nice":0,"iowait":0,"irq":0,"softirq":0,"steal":0,"guest":0,"guestNice":0,"stolen":0}],"time":"2018-02-19 12:20:14.60156 +0900 JST m=+2323.836072829","errorInfo":null}
[Info]2018/02/19 12:20:15 acsessd /api/status.json
[Info]2018/02/19 12:20:15 {"hostname":"ksc-1x-dhcp-172-29-194-195.kwansei.ac.jp","hostid":"18d901f1-4a03-3ff1-ae34-c26b2732f13c","virtualizationSystem":"","total":8589934592,"available":2231934976,"usedPercent":74.0168571472168,"diskIO":[{"name":"disk0","ioTime":1301513,"weightedIO":0}],"cpu":[{"cpu":"cpu0","user":3923.046875,"system":2223.171875,"idle":15145.1015625,"nice":0,"iowait":0,"irq":0,"softirq":0,"steal":0,"guest":0,"guestNice":0,"stolen":0},{"cpu":"cpu1","user":2379.1796875,"system":972.4296875,"idle":17938.8984375,"nice":0,"iowait":0,"irq":0,"softirq":0,"steal":0,"guest":0,"guestNice":0,"stolen":0},{"cpu":"cpu2","user":3806.609375,"system":1955.078125,"idle":15528.8203125,"nice":0,"iowait":0,"irq":0,"softirq":0,"steal":0,"guest":0,"guestNice":0,"stolen":0},{"cpu":"cpu3","user":2413.9453125,"system":985.5390625,"idle":17891.0234375,"nice":0,"iowait":0,"irq":0,"softirq":0,"steal":0,"guest":0,"guestNice":0,"stolen":0}],"time":"2018-02-19 12:20:15.102352 +0900 JST m=+2324.336863528","errorInfo":null}
[Info]2018/02/19 12:20:15 acsessd /api/status.json
[Info]2018/02/19 12:20:15 {"hostname":"ksc-1x-dhcp-172-29-194-195.kwansei.ac.jp","hostid":"18d901f1-4a03-3ff1-ae34-c26b2732f13c","virtualizationSystem":"","total":8589934592,"available":2231103488,"usedPercent":74.02653694152832,"diskIO":[{"name":"disk0","ioTime":1301513,"weightedIO":0}],"cpu":[{"cpu":"cpu0","user":3923.0703125,"system":2223.1953125,"idle":15145.453125,"nice":0,"iowait":0,"irq":0,"softirq":0,"steal":0,"guest":0,"guestNice":0,"stolen":0},{"cpu":"cpu1","user":2379.1875,"system":972.4375,"idle":17939.28125,"nice":0,"iowait":0,"irq":0,"softirq":0,"steal":0,"guest":0,"guestNice":0,"stolen":0},{"cpu":"cpu2","user":3806.640625,"system":1955.109375,"idle":15529.15625,"nice":0,"iowait":0,"irq":0,"softirq":0,"steal":0,"guest":0,"guestNice":0,"stolen":0},{"cpu":"cpu3","user":2413.9609375,"system":985.5390625,"idle":17891.3984375,"nice":0,"iowait":0,"irq":0,"softirq":0,"steal":0,"guest":0,"guestNice":0,"stolen":0}],"time":"2018-02-19 12:20:15.605546 +0900 JST m=+2324.840055947","errorInfo":null}
[Info]2018/02/19 12:20:16 acsessd /api/status.json
[Info]2018/02/19 12:20:16 {"hostname":"ksc-1x-dhcp-172-29-194-195.kwansei.ac.jp","hostid":"18d901f1-4a03-3ff1-ae34-c26b2732f13c","virtualizationSystem":"","total":8589934592,"available":2079387648,"usedPercent":75.7927417755127,"diskIO":[{"name":"disk0","ioTime":1301541,"weightedIO":0}],"cpu":[{"cpu":"cpu0","user":3923.15625,"system":2223.4765625,"idle":15145.609375,"nice":0,"iowait":0,"irq":0,"softirq":0,"steal":0,"guest":0,"guestNice":0,"stolen":0},{"cpu":"cpu1","user":2379.265625,"system":972.625,"idle":17939.546875,"nice":0,"iowait":0,"irq":0,"softirq":0,"steal":0,"guest":0,"guestNice":0,"stolen":0},{"cpu":"cpu2","user":3806.734375,"system":1955.3671875,"idle":15529.328125,"nice":0,"iowait":0,"irq":0,"softirq":0,"steal":0,"guest":0,"guestNice":0,"stolen":0},{"cpu":"cpu3","user":2414.0625,"system":985.703125,"idle":17891.671875,"nice":0,"iowait":0,"irq":0,"softirq":0,"steal":0,"guest":0,"guestNice":0,"stolen":0}],"time":"2018-02-19 12:20:16.286689 +0900 JST m=+2325.521198087","errorInfo":null}
[Info]2018/02/19 12:20:16 acsessd /api/status.json
[Info]2018/02/19 12:20:16 {"hostname":"ksc-1x-dhcp-172-29-194-195.kwansei.ac.jp","hostid":"18d901f1-4a03-3ff1-ae34-c26b2732f13c","virtualizationSystem":"","total":8589934592,"available":2079993856,"usedPercent":75.78568458557129,"diskIO":[{"name":"disk0","ioTime":1301541,"weightedIO":0}],"cpu":[{"cpu":"cpu0","user":3923.1875,"system":2223.5,"idle":15145.8046875,"nice":0,"iowait":0,"irq":0,"softirq":0,"steal":0,"guest":0,"guestNice":0,"stolen":0},{"cpu":"cpu1","user":2379.2734375,"system":972.625,"idle":17939.7890625,"nice":0,"iowait":0,"irq":0,"softirq":0,"steal":0,"guest":0,"guestNice":0,"stolen":0},{"cpu":"cpu2","user":3806.75,"system":1955.3828125,"idle":15529.5546875,"nice":0,"iowait":0,"irq":0,"softirq":0,"steal":0,"guest":0,"guestNice":0,"stolen":0},{"cpu":"cpu3","user":2414.0625,"system":985.703125,"idle":17891.921875,"nice":0,"iowait":0,"irq":0,"softirq":0,"steal":0,"guest":0,"guestNice":0,"stolen":0}],"time":"2018-02-19 12:20:16.612219 +0900 JST m=+2325.846726975","errorInfo":null}
[Info]2018/02/19 12:20:17 acsessd /api/status.json
[Info]2018/02/19 12:20:17 {"hostname":"ksc-1x-dhcp-172-29-194-195.kwansei.ac.jp","hostid":"18d901f1-4a03-3ff1-ae34-c26b2732f13c","virtualizationSystem":"","total":8589934592,"available":2085801984,"usedPercent":75.71806907653809,"diskIO":[{"name":"disk0","ioTime":1301550,"weightedIO":0}],"cpu":[{"cpu":"cpu0","user":3923.2578125,"system":2223.53125,"idle":15146.1015625,"nice":0,"iowait":0,"irq":0,"softirq":0,"steal":0,"guest":0,"guestNice":0,"stolen":0},{"cpu":"cpu1","user":2379.28125,"system":972.6328125,"idle":17940.171875,"nice":0,"iowait":0,"irq":0,"softirq":0,"steal":0,"guest":0,"guestNice":0,"stolen":0},{"cpu":"cpu2","user":3806.8046875,"system":1955.40625,"idle":15529.875,"nice":0,"iowait":0,"irq":0,"softirq":0,"steal":0,"guest":0,"guestNice":0,"stolen":0},{"cpu":"cpu3","user":2414.0703125,"system":985.7109375,"idle":17892.296875,"nice":0,"iowait":0,"irq":0,"softirq":0,"steal":0,"guest":0,"guestNice":0,"stolen":0}],"time":"2018-02-19 12:20:17.118356 +0900 JST m=+2326.352863849","errorInfo":null}
[Info]2018/02/19 12:20:17 acsessd /api/status.json
[Info]2018/02/19 12:20:17 {"hostname":"ksc-1x-dhcp-172-29-194-195.kwansei.ac.jp","hostid":"18d901f1-4a03-3ff1-ae34-c26b2732f13c","virtualizationSystem":"","total":8589934592,"available":2326700032,"usedPercent":72.91364669799805,"diskIO":[{"name":"disk0","ioTime":1301583,"weightedIO":0}],"cpu":[{"cpu":"cpu0","user":3923.3984375,"system":2223.6015625,"idle":15146.2890625,"nice":0,"iowait":0,"irq":0,"softirq":0,"steal":0,"guest":0,"guestNice":0,"stolen":0},{"cpu":"cpu1","user":2379.3125,"system":972.65625,"idle":17940.5078125,"nice":0,"iowait":0,"irq":0,"softirq":0,"steal":0,"guest":0,"guestNice":0,"stolen":0},{"cpu":"cpu2","user":3806.9375,"system":1955.46875,"idle":15530.0703125,"nice":0,"iowait":0,"irq":0,"softirq":0,"steal":0,"guest":0,"guestNice":0,"stolen":0},{"cpu":"cpu3","user":2414.109375,"system":985.734375,"idle":17892.6328125,"nice":0,"iowait":0,"irq":0,"softirq":0,"steal":0,"guest":0,"guestNice":0,"stolen":0}],"time":"2018-02-19 12:20:17.621617 +0900 JST m=+2326.856123059","errorInfo":null}
[Info]2018/02/19 12:20:18 acsessd /api/status.json
[Info]2018/02/19 12:20:18 {"hostname":"ksc-1x-dhcp-172-29-194-195.kwansei.ac.jp","hostid":"18d901f1-4a03-3ff1-ae34-c26b2732f13c","virtualizationSystem":"","total":8589934592,"available":2338246656,"usedPercent":72.77922630310059,"diskIO":[{"name":"disk0","ioTime":1301594,"weightedIO":0}],"cpu":[{"cpu":"cpu0","user":3923.5625,"system":2223.6484375,"idle":15146.4765625,"nice":0,"iowait":0,"irq":0,"softirq":0,"steal":0,"guest":0,"guestNice":0,"stolen":0},{"cpu":"cpu1","user":2379.3359375,"system":972.671875,"idle":17940.859375,"nice":0,"iowait":0,"irq":0,"softirq":0,"steal":0,"guest":0,"guestNice":0,"stolen":0},{"cpu":"cpu2","user":3807.109375,"system":1955.5234375,"idle":15530.234375,"nice":0,"iowait":0,"irq":0,"softirq":0,"steal":0,"guest":0,"guestNice":0,"stolen":0},{"cpu":"cpu3","user":2414.140625,"system":985.7421875,"idle":17892.984375,"nice":0,"iowait":0,"irq":0,"softirq":0,"steal":0,"guest":0,"guestNice":0,"stolen":0}],"time":"2018-02-19 12:20:18.123554 +0900 JST m=+2327.358059802","errorInfo":null}
[Info]2018/02/19 12:20:18 acsessd /api/status.json
[Info]2018/02/19 12:20:18 {"hostname":"ksc-1x-dhcp-172-29-194-195.kwansei.ac.jp","hostid":"18d901f1-4a03-3ff1-ae34-c26b2732f13c","virtualizationSystem":"","total":8589934592,"available":2333478912,"usedPercent":72.83473014831543,"diskIO":[{"name":"disk0","ioTime":1301632,"weightedIO":0}],"cpu":[{"cpu":"cpu0","user":3923.7109375,"system":2223.7109375,"idle":15146.65625,"nice":0,"iowait":0,"irq":0,"softirq":0,"steal":0,"guest":0,"guestNice":0,"stolen":0},{"cpu":"cpu1","user":2379.4140625,"system":972.7265625,"idle":17941.125,"nice":0,"iowait":0,"irq":0,"softirq":0,"steal":0,"guest":0,"guestNice":0,"stolen":0},{"cpu":"cpu2","user":3807.265625,"system":1955.5859375,"idle":15530.4140625,"nice":0,"iowait":0,"irq":0,"softirq":0,"steal":0,"guest":0,"guestNice":0,"stolen":0},{"cpu":"cpu3","user":2414.234375,"system":985.796875,"idle":17893.234375,"nice":0,"iowait":0,"irq":0,"softirq":0,"steal":0,"guest":0,"guestNice":0,"stolen":0}],"time":"2018-02-19 12:20:18.631419 +0900 JST m=+2327.865923141","errorInfo":null}
[Info]2018/02/19 12:20:19 acsessd /api/status.json
[Info]2018/02/19 12:20:19 {"hostname":"ksc-1x-dhcp-172-29-194-195.kwansei.ac.jp","hostid":"18d901f1-4a03-3ff1-ae34-c26b2732f13c","virtualizationSystem":"","total":8589934592,"available":2326482944,"usedPercent":72.91617393493652,"diskIO":[{"name":"disk0","ioTime":1301647,"weightedIO":0}],"cpu":[{"cpu":"cpu0","user":3923.8984375,"system":2223.7890625,"idle":15146.78125,"nice":0,"iowait":0,"irq":0,"softirq":0,"steal":0,"guest":0,"guestNice":0,"stolen":0},{"cpu":"cpu1","user":2379.5,"system":972.7734375,"idle":17941.3828125,"nice":0,"iowait":0,"irq":0,"softirq":0,"steal":0,"guest":0,"guestNice":0,"stolen":0},{"cpu":"cpu2","user":3807.4609375,"system":1955.6953125,"idle":15530.5078125,"nice":0,"iowait":0,"irq":0,"softirq":0,"steal":0,"guest":0,"guestNice":0,"stolen":0},{"cpu":"cpu3","user":2414.296875,"system":985.84375,"idle":17893.5078125,"nice":0,"iowait":0,"irq":0,"softirq":0,"steal":0,"guest":0,"guestNice":0,"stolen":0}],"time":"2018-02-19 12:20:19.130217 +0900 JST m=+2328.364720508","errorInfo":null}
[Info]2018/02/19 12:20:19 acsessd /api/status.json
[Info]2018/02/19 12:20:19 {"hostname":"ksc-1x-dhcp-172-29-194-195.kwansei.ac.jp","hostid":"18d901f1-4a03-3ff1-ae34-c26b2732f13c","virtualizationSystem":"","total":8589934592,"available":2329862144,"usedPercent":72.87683486938477,"diskIO":[{"name":"disk0","ioTime":1301663,"weightedIO":0}],"cpu":[{"cpu":"cpu0","user":3924.046875,"system":2223.84375,"idle":15146.96875,"nice":0,"iowait":0,"irq":0,"softirq":0,"steal":0,"guest":0,"guestNice":0,"stolen":0},{"cpu":"cpu1","user":2379.5859375,"system":972.796875,"idle":17941.671875,"nice":0,"iowait":0,"irq":0,"softirq":0,"steal":0,"guest":0,"guestNice":0,"stolen":0},{"cpu":"cpu2","user":3807.65625,"system":1955.7734375,"idle":15530.625,"nice":0,"iowait":0,"irq":0,"softirq":0,"steal":0,"guest":0,"guestNice":0,"stolen":0},{"cpu":"cpu3","user":2414.390625,"system":985.8828125,"idle":17893.78125,"nice":0,"iowait":0,"irq":0,"softirq":0,"steal":0,"guest":0,"guestNice":0,"stolen":0}],"time":"2018-02-19 12:20:19.635566 +0900 JST m=+2328.870068700","errorInfo":null}
[Info]2018/02/19 12:20:20 acsessd /api/status.json
[Info]2018/02/19 12:20:20 {"hostname":"ksc-1x-dhcp-172-29-194-195.kwansei.ac.jp","hostid":"18d901f1-4a03-3ff1-ae34-c26b2732f13c","virtualizationSystem":"","total":8589934592,"available":2319249408,"usedPercent":73.0003833770752,"diskIO":[{"name":"disk0","ioTime":1301668,"weightedIO":0}],"cpu":[{"cpu":"cpu0","user":3924.21875,"system":2223.90625,"idle":15147.125,"nice":0,"iowait":0,"irq":0,"softirq":0,"steal":0,"guest":0,"guestNice":0,"stolen":0},{"cpu":"cpu1","user":2379.640625,"system":972.828125,"idle":17941.9765625,"nice":0,"iowait":0,"irq":0,"softirq":0,"steal":0,"guest":0,"guestNice":0,"stolen":0},{"cpu":"cpu2","user":3807.8671875,"system":1955.828125,"idle":15530.7421875,"nice":0,"iowait":0,"irq":0,"softirq":0,"steal":0,"guest":0,"guestNice":0,"stolen":0},{"cpu":"cpu3","user":2414.4609375,"system":985.90625,"idle":17894.078125,"nice":0,"iowait":0,"irq":0,"softirq":0,"steal":0,"guest":0,"guestNice":0,"stolen":0}],"time":"2018-02-19 12:20:20.133063 +0900 JST m=+2329.367564805","errorInfo":null}
[Info]2018/02/19 12:20:20 acsessd /api/status.json
[Info]2018/02/19 12:20:20 {"hostname":"ksc-1x-dhcp-172-29-194-195.kwansei.ac.jp","hostid":"18d901f1-4a03-3ff1-ae34-c26b2732f13c","virtualizationSystem":"","total":8589934592,"available":2308624384,"usedPercent":73.12407493591309,"diskIO":[{"name":"disk0","ioTime":1301682,"weightedIO":0}],"cpu":[{"cpu":"cpu0","user":3924.3828125,"system":2223.96875,"idle":15147.2890625,"nice":0,"iowait":0,"irq":0,"softirq":0,"steal":0,"guest":0,"guestNice":0,"stolen":0},{"cpu":"cpu1","user":2379.6953125,"system":972.8515625,"idle":17942.28125,"nice":0,"iowait":0,"irq":0,"softirq":0,"steal":0,"guest":0,"guestNice":0,"stolen":0},{"cpu":"cpu2","user":3808.046875,"system":1955.875,"idle":15530.90625,"nice":0,"iowait":0,"irq":0,"softirq":0,"steal":0,"guest":0,"guestNice":0,"stolen":0},{"cpu":"cpu3","user":2414.5078125,"system":985.921875,"idle":17894.3984375,"nice":0,"iowait":0,"irq":0,"softirq":0,"steal":0,"guest":0,"guestNice":0,"stolen":0}],"time":"2018-02-19 12:20:20.631935 +0900 JST m=+2329.866435320","errorInfo":null}
[Info]2018/02/19 12:20:21 acsessd /api/status.json
[Info]2018/02/19 12:20:21 {"hostname":"ksc-1x-dhcp-172-29-194-195.kwansei.ac.jp","hostid":"18d901f1-4a03-3ff1-ae34-c26b2732f13c","virtualizationSystem":"","total":8589934592,"available":2305630208,"usedPercent":73.15893173217773,"diskIO":[{"name":"disk0","ioTime":1301693,"weightedIO":0}],"cpu":[{"cpu":"cpu0","user":3924.5546875,"system":2224.015625,"idle":15147.46875,"nice":0,"iowait":0,"irq":0,"softirq":0,"steal":0,"guest":0,"guestNice":0,"stolen":0},{"cpu":"cpu1","user":2379.7578125,"system":972.8828125,"idle":17942.5859375,"nice":0,"iowait":0,"irq":0,"softirq":0,"steal":0,"guest":0,"guestNice":0,"stolen":0},{"cpu":"cpu2","user":3808.234375,"system":1955.9296875,"idle":15531.0625,"nice":0,"iowait":0,"irq":0,"softirq":0,"steal":0,"guest":0,"guestNice":0,"stolen":0},{"cpu":"cpu3","user":2414.546875,"system":985.9375,"idle":17894.734375,"nice":0,"iowait":0,"irq":0,"softirq":0,"steal":0,"guest":0,"guestNice":0,"stolen":0}],"time":"2018-02-19 12:20:21.138004 +0900 JST m=+2330.372504082","errorInfo":null}
[Info]2018/02/19 12:20:21 acsessd /api/status.json
[Info]2018/02/19 12:20:21 {"hostname":"ksc-1x-dhcp-172-29-194-195.kwansei.ac.jp","hostid":"18d901f1-4a03-3ff1-ae34-c26b2732f13c","virtualizationSystem":"","total":8589934592,"available":2200670208,"usedPercent":74.38082695007324,"diskIO":[{"name":"disk0","ioTime":1301719,"weightedIO":0}],"cpu":[{"cpu":"cpu0","user":3924.765625,"system":2224.109375,"idle":15147.625,"nice":0,"iowait":0,"irq":0,"softirq":0,"steal":0,"guest":0,"guestNice":0,"stolen":0},{"cpu":"cpu1","user":2379.8828125,"system":972.9375,"idle":17942.875,"nice":0,"iowait":0,"irq":0,"softirq":0,"steal":0,"guest":0,"guestNice":0,"stolen":0},{"cpu":"cpu2","user":3808.46875,"system":1956.03125,"idle":15531.1953125,"nice":0,"iowait":0,"irq":0,"softirq":0,"steal":0,"guest":0,"guestNice":0,"stolen":0},{"cpu":"cpu3","user":2414.671875,"system":985.9921875,"idle":17895.03125,"nice":0,"iowait":0,"irq":0,"softirq":0,"steal":0,"guest":0,"guestNice":0,"stolen":0}],"time":"2018-02-19 12:20:21.73417 +0900 JST m=+2330.968667490","errorInfo":null}
[Info]2018/02/19 12:20:22 acsessd /api/status.json
[Info]2018/02/19 12:20:22 {"hostname":"ksc-1x-dhcp-172-29-194-195.kwansei.ac.jp","hostid":"18d901f1-4a03-3ff1-ae34-c26b2732f13c","virtualizationSystem":"","total":8589934592,"available":2216284160,"usedPercent":74.19905662536621,"diskIO":[{"name":"disk0","ioTime":1301727,"weightedIO":0}],"cpu":[{"cpu":"cpu0","user":3925.03125,"system":2224.203125,"idle":15147.65625,"nice":0,"iowait":0,"irq":0,"softirq":0,"steal":0,"guest":0,"guestNice":0,"stolen":0},{"cpu":"cpu1","user":2380.140625,"system":973.0234375,"idle":17942.90625,"nice":0,"iowait":0,"irq":0,"softirq":0,"steal":0,"guest":0,"guestNice":0,"stolen":0},{"cpu":"cpu2","user":3808.734375,"system":1956.125,"idle":15531.2109375,"nice":0,"iowait":0,"irq":0,"softirq":0,"steal":0,"guest":0,"guestNice":0,"stolen":0},{"cpu":"cpu3","user":2414.921875,"system":986.078125,"idle":17895.0703125,"nice":0,"iowait":0,"irq":0,"softirq":0,"steal":0,"guest":0,"guestNice":0,"stolen":0}],"time":"2018-02-19 12:20:22.221585 +0900 JST m=+2331.456081486","errorInfo":null}
[Info]2018/02/19 12:20:22 acsessd /api/status.json
[Info]2018/02/19 12:20:22 {"hostname":"ksc-1x-dhcp-172-29-194-195.kwansei.ac.jp","hostid":"18d901f1-4a03-3ff1-ae34-c26b2732f13c","virtualizationSystem":"","total":8589934592,"available":2205147136,"usedPercent":74.32870864868164,"diskIO":[{"name":"disk0","ioTime":1301744,"weightedIO":0}],"cpu":[{"cpu":"cpu0","user":3925.3046875,"system":2224.3046875,"idle":15147.6875,"nice":0,"iowait":0,"irq":0,"softirq":0,"steal":0,"guest":0,"guestNice":0,"stolen":0},{"cpu":"cpu1","user":2380.375,"system":973.1328125,"idle":17942.9765625,"nice":0,"iowait":0,"irq":0,"softirq":0,"steal":0,"guest":0,"guestNice":0,"stolen":0},{"cpu":"cpu2","user":3809.0078125,"system":1956.234375,"idle":15531.25,"nice":0,"iowait":0,"irq":0,"softirq":0,"steal":0,"guest":0,"guestNice":0,"stolen":0},{"cpu":"cpu3","user":2415.171875,"system":986.171875,"idle":17895.140625,"nice":0,"iowait":0,"irq":0,"softirq":0,"steal":0,"guest":0,"guestNice":0,"stolen":0}],"time":"2018-02-19 12:20:22.751976 +0900 JST m=+2331.986469185","errorInfo":null}
[Info]2018/02/19 12:20:23 acsessd /api/status.json
[Info]2018/02/19 12:20:23 {"hostname":"ksc-1x-dhcp-172-29-194-195.kwansei.ac.jp","hostid":"18d901f1-4a03-3ff1-ae34-c26b2732f13c","virtualizationSystem":"","total":8589934592,"available":2200784896,"usedPercent":74.37949180603027,"diskIO":[{"name":"disk0","ioTime":1301754,"weightedIO":0}],"cpu":[{"cpu":"cpu0","user":3925.5,"system":2224.4296875,"idle":15147.703125,"nice":0,"iowait":0,"irq":0,"softirq":0,"steal":0,"guest":0,"guestNice":0,"stolen":0},{"cpu":"cpu1","user":2380.5546875,"system":973.25,"idle":17943.015625,"nice":0,"iowait":0,"irq":0,"softirq":0,"steal":0,"guest":0,"guestNice":0,"stolen":0},{"cpu":"cpu2","user":3809.21875,"system":1956.34375,"idle":15531.265625,"nice":0,"iowait":0,"irq":0,"softirq":0,"steal":0,"guest":0,"guestNice":0,"stolen":0},{"cpu":"cpu3","user":2415.359375,"system":986.28125,"idle":17895.1796875,"nice":0,"iowait":0,"irq":0,"softirq":0,"steal":0,"guest":0,"guestNice":0,"stolen":0}],"time":"2018-02-19 12:20:23.177754 +0900 JST m=+2332.412249800","errorInfo":null}
[Info]2018/02/19 12:20:23 acsessd /api/status.json
[Info]2018/02/19 12:20:23 {"hostname":"ksc-1x-dhcp-172-29-194-195.kwansei.ac.jp","hostid":"18d901f1-4a03-3ff1-ae34-c26b2732f13c","virtualizationSystem":"","total":8589934592,"available":2189279232,"usedPercent":74.51343536376953,"diskIO":[{"name":"disk0","ioTime":1301765,"weightedIO":0}],"cpu":[{"cpu":"cpu0","user":3925.7421875,"system":2224.5234375,"idle":15147.765625,"nice":0,"iowait":0,"irq":0,"softirq":0,"steal":0,"guest":0,"guestNice":0,"stolen":0},{"cpu":"cpu1","user":2380.7578125,"system":973.3125,"idle":17943.140625,"nice":0,"iowait":0,"irq":0,"softirq":0,"steal":0,"guest":0,"guestNice":0,"stolen":0},{"cpu":"cpu2","user":3809.4296875,"system":1956.4453125,"idle":15531.34375,"nice":0,"iowait":0,"irq":0,"softirq":0,"steal":0,"guest":0,"guestNice":0,"stolen":0},{"cpu":"cpu3","user":2415.53125,"system":986.3671875,"idle":17895.3203125,"nice":0,"iowait":0,"irq":0,"softirq":0,"steal":0,"guest":0,"guestNice":0,"stolen":0}],"time":"2018-02-19 12:20:23.689232 +0900 JST m=+2332.923726459","errorInfo":null}
[Info]2018/02/19 12:20:24 acsessd /api/status.json
[Info]2018/02/19 12:20:24 {"hostname":"ksc-1x-dhcp-172-29-194-195.kwansei.ac.jp","hostid":"18d901f1-4a03-3ff1-ae34-c26b2732f13c","virtualizationSystem":"","total":8589934592,"available":2189942784,"usedPercent":74.50571060180664,"diskIO":[{"name":"disk0","ioTime":1301814,"weightedIO":0}],"cpu":[{"cpu":"cpu0","user":3926.1796875,"system":2224.6484375,"idle":15147.8125,"nice":0,"iowait":0,"irq":0,"softirq":0,"steal":0,"guest":0,"guestNice":0,"stolen":0},{"cpu":"cpu1","user":2381.1015625,"system":973.40625,"idle":17943.3203125,"nice":0,"iowait":0,"irq":0,"softirq":0,"steal":0,"guest":0,"guestNice":0,"stolen":0},{"cpu":"cpu2","user":3809.8203125,"system":1956.5859375,"idle":15531.4296875,"nice":0,"iowait":0,"irq":0,"softirq":0,"steal":0,"guest":0,"guestNice":0,"stolen":0},{"cpu":"cpu3","user":2415.8671875,"system":986.4765625,"idle":17895.4921875,"nice":0,"iowait":0,"irq":0,"softirq":0,"steal":0,"guest":0,"guestNice":0,"stolen":0}],"time":"2018-02-19 12:20:24.475817 +0900 JST m=+2333.710310276","errorInfo":null}
[Info]2018/02/19 12:20:24 acsessd /api/status.json
[Info]2018/02/19 12:20:24 {"hostname":"ksc-1x-dhcp-172-29-194-195.kwansei.ac.jp","hostid":"18d901f1-4a03-3ff1-ae34-c26b2732f13c","virtualizationSystem":"","total":8589934592,"available":2183663616,"usedPercent":74.57880973815918,"diskIO":[{"name":"disk0","ioTime":1301825,"weightedIO":0}],"cpu":[{"cpu":"cpu0","user":3926.3515625,"system":2224.703125,"idle":15147.8125,"nice":0,"iowait":0,"irq":0,"softirq":0,"steal":0,"guest":0,"guestNice":0,"stolen":0},{"cpu":"cpu1","user":2381.2734375,"system":973.4609375,"idle":17943.328125,"nice":0,"iowait":0,"irq":0,"softirq":0,"steal":0,"guest":0,"guestNice":0,"stolen":0},{"cpu":"cpu2","user":3809.984375,"system":1956.640625,"idle":15531.4296875,"nice":0,"iowait":0,"irq":0,"softirq":0,"steal":0,"guest":0,"guestNice":0,"stolen":0},{"cpu":"cpu3","user":2416.03125,"system":986.53125,"idle":17895.5,"nice":0,"iowait":0,"irq":0,"softirq":0,"steal":0,"guest":0,"guestNice":0,"stolen":0}],"time":"2018-02-19 12:20:24.765728 +0900 JST m=+2334.000219625","errorInfo":null}
[Info]2018/02/19 12:20:25 acsessd /api/status.json
[Info]2018/02/19 12:20:25 {"hostname":"ksc-1x-dhcp-172-29-194-195.kwansei.ac.jp","hostid":"18d901f1-4a03-3ff1-ae34-c26b2732f13c","virtualizationSystem":"","total":8589934592,"available":2180079616,"usedPercent":74.62053298950195,"diskIO":[{"name":"disk0","ioTime":1301842,"weightedIO":0}],"cpu":[{"cpu":"cpu0","user":3926.6171875,"system":2224.7734375,"idle":15147.8203125,"nice":0,"iowait":0,"irq":0,"softirq":0,"steal":0,"guest":0,"guestNice":0,"stolen":0},{"cpu":"cpu1","user":2381.53125,"system":973.5234375,"idle":17943.34375,"nice":0,"iowait":0,"irq":0,"softirq":0,"steal":0,"guest":0,"guestNice":0,"stolen":0},{"cpu":"cpu2","user":3810.25,"system":1956.71875,"idle":15531.4296875,"nice":0,"iowait":0,"irq":0,"softirq":0,"steal":0,"guest":0,"guestNice":0,"stolen":0},{"cpu":"cpu3","user":2416.296875,"system":986.6015625,"idle":17895.5078125,"nice":0,"iowait":0,"irq":0,"softirq":0,"steal":0,"guest":0,"guestNice":0,"stolen":0}],"time":"2018-02-19 12:20:25.201617 +0900 JST m=+2334.436108795","errorInfo":null}
[Info]2018/02/19 12:20:25 acsessd /api/status.json
[Info]2018/02/19 12:20:25 {"hostname":"ksc-1x-dhcp-172-29-194-195.kwansei.ac.jp","hostid":"18d901f1-4a03-3ff1-ae34-c26b2732f13c","virtualizationSystem":"","total":8589934592,"available":2175967232,"usedPercent":74.66840744018555,"diskIO":[{"name":"disk0","ioTime":1301866,"weightedIO":0}],"cpu":[{"cpu":"cpu0","user":3926.921875,"system":2224.875,"idle":15147.859375,"nice":0,"iowait":0,"irq":0,"softirq":0,"steal":0,"guest":0,"guestNice":0,"stolen":0},{"cpu":"cpu1","user":2381.8203125,"system":973.609375,"idle":17943.421875,"nice":0,"iowait":0,"irq":0,"softirq":0,"steal":0,"guest":0,"guestNice":0,"stolen":0},{"cpu":"cpu2","user":3810.5859375,"system":1956.796875,"idle":15531.4609375,"nice":0,"iowait":0,"irq":0,"softirq":0,"steal":0,"guest":0,"guestNice":0,"stolen":0},{"cpu":"cpu3","user":2416.5625,"system":986.6875,"idle":17895.5859375,"nice":0,"iowait":0,"irq":0,"softirq":0,"steal":0,"guest":0,"guestNice":0,"stolen":0}],"time":"2018-02-19 12:20:25.772056 +0900 JST m=+2335.006546826","errorInfo":null}
[Info]2018/02/19 12:20:26 acsessd /api/status.json
[Info]2018/02/19 12:20:26 {"hostname":"ksc-1x-dhcp-172-29-194-195.kwansei.ac.jp","hostid":"18d901f1-4a03-3ff1-ae34-c26b2732f13c","virtualizationSystem":"","total":8589934592,"available":2172248064,"usedPercent":74.71170425415039,"diskIO":[{"name":"disk0","ioTime":1301874,"weightedIO":0}],"cpu":[{"cpu":"cpu0","user":3927.3125,"system":2224.9921875,"idle":15147.8671875,"nice":0,"iowait":0,"irq":0,"softirq":0,"steal":0,"guest":0,"guestNice":0,"stolen":0},{"cpu":"cpu1","user":2382.2109375,"system":973.7109375,"idle":17943.4375,"nice":0,"iowait":0,"irq":0,"softirq":0,"steal":0,"guest":0,"guestNice":0,"stolen":0},{"cpu":"cpu2","user":3810.96875,"system":1956.9296875,"idle":15531.46875,"nice":0,"iowait":0,"irq":0,"softirq":0,"steal":0,"guest":0,"guestNice":0,"stolen":0},{"cpu":"cpu3","user":2416.9609375,"system":986.796875,"idle":17895.6015625,"nice":0,"iowait":0,"irq":0,"softirq":0,"steal":0,"guest":0,"guestNice":0,"stolen":0}],"time":"2018-02-19 12:20:26.432107 +0900 JST m=+2335.666596218","errorInfo":null}
[Info]2018/02/19 12:20:26 acsessd /api/status.json
[Info]2018/02/19 12:20:26 {"hostname":"ksc-1x-dhcp-172-29-194-195.kwansei.ac.jp","hostid":"18d901f1-4a03-3ff1-ae34-c26b2732f13c","virtualizationSystem":"","total":8589934592,"available":2165370880,"usedPercent":74.7917652130127,"diskIO":[{"name":"disk0","ioTime":1301882,"weightedIO":0}],"cpu":[{"cpu":"cpu0","user":3927.5703125,"system":2225.0546875,"idle":15147.8671875,"nice":0,"iowait":0,"irq":0,"softirq":0,"steal":0,"guest":0,"guestNice":0,"stolen":0},{"cpu":"cpu1","user":2382.4609375,"system":973.765625,"idle":17943.4375,"nice":0,"iowait":0,"irq":0,"softirq":0,"steal":0,"guest":0,"guestNice":0,"stolen":0},{"cpu":"cpu2","user":3811.203125,"system":1957,"idle":15531.46875,"nice":0,"iowait":0,"irq":0,"softirq":0,"steal":0,"guest":0,"guestNice":0,"stolen":0},{"cpu":"cpu3","user":2417.203125,"system":986.8671875,"idle":17895.609375,"nice":0,"iowait":0,"irq":0,"softirq":0,"steal":0,"guest":0,"guestNice":0,"stolen":0}],"time":"2018-02-19 12:20:26.833239 +0900 JST m=+2336.067727575","errorInfo":null}
[Info]2018/02/19 12:20:27 acsessd /api/status.json
[Info]2018/02/19 12:20:27 {"hostname":"ksc-1x-dhcp-172-29-194-195.kwansei.ac.jp","hostid":"18d901f1-4a03-3ff1-ae34-c26b2732f13c","virtualizationSystem":"","total":8589934592,"available":2171125760,"usedPercent":74.72476959228516,"diskIO":[{"name":"disk0","ioTime":1301921,"weightedIO":0}],"cpu":[{"cpu":"cpu0","user":3927.765625,"system":2225.125,"idle":15147.8984375,"nice":0,"iowait":0,"irq":0,"softirq":0,"steal":0,"guest":0,"guestNice":0,"stolen":0},{"cpu":"cpu1","user":2382.6328125,"system":973.8359375,"idle":17943.515625,"nice":0,"iowait":0,"irq":0,"softirq":0,"steal":0,"guest":0,"guestNice":0,"stolen":0},{"cpu":"cpu2","user":3811.4140625,"system":1957.0703125,"idle":15531.5,"nice":0,"iowait":0,"irq":0,"softirq":0,"steal":0,"guest":0,"guestNice":0,"stolen":0},{"cpu":"cpu3","user":2417.3671875,"system":986.9375,"idle":17895.6796875,"nice":0,"iowait":0,"irq":0,"softirq":0,"steal":0,"guest":0,"guestNice":0,"stolen":0}],"time":"2018-02-19 12:20:27.227912 +0900 JST m=+2336.462399381","errorInfo":null}
[Info]2018/02/19 12:20:27 acsessd /api/status.json
[Info]2018/02/19 12:20:27 {"hostname":"ksc-1x-dhcp-172-29-194-195.kwansei.ac.jp","hostid":"18d901f1-4a03-3ff1-ae34-c26b2732f13c","virtualizationSystem":"","total":8589934592,"available":2164285440,"usedPercent":74.80440139770508,"diskIO":[{"name":"disk0","ioTime":1301936,"weightedIO":0}],"cpu":[{"cpu":"cpu0","user":3928.0546875,"system":2225.234375,"idle":15147.921875,"nice":0,"iowait":0,"irq":0,"softirq":0,"steal":0,"guest":0,"guestNice":0,"stolen":0},{"cpu":"cpu1","user":2382.90625,"system":973.9375,"idle":17943.546875,"nice":0,"iowait":0,"irq":0,"softirq":0,"steal":0,"guest":0,"guestNice":0,"stolen":0},{"cpu":"cpu2","user":3811.703125,"system":1957.1796875,"idle":15531.515625,"nice":0,"iowait":0,"irq":0,"softirq":0,"steal":0,"guest":0,"guestNice":0,"stolen":0},{"cpu":"cpu3","user":2417.640625,"system":987.0390625,"idle":17895.7109375,"nice":0,"iowait":0,"irq":0,"softirq":0,"steal":0,"guest":0,"guestNice":0,"stolen":0}],"time":"2018-02-19 12:20:27.752134 +0900 JST m=+2336.986619411","errorInfo":null}
[Info]2018/02/19 12:20:28 acsessd /api/status.json
[Info]2018/02/19 12:20:28 {"hostname":"ksc-1x-dhcp-172-29-194-195.kwansei.ac.jp","hostid":"18d901f1-4a03-3ff1-ae34-c26b2732f13c","virtualizationSystem":"","total":8589934592,"available":2159312896,"usedPercent":74.86228942871094,"diskIO":[{"name":"disk0","ioTime":1301952,"weightedIO":0}],"cpu":[{"cpu":"cpu0","user":3928.4296875,"system":2225.328125,"idle":15147.9375,"nice":0,"iowait":0,"irq":0,"softirq":0,"steal":0,"guest":0,"guestNice":0,"stolen":0},{"cpu":"cpu1","user":2383.2421875,"system":974.0390625,"idle":17943.609375,"nice":0,"iowait":0,"irq":0,"softirq":0,"steal":0,"guest":0,"guestNice":0,"stolen":0},{"cpu":"cpu2","user":3812.0625,"system":1957.28125,"idle":15531.546875,"nice":0,"iowait":0,"irq":0,"softirq":0,"steal":0,"guest":0,"guestNice":0,"stolen":0},{"cpu":"cpu3","user":2417.9921875,"system":987.1328125,"idle":17895.765625,"nice":0,"iowait":0,"irq":0,"softirq":0,"steal":0,"guest":0,"guestNice":0,"stolen":0}],"time":"2018-02-19 12:20:28.388202 +0900 JST m=+2337.622686902","errorInfo":null}
[Info]2018/02/19 12:20:28 acsessd /api/status.json
[Info]2018/02/19 12:20:28 {"hostname":"ksc-1x-dhcp-172-29-194-195.kwansei.ac.jp","hostid":"18d901f1-4a03-3ff1-ae34-c26b2732f13c","virtualizationSystem":"","total":8589934592,"available":2161102848,"usedPercent":74.84145164489746,"diskIO":[{"name":"disk0","ioTime":1301952,"weightedIO":0}],"cpu":[{"cpu":"cpu0","user":3928.59375,"system":2225.3828125,"idle":15147.953125,"nice":0,"iowait":0,"irq":0,"softirq":0,"steal":0,"guest":0,"guestNice":0,"stolen":0},{"cpu":"cpu1","user":2383.3984375,"system":974.0859375,"idle":17943.6328125,"nice":0,"iowait":0,"irq":0,"softirq":0,"steal":0,"guest":0,"guestNice":0,"stolen":0},{"cpu":"cpu2","user":3812.21875,"system":1957.3359375,"idle":15531.5625,"nice":0,"iowait":0,"irq":0,"softirq":0,"steal":0,"guest":0,"guestNice":0,"stolen":0},{"cpu":"cpu3","user":2418.1484375,"system":987.171875,"idle":17895.7890625,"nice":0,"iowait":0,"irq":0,"softirq":0,"steal":0,"guest":0,"guestNice":0,"stolen":0}],"time":"2018-02-19 12:20:28.676213 +0900 JST m=+2337.910697540","errorInfo":null}
[Info]2018/02/19 12:20:29 acsessd /api/status.json
[Info]2018/02/19 12:20:29 {"hostname":"ksc-1x-dhcp-172-29-194-195.kwansei.ac.jp","hostid":"18d901f1-4a03-3ff1-ae34-c26b2732f13c","virtualizationSystem":"","total":8589934592,"available":2162315264,"usedPercent":74.82733726501465,"diskIO":[{"name":"disk0","ioTime":1301961,"weightedIO":0}],"cpu":[{"cpu":"cpu0","user":3928.890625,"system":2225.484375,"idle":15147.9765625,"nice":0,"iowait":0,"irq":0,"softirq":0,"steal":0,"guest":0,"guestNice":0,"stolen":0},{"cpu":"cpu1","user":2383.671875,"system":974.171875,"idle":17943.6875,"nice":0,"iowait":0,"irq":0,"softirq":0,"steal":0,"guest":0,"guestNice":0,"stolen":0},{"cpu":"cpu2","user":3812.5078125,"system":1957.4296875,"idle":15531.6015625,"nice":0,"iowait":0,"irq":0,"softirq":0,"steal":0,"guest":0,"guestNice":0,"stolen":0},{"cpu":"cpu3","user":2418.4140625,"system":987.265625,"idle":17895.8515625,"nice":0,"iowait":0,"irq":0,"softirq":0,"steal":0,"guest":0,"guestNice":0,"stolen":0}],"time":"2018-02-19 12:20:29.217489 +0900 JST m=+2338.451972372","errorInfo":null}
[Info]2018/02/19 12:20:29 acsessd /api/status.json
[Info]2018/02/19 12:20:29 {"hostname":"ksc-1x-dhcp-172-29-194-195.kwansei.ac.jp","hostid":"18d901f1-4a03-3ff1-ae34-c26b2732f13c","virtualizationSystem":"","total":8589934592,"available":2159747072,"usedPercent":74.85723495483398,"diskIO":[{"name":"disk0","ioTime":1301961,"weightedIO":0}],"cpu":[{"cpu":"cpu0","user":3929.078125,"system":2225.546875,"idle":15148.0625,"nice":0,"iowait":0,"irq":0,"softirq":0,"steal":0,"guest":0,"guestNice":0,"stolen":0},{"cpu":"cpu1","user":2383.78125,"system":974.2109375,"idle":17943.890625,"nice":0,"iowait":0,"irq":0,"softirq":0,"steal":0,"guest":0,"guestNice":0,"stolen":0},{"cpu":"cpu2","user":3812.6875,"system":1957.5078125,"idle":15531.6875,"nice":0,"iowait":0,"irq":0,"softirq":0,"steal":0,"guest":0,"guestNice":0,"stolen":0},{"cpu":"cpu3","user":2418.515625,"system":987.3125,"idle":17896.046875,"nice":0,"iowait":0,"irq":0,"softirq":0,"steal":0,"guest":0,"guestNice":0,"stolen":0}],"time":"2018-02-19 12:20:29.656019 +0900 JST m=+2338.890501749","errorInfo":null}
[Info]2018/02/19 12:20:30 acsessd /api/status.json
[Info]2018/02/19 12:20:30 {"hostname":"ksc-1x-dhcp-172-29-194-195.kwansei.ac.jp","hostid":"18d901f1-4a03-3ff1-ae34-c26b2732f13c","virtualizationSystem":"","total":8589934592,"available":2155646976,"usedPercent":74.90496635437012,"diskIO":[{"name":"disk0","ioTime":1301970,"weightedIO":0}],"cpu":[{"cpu":"cpu0","user":3929.296875,"system":2225.6171875,"idle":15148.171875,"nice":0,"iowait":0,"irq":0,"softirq":0,"steal":0,"guest":0,"guestNice":0,"stolen":0},{"cpu":"cpu1","user":2383.9375,"system":974.25,"idle":17944.0859375,"nice":0,"iowait":0,"irq":0,"softirq":0,"steal":0,"guest":0,"guestNice":0,"stolen":0},{"cpu":"cpu2","user":3812.9296875,"system":1957.5625,"idle":15531.7890625,"nice":0,"iowait":0,"irq":0,"softirq":0,"steal":0,"guest":0,"guestNice":0,"stolen":0},{"cpu":"cpu3","user":2418.6484375,"system":987.359375,"idle":17896.265625,"nice":0,"iowait":0,"irq":0,"softirq":0,"steal":0,"guest":0,"guestNice":0,"stolen":0}],"time":"2018-02-19 12:20:30.167195 +0900 JST m=+2339.401677155","errorInfo":null}
[Info]2018/02/19 12:20:30 acsessd /api/status.json
[Info]2018/02/19 12:20:30 {"hostname":"ksc-1x-dhcp-172-29-194-195.kwansei.ac.jp","hostid":"18d901f1-4a03-3ff1-ae34-c26b2732f13c","virtualizationSystem":"","total":8589934592,"available":2149380096,"usedPercent":74.9779224395752,"diskIO":[{"name":"disk0","ioTime":1301979,"weightedIO":0}],"cpu":[{"cpu":"cpu0","user":3929.5703125,"system":2225.671875,"idle":15148.265625,"nice":0,"iowait":0,"irq":0,"softirq":0,"steal":0,"guest":0,"guestNice":0,"stolen":0},{"cpu":"cpu1","user":2384.0703125,"system":974.296875,"idle":17944.328125,"nice":0,"iowait":0,"irq":0,"softirq":0,"steal":0,"guest":0,"guestNice":0,"stolen":0},{"cpu":"cpu2","user":3813.1484375,"system":1957.6171875,"idle":15531.921875,"nice":0,"iowait":0,"irq":0,"softirq":0,"steal":0,"guest":0,"guestNice":0,"stolen":0},{"cpu":"cpu3","user":2418.7734375,"system":987.4140625,"idle":17896.5078125,"nice":0,"iowait":0,"irq":0,"softirq":0,"steal":0,"guest":0,"guestNice":0,"stolen":0}],"time":"2018-02-19 12:20:30.697244 +0900 JST m=+2339.931725464","errorInfo":null}
[Info]2018/02/19 12:20:31 acsessd /api/status.json
[Info]2018/02/19 12:20:31 {"hostname":"ksc-1x-dhcp-172-29-194-195.kwansei.ac.jp","hostid":"18d901f1-4a03-3ff1-ae34-c26b2732f13c","virtualizationSystem":"","total":8589934592,"available":2148196352,"usedPercent":74.99170303344727,"diskIO":[{"name":"disk0","ioTime":1301992,"weightedIO":0}],"cpu":[{"cpu":"cpu0","user":3929.6875,"system":2225.703125,"idle":15148.4765625,"nice":0,"iowait":0,"irq":0,"softirq":0,"steal":0,"guest":0,"guestNice":0,"stolen":0},{"cpu":"cpu1","user":2384.1171875,"system":974.3203125,"idle":17944.6171875,"nice":0,"iowait":0,"irq":0,"softirq":0,"steal":0,"guest":0,"guestNice":0,"stolen":0},{"cpu":"cpu2","user":3813.40625,"system":1957.6328125,"idle":15532.015625,"nice":0,"iowait":0,"irq":0,"softirq":0,"steal":0,"guest":0,"guestNice":0,"stolen":0},{"cpu":"cpu3","user":2418.8203125,"system":987.4296875,"idle":17896.8046875,"nice":0,"iowait":0,"irq":0,"softirq":0,"steal":0,"guest":0,"guestNice":0,"stolen":0}],"time":"2018-02-19 12:20:31.16171 +0900 JST m=+2340.396190365","errorInfo":null}
[Info]2018/02/19 12:20:31 acsessd /api/status.json
[Info]2018/02/19 12:20:31 {"hostname":"ksc-1x-dhcp-172-29-194-195.kwansei.ac.jp","hostid":"18d901f1-4a03-3ff1-ae34-c26b2732f13c","virtualizationSystem":"","total":8589934592,"available":2130747392,"usedPercent":75.1948356628418,"diskIO":[{"name":"disk0","ioTime":1302001,"weightedIO":0}],"cpu":[{"cpu":"cpu0","user":3929.90625,"system":2225.75,"idle":15148.6171875,"nice":0,"iowait":0,"irq":0,"softirq":0,"steal":0,"guest":0,"guestNice":0,"stolen":0},{"cpu":"cpu1","user":2384.2578125,"system":974.3671875,"idle":17944.84375,"nice":0,"iowait":0,"irq":0,"softirq":0,"steal":0,"guest":0,"guestNice":0,"stolen":0},{"cpu":"cpu2","user":3813.65625,"system":1957.6875,"idle":15532.125,"nice":0,"iowait":0,"irq":0,"softirq":0,"steal":0,"guest":0,"guestNice":0,"stolen":0},{"cpu":"cpu3","user":2418.9609375,"system":987.484375,"idle":17897.015625,"nice":0,"iowait":0,"irq":0,"softirq":0,"steal":0,"guest":0,"guestNice":0,"stolen":0}],"time":"2018-02-19 12:20:31.683395 +0900 JST m=+2340.917874032","errorInfo":null}
[Info]2018/02/19 12:20:32 acsessd /api/status.json
[Info]2018/02/19 12:20:32 {"hostname":"ksc-1x-dhcp-172-29-194-195.kwansei.ac.jp","hostid":"18d901f1-4a03-3ff1-ae34-c26b2732f13c","virtualizationSystem":"","total":8589934592,"available":2130198528,"usedPercent":75.20122528076172,"diskIO":[{"name":"disk0","ioTime":1302016,"weightedIO":0}],"cpu":[{"cpu":"cpu0","user":3930.1171875,"system":2225.7890625,"idle":15148.765625,"nice":0,"iowait":0,"irq":0,"softirq":0,"steal":0,"guest":0,"guestNice":0,"stolen":0},{"cpu":"cpu1","user":2384.390625,"system":974.390625,"idle":17945.0703125,"nice":0,"iowait":0,"irq":0,"softirq":0,"steal":0,"guest":0,"guestNice":0,"stolen":0},{"cpu":"cpu2","user":3813.875,"system":1957.7265625,"idle":15532.25,"nice":0,"iowait":0,"irq":0,"softirq":0,"steal":0,"guest":0,"guestNice":0,"stolen":0},{"cpu":"cpu3","user":2419.1015625,"system":987.515625,"idle":17897.234375,"nice":0,"iowait":0,"irq":0,"softirq":0,"steal":0,"guest":0,"guestNice":0,"stolen":0}],"time":"2018-02-19 12:20:32.176837 +0900 JST m=+2341.411315494","errorInfo":null}
[Info]2018/02/19 12:20:32 acsessd /api/status.json
[Info]2018/02/19 12:20:32 {"hostname":"ksc-1x-dhcp-172-29-194-195.kwansei.ac.jp","hostid":"18d901f1-4a03-3ff1-ae34-c26b2732f13c","virtualizationSystem":"","total":8589934592,"available":2060079104,"usedPercent":76.01752281188965,"diskIO":[{"name":"disk0","ioTime":1302041,"weightedIO":0}],"cpu":[{"cpu":"cpu0","user":3930.3515625,"system":2225.9296875,"idle":15148.796875,"nice":0,"iowait":0,"irq":0,"softirq":0,"steal":0,"guest":0,"guestNice":0,"stolen":0},{"cpu":"cpu1","user":2384.5703125,"system":974.5390625,"idle":17945.1640625,"nice":0,"iowait":0,"irq":0,"softirq":0,"steal":0,"guest":0,"guestNice":0,"stolen":0},{"cpu":"cpu2","user":3814.125,"system":1957.859375,"idle":15532.28125,"nice":0,"iowait":0,"irq":0,"softirq":0,"steal":0,"guest":0,"guestNice":0,"stolen":0},{"cpu":"cpu3","user":2419.2890625,"system":987.6328125,"idle":17897.34375,"nice":0,"iowait":0,"irq":0,"softirq":0,"steal":0,"guest":0,"guestNice":0,"stolen":0}],"time":"2018-02-19 12:20:32.712274 +0900 JST m=+2341.946750674","errorInfo":null}
[Info]2018/02/19 12:20:33 acsessd /api/status.json
[Info]2018/02/19 12:20:33 {"hostname":"ksc-1x-dhcp-172-29-194-195.kwansei.ac.jp","hostid":"18d901f1-4a03-3ff1-ae34-c26b2732f13c","virtualizationSystem":"","total":8589934592,"available":2041430016,"usedPercent":76.23462677001953,"diskIO":[{"name":"disk0","ioTime":1302041,"weightedIO":0}],"cpu":[{"cpu":"cpu0","user":3930.5703125,"system":2226.0078125,"idle":15148.875,"nice":0,"iowait":0,"irq":0,"softirq":0,"steal":0,"guest":0,"guestNice":0,"stolen":0},{"cpu":"cpu1","user":2384.7109375,"system":974.5859375,"idle":17945.3359375,"nice":0,"iowait":0,"irq":0,"softirq":0,"steal":0,"guest":0,"guestNice":0,"stolen":0},{"cpu":"cpu2","user":3814.375,"system":1957.8984375,"idle":15532.359375,"nice":0,"iowait":0,"irq":0,"softirq":0,"steal":0,"guest":0,"guestNice":0,"stolen":0},{"cpu":"cpu3","user":2419.4453125,"system":987.6875,"idle":17897.5078125,"nice":0,"iowait":0,"irq":0,"softirq":0,"steal":0,"guest":0,"guestNice":0,"stolen":0}],"time":"2018-02-19 12:20:33.189028 +0900 JST m=+2342.423504270","errorInfo":null}
[Info]2018/02/19 12:20:33 acsessd /api/status.json
[Info]2018/02/19 12:20:33 {"hostname":"ksc-1x-dhcp-172-29-194-195.kwansei.ac.jp","hostid":"18d901f1-4a03-3ff1-ae34-c26b2732f13c","virtualizationSystem":"","total":8589934592,"available":2034434048,"usedPercent":76.31607055664062,"diskIO":[{"name":"disk0","ioTime":1302063,"weightedIO":0}],"cpu":[{"cpu":"cpu0","user":3930.859375,"system":2226.0703125,"idle":15148.90625,"nice":0,"iowait":0,"irq":0,"softirq":0,"steal":0,"guest":0,"guestNice":0,"stolen":0},{"cpu":"cpu1","user":2384.9296875,"system":974.65625,"idle":17945.4375,"nice":0,"iowait":0,"irq":0,"softirq":0,"steal":0,"guest":0,"guestNice":0,"stolen":0},{"cpu":"cpu2","user":3814.6640625,"system":1957.96875,"idle":15532.390625,"nice":0,"iowait":0,"irq":0,"softirq":0,"steal":0,"guest":0,"guestNice":0,"stolen":0},{"cpu":"cpu3","user":2419.6640625,"system":987.734375,"idle":17897.6171875,"nice":0,"iowait":0,"irq":0,"softirq":0,"steal":0,"guest":0,"guestNice":0,"stolen":0}],"time":"2018-02-19 12:20:33.682477 +0900 JST m=+2342.916952816","errorInfo":null}
[Info]2018/02/19 12:20:34 acsessd /api/status.json
[Info]2018/02/19 12:20:34 {"hostname":"ksc-1x-dhcp-172-29-194-195.kwansei.ac.jp","hostid":"18d901f1-4a03-3ff1-ae34-c26b2732f13c","virtualizationSystem":"","total":8589934592,"available":2023223296,"usedPercent":76.44658088684082,"diskIO":[{"name":"disk0","ioTime":1302063,"weightedIO":0}],"cpu":[{"cpu":"cpu0","user":3931.0703125,"system":2226.1171875,"idle":15149.046875,"nice":0,"iowait":0,"irq":0,"softirq":0,"steal":0,"guest":0,"guestNice":0,"stolen":0},{"cpu":"cpu1","user":2385.03125,"system":974.6953125,"idle":17945.6953125,"nice":0,"iowait":0,"irq":0,"softirq":0,"steal":0,"guest":0,"guestNice":0,"stolen":0},{"cpu":"cpu2","user":3814.890625,"system":1958.0078125,"idle":15532.5234375,"nice":0,"iowait":0,"irq":0,"softirq":0,"steal":0,"guest":0,"guestNice":0,"stolen":0},{"cpu":"cpu3","user":2419.765625,"system":987.7578125,"idle":17897.890625,"nice":0,"iowait":0,"irq":0,"softirq":0,"steal":0,"guest":0,"guestNice":0,"stolen":0}],"time":"2018-02-19 12:20:34.186077 +0900 JST m=+2343.420550954","errorInfo":null}
[Info]2018/02/19 12:20:34 acsessd /api/status.json
[Info]2018/02/19 12:20:34 {"hostname":"ksc-1x-dhcp-172-29-194-195.kwansei.ac.jp","hostid":"18d901f1-4a03-3ff1-ae34-c26b2732f13c","virtualizationSystem":"","total":8589934592,"available":2020016128,"usedPercent":76.48391723632812,"diskIO":[{"name":"disk0","ioTime":1302078,"weightedIO":0}],"cpu":[{"cpu":"cpu0","user":3931.296875,"system":2226.15625,"idle":15149.15625,"nice":0,"iowait":0,"irq":0,"softirq":0,"steal":0,"guest":0,"guestNice":0,"stolen":0},{"cpu":"cpu1","user":2385.1328125,"system":974.7109375,"idle":17945.953125,"nice":0,"iowait":0,"irq":0,"softirq":0,"steal":0,"guest":0,"guestNice":0,"stolen":0},{"cpu":"cpu2","user":3815.1015625,"system":1958.0390625,"idle":15532.6640625,"nice":0,"iowait":0,"irq":0,"softirq":0,"steal":0,"guest":0,"guestNice":0,"stolen":0},{"cpu":"cpu3","user":2419.859375,"system":987.78125,"idle":17898.15625,"nice":0,"iowait":0,"irq":0,"softirq":0,"steal":0,"guest":0,"guestNice":0,"stolen":0}],"time":"2018-02-19 12:20:34.672541 +0900 JST m=+2343.907015111","errorInfo":null}
[Info]2018/02/19 12:20:35 acsessd /api/status.json
[Info]2018/02/19 12:20:35 {"hostname":"ksc-1x-dhcp-172-29-194-195.kwansei.ac.jp","hostid":"18d901f1-4a03-3ff1-ae34-c26b2732f13c","virtualizationSystem":"","total":8589934592,"available":2014236672,"usedPercent":76.55119895935059,"diskIO":[{"name":"disk0","ioTime":1302085,"weightedIO":0}],"cpu":[{"cpu":"cpu0","user":3931.4765625,"system":2226.1953125,"idle":15149.34375,"nice":0,"iowait":0,"irq":0,"softirq":0,"steal":0,"guest":0,"guestNice":0,"stolen":0},{"cpu":"cpu1","user":2385.21875,"system":974.734375,"idle":17946.25,"nice":0,"iowait":0,"irq":0,"softirq":0,"steal":0,"guest":0,"guestNice":0,"stolen":0},{"cpu":"cpu2","user":3815.2890625,"system":1958.0703125,"idle":15532.8359375,"nice":0,"iowait":0,"irq":0,"softirq":0,"steal":0,"guest":0,"guestNice":0,"stolen":0},{"cpu":"cpu3","user":2419.9375,"system":987.796875,"idle":17898.453125,"nice":0,"iowait":0,"irq":0,"softirq":0,"steal":0,"guest":0,"guestNice":0,"stolen":0}],"time":"2018-02-19 12:20:35.18213 +0900 JST m=+2344.416602812","errorInfo":null}
[Info]2018/02/19 12:20:35 acsessd /api/status.json
[Info]2018/02/19 12:20:35 {"hostname":"ksc-1x-dhcp-172-29-194-195.kwansei.ac.jp","hostid":"18d901f1-4a03-3ff1-ae34-c26b2732f13c","virtualizationSystem":"","total":8589934592,"available":2013921280,"usedPercent":76.55487060546875,"diskIO":[{"name":"disk0","ioTime":1302085,"weightedIO":0}],"cpu":[{"cpu":"cpu0","user":3931.671875,"system":2226.21875,"idle":15149.5078125,"nice":0,"iowait":0,"irq":0,"softirq":0,"steal":0,"guest":0,"guestNice":0,"stolen":0},{"cpu":"cpu1","user":2385.2578125,"system":974.75,"idle":17946.578125,"nice":0,"iowait":0,"irq":0,"softirq":0,"steal":0,"guest":0,"guestNice":0,"stolen":0},{"cpu":"cpu2","user":3815.4921875,"system":1958.0859375,"idle":15533.0078125,"nice":0,"iowait":0,"irq":0,"softirq":0,"steal":0,"guest":0,"guestNice":0,"stolen":0},{"cpu":"cpu3","user":2419.9921875,"system":987.8125,"idle":17898.78125,"nice":0,"iowait":0,"irq":0,"softirq":0,"steal":0,"guest":0,"guestNice":0,"stolen":0}],"time":"2018-02-19 12:20:35.676927 +0900 JST m=+2344.911399097","errorInfo":null}
[Info]2018/02/19 12:20:36 acsessd /api/status.json
[Info]2018/02/19 12:20:36 {"hostname":"ksc-1x-dhcp-172-29-194-195.kwansei.ac.jp","hostid":"18d901f1-4a03-3ff1-ae34-c26b2732f13c","virtualizationSystem":"","total":8589934592,"available":2011836416,"usedPercent":76.57914161682129,"diskIO":[{"name":"disk0","ioTime":1302101,"weightedIO":0}],"cpu":[{"cpu":"cpu0","user":3931.8828125,"system":2226.2578125,"idle":15149.6640625,"nice":0,"iowait":0,"irq":0,"softirq":0,"steal":0,"guest":0,"guestNice":0,"stolen":0},{"cpu":"cpu1","user":2385.3203125,"system":974.7734375,"idle":17946.890625,"nice":0,"iowait":0,"irq":0,"softirq":0,"steal":0,"guest":0,"guestNice":0,"stolen":0},{"cpu":"cpu2","user":3815.7109375,"system":1958.1171875,"idle":15533.15625,"nice":0,"iowait":0,"irq":0,"softirq":0,"steal":0,"guest":0,"guestNice":0,"stolen":0},{"cpu":"cpu3","user":2420.0390625,"system":987.84375,"idle":17899.09375,"nice":0,"iowait":0,"irq":0,"softirq":0,"steal":0,"guest":0,"guestNice":0,"stolen":0}],"time":"2018-02-19 12:20:36.189013 +0900 JST m=+2345.423483289","errorInfo":null}
[Info]2018/02/19 12:20:36 acsessd /api/status.json
[Info]2018/02/19 12:20:36 {"hostname":"ksc-1x-dhcp-172-29-194-195.kwansei.ac.jp","hostid":"18d901f1-4a03-3ff1-ae34-c26b2732f13c","virtualizationSystem":"","total":8589934592,"available":2008059904,"usedPercent":76.62310600280762,"diskIO":[{"name":"disk0","ioTime":1302115,"weightedIO":0}],"cpu":[{"cpu":"cpu0","user":3932.1328125,"system":2226.2890625,"idle":15149.765625,"nice":0,"iowait":0,"irq":0,"softirq":0,"steal":0,"guest":0,"guestNice":0,"stolen":0},{"cpu":"cpu1","user":2385.4375,"system":974.8125,"idle":17947.125,"nice":0,"iowait":0,"irq":0,"softirq":0,"steal":0,"guest":0,"guestNice":0,"stolen":0},{"cpu":"cpu2","user":3815.9140625,"system":1958.1640625,"idle":15533.3046875,"nice":0,"iowait":0,"irq":0,"softirq":0,"steal":0,"guest":0,"guestNice":0,"stolen":0},{"cpu":"cpu3","user":2420.15625,"system":987.8828125,"idle":17899.3359375,"nice":0,"iowait":0,"irq":0,"softirq":0,"steal":0,"guest":0,"guestNice":0,"stolen":0}],"time":"2018-02-19 12:20:36.694775 +0900 JST m=+2345.929244682","errorInfo":null}
[Info]2018/02/19 12:20:37 acsessd /api/status.json
[Info]2018/02/19 12:20:37 {"hostname":"ksc-1x-dhcp-172-29-194-195.kwansei.ac.jp","hostid":"18d901f1-4a03-3ff1-ae34-c26b2732f13c","virtualizationSystem":"","total":8589934592,"available":2004828160,"usedPercent":76.66072845458984,"diskIO":[{"name":"disk0","ioTime":1302127,"weightedIO":0}],"cpu":[{"cpu":"cpu0","user":3932.375,"system":2226.3359375,"idle":15149.890625,"nice":0,"iowait":0,"irq":0,"softirq":0,"steal":0,"guest":0,"guestNice":0,"stolen":0},{"cpu":"cpu1","user":2385.5390625,"system":974.859375,"idle":17947.3828125,"nice":0,"iowait":0,"irq":0,"softirq":0,"steal":0,"guest":0,"guestNice":0,"stolen":0},{"cpu":"cpu2","user":3816.1640625,"system":1958.2109375,"idle":15533.4140625,"nice":0,"iowait":0,"irq":0,"softirq":0,"steal":0,"guest":0,"guestNice":0,"stolen":0},{"cpu":"cpu3","user":2420.265625,"system":987.9296875,"idle":17899.5859375,"nice":0,"iowait":0,"irq":0,"softirq":0,"steal":0,"guest":0,"guestNice":0,"stolen":0}],"time":"2018-02-19 12:20:37.215967 +0900 JST m=+2346.450436193","errorInfo":null}
[Info]2018/02/19 12:20:37 acsessd /api/status.json
[Info]2018/02/19 12:20:37 {"hostname":"ksc-1x-dhcp-172-29-194-195.kwansei.ac.jp","hostid":"18d901f1-4a03-3ff1-ae34-c26b2732f13c","virtualizationSystem":"","total":8589934592,"available":2031214592,"usedPercent":76.35354995727539,"diskIO":[{"name":"disk0","ioTime":1302134,"weightedIO":0}],"cpu":[{"cpu":"cpu0","user":3932.6171875,"system":2226.390625,"idle":15150.0078125,"nice":0,"iowait":0,"irq":0,"softirq":0,"steal":0,"guest":0,"guestNice":0,"stolen":0},{"cpu":"cpu1","user":2385.6875,"system":974.9140625,"idle":17947.59375,"nice":0,"iowait":0,"irq":0,"softirq":0,"steal":0,"guest":0,"guestNice":0,"stolen":0},{"cpu":"cpu2","user":3816.390625,"system":1958.2890625,"idle":15533.5234375,"nice":0,"iowait":0,"irq":0,"softirq":0,"steal":0,"guest":0,"guestNice":0,"stolen":0},{"cpu":"cpu3","user":2420.3828125,"system":987.984375,"idle":17899.8359375,"nice":0,"iowait":0,"irq":0,"softirq":0,"steal":0,"guest":0,"guestNice":0,"stolen":0}],"time":"2018-02-19 12:20:37.746712 +0900 JST m=+2346.981179871","errorInfo":null}
[Info]2018/02/19 12:20:38 acsessd /api/status.json
[Info]2018/02/19 12:20:38 {"hostname":"ksc-1x-dhcp-172-29-194-195.kwansei.ac.jp","hostid":"18d901f1-4a03-3ff1-ae34-c26b2732f13c","virtualizationSystem":"","total":8589934592,"available":2032615424,"usedPercent":76.33724212646484,"diskIO":[{"name":"disk0","ioTime":1302134,"weightedIO":0}],"cpu":[{"cpu":"cpu0","user":3932.828125,"system":2226.4609375,"idle":15150.1015625,"nice":0,"iowait":0,"irq":0,"softirq":0,"steal":0,"guest":0,"guestNice":0,"stolen":0},{"cpu":"cpu1","user":2385.8671875,"system":974.9765625,"idle":17947.734375,"nice":0,"iowait":0,"irq":0,"softirq":0,"steal":0,"guest":0,"guestNice":0,"stolen":0},{"cpu":"cpu2","user":3816.625,"system":1958.3515625,"idle":15533.59375,"nice":0,"iowait":0,"irq":0,"softirq":0,"steal":0,"guest":0,"guestNice":0,"stolen":0},{"cpu":"cpu3","user":2420.53125,"system":988.0390625,"idle":17900.0078125,"nice":0,"iowait":0,"irq":0,"softirq":0,"steal":0,"guest":0,"guestNice":0,"stolen":0}],"time":"2018-02-19 12:20:38.225241 +0900 JST m=+2347.459707708","errorInfo":null}
[Info]2018/02/19 12:20:38 acsessd /api/status.json
[Info]2018/02/19 12:20:38 {"hostname":"ksc-1x-dhcp-172-29-194-195.kwansei.ac.jp","hostid":"18d901f1-4a03-3ff1-ae34-c26b2732f13c","virtualizationSystem":"","total":8589934592,"available":2030260224,"usedPercent":76.36466026306152,"diskIO":[{"name":"disk0","ioTime":1302144,"weightedIO":0}],"cpu":[{"cpu":"cpu0","user":3933.078125,"system":2226.5234375,"idle":15150.1875,"nice":0,"iowait":0,"irq":0,"softirq":0,"steal":0,"guest":0,"guestNice":0,"stolen":0},{"cpu":"cpu1","user":2386.0859375,"system":975.03125,"idle":17947.859375,"nice":0,"iowait":0,"irq":0,"softirq":0,"steal":0,"guest":0,"guestNice":0,"stolen":0},{"cpu":"cpu2","user":3816.9140625,"system":1958.40625,"idle":15533.6640625,"nice":0,"iowait":0,"irq":0,"softirq":0,"steal":0,"guest":0,"guestNice":0,"stolen":0},{"cpu":"cpu3","user":2420.7421875,"system":988.09375,"idle":17900.140625,"nice":0,"iowait":0,"irq":0,"softirq":0,"steal":0,"guest":0,"guestNice":0,"stolen":0}],"time":"2018-02-19 12:20:38.74106 +0900 JST m=+2347.975524926","errorInfo":null}
[Info]2018/02/19 12:20:39 acsessd /api/status.json
[Info]2018/02/19 12:20:39 {"hostname":"ksc-1x-dhcp-172-29-194-195.kwansei.ac.jp","hostid":"18d901f1-4a03-3ff1-ae34-c26b2732f13c","virtualizationSystem":"","total":8589934592,"available":2029203456,"usedPercent":76.37696266174316,"diskIO":[{"name":"disk0","ioTime":1302156,"weightedIO":0}],"cpu":[{"cpu":"cpu0","user":3933.3125,"system":2226.59375,"idle":15150.25,"nice":0,"iowait":0,"irq":0,"softirq":0,"steal":0,"guest":0,"guestNice":0,"stolen":0},{"cpu":"cpu1","user":2386.2734375,"system":975.078125,"idle":17947.984375,"nice":0,"iowait":0,"irq":0,"softirq":0,"steal":0,"guest":0,"guestNice":0,"stolen":0},{"cpu":"cpu2","user":3817.15625,"system":1958.453125,"idle":15533.734375,"nice":0,"iowait":0,"irq":0,"softirq":0,"steal":0,"guest":0,"guestNice":0,"stolen":0},{"cpu":"cpu3","user":2420.9296875,"system":988.140625,"idle":17900.265625,"nice":0,"iowait":0,"irq":0,"softirq":0,"steal":0,"guest":0,"guestNice":0,"stolen":0}],"time":"2018-02-19 12:20:39.204771 +0900 JST m=+2348.439235483","errorInfo":null}
[Info]2018/02/19 12:20:39 acsessd /api/status.json
[Info]2018/02/19 12:20:39 {"hostname":"ksc-1x-dhcp-172-29-194-195.kwansei.ac.jp","hostid":"18d901f1-4a03-3ff1-ae34-c26b2732f13c","virtualizationSystem":"","total":8589934592,"available":2028912640,"usedPercent":76.3803482055664,"diskIO":[{"name":"disk0","ioTime":1302188,"weightedIO":0}],"cpu":[{"cpu":"cpu0","user":3933.625,"system":2226.65625,"idle":15150.28125,"nice":0,"iowait":0,"irq":0,"softirq":0,"steal":0,"guest":0,"guestNice":0,"stolen":0},{"cpu":"cpu1","user":2386.5,"system":975.1484375,"idle":17948.109375,"nice":0,"iowait":0,"irq":0,"softirq":0,"steal":0,"guest":0,"guestNice":0,"stolen":0},{"cpu":"cpu2","user":3817.4609375,"system":1958.5234375,"idle":15533.7734375,"nice":0,"iowait":0,"irq":0,"softirq":0,"steal":0,"guest":0,"guestNice":0,"stolen":0},{"cpu":"cpu3","user":2421.140625,"system":988.2265625,"idle":17900.3828125,"nice":0,"iowait":0,"irq":0,"softirq":0,"steal":0,"guest":0,"guestNice":0,"stolen":0}],"time":"2018-02-19 12:20:39.734694 +0900 JST m=+2348.969157933","errorInfo":null}
[Info]2018/02/19 12:20:40 acsessd /api/status.json
[Info]2018/02/19 12:20:40 {"hostname":"ksc-1x-dhcp-172-29-194-195.kwansei.ac.jp","hostid":"18d901f1-4a03-3ff1-ae34-c26b2732f13c","virtualizationSystem":"","total":8589934592,"available":2012495872,"usedPercent":76.57146453857422,"diskIO":[{"name":"disk0","ioTime":1302206,"weightedIO":0}],"cpu":[{"cpu":"cpu0","user":3934.015625,"system":2226.7734375,"idle":15150.296875,"nice":0,"iowait":0,"irq":0,"softirq":0,"steal":0,"guest":0,"guestNice":0,"stolen":0},{"cpu":"cpu1","user":2386.8125,"system":975.296875,"idle":17948.171875,"nice":0,"iowait":0,"irq":0,"softirq":0,"steal":0,"guest":0,"guestNice":0,"stolen":0},{"cpu":"cpu2","user":3817.8359375,"system":1958.65625,"idle":15533.7890625,"nice":0,"iowait":0,"irq":0,"softirq":0,"steal":0,"guest":0,"guestNice":0,"stolen":0},{"cpu":"cpu3","user":2421.4453125,"system":988.375,"idle":17900.453125,"nice":0,"iowait":0,"irq":0,"softirq":0,"steal":0,"guest":0,"guestNice":0,"stolen":0}],"time":"2018-02-19 12:20:40.402671 +0900 JST m=+2349.637133278","errorInfo":null}
[Info]2018/02/19 12:20:40 acsessd /api/status.json
[Info]2018/02/19 12:20:40 {"hostname":"ksc-1x-dhcp-172-29-194-195.kwansei.ac.jp","hostid":"18d901f1-4a03-3ff1-ae34-c26b2732f13c","virtualizationSystem":"","total":8589934592,"available":2009477120,"usedPercent":76.60660743713379,"diskIO":[{"name":"disk0","ioTime":1302221,"weightedIO":0}],"cpu":[{"cpu":"cpu0","user":3934.2578125,"system":2226.859375,"idle":15150.3046875,"nice":0,"iowait":0,"irq":0,"softirq":0,"steal":0,"guest":0,"guestNice":0,"stolen":0},{"cpu":"cpu1","user":2387.0703125,"system":975.3671875,"idle":17948.171875,"nice":0,"iowait":0,"irq":0,"softirq":0,"steal":0,"guest":0,"guestNice":0,"stolen":0},{"cpu":"cpu2","user":3818.109375,"system":1958.71875,"idle":15533.7890625,"nice":0,"iowait":0,"irq":0,"softirq":0,"steal":0,"guest":0,"guestNice":0,"stolen":0},{"cpu":"cpu3","user":2421.703125,"system":988.453125,"idle":17900.4609375,"nice":0,"iowait":0,"irq":0,"softirq":0,"steal":0,"guest":0,"guestNice":0,"stolen":0}],"time":"2018-02-19 12:20:40.831725 +0900 JST m=+2350.066186561","errorInfo":null}
[Info]2018/02/19 12:20:41 acsessd /api/status.json
[Info]2018/02/19 12:20:41 {"hostname":"ksc-1x-dhcp-172-29-194-195.kwansei.ac.jp","hostid":"18d901f1-4a03-3ff1-ae34-c26b2732f13c","virtualizationSystem":"","total":8589934592,"available":2002264064,"usedPercent":76.69057846069336,"diskIO":[{"name":"disk0","ioTime":1302239,"weightedIO":0}],"cpu":[{"cpu":"cpu0","user":3934.4453125,"system":2226.984375,"idle":15150.3203125,"nice":0,"iowait":0,"irq":0,"softirq":0,"steal":0,"guest":0,"guestNice":0,"stolen":0},{"cpu":"cpu1","user":2387.2578125,"system":975.4375,"idle":17948.234375,"nice":0,"iowait":0,"irq":0,"softirq":0,"steal":0,"guest":0,"guestNice":0,"stolen":0},{"cpu":"cpu2","user":3818.3046875,"system":1958.8203125,"idle":15533.8125,"nice":0,"iowait":0,"irq":0,"softirq":0,"steal":0,"guest":0,"guestNice":0,"stolen":0},{"cpu":"cpu3","user":2421.875,"system":988.5546875,"idle":17900.5078125,"nice":0,"iowait":0,"irq":0,"softirq":0,"steal":0,"guest":0,"guestNice":0,"stolen":0}],"time":"2018-02-19 12:20:41.249798 +0900 JST m=+2350.484258601","errorInfo":null}
[Info]2018/02/19 12:20:41 acsessd /api/status.json
[Info]2018/02/19 12:20:41 {"hostname":"ksc-1x-dhcp-172-29-194-195.kwansei.ac.jp","hostid":"18d901f1-4a03-3ff1-ae34-c26b2732f13c","virtualizationSystem":"","total":8589934592,"available":1996713984,"usedPercent":76.75518989562988,"diskIO":[{"name":"disk0","ioTime":1302254,"weightedIO":0}],"cpu":[{"cpu":"cpu0","user":3934.703125,"system":2227.09375,"idle":15150.375,"nice":0,"iowait":0,"irq":0,"softirq":0,"steal":0,"guest":0,"guestNice":0,"stolen":0},{"cpu":"cpu1","user":2387.421875,"system":975.5546875,"idle":17948.375,"nice":0,"iowait":0,"irq":0,"softirq":0,"steal":0,"guest":0,"guestNice":0,"stolen":0},{"cpu":"cpu2","user":3818.546875,"system":1958.9375,"idle":15533.875,"nice":0,"iowait":0,"irq":0,"softirq":0,"steal":0,"guest":0,"guestNice":0,"stolen":0},{"cpu":"cpu3","user":2422.0546875,"system":988.65625,"idle":17900.640625,"nice":0,"iowait":0,"irq":0,"softirq":0,"steal":0,"guest":0,"guestNice":0,"stolen":0}],"time":"2018-02-19 12:20:41.786096 +0900 JST m=+2351.020555397","errorInfo":null}
[Info]2018/02/19 12:20:42 acsessd /api/status.json
[Info]2018/02/19 12:20:42 {"hostname":"ksc-1x-dhcp-172-29-194-195.kwansei.ac.jp","hostid":"18d901f1-4a03-3ff1-ae34-c26b2732f13c","virtualizationSystem":"","total":8589934592,"available":1992278016,"usedPercent":76.80683135986328,"diskIO":[{"name":"disk0","ioTime":1302263,"weightedIO":0}],"cpu":[{"cpu":"cpu0","user":3935,"system":2227.21875,"idle":15150.375,"nice":0,"iowait":0,"irq":0,"softirq":0,"steal":0,"guest":0,"guestNice":0,"stolen":0},{"cpu":"cpu1","user":2387.703125,"system":975.6796875,"idle":17948.40625,"nice":0,"iowait":0,"irq":0,"softirq":0,"steal":0,"guest":0,"guestNice":0,"stolen":0},{"cpu":"cpu2","user":3818.8515625,"system":1959.0625,"idle":15533.875,"nice":0,"iowait":0,"irq":0,"softirq":0,"steal":0,"guest":0,"guestNice":0,"stolen":0},{"cpu":"cpu3","user":2422.3203125,"system":988.7890625,"idle":17900.671875,"nice":0,"iowait":0,"irq":0,"softirq":0,"steal":0,"guest":0,"guestNice":0,"stolen":0}],"time":"2018-02-19 12:20:42.339152 +0900 JST m=+2351.573610534","errorInfo":null}
[Info]2018/02/19 12:20:42 acsessd /api/status.json
[Info]2018/02/19 12:20:42 {"hostname":"ksc-1x-dhcp-172-29-194-195.kwansei.ac.jp","hostid":"18d901f1-4a03-3ff1-ae34-c26b2732f13c","virtualizationSystem":"","total":8589934592,"available":1992278016,"usedPercent":76.80683135986328,"diskIO":[{"name":"disk0","ioTime":1302285,"weightedIO":0}],"cpu":[{"cpu":"cpu0","user":3935.2109375,"system":2227.3125,"idle":15150.390625,"nice":0,"iowait":0,"irq":0,"softirq":0,"steal":0,"guest":0,"guestNice":0,"stolen":0},{"cpu":"cpu1","user":2387.8828125,"system":975.7578125,"idle":17948.4609375,"nice":0,"iowait":0,"irq":0,"softirq":0,"steal":0,"guest":0,"guestNice":0,"stolen":0},{"cpu":"cpu2","user":3819.0625,"system":1959.1484375,"idle":15533.8984375,"nice":0,"iowait":0,"irq":0,"softirq":0,"steal":0,"guest":0,"guestNice":0,"stolen":0},{"cpu":"cpu3","user":2422.5078125,"system":988.875,"idle":17900.71875,"nice":0,"iowait":0,"irq":0,"softirq":0,"steal":0,"guest":0,"guestNice":0,"stolen":0}],"time":"2018-02-19 12:20:42.741516 +0900 JST m=+2351.975972258","errorInfo":null}
[Info]2018/02/19 12:20:43 acsessd /api/status.json
[Info]2018/02/19 12:20:43 {"hostname":"ksc-1x-dhcp-172-29-194-195.kwansei.ac.jp","hostid":"18d901f1-4a03-3ff1-ae34-c26b2732f13c","virtualizationSystem":"","total":8589934592,"available":1986519040,"usedPercent":76.87387466430664,"diskIO":[{"name":"disk0","ioTime":1302320,"weightedIO":0}],"cpu":[{"cpu":"cpu0","user":3935.40625,"system":2227.421875,"idle":15150.4765625,"nice":0,"iowait":0,"irq":0,"softirq":0,"steal":0,"guest":0,"guestNice":0,"stolen":0},{"cpu":"cpu1","user":2388,"system":975.8359375,"idle":17948.65625,"nice":0,"iowait":0,"irq":0,"softirq":0,"steal":0,"guest":0,"guestNice":0,"stolen":0},{"cpu":"cpu2","user":3819.265625,"system":1959.2421875,"idle":15533.9765625,"nice":0,"iowait":0,"irq":0,"softirq":0,"steal":0,"guest":0,"guestNice":0,"stolen":0},{"cpu":"cpu3","user":2422.6328125,"system":988.9375,"idle":17900.9140625,"nice":0,"iowait":0,"irq":0,"softirq":0,"steal":0,"guest":0,"guestNice":0,"stolen":0}],"time":"2018-02-19 12:20:43.234307 +0900 JST m=+2352.468764212","errorInfo":null}
[Info]2018/02/19 12:20:43 acsessd /api/status.json
[Info]2018/02/19 12:20:43 {"hostname":"ksc-1x-dhcp-172-29-194-195.kwansei.ac.jp","hostid":"18d901f1-4a03-3ff1-ae34-c26b2732f13c","virtualizationSystem":"","total":8589934592,"available":1982873600,"usedPercent":76.91631317138672,"diskIO":[{"name":"disk0","ioTime":1302346,"weightedIO":0}],"cpu":[{"cpu":"cpu0","user":3935.625,"system":2227.515625,"idle":15150.546875,"nice":0,"iowait":0,"irq":0,"softirq":0,"steal":0,"guest":0,"guestNice":0,"stolen":0},{"cpu":"cpu1","user":2388.1171875,"system":975.9140625,"idle":17948.8359375,"nice":0,"iowait":0,"irq":0,"softirq":0,"steal":0,"guest":0,"guestNice":0,"stolen":0},{"cpu":"cpu2","user":3819.453125,"system":1959.3515625,"idle":15534.0703125,"nice":0,"iowait":0,"irq":0,"softirq":0,"steal":0,"guest":0,"guestNice":0,"stolen":0},{"cpu":"cpu3","user":2422.7578125,"system":989.0234375,"idle":17901.09375,"nice":0,"iowait":0,"irq":0,"softirq":0,"steal":0,"guest":0,"guestNice":0,"stolen":0}],"time":"2018-02-19 12:20:43.73183 +0900 JST m=+2352.966285904","errorInfo":null}
[Info]2018/02/19 12:20:44 acsessd /api/status.json
[Info]2018/02/19 12:20:44 {"hostname":"ksc-1x-dhcp-172-29-194-195.kwansei.ac.jp","hostid":"18d901f1-4a03-3ff1-ae34-c26b2732f13c","virtualizationSystem":"","total":8589934592,"available":1996730368,"usedPercent":76.7549991607666,"diskIO":[{"name":"disk0","ioTime":1302357,"weightedIO":0}],"cpu":[{"cpu":"cpu0","user":3935.8515625,"system":2227.625,"idle":15150.625,"nice":0,"iowait":0,"irq":0,"softirq":0,"steal":0,"guest":0,"guestNice":0,"stolen":0},{"cpu":"cpu1","user":2388.25,"system":976.015625,"idle":17949.015625,"nice":0,"iowait":0,"irq":0,"softirq":0,"steal":0,"guest":0,"guestNice":0,"stolen":0},{"cpu":"cpu2","user":3819.6953125,"system":1959.453125,"idle":15534.1328125,"nice":0,"iowait":0,"irq":0,"softirq":0,"steal":0,"guest":0,"guestNice":0,"stolen":0},{"cpu":"cpu3","user":2422.890625,"system":989.125,"idle":17901.265625,"nice":0,"iowait":0,"irq":0,"softirq":0,"steal":0,"guest":0,"guestNice":0,"stolen":0}],"time":"2018-02-19 12:20:44.24987 +0900 JST m=+2353.484325042","errorInfo":null}
[Info]2018/02/19 12:20:44 acsessd /api/status.json
[Info]2018/02/19 12:20:44 {"hostname":"ksc-1x-dhcp-172-29-194-195.kwansei.ac.jp","hostid":"18d901f1-4a03-3ff1-ae34-c26b2732f13c","virtualizationSystem":"","total":8589934592,"available":1995436032,"usedPercent":76.77006721496582,"diskIO":[{"name":"disk0","ioTime":1302367,"weightedIO":0}],"cpu":[{"cpu":"cpu0","user":3936.1015625,"system":2227.6953125,"idle":15150.6875,"nice":0,"iowait":0,"irq":0,"softirq":0,"steal":0,"guest":0,"guestNice":0,"stolen":0},{"cpu":"cpu1","user":2388.3828125,"system":976.109375,"idle":17949.171875,"nice":0,"iowait":0,"irq":0,"softirq":0,"steal":0,"guest":0,"guestNice":0,"stolen":0},{"cpu":"cpu2","user":3819.9453125,"system":1959.5234375,"idle":15534.1953125,"nice":0,"iowait":0,"irq":0,"softirq":0,"steal":0,"guest":0,"guestNice":0,"stolen":0},{"cpu":"cpu3","user":2423.0390625,"system":989.2109375,"idle":17901.40625,"nice":0,"iowait":0,"irq":0,"softirq":0,"steal":0,"guest":0,"guestNice":0,"stolen":0}],"time":"2018-02-19 12:20:44.741114 +0900 JST m=+2353.975567764","errorInfo":null}
[Info]2018/02/19 12:20:45 acsessd /api/status.json
[Info]2018/02/19 12:20:45 {"hostname":"ksc-1x-dhcp-172-29-194-195.kwansei.ac.jp","hostid":"18d901f1-4a03-3ff1-ae34-c26b2732f13c","virtualizationSystem":"","total":8589934592,"available":1990770688,"usedPercent":76.82437896728516,"diskIO":[{"name":"disk0","ioTime":1302387,"weightedIO":0}],"cpu":[{"cpu":"cpu0","user":3936.3125,"system":2227.7578125,"idle":15150.796875,"nice":0,"iowait":0,"irq":0,"softirq":0,"steal":0,"guest":0,"guestNice":0,"stolen":0},{"cpu":"cpu1","user":2388.5234375,"system":976.1796875,"idle":17949.3515625,"nice":0,"iowait":0,"irq":0,"softirq":0,"steal":0,"guest":0,"guestNice":0,"stolen":0},{"cpu":"cpu2","user":3820.1875,"system":1959.5703125,"idle":15534.2890625,"nice":0,"iowait":0,"irq":0,"softirq":0,"steal":0,"guest":0,"guestNice":0,"stolen":0},{"cpu":"cpu3","user":2423.1875,"system":989.2734375,"idle":17901.5859375,"nice":0,"iowait":0,"irq":0,"softirq":0,"steal":0,"guest":0,"guestNice":0,"stolen":0}],"time":"2018-02-19 12:20:45.23484 +0900 JST m=+2354.469293157","errorInfo":null}
[Info]2018/02/19 12:20:45 acsessd /api/status.json
[Info]2018/02/19 12:20:45 {"hostname":"ksc-1x-dhcp-172-29-194-195.kwansei.ac.jp","hostid":"18d901f1-4a03-3ff1-ae34-c26b2732f13c","virtualizationSystem":"","total":8589934592,"available":1984278528,"usedPercent":76.89995765686035,"diskIO":[{"name":"disk0","ioTime":1302400,"weightedIO":0}],"cpu":[{"cpu":"cpu0","user":3936.5703125,"system":2227.8125,"idle":15150.8828125,"nice":0,"iowait":0,"irq":0,"softirq":0,"steal":0,"guest":0,"guestNice":0,"stolen":0},{"cpu":"cpu1","user":2388.640625,"system":976.234375,"idle":17949.578125,"nice":0,"iowait":0,"irq":0,"softirq":0,"steal":0,"guest":0,"guestNice":0,"stolen":0},{"cpu":"cpu2","user":3820.390625,"system":1959.640625,"idle":15534.421875,"nice":0,"iowait":0,"irq":0,"softirq":0,"steal":0,"guest":0,"guestNice":0,"stolen":0},{"cpu":"cpu3","user":2423.328125,"system":989.3359375,"idle":17901.7890625,"nice":0,"iowait":0,"irq":0,"softirq":0,"steal":0,"guest":0,"guestNice":0,"stolen":0}],"time":"2018-02-19 12:20:45.7496 +0900 JST m=+2354.984052381","errorInfo":null}
[Info]2018/02/19 12:20:46 acsessd /api/status.json
[Info]2018/02/19 12:20:46 {"hostname":"ksc-1x-dhcp-172-29-194-195.kwansei.ac.jp","hostid":"18d901f1-4a03-3ff1-ae34-c26b2732f13c","virtualizationSystem":"","total":8589934592,"available":1974530048,"usedPercent":77.0134449005127,"diskIO":[{"name":"disk0","ioTime":1302424,"weightedIO":0}],"cpu":[{"cpu":"cpu0","user":3936.84375,"system":2227.890625,"idle":15150.9765625,"nice":0,"iowait":0,"irq":0,"softirq":0,"steal":0,"guest":0,"guestNice":0,"stolen":0},{"cpu":"cpu1","user":2388.796875,"system":976.3125,"idle":17949.78125,"nice":0,"iowait":0,"irq":0,"softirq":0,"steal":0,"guest":0,"guestNice":0,"stolen":0},{"cpu":"cpu2","user":3820.71875,"system":1959.6953125,"idle":15534.4765625,"nice":0,"iowait":0,"irq":0,"softirq":0,"steal":0,"guest":0,"guestNice":0,"stolen":0},{"cpu":"cpu3","user":2423.5,"system":989.3984375,"idle":17901.9921875,"nice":0,"iowait":0,"irq":0,"softirq":0,"steal":0,"guest":0,"guestNice":0,"stolen":0}],"time":"2018-02-19 12:20:46.312593 +0900 JST m=+2355.547044074","errorInfo":null}
[Info]2018/02/19 12:20:46 acsessd /api/status.json
[Info]2018/02/19 12:20:46 {"hostname":"ksc-1x-dhcp-172-29-194-195.kwansei.ac.jp","hostid":"18d901f1-4a03-3ff1-ae34-c26b2732f13c","virtualizationSystem":"","total":8589934592,"available":2026733568,"usedPercent":76.40571594238281,"diskIO":[{"name":"disk0","ioTime":1302444,"weightedIO":0}],"cpu":[{"cpu":"cpu0","user":3937.03125,"system":2228,"idle":15151.015625,"nice":0,"iowait":0,"irq":0,"softirq":0,"steal":0,"guest":0,"guestNice":0,"stolen":0},{"cpu":"cpu1","user":2388.9140625,"system":976.3984375,"idle":17949.9140625,"nice":0,"iowait":0,"irq":0,"softirq":0,"steal":0,"guest":0,"guestNice":0,"stolen":0},{"cpu":"cpu2","user":3820.921875,"system":1959.7890625,"idle":15534.53125,"nice":0,"iowait":0,"irq":0,"softirq":0,"steal":0,"guest":0,"guestNice":0,"stolen":0},{"cpu":"cpu3","user":2423.6015625,"system":989.4921875,"idle":17902.1328125,"nice":0,"iowait":0,"irq":0,"softirq":0,"steal":0,"guest":0,"guestNice":0,"stolen":0}],"time":"2018-02-19 12:20:46.749705 +0900 JST m=+2355.984154877","errorInfo":null}
[Info]2018/02/19 12:20:47 acsessd /api/status.json
[Info]2018/02/19 12:20:47 {"hostname":"ksc-1x-dhcp-172-29-194-195.kwansei.ac.jp","hostid":"18d901f1-4a03-3ff1-ae34-c26b2732f13c","virtualizationSystem":"","total":8589934592,"available":2026627072,"usedPercent":76.40695571899414,"diskIO":[{"name":"disk0","ioTime":1302460,"weightedIO":0}],"cpu":[{"cpu":"cpu0","user":3937.25,"system":2228.0546875,"idle":15151.125,"nice":0,"iowait":0,"irq":0,"softirq":0,"steal":0,"guest":0,"guestNice":0,"stolen":0},{"cpu":"cpu1","user":2389.0546875,"system":976.4609375,"idle":17950.109375,"nice":0,"iowait":0,"irq":0,"softirq":0,"steal":0,"guest":0,"guestNice":0,"stolen":0},{"cpu":"cpu2","user":3821.1640625,"system":1959.84375,"idle":15534.6171875,"nice":0,"iowait":0,"irq":0,"softirq":0,"steal":0,"guest":0,"guestNice":0,"stolen":0},{"cpu":"cpu3","user":2423.75,"system":989.546875,"idle":17902.3203125,"nice":0,"iowait":0,"irq":0,"softirq":0,"steal":0,"guest":0,"guestNice":0,"stolen":0}],"time":"2018-02-19 12:20:47.245349 +0900 JST m=+2356.479798746","errorInfo":null}
[Info]2018/02/19 12:20:47 acsessd /api/status.json
[Info]2018/02/19 12:20:47 {"hostname":"ksc-1x-dhcp-172-29-194-195.kwansei.ac.jp","hostid":"18d901f1-4a03-3ff1-ae34-c26b2732f13c","virtualizationSystem":"","total":8589934592,"available":2041782272,"usedPercent":76.23052597045898,"diskIO":[{"name":"disk0","ioTime":1302468,"weightedIO":0}],"cpu":[{"cpu":"cpu0","user":3937.484375,"system":2228.109375,"idle":15151.2265625,"nice":0,"iowait":0,"irq":0,"softirq":0,"steal":0,"guest":0,"guestNice":0,"stolen":0},{"cpu":"cpu1","user":2389.1328125,"system":976.515625,"idle":17950.3671875,"nice":0,"iowait":0,"irq":0,"softirq":0,"steal":0,"guest":0,"guestNice":0,"stolen":0},{"cpu":"cpu2","user":3821.359375,"system":1959.8984375,"idle":15534.75,"nice":0,"iowait":0,"irq":0,"softirq":0,"steal":0,"guest":0,"guestNice":0,"stolen":0},{"cpu":"cpu3","user":2423.8203125,"system":989.6171875,"idle":17902.5703125,"nice":0,"iowait":0,"irq":0,"softirq":0,"steal":0,"guest":0,"guestNice":0,"stolen":0}],"time":"2018-02-19 12:20:47.743525 +0900 JST m=+2356.977973155","errorInfo":null}
[Info]2018/02/19 12:20:48 acsessd /api/status.json
[Info]2018/02/19 12:20:48 {"hostname":"ksc-1x-dhcp-172-29-194-195.kwansei.ac.jp","hostid":"18d901f1-4a03-3ff1-ae34-c26b2732f13c","virtualizationSystem":"","total":8589934592,"available":2042617856,"usedPercent":76.22079849243164,"diskIO":[{"name":"disk0","ioTime":1302468,"weightedIO":0}],"cpu":[{"cpu":"cpu0","user":3937.734375,"system":2228.1875,"idle":15151.3125,"nice":0,"iowait":0,"irq":0,"softirq":0,"steal":0,"guest":0,"guestNice":0,"stolen":0},{"cpu":"cpu1","user":2389.2734375,"system":976.5703125,"idle":17950.578125,"nice":0,"iowait":0,"irq":0,"softirq":0,"steal":0,"guest":0,"guestNice":0,"stolen":0},{"cpu":"cpu2","user":3821.6171875,"system":1959.9609375,"idle":15534.84375,"nice":0,"iowait":0,"irq":0,"softirq":0,"steal":0,"guest":0,"guestNice":0,"stolen":0},{"cpu":"cpu3","user":2423.953125,"system":989.6875,"idle":17902.7734375,"nice":0,"iowait":0,"irq":0,"softirq":0,"steal":0,"guest":0,"guestNice":0,"stolen":0}],"time":"2018-02-19 12:20:48.269016 +0900 JST m=+2357.503463327","errorInfo":null}
[Info]2018/02/19 12:20:48 acsessd /api/status.json
[Info]2018/02/19 12:20:48 {"hostname":"ksc-1x-dhcp-172-29-194-195.kwansei.ac.jp","hostid":"18d901f1-4a03-3ff1-ae34-c26b2732f13c","virtualizationSystem":"","total":8589934592,"available":2039025664,"usedPercent":76.26261711120605,"diskIO":[{"name":"disk0","ioTime":1302484,"weightedIO":0}],"cpu":[{"cpu":"cpu0","user":3937.9609375,"system":2228.25,"idle":15151.390625,"nice":0,"iowait":0,"irq":0,"softirq":0,"steal":0,"guest":0,"guestNice":0,"stolen":0},{"cpu":"cpu1","user":2389.3984375,"system":976.625,"idle":17950.7734375,"nice":0,"iowait":0,"irq":0,"softirq":0,"steal":0,"guest":0,"guestNice":0,"stolen":0},{"cpu":"cpu2","user":3821.8515625,"system":1960.0234375,"idle":15534.921875,"nice":0,"iowait":0,"irq":0,"softirq":0,"steal":0,"guest":0,"guestNice":0,"stolen":0},{"cpu":"cpu3","user":2424.0703125,"system":989.7421875,"idle":17902.9765625,"nice":0,"iowait":0,"irq":0,"softirq":0,"steal":0,"guest":0,"guestNice":0,"stolen":0}],"time":"2018-02-19 12:20:48.744382 +0900 JST m=+2357.978829127","errorInfo":null}
[Info]2018/02/19 12:20:49 acsessd /api/status.json
[Info]2018/02/19 12:20:49 {"hostname":"ksc-1x-dhcp-172-29-194-195.kwansei.ac.jp","hostid":"18d901f1-4a03-3ff1-ae34-c26b2732f13c","virtualizationSystem":"","total":8589934592,"available":2039025664,"usedPercent":76.26261711120605,"diskIO":[{"name":"disk0","ioTime":1302494,"weightedIO":0}],"cpu":[{"cpu":"cpu0","user":3938.203125,"system":2228.3125,"idle":15151.484375,"nice":0,"iowait":0,"irq":0,"softirq":0,"steal":0,"guest":0,"guestNice":0,"stolen":0},{"cpu":"cpu1","user":2389.5546875,"system":976.6796875,"idle":17950.953125,"nice":0,"iowait":0,"irq":0,"softirq":0,"steal":0,"guest":0,"guestNice":0,"stolen":0},{"cpu":"cpu2","user":3822.1015625,"system":1960.0859375,"idle":15535.0078125,"nice":0,"iowait":0,"irq":0,"softirq":0,"steal":0,"guest":0,"guestNice":0,"stolen":0},{"cpu":"cpu3","user":2424.234375,"system":989.796875,"idle":17903.1640625,"nice":0,"iowait":0,"irq":0,"softirq":0,"steal":0,"guest":0,"guestNice":0,"stolen":0}],"time":"2018-02-19 12:20:49.257655 +0900 JST m=+2358.492100836","errorInfo":null}
[Info]2018/02/19 12:20:49 acsessd /api/status.json
[Info]2018/02/19 12:20:49 {"hostname":"ksc-1x-dhcp-172-29-194-195.kwansei.ac.jp","hostid":"18d901f1-4a03-3ff1-ae34-c26b2732f13c","virtualizationSystem":"","total":8589934592,"available":2009567232,"usedPercent":76.60555839538574,"diskIO":[{"name":"disk0","ioTime":1302515,"weightedIO":0}],"cpu":[{"cpu":"cpu0","user":3938.4375,"system":2228.3671875,"idle":15151.5859375,"nice":0,"iowait":0,"irq":0,"softirq":0,"steal":0,"guest":0,"guestNice":0,"stolen":0},{"cpu":"cpu1","user":2389.671875,"system":976.71875,"idle":17951.1875,"nice":0,"iowait":0,"irq":0,"softirq":0,"steal":0,"guest":0,"guestNice":0,"stolen":0},{"cpu":"cpu2","user":3822.34375,"system":1960.1328125,"idle":15535.1015625,"nice":0,"iowait":0,"irq":0,"softirq":0,"steal":0,"guest":0,"guestNice":0,"stolen":0},{"cpu":"cpu3","user":2424.3359375,"system":989.8359375,"idle":17903.3984375,"nice":0,"iowait":0,"irq":0,"softirq":0,"steal":0,"guest":0,"guestNice":0,"stolen":0}],"time":"2018-02-19 12:20:49.745652 +0900 JST m=+2358.980096447","errorInfo":null}
[Info]2018/02/19 12:20:50 acsessd /api/status.json
[Info]2018/02/19 12:20:50 {"hostname":"ksc-1x-dhcp-172-29-194-195.kwansei.ac.jp","hostid":"18d901f1-4a03-3ff1-ae34-c26b2732f13c","virtualizationSystem":"","total":8589934592,"available":2008989696,"usedPercent":76.6122817993164,"diskIO":[{"name":"disk0","ioTime":1302515,"weightedIO":0}],"cpu":[{"cpu":"cpu0","user":3938.6328125,"system":2228.40625,"idle":15151.734375,"nice":0,"iowait":0,"irq":0,"softirq":0,"steal":0,"guest":0,"guestNice":0,"stolen":0},{"cpu":"cpu1","user":2389.765625,"system":976.75,"idle":17951.4453125,"nice":0,"iowait":0,"irq":0,"softirq":0,"steal":0,"guest":0,"guestNice":0,"stolen":0},{"cpu":"cpu2","user":3822.5546875,"system":1960.1640625,"idle":15535.2421875,"nice":0,"iowait":0,"irq":0,"softirq":0,"steal":0,"guest":0,"guestNice":0,"stolen":0},{"cpu":"cpu3","user":2424.4296875,"system":989.8515625,"idle":17903.671875,"nice":0,"iowait":0,"irq":0,"softirq":0,"steal":0,"guest":0,"guestNice":0,"stolen":0}],"time":"2018-02-19 12:20:50.240467 +0900 JST m=+2359.474911142","errorInfo":null}
[Info]2018/02/19 12:20:50 acsessd /api/status.json
[Info]2018/02/19 12:20:50 {"hostname":"ksc-1x-dhcp-172-29-194-195.kwansei.ac.jp","hostid":"18d901f1-4a03-3ff1-ae34-c26b2732f13c","virtualizationSystem":"","total":8589934592,"available":1993293824,"usedPercent":76.79500579833984,"diskIO":[{"name":"disk0","ioTime":1302523,"weightedIO":0}],"cpu":[{"cpu":"cpu0","user":3938.84375,"system":2228.4375,"idle":15151.9140625,"nice":0,"iowait":0,"irq":0,"softirq":0,"steal":0,"guest":0,"guestNice":0,"stolen":0},{"cpu":"cpu1","user":2389.84375,"system":976.78125,"idle":17951.7578125,"nice":0,"iowait":0,"irq":0,"softirq":0,"steal":0,"guest":0,"guestNice":0,"stolen":0},{"cpu":"cpu2","user":3822.8125,"system":1960.1953125,"idle":15535.3828125,"nice":0,"iowait":0,"irq":0,"softirq":0,"steal":0,"guest":0,"guestNice":0,"stolen":0},{"cpu":"cpu3","user":2424.4921875,"system":989.875,"idle":17904.0078125,"nice":0,"iowait":0,"irq":0,"softirq":0,"steal":0,"guest":0,"guestNice":0,"stolen":0}],"time":"2018-02-19 12:20:50.782234 +0900 JST m=+2360.016676754","errorInfo":null}
[Info]2018/02/19 12:20:51 acsessd /api/status.json
[Info]2018/02/19 12:20:51 {"hostname":"ksc-1x-dhcp-172-29-194-195.kwansei.ac.jp","hostid":"18d901f1-4a03-3ff1-ae34-c26b2732f13c","virtualizationSystem":"","total":8589934592,"available":2003275776,"usedPercent":76.67880058288574,"diskIO":[{"name":"disk0","ioTime":1302539,"weightedIO":0}],"cpu":[{"cpu":"cpu0","user":3939.109375,"system":2228.4921875,"idle":15151.9921875,"nice":0,"iowait":0,"irq":0,"softirq":0,"steal":0,"guest":0,"guestNice":0,"stolen":0},{"cpu":"cpu1","user":2390,"system":976.84375,"idle":17951.9375,"nice":0,"iowait":0,"irq":0,"softirq":0,"steal":0,"guest":0,"guestNice":0,"stolen":0},{"cpu":"cpu2","user":3823.0546875,"system":1960.25,"idle":15535.484375,"nice":0,"iowait":0,"irq":0,"softirq":0,"steal":0,"guest":0,"guestNice":0,"stolen":0},{"cpu":"cpu3","user":2424.6640625,"system":989.9296875,"idle":17904.1875,"nice":0,"iowait":0,"irq":0,"softirq":0,"steal":0,"guest":0,"guestNice":0,"stolen":0}],"time":"2018-02-19 12:20:51.292065 +0900 JST m=+2360.526506834","errorInfo":null}
[Info]2018/02/19 12:20:51 acsessd /api/status.json
[Info]2018/02/19 12:20:51 {"hostname":"ksc-1x-dhcp-172-29-194-195.kwansei.ac.jp","hostid":"18d901f1-4a03-3ff1-ae34-c26b2732f13c","virtualizationSystem":"","total":8589934592,"available":1998442496,"usedPercent":76.73506736755371,"diskIO":[{"name":"disk0","ioTime":1302547,"weightedIO":0}],"cpu":[{"cpu":"cpu0","user":3939.3046875,"system":2228.5234375,"idle":15152.125,"nice":0,"iowait":0,"irq":0,"softirq":0,"steal":0,"guest":0,"guestNice":0,"stolen":0},{"cpu":"cpu1","user":2390.1171875,"system":976.8671875,"idle":17952.15625,"nice":0,"iowait":0,"irq":0,"softirq":0,"steal":0,"guest":0,"guestNice":0,"stolen":0},{"cpu":"cpu2","user":3823.2890625,"system":1960.2734375,"idle":15535.578125,"nice":0,"iowait":0,"irq":0,"softirq":0,"steal":0,"guest":0,"guestNice":0,"stolen":0},{"cpu":"cpu3","user":2424.7578125,"system":989.9453125,"idle":17904.4296875,"nice":0,"iowait":0,"irq":0,"softirq":0,"steal":0,"guest":0,"guestNice":0,"stolen":0}],"time":"2018-02-19 12:20:51.752782 +0900 JST m=+2360.987222348","errorInfo":null}
[Info]2018/02/19 12:20:52 acsessd /api/status.json
[Info]2018/02/19 12:20:52 {"hostname":"ksc-1x-dhcp-172-29-194-195.kwansei.ac.jp","hostid":"18d901f1-4a03-3ff1-ae34-c26b2732f13c","virtualizationSystem":"","total":8589934592,"available":1998913536,"usedPercent":76.72958374023438,"diskIO":[{"name":"disk0","ioTime":1302555,"weightedIO":0}],"cpu":[{"cpu":"cpu0","user":3939.5859375,"system":2228.5390625,"idle":15152.2265625,"nice":0,"iowait":0,"irq":0,"softirq":0,"steal":0,"guest":0,"guestNice":0,"stolen":0},{"cpu":"cpu1","user":2390.1953125,"system":976.8828125,"idle":17952.453125,"nice":0,"iowait":0,"irq":0,"softirq":0,"steal":0,"guest":0,"guestNice":0,"stolen":0},{"cpu":"cpu2","user":3823.4453125,"system":1960.3203125,"idle":15535.7734375,"nice":0,"iowait":0,"irq":0,"softirq":0,"steal":0,"guest":0,"guestNice":0,"stolen":0},{"cpu":"cpu3","user":2424.8359375,"system":989.984375,"idle":17904.71875,"nice":0,"iowait":0,"irq":0,"softirq":0,"steal":0,"guest":0,"guestNice":0,"stolen":0}],"time":"2018-02-19 12:20:52.259717 +0900 JST m=+2361.494157073","errorInfo":null}
[Info]2018/02/19 12:20:52 acsessd /api/status.json
[Info]2018/02/19 12:20:52 {"hostname":"ksc-1x-dhcp-172-29-194-195.kwansei.ac.jp","hostid":"18d901f1-4a03-3ff1-ae34-c26b2732f13c","virtualizationSystem":"","total":8589934592,"available":1998540800,"usedPercent":76.73392295837402,"diskIO":[{"name":"disk0","ioTime":1302572,"weightedIO":0}],"cpu":[{"cpu":"cpu0","user":3939.78125,"system":2228.609375,"idle":15152.3671875,"nice":0,"iowait":0,"irq":0,"softirq":0,"steal":0,"guest":0,"guestNice":0,"stolen":0},{"cpu":"cpu1","user":2390.3046875,"system":976.9296875,"idle":17952.703125,"nice":0,"iowait":0,"irq":0,"softirq":0,"steal":0,"guest":0,"guestNice":0,"stolen":0},{"cpu":"cpu2","user":3823.703125,"system":1960.375,"idle":15535.8671875,"nice":0,"iowait":0,"irq":0,"softirq":0,"steal":0,"guest":0,"guestNice":0,"stolen":0},{"cpu":"cpu3","user":2424.9375,"system":990.03125,"idle":17904.9609375,"nice":0,"iowait":0,"irq":0,"softirq":0,"steal":0,"guest":0,"guestNice":0,"stolen":0}],"time":"2018-02-19 12:20:52.771238 +0900 JST m=+2362.005676813","errorInfo":null}
[Info]2018/02/19 12:20:53 acsessd /api/status.json
[Info]2018/02/19 12:20:53 {"hostname":"ksc-1x-dhcp-172-29-194-195.kwansei.ac.jp","hostid":"18d901f1-4a03-3ff1-ae34-c26b2732f13c","virtualizationSystem":"","total":8589934592,"available":1997803520,"usedPercent":76.74250602722168,"diskIO":[{"name":"disk0","ioTime":1302572,"weightedIO":0}],"cpu":[{"cpu":"cpu0","user":3939.9921875,"system":2228.671875,"idle":15152.4765625,"nice":0,"iowait":0,"irq":0,"softirq":0,"steal":0,"guest":0,"guestNice":0,"stolen":0},{"cpu":"cpu1","user":2390.4375,"system":976.9765625,"idle":17952.9140625,"nice":0,"iowait":0,"irq":0,"softirq":0,"steal":0,"guest":0,"guestNice":0,"stolen":0},{"cpu":"cpu2","user":3823.8984375,"system":1960.421875,"idle":15536.0078125,"nice":0,"iowait":0,"irq":0,"softirq":0,"steal":0,"guest":0,"guestNice":0,"stolen":0},{"cpu":"cpu3","user":2425.0546875,"system":990.078125,"idle":17905.1953125,"nice":0,"iowait":0,"irq":0,"softirq":0,"steal":0,"guest":0,"guestNice":0,"stolen":0}],"time":"2018-02-19 12:20:53.269718 +0900 JST m=+2362.504156108","errorInfo":null}
[Info]2018/02/19 12:20:53 acsessd /api/status.json
[Info]2018/02/19 12:20:53 {"hostname":"ksc-1x-dhcp-172-29-194-195.kwansei.ac.jp","hostid":"18d901f1-4a03-3ff1-ae34-c26b2732f13c","virtualizationSystem":"","total":8589934592,"available":1996910592,"usedPercent":76.75290107727051,"diskIO":[{"name":"disk0","ioTime":1302579,"weightedIO":0}],"cpu":[{"cpu":"cpu0","user":3940.1953125,"system":2228.6953125,"idle":15152.6328125,"nice":0,"iowait":0,"irq":0,"softirq":0,"steal":0,"guest":0,"guestNice":0,"stolen":0},{"cpu":"cpu1","user":2390.53125,"system":977.0078125,"idle":17953.1640625,"nice":0,"iowait":0,"irq":0,"softirq":0,"steal":0,"guest":0,"guestNice":0,"stolen":0},{"cpu":"cpu2","user":3824.140625,"system":1960.453125,"idle":15536.125,"nice":0,"iowait":0,"irq":0,"softirq":0,"steal":0,"guest":0,"guestNice":0,"stolen":0},{"cpu":"cpu3","user":2425.1171875,"system":990.09375,"idle":17905.4921875,"nice":0,"iowait":0,"irq":0,"softirq":0,"steal":0,"guest":0,"guestNice":0,"stolen":0}],"time":"2018-02-19 12:20:53.760352 +0900 JST m=+2362.994788880","errorInfo":null}
[Info]2018/02/19 12:20:54 acsessd /api/status.json
[Info]2018/02/19 12:20:54 {"hostname":"ksc-1x-dhcp-172-29-194-195.kwansei.ac.jp","hostid":"18d901f1-4a03-3ff1-ae34-c26b2732f13c","virtualizationSystem":"","total":8589934592,"available":1993797632,"usedPercent":76.78914070129395,"diskIO":[{"name":"disk0","ioTime":1302579,"weightedIO":0}],"cpu":[{"cpu":"cpu0","user":3940.4375,"system":2228.7421875,"idle":15152.734375,"nice":0,"iowait":0,"irq":0,"softirq":0,"steal":0,"guest":0,"guestNice":0,"stolen":0},{"cpu":"cpu1","user":2390.65625,"system":977.0546875,"idle":17953.3984375,"nice":0,"iowait":0,"irq":0,"softirq":0,"steal":0,"guest":0,"guestNice":0,"stolen":0},{"cpu":"cpu2","user":3824.359375,"system":1960.5,"idle":15536.25,"nice":0,"iowait":0,"irq":0,"softirq":0,"steal":0,"guest":0,"guestNice":0,"stolen":0},{"cpu":"cpu3","user":2425.25,"system":990.140625,"idle":17905.7109375,"nice":0,"iowait":0,"irq":0,"softirq":0,"steal":0,"guest":0,"guestNice":0,"stolen":0}],"time":"2018-02-19 12:20:54.266786 +0900 JST m=+2363.501220654","errorInfo":null}
[Info]2018/02/19 12:20:54 acsessd /api/status.json
[Info]2018/02/19 12:20:54 {"hostname":"ksc-1x-dhcp-172-29-194-195.kwansei.ac.jp","hostid":"18d901f1-4a03-3ff1-ae34-c26b2732f13c","virtualizationSystem":"","total":8589934592,"available":2080309248,"usedPercent":75.78201293945312,"diskIO":[{"name":"disk0","ioTime":1302587,"weightedIO":0}],"cpu":[{"cpu":"cpu0","user":3940.75,"system":2228.7890625,"idle":15152.796875,"nice":0,"iowait":0,"irq":0,"softirq":0,"steal":0,"guest":0,"guestNice":0,"stolen":0},{"cpu":"cpu1","user":2390.7890625,"system":977.078125,"idle":17953.640625,"nice":0,"iowait":0,"irq":0,"softirq":0,"steal":0,"guest":0,"guestNice":0,"stolen":0},{"cpu":"cpu2","user":3824.6640625,"system":1960.53125,"idle":15536.3203125,"nice":0,"iowait":0,"irq":0,"softirq":0,"steal":0,"guest":0,"guestNice":0,"stolen":0},{"cpu":"cpu3","user":2425.375,"system":990.1796875,"idle":17905.953125,"nice":0,"iowait":0,"irq":0,"softirq":0,"steal":0,"guest":0,"guestNice":0,"stolen":0}],"time":"2018-02-19 12:20:54.787782 +0900 JST m=+2364.022216776","errorInfo":null}
[Info]2018/02/19 12:20:55 acsessd /api/status.json
[Info]2018/02/19 12:20:55 {"hostname":"ksc-1x-dhcp-172-29-194-195.kwansei.ac.jp","hostid":"18d901f1-4a03-3ff1-ae34-c26b2732f13c","virtualizationSystem":"","total":8589934592,"available":2073628672,"usedPercent":75.85978507995605,"diskIO":[{"name":"disk0","ioTime":1302587,"weightedIO":0}],"cpu":[{"cpu":"cpu0","user":3940.984375,"system":2228.828125,"idle":15152.921875,"nice":0,"iowait":0,"irq":0,"softirq":0,"steal":0,"guest":0,"guestNice":0,"stolen":0},{"cpu":"cpu1","user":2390.9453125,"system":977.109375,"idle":17953.859375,"nice":0,"iowait":0,"irq":0,"softirq":0,"steal":0,"guest":0,"guestNice":0,"stolen":0},{"cpu":"cpu2","user":3824.90625,"system":1960.5703125,"idle":15536.4453125,"nice":0,"iowait":0,"irq":0,"softirq":0,"steal":0,"guest":0,"guestNice":0,"stolen":0},{"cpu":"cpu3","user":2425.5234375,"system":990.21875,"idle":17906.1796875,"nice":0,"iowait":0,"irq":0,"softirq":0,"steal":0,"guest":0,"guestNice":0,"stolen":0}],"time":"2018-02-19 12:20:55.307285 +0900 JST m=+2364.541717826","errorInfo":null}
[Info]2018/02/19 12:20:55 acsessd /api/status.json
[Info]2018/02/19 12:20:55 {"hostname":"ksc-1x-dhcp-172-29-194-195.kwansei.ac.jp","hostid":"18d901f1-4a03-3ff1-ae34-c26b2732f13c","virtualizationSystem":"","total":8589934592,"available":2068217856,"usedPercent":75.92277526855469,"diskIO":[{"name":"disk0","ioTime":1302595,"weightedIO":0}],"cpu":[{"cpu":"cpu0","user":3941.1953125,"system":2228.859375,"idle":15153.03125,"nice":0,"iowait":0,"irq":0,"softirq":0,"steal":0,"guest":0,"guestNice":0,"stolen":0},{"cpu":"cpu1","user":2391.0390625,"system":977.125,"idle":17954.1171875,"nice":0,"iowait":0,"irq":0,"softirq":0,"steal":0,"guest":0,"guestNice":0,"stolen":0},{"cpu":"cpu2","user":3825.125,"system":1960.6015625,"idle":15536.5546875,"nice":0,"iowait":0,"irq":0,"softirq":0,"steal":0,"guest":0,"guestNice":0,"stolen":0},{"cpu":"cpu3","user":2425.6015625,"system":990.234375,"idle":17906.4453125,"nice":0,"iowait":0,"irq":0,"softirq":0,"steal":0,"guest":0,"guestNice":0,"stolen":0}],"time":"2018-02-19 12:20:55.766549 +0900 JST m=+2365.000981578","errorInfo":null}
[Info]2018/02/19 12:20:56 acsessd /api/status.json
[Info]2018/02/19 12:20:56 {"hostname":"ksc-1x-dhcp-172-29-194-195.kwansei.ac.jp","hostid":"18d901f1-4a03-3ff1-ae34-c26b2732f13c","virtualizationSystem":"","total":8589934592,"available":2061684736,"usedPercent":75.99883079528809,"diskIO":[{"name":"disk0","ioTime":1302595,"weightedIO":0}],"cpu":[{"cpu":"cpu0","user":3941.375,"system":2228.890625,"idle":15153.2265625,"nice":0,"iowait":0,"irq":0,"softirq":0,"steal":0,"guest":0,"guestNice":0,"stolen":0},{"cpu":"cpu1","user":2391.109375,"system":977.140625,"idle":17954.421875,"nice":0,"iowait":0,"irq":0,"softirq":0,"steal":0,"guest":0,"guestNice":0,"stolen":0},{"cpu":"cpu2","user":3825.3125,"system":1960.625,"idle":15536.7421875,"nice":0,"iowait":0,"irq":0,"softirq":0,"steal":0,"guest":0,"guestNice":0,"stolen":0},{"cpu":"cpu3","user":2425.671875,"system":990.2578125,"idle":17906.75,"nice":0,"iowait":0,"irq":0,"softirq":0,"steal":0,"guest":0,"guestNice":0,"stolen":0}],"time":"2018-02-19 12:20:56.279034 +0900 JST m=+2365.513466381","errorInfo":null}
[Info]2018/02/19 12:20:56 acsessd /api/status.json
[Info]2018/02/19 12:20:56 {"hostname":"ksc-1x-dhcp-172-29-194-195.kwansei.ac.jp","hostid":"18d901f1-4a03-3ff1-ae34-c26b2732f13c","virtualizationSystem":"","total":8589934592,"available":2091737088,"usedPercent":75.64897537231445,"diskIO":[{"name":"disk0","ioTime":1302603,"weightedIO":0}],"cpu":[{"cpu":"cpu0","user":3941.5234375,"system":2228.8984375,"idle":15153.453125,"nice":0,"iowait":0,"irq":0,"softirq":0,"steal":0,"guest":0,"guestNice":0,"stolen":0},{"cpu":"cpu1","user":2391.1640625,"system":977.15625,"idle":17954.7421875,"nice":0,"iowait":0,"irq":0,"softirq":0,"steal":0,"guest":0,"guestNice":0,"stolen":0},{"cpu":"cpu2","user":3825.546875,"system":1960.65625,"idle":15536.8671875,"nice":0,"iowait":0,"irq":0,"softirq":0,"steal":0,"guest":0,"guestNice":0,"stolen":0},{"cpu":"cpu3","user":2425.71875,"system":990.2734375,"idle":17907.0703125,"nice":0,"iowait":0,"irq":0,"softirq":0,"steal":0,"guest":0,"guestNice":0,"stolen":0}],"time":"2018-02-19 12:20:56.772247 +0900 JST m=+2366.006678093","errorInfo":null}
[Info]2018/02/19 12:20:57 acsessd /api/status.json
[Info]2018/02/19 12:20:57 {"hostname":"ksc-1x-dhcp-172-29-194-195.kwansei.ac.jp","hostid":"18d901f1-4a03-3ff1-ae34-c26b2732f13c","virtualizationSystem":"","total":8589934592,"available":2091261952,"usedPercent":75.65450668334961,"diskIO":[{"name":"disk0","ioTime":1302603,"weightedIO":0}],"cpu":[{"cpu":"cpu0","user":3941.6875,"system":2228.9296875,"idle":15153.6640625,"nice":0,"iowait":0,"irq":0,"softirq":0,"steal":0,"guest":0,"guestNice":0,"stolen":0},{"cpu":"cpu1","user":2391.1953125,"system":977.1796875,"idle":17955.0859375,"nice":0,"iowait":0,"irq":0,"softirq":0,"steal":0,"guest":0,"guestNice":0,"stolen":0},{"cpu":"cpu2","user":3825.828125,"system":1960.671875,"idle":15536.96875,"nice":0,"iowait":0,"irq":0,"softirq":0,"steal":0,"guest":0,"guestNice":0,"stolen":0},{"cpu":"cpu3","user":2425.75,"system":990.296875,"idle":17907.4140625,"nice":0,"iowait":0,"irq":0,"softirq":0,"steal":0,"guest":0,"guestNice":0,"stolen":0}],"time":"2018-02-19 12:20:57.284078 +0900 JST m=+2366.518507896","errorInfo":null}
[Info]2018/02/19 12:20:57 acsessd /api/status.json
[Info]2018/02/19 12:20:57 {"hostname":"ksc-1x-dhcp-172-29-194-195.kwansei.ac.jp","hostid":"18d901f1-4a03-3ff1-ae34-c26b2732f13c","virtualizationSystem":"","total":8589934592,"available":2097991680,"usedPercent":75.57616233825684,"diskIO":[{"name":"disk0","ioTime":1302603,"weightedIO":0}],"cpu":[{"cpu":"cpu0","user":3941.9140625,"system":2228.984375,"idle":15153.7734375,"nice":0,"iowait":0,"irq":0,"softirq":0,"steal":0,"guest":0,"guestNice":0,"stolen":0},{"cpu":"cpu1","user":2391.3203125,"system":977.2265625,"idle":17955.3125,"nice":0,"iowait":0,"irq":0,"softirq":0,"steal":0,"guest":0,"guestNice":0,"stolen":0},{"cpu":"cpu2","user":3826.0546875,"system":1960.71875,"idle":15537.0859375,"nice":0,"iowait":0,"irq":0,"softirq":0,"steal":0,"guest":0,"guestNice":0,"stolen":0},{"cpu":"cpu3","user":2425.890625,"system":990.34375,"idle":17907.6171875,"nice":0,"iowait":0,"irq":0,"softirq":0,"steal":0,"guest":0,"guestNice":0,"stolen":0}],"time":"2018-02-19 12:20:57.783131 +0900 JST m=+2367.017560159","errorInfo":null}
[Info]2018/02/19 12:20:58 acsessd /api/status.json
[Info]2018/02/19 12:20:58 {"hostname":"ksc-1x-dhcp-172-29-194-195.kwansei.ac.jp","hostid":"18d901f1-4a03-3ff1-ae34-c26b2732f13c","virtualizationSystem":"","total":8589934592,"available":2092638208,"usedPercent":75.63848495483398,"diskIO":[{"name":"disk0","ioTime":1302616,"weightedIO":0}],"cpu":[{"cpu":"cpu0","user":3942.125,"system":2229.0546875,"idle":15153.890625,"nice":0,"iowait":0,"irq":0,"softirq":0,"steal":0,"guest":0,"guestNice":0,"stolen":0},{"cpu":"cpu1","user":2391.4140625,"system":977.265625,"idle":17955.5703125,"nice":0,"iowait":0,"irq":0,"softirq":0,"steal":0,"guest":0,"guestNice":0,"stolen":0},{"cpu":"cpu2","user":3826.28125,"system":1960.765625,"idle":15537.2109375,"nice":0,"iowait":0,"irq":0,"softirq":0,"steal":0,"guest":0,"guestNice":0,"stolen":0},{"cpu":"cpu3","user":2425.9921875,"system":990.3828125,"idle":17907.8828125,"nice":0,"iowait":0,"irq":0,"softirq":0,"steal":0,"guest":0,"guestNice":0,"stolen":0}],"time":"2018-02-19 12:20:58.295696 +0900 JST m=+2367.530123776","errorInfo":null}
[Info]2018/02/19 12:20:58 acsessd /api/status.json
[Info]2018/02/19 12:20:58 {"hostname":"ksc-1x-dhcp-172-29-194-195.kwansei.ac.jp","hostid":"18d901f1-4a03-3ff1-ae34-c26b2732f13c","virtualizationSystem":"","total":8589934592,"available":2092941312,"usedPercent":75.63495635986328,"diskIO":[{"name":"disk0","ioTime":1302616,"weightedIO":0}],"cpu":[{"cpu":"cpu0","user":3942.3359375,"system":2229.1015625,"idle":15154.0078125,"nice":0,"iowait":0,"irq":0,"softirq":0,"steal":0,"guest":0,"guestNice":0,"stolen":0},{"cpu":"cpu1","user":2391.5234375,"system":977.296875,"idle":17955.8125,"nice":0,"iowait":0,"irq":0,"softirq":0,"steal":0,"guest":0,"guestNice":0,"stolen":0},{"cpu":"cpu2","user":3826.5,"system":1960.7890625,"idle":15537.359375,"nice":0,"iowait":0,"irq":0,"softirq":0,"steal":0,"guest":0,"guestNice":0,"stolen":0},{"cpu":"cpu3","user":2426.1015625,"system":990.40625,"idle":17908.125,"nice":0,"iowait":0,"irq":0,"softirq":0,"steal":0,"guest":0,"guestNice":0,"stolen":0}],"time":"2018-02-19 12:20:58.78723 +0900 JST m=+2368.021657448","errorInfo":null}
[Info]2018/02/19 12:20:59 acsessd /api/status.json
[Info]2018/02/19 12:20:59 {"hostname":"ksc-1x-dhcp-172-29-194-195.kwansei.ac.jp","hostid":"18d901f1-4a03-3ff1-ae34-c26b2732f13c","virtualizationSystem":"","total":8589934592,"available":2086117376,"usedPercent":75.71439743041992,"diskIO":[{"name":"disk0","ioTime":1302632,"weightedIO":0}],"cpu":[{"cpu":"cpu0","user":3942.5546875,"system":2229.125,"idle":15154.15625,"nice":0,"iowait":0,"irq":0,"softirq":0,"steal":0,"guest":0,"guestNice":0,"stolen":0},{"cpu":"cpu1","user":2391.578125,"system":977.3203125,"idle":17956.125,"nice":0,"iowait":0,"irq":0,"softirq":0,"steal":0,"guest":0,"guestNice":0,"stolen":0},{"cpu":"cpu2","user":3826.6796875,"system":1960.8203125,"idle":15537.5234375,"nice":0,"iowait":0,"irq":0,"softirq":0,"steal":0,"guest":0,"guestNice":0,"stolen":0},{"cpu":"cpu3","user":2426.1640625,"system":990.4296875,"idle":17908.4296875,"nice":0,"iowait":0,"irq":0,"softirq":0,"steal":0,"guest":0,"guestNice":0,"stolen":0}],"time":"2018-02-19 12:20:59.28475 +0900 JST m=+2368.519175872","errorInfo":null}
[Info]2018/02/19 12:20:59 acsessd /api/status.json
[Info]2018/02/19 12:20:59 {"hostname":"ksc-1x-dhcp-172-29-194-195.kwansei.ac.jp","hostid":"18d901f1-4a03-3ff1-ae34-c26b2732f13c","virtualizationSystem":"","total":8589934592,"available":2103332864,"usedPercent":75.51398277282715,"diskIO":[{"name":"disk0","ioTime":1302632,"weightedIO":0}],"cpu":[{"cpu":"cpu0","user":3942.7890625,"system":2229.1484375,"idle":15154.2890625,"nice":0,"iowait":0,"irq":0,"softirq":0,"steal":0,"guest":0,"guestNice":0,"stolen":0},{"cpu":"cpu1","user":2391.65625,"system":977.34375,"idle":17956.4140625,"nice":0,"iowait":0,"irq":0,"softirq":0,"steal":0,"guest":0,"guestNice":0,"stolen":0},{"cpu":"cpu2","user":3826.875,"system":1960.859375,"idle":15537.6875,"nice":0,"iowait":0,"irq":0,"softirq":0,"steal":0,"guest":0,"guestNice":0,"stolen":0},{"cpu":"cpu3","user":2426.25,"system":990.453125,"idle":17908.71875,"nice":0,"iowait":0,"irq":0,"softirq":0,"steal":0,"guest":0,"guestNice":0,"stolen":0}],"time":"2018-02-19 12:20:59.784391 +0900 JST m=+2369.018816554","errorInfo":null}
[Info]2018/02/19 12:21:00 acsessd /api/status.json
[Info]2018/02/19 12:21:00 {"hostname":"ksc-1x-dhcp-172-29-194-195.kwansei.ac.jp","hostid":"18d901f1-4a03-3ff1-ae34-c26b2732f13c","virtualizationSystem":"","total":8589934592,"available":2106400768,"usedPercent":75.47826766967773,"diskIO":[{"name":"disk0","ioTime":1302632,"weightedIO":0}],"cpu":[{"cpu":"cpu0","user":3943,"system":2229.171875,"idle":15154.453125,"nice":0,"iowait":0,"irq":0,"softirq":0,"steal":0,"guest":0,"guestNice":0,"stolen":0},{"cpu":"cpu1","user":2391.7265625,"system":977.359375,"idle":17956.734375,"nice":0,"iowait":0,"irq":0,"softirq":0,"steal":0,"guest":0,"guestNice":0,"stolen":0},{"cpu":"cpu2","user":3827.078125,"system":1960.890625,"idle":15537.84375,"nice":0,"iowait":0,"irq":0,"softirq":0,"steal":0,"guest":0,"guestNice":0,"stolen":0},{"cpu":"cpu3","user":2426.3203125,"system":990.4765625,"idle":17909.0234375,"nice":0,"iowait":0,"irq":0,"softirq":0,"steal":0,"guest":0,"guestNice":0,"stolen":0}],"time":"2018-02-19 12:21:00.291009 +0900 JST m=+2369.525433862","errorInfo":null}
[Info]2018/02/19 12:21:00 acsessd /api/status.json
[Info]2018/02/19 12:21:00 {"hostname":"ksc-1x-dhcp-172-29-194-195.kwansei.ac.jp","hostid":"18d901f1-4a03-3ff1-ae34-c26b2732f13c","virtualizationSystem":"","total":8589934592,"available":2071195648,"usedPercent":75.88810920715332,"diskIO":[{"name":"disk0","ioTime":1302632,"weightedIO":0}],"cpu":[{"cpu":"cpu0","user":3943.265625,"system":2229.21875,"idle":15154.5546875,"nice":0,"iowait":0,"irq":0,"softirq":0,"steal":0,"guest":0,"guestNice":0,"stolen":0},{"cpu":"cpu1","user":2391.8671875,"system":977.40625,"idle":17956.953125,"nice":0,"iowait":0,"irq":0,"softirq":0,"steal":0,"guest":0,"guestNice":0,"stolen":0},{"cpu":"cpu2","user":3827.3203125,"system":1960.9453125,"idle":15537.9609375,"nice":0,"iowait":0,"irq":0,"softirq":0,"steal":0,"guest":0,"guestNice":0,"stolen":0},{"cpu":"cpu3","user":2426.4765625,"system":990.5,"idle":17909.2421875,"nice":0,"iowait":0,"irq":0,"softirq":0,"steal":0,"guest":0,"guestNice":0,"stolen":0}],"time":"2018-02-19 12:21:00.81692 +0900 JST m=+2370.051343794","errorInfo":null}
[Info]2018/02/19 12:21:01 acsessd /api/status.json
[Info]2018/02/19 12:21:01 {"hostname":"ksc-1x-dhcp-172-29-194-195.kwansei.ac.jp","hostid":"18d901f1-4a03-3ff1-ae34-c26b2732f13c","virtualizationSystem":"","total":8589934592,"available":2050101248,"usedPercent":76.13368034362793,"diskIO":[{"name":"disk0","ioTime":1302640,"weightedIO":0}],"cpu":[{"cpu":"cpu0","user":3943.53125,"system":2229.2421875,"idle":15154.6484375,"nice":0,"iowait":0,"irq":0,"softirq":0,"steal":0,"guest":0,"guestNice":0,"stolen":0},{"cpu":"cpu1","user":2391.9296875,"system":977.4375,"idle":17957.2421875,"nice":0,"iowait":0,"irq":0,"softirq":0,"steal":0,"guest":0,"guestNice":0,"stolen":0},{"cpu":"cpu2","user":3827.5859375,"system":1960.9609375,"idle":15538.0625,"nice":0,"iowait":0,"irq":0,"softirq":0,"steal":0,"guest":0,"guestNice":0,"stolen":0},{"cpu":"cpu3","user":2426.5390625,"system":990.5390625,"idle":17909.5234375,"nice":0,"iowait":0,"irq":0,"softirq":0,"steal":0,"guest":0,"guestNice":0,"stolen":0}],"time":"2018-02-19 12:21:01.3079 +0900 JST m=+2370.542322695","errorInfo":null}
[Info]2018/02/19 12:21:01 acsessd /api/status.json
[Info]2018/02/19 12:21:01 {"hostname":"ksc-1x-dhcp-172-29-194-195.kwansei.ac.jp","hostid":"18d901f1-4a03-3ff1-ae34-c26b2732f13c","virtualizationSystem":"","total":8589934592,"available":2075836416,"usedPercent":75.8340835571289,"diskIO":[{"name":"disk0","ioTime":1302640,"weightedIO":0}],"cpu":[{"cpu":"cpu0","user":3943.8125,"system":2229.265625,"idle":15154.71875,"nice":0,"iowait":0,"irq":0,"softirq":0,"steal":0,"guest":0,"guestNice":0,"stolen":0},{"cpu":"cpu1","user":2392.0078125,"system":977.453125,"idle":17957.5234375,"nice":0,"iowait":0,"irq":0,"softirq":0,"steal":0,"guest":0,"guestNice":0,"stolen":0},{"cpu":"cpu2","user":3827.8359375,"system":1961,"idle":15538.15625,"nice":0,"iowait":0,"irq":0,"softirq":0,"steal":0,"guest":0,"guestNice":0,"stolen":0},{"cpu":"cpu3","user":2426.625,"system":990.5625,"idle":17909.8046875,"nice":0,"iowait":0,"irq":0,"softirq":0,"steal":0,"guest":0,"guestNice":0,"stolen":0}],"time":"2018-02-19 12:21:01.794058 +0900 JST m=+2371.028479566","errorInfo":null}
[Info]2018/02/19 12:21:02 acsessd /api/status.json
[Info]2018/02/19 12:21:02 {"hostname":"ksc-1x-dhcp-172-29-194-195.kwansei.ac.jp","hostid":"18d901f1-4a03-3ff1-ae34-c26b2732f13c","virtualizationSystem":"","total":8589934592,"available":2077904896,"usedPercent":75.81000328063965,"diskIO":[{"name":"disk0","ioTime":1302647,"weightedIO":0}],"cpu":[{"cpu":"cpu0","user":3943.9921875,"system":2229.3125,"idle":15154.8828125,"nice":0,"iowait":0,"irq":0,"softirq":0,"steal":0,"guest":0,"guestNice":0,"stolen":0},{"cpu":"cpu1","user":2392.0859375,"system":977.4765625,"idle":17957.8203125,"nice":0,"iowait":0,"irq":0,"softirq":0,"steal":0,"guest":0,"guestNice":0,"stolen":0},{"cpu":"cpu2","user":3828.0234375,"system":1961.03125,"idle":15538.3203125,"nice":0,"iowait":0,"irq":0,"softirq":0,"steal":0,"guest":0,"guestNice":0,"stolen":0},{"cpu":"cpu3","user":2426.6953125,"system":990.5859375,"idle":17910.1015625,"nice":0,"iowait":0,"irq":0,"softirq":0,"steal":0,"guest":0,"guestNice":0,"stolen":0}],"time":"2018-02-19 12:21:02.295612 +0900 JST m=+2371.530032321","errorInfo":null}
[Info]2018/02/19 12:21:02 acsessd /api/status.json
[Info]2018/02/19 12:21:02 {"hostname":"ksc-1x-dhcp-172-29-194-195.kwansei.ac.jp","hostid":"18d901f1-4a03-3ff1-ae34-c26b2732f13c","virtualizationSystem":"","total":8589934592,"available":2079363072,"usedPercent":75.79302787780762,"diskIO":[{"name":"disk0","ioTime":1302656,"weightedIO":0}],"cpu":[{"cpu":"cpu0","user":3944.1640625,"system":2229.375,"idle":15155.046875,"nice":0,"iowait":0,"irq":0,"softirq":0,"steal":0,"guest":0,"guestNice":0,"stolen":0},{"cpu":"cpu1","user":2392.1484375,"system":977.5,"idle":17958.125,"nice":0,"iowait":0,"irq":0,"softirq":0,"steal":0,"guest":0,"guestNice":0,"stolen":0},{"cpu":"cpu2","user":3828.21875,"system":1961.0859375,"idle":15538.46875,"nice":0,"iowait":0,"irq":0,"softirq":0,"steal":0,"guest":0,"guestNice":0,"stolen":0},{"cpu":"cpu3","user":2426.7578125,"system":990.609375,"idle":17910.40625,"nice":0,"iowait":0,"irq":0,"softirq":0,"steal":0,"guest":0,"guestNice":0,"stolen":0}],"time":"2018-02-19 12:21:02.801673 +0900 JST m=+2372.036092544","errorInfo":null}
[Info]2018/02/19 12:21:03 acsessd /api/status.json
[Info]2018/02/19 12:21:03 {"hostname":"ksc-1x-dhcp-172-29-194-195.kwansei.ac.jp","hostid":"18d901f1-4a03-3ff1-ae34-c26b2732f13c","virtualizationSystem":"","total":8589934592,"available":2081218560,"usedPercent":75.77142715454102,"diskIO":[{"name":"disk0","ioTime":1302666,"weightedIO":0}],"cpu":[{"cpu":"cpu0","user":3944.515625,"system":2229.3984375,"idle":15155.078125,"nice":0,"iowait":0,"irq":0,"softirq":0,"steal":0,"guest":0,"guestNice":0,"stolen":0},{"cpu":"cpu1","user":2392.2109375,"system":977.515625,"idle":17958.4609375,"nice":0,"iowait":0,"irq":0,"softirq":0,"steal":0,"guest":0,"guestNice":0,"stolen":0},{"cpu":"cpu2","user":3828.328125,"system":1961.1640625,"idle":15538.6953125,"nice":0,"iowait":0,"irq":0,"softirq":0,"steal":0,"guest":0,"guestNice":0,"stolen":0},{"cpu":"cpu3","user":2426.8125,"system":990.640625,"idle":17910.7265625,"nice":0,"iowait":0,"irq":0,"softirq":0,"steal":0,"guest":0,"guestNice":0,"stolen":0}],"time":"2018-02-19 12:21:03.322645 +0900 JST m=+2372.557063093","errorInfo":null}
[Info]2018/02/19 12:21:03 acsessd /api/status.json
[Info]2018/02/19 12:21:03 {"hostname":"ksc-1x-dhcp-172-29-194-195.kwansei.ac.jp","hostid":"18d901f1-4a03-3ff1-ae34-c26b2732f13c","virtualizationSystem":"","total":8589934592,"available":2070437888,"usedPercent":75.89693069458008,"diskIO":[{"name":"disk0","ioTime":1302679,"weightedIO":0}],"cpu":[{"cpu":"cpu0","user":3944.7265625,"system":2229.4140625,"idle":15155.234375,"nice":0,"iowait":0,"irq":0,"softirq":0,"steal":0,"guest":0,"guestNice":0,"stolen":0},{"cpu":"cpu1","user":2392.234375,"system":977.5625,"idle":17958.7734375,"nice":0,"iowait":0,"irq":0,"softirq":0,"steal":0,"guest":0,"guestNice":0,"stolen":0},{"cpu":"cpu2","user":3828.546875,"system":1961.1875,"idle":15538.828125,"nice":0,"iowait":0,"irq":0,"softirq":0,"steal":0,"guest":0,"guestNice":0,"stolen":0},{"cpu":"cpu3","user":2426.8671875,"system":990.671875,"idle":17911.015625,"nice":0,"iowait":0,"irq":0,"softirq":0,"steal":0,"guest":0,"guestNice":0,"stolen":0}],"time":"2018-02-19 12:21:03.809561 +0900 JST m=+2373.043978813","errorInfo":null}
[Info]2018/02/19 12:21:04 acsessd /api/status.json
[Info]2018/02/19 12:21:04 {"hostname":"ksc-1x-dhcp-172-29-194-195.kwansei.ac.jp","hostid":"18d901f1-4a03-3ff1-ae34-c26b2732f13c","virtualizationSystem":"","total":8589934592,"available":2071416832,"usedPercent":75.88553428649902,"diskIO":[{"name":"disk0","ioTime":1302679,"weightedIO":0}],"cpu":[{"cpu":"cpu0","user":3945.0078125,"system":2229.4375,"idle":15155.3203125,"nice":0,"iowait":0,"irq":0,"softirq":0,"steal":0,"guest":0,"guestNice":0,"stolen":0},{"cpu":"cpu1","user":2392.25,"system":977.5703125,"idle":17959.1328125,"nice":0,"iowait":0,"irq":0,"softirq":0,"steal":0,"guest":0,"guestNice":0,"stolen":0},{"cpu":"cpu2","user":3828.6875,"system":1961.2109375,"idle":15539.0546875,"nice":0,"iowait":0,"irq":0,"softirq":0,"steal":0,"guest":0,"guestNice":0,"stolen":0},{"cpu":"cpu3","user":2426.890625,"system":990.6875,"idle":17911.3671875,"nice":0,"iowait":0,"irq":0,"softirq":0,"steal":0,"guest":0,"guestNice":0,"stolen":0}],"time":"2018-02-19 12:21:04.305741 +0900 JST m=+2373.540157431","errorInfo":null}
[Info]2018/02/19 12:21:04 acsessd /api/status.json
[Info]2018/02/19 12:21:04 {"hostname":"ksc-1x-dhcp-172-29-194-195.kwansei.ac.jp","hostid":"18d901f1-4a03-3ff1-ae34-c26b2732f13c","virtualizationSystem":"","total":8589934592,"available":2071711744,"usedPercent":75.88210105895996,"diskIO":[{"name":"disk0","ioTime":1302679,"weightedIO":0}],"cpu":[{"cpu":"cpu0","user":3945.0859375,"system":2229.453125,"idle":15155.6171875,"nice":0,"iowait":0,"irq":0,"softirq":0,"steal":0,"guest":0,"guestNice":0,"stolen":0},{"cpu":"cpu1","user":2392.2578125,"system":977.5859375,"idle":17959.5,"nice":0,"iowait":0,"irq":0,"softirq":0,"steal":0,"guest":0,"guestNice":0,"stolen":0},{"cpu":"cpu2","user":3829.0546875,"system":1961.21875,"idle":15539.0703125,"nice":0,"iowait":0,"irq":0,"softirq":0,"steal":0,"guest":0,"guestNice":0,"stolen":0},{"cpu":"cpu3","user":2426.8984375,"system":990.6953125,"idle":17911.75,"nice":0,"iowait":0,"irq":0,"softirq":0,"steal":0,"guest":0,"guestNice":0,"stolen":0}],"time":"2018-02-19 12:21:04.810449 +0900 JST m=+2374.044863980","errorInfo":null}
[Info]2018/02/19 12:21:05 acsessd /api/status.json
[Info]2018/02/19 12:21:05 {"hostname":"ksc-1x-dhcp-172-29-194-195.kwansei.ac.jp","hostid":"18d901f1-4a03-3ff1-ae34-c26b2732f13c","virtualizationSystem":"","total":8589934592,"available":2071855104,"usedPercent":75.88043212890625,"diskIO":[{"name":"disk0","ioTime":1302679,"weightedIO":0}],"cpu":[{"cpu":"cpu0","user":3945.328125,"system":2229.46875,"idle":15155.75,"nice":0,"iowait":0,"irq":0,"softirq":0,"steal":0,"guest":0,"guestNice":0,"stolen":0},{"cpu":"cpu1","user":2392.28125,"system":977.6015625,"idle":17959.8515625,"nice":0,"iowait":0,"irq":0,"softirq":0,"steal":0,"guest":0,"guestNice":0,"stolen":0},{"cpu":"cpu2","user":3829.21875,"system":1961.21875,"idle":15539.296875,"nice":0,"iowait":0,"irq":0,"softirq":0,"steal":0,"guest":0,"guestNice":0,"stolen":0},{"cpu":"cpu3","user":2426.9296875,"system":990.703125,"idle":17912.1015625,"nice":0,"iowait":0,"irq":0,"softirq":0,"steal":0,"guest":0,"guestNice":0,"stolen":0}],"time":"2018-02-19 12:21:05.315145 +0900 JST m=+2374.549560178","errorInfo":null}
[Info]2018/02/19 12:21:05 acsessd /api/status.json
[Info]2018/02/19 12:21:05 {"hostname":"ksc-1x-dhcp-172-29-194-195.kwansei.ac.jp","hostid":"18d901f1-4a03-3ff1-ae34-c26b2732f13c","virtualizationSystem":"","total":8589934592,"available":2056310784,"usedPercent":76.06139183044434,"diskIO":[{"name":"disk0","ioTime":1302679,"weightedIO":0}],"cpu":[{"cpu":"cpu0","user":3945.5,"system":2229.4765625,"idle":15155.9609375,"nice":0,"iowait":0,"irq":0,"softirq":0,"steal":0,"guest":0,"guestNice":0,"stolen":0},{"cpu":"cpu1","user":2392.2890625,"system":977.6171875,"idle":17960.2265625,"nice":0,"iowait":0,"irq":0,"softirq":0,"steal":0,"guest":0,"guestNice":0,"stolen":0},{"cpu":"cpu2","user":3829.46875,"system":1961.25,"idle":15539.40625,"nice":0,"iowait":0,"irq":0,"softirq":0,"steal":0,"guest":0,"guestNice":0,"stolen":0},{"cpu":"cpu3","user":2426.9453125,"system":990.71875,"idle":17912.4609375,"nice":0,"iowait":0,"irq":0,"softirq":0,"steal":0,"guest":0,"guestNice":0,"stolen":0}],"time":"2018-02-19 12:21:05.813825 +0900 JST m=+2375.048238981","errorInfo":null}
[Info]2018/02/19 12:21:06 acsessd /api/status.json
[Info]2018/02/19 12:21:06 {"hostname":"ksc-1x-dhcp-172-29-194-195.kwansei.ac.jp","hostid":"18d901f1-4a03-3ff1-ae34-c26b2732f13c","virtualizationSystem":"","total":8589934592,"available":2055503872,"usedPercent":76.07078552246094,"diskIO":[{"name":"disk0","ioTime":1302679,"weightedIO":0}],"cpu":[{"cpu":"cpu0","user":3945.7109375,"system":2229.4765625,"idle":15156.140625,"nice":0,"iowait":0,"irq":0,"softirq":0,"steal":0,"guest":0,"guestNice":0,"stolen":0},{"cpu":"cpu1","user":2392.296875,"system":977.6171875,"idle":17960.609375,"nice":0,"iowait":0,"irq":0,"softirq":0,"steal":0,"guest":0,"guestNice":0,"stolen":0},{"cpu":"cpu2","user":3829.6796875,"system":1961.2734375,"idle":15539.5703125,"nice":0,"iowait":0,"irq":0,"softirq":0,"steal":0,"guest":0,"guestNice":0,"stolen":0},{"cpu":"cpu3","user":2426.96875,"system":990.734375,"idle":17912.8125,"nice":0,"iowait":0,"irq":0,"softirq":0,"steal":0,"guest":0,"guestNice":0,"stolen":0}],"time":"2018-02-19 12:21:06.318658 +0900 JST m=+2375.553071001","errorInfo":null}
[Info]2018/02/19 12:21:06 acsessd /api/status.json
[Info]2018/02/19 12:21:06 {"hostname":"ksc-1x-dhcp-172-29-194-195.kwansei.ac.jp","hostid":"18d901f1-4a03-3ff1-ae34-c26b2732f13c","virtualizationSystem":"","total":8589934592,"available":2034970624,"usedPercent":76.30982398986816,"diskIO":[{"name":"disk0","ioTime":1302687,"weightedIO":0}],"cpu":[{"cpu":"cpu0","user":3945.9296875,"system":2229.5078125,"idle":15156.3125,"nice":0,"iowait":0,"irq":0,"softirq":0,"steal":0,"guest":0,"guestNice":0,"stolen":0},{"cpu":"cpu1","user":2392.3671875,"system":977.640625,"idle":17960.9296875,"nice":0,"iowait":0,"irq":0,"softirq":0,"steal":0,"guest":0,"guestNice":0,"stolen":0},{"cpu":"cpu2","user":3830.015625,"system":1961.2890625,"idle":15539.6328125,"nice":0,"iowait":0,"irq":0,"softirq":0,"steal":0,"guest":0,"guestNice":0,"stolen":0},{"cpu":"cpu3","user":2427.046875,"system":990.765625,"idle":17913.1171875,"nice":0,"iowait":0,"irq":0,"softirq":0,"steal":0,"guest":0,"guestNice":0,"stolen":0}],"time":"2018-02-19 12:21:06.843534 +0900 JST m=+2376.077946268","errorInfo":null}
[Info]2018/02/19 12:21:07 acsessd /api/status.json
[Info]2018/02/19 12:21:07 {"hostname":"ksc-1x-dhcp-172-29-194-195.kwansei.ac.jp","hostid":"18d901f1-4a03-3ff1-ae34-c26b2732f13c","virtualizationSystem":"","total":8589934592,"available":2023043072,"usedPercent":76.44867897033691,"diskIO":[{"name":"disk0","ioTime":1302687,"weightedIO":0}],"cpu":[{"cpu":"cpu0","user":3946.140625,"system":2229.546875,"idle":15156.4453125,"nice":0,"iowait":0,"irq":0,"softirq":0,"steal":0,"guest":0,"guestNice":0,"stolen":0},{"cpu":"cpu1","user":2392.4609375,"system":977.6796875,"idle":17961.1875,"nice":0,"iowait":0,"irq":0,"softirq":0,"steal":0,"guest":0,"guestNice":0,"stolen":0},{"cpu":"cpu2","user":3830.25,"system":1961.3125,"idle":15539.7578125,"nice":0,"iowait":0,"irq":0,"softirq":0,"steal":0,"guest":0,"guestNice":0,"stolen":0},{"cpu":"cpu3","user":2427.1328125,"system":990.796875,"idle":17913.390625,"nice":0,"iowait":0,"irq":0,"softirq":0,"steal":0,"guest":0,"guestNice":0,"stolen":0}],"time":"2018-02-19 12:21:07.343631 +0900 JST m=+2376.578041341","errorInfo":null}
[Info]2018/02/19 12:21:07 acsessd /api/status.json
[Info]2018/02/19 12:21:07 {"hostname":"ksc-1x-dhcp-172-29-194-195.kwansei.ac.jp","hostid":"18d901f1-4a03-3ff1-ae34-c26b2732f13c","virtualizationSystem":"","total":8589934592,"available":2023043072,"usedPercent":76.44867897033691,"diskIO":[{"name":"disk0","ioTime":1302687,"weightedIO":0}],"cpu":[{"cpu":"cpu0","user":3946.3984375,"system":2229.6015625,"idle":15156.5234375,"nice":0,"iowait":0,"irq":0,"softirq":0,"steal":0,"guest":0,"guestNice":0,"stolen":0},{"cpu":"cpu1","user":2392.53125,"system":977.734375,"idle":17961.4375,"nice":0,"iowait":0,"irq":0,"softirq":0,"steal":0,"guest":0,"guestNice":0,"stolen":0},{"cpu":"cpu2","user":3830.5234375,"system":1961.3671875,"idle":15539.8203125,"nice":0,"iowait":0,"irq":0,"softirq":0,"steal":0,"guest":0,"guestNice":0,"stolen":0},{"cpu":"cpu3","user":2427.2265625,"system":990.828125,"idle":17913.65625,"nice":0,"iowait":0,"irq":0,"softirq":0,"steal":0,"guest":0,"guestNice":0,"stolen":0}],"time":"2018-02-19 12:21:07.832957 +0900 JST m=+2377.067367109","errorInfo":null}
[Info]2018/02/19 12:21:08 acsessd /api/status.json
[Info]2018/02/19 12:21:08 {"hostname":"ksc-1x-dhcp-172-29-194-195.kwansei.ac.jp","hostid":"18d901f1-4a03-3ff1-ae34-c26b2732f13c","virtualizationSystem":"","total":8589934592,"available":2043695104,"usedPercent":76.2082576751709,"diskIO":[{"name":"disk0","ioTime":1302687,"weightedIO":0}],"cpu":[{"cpu":"cpu0","user":3946.6015625,"system":2229.6484375,"idle":15156.65625,"nice":0,"iowait":0,"irq":0,"softirq":0,"steal":0,"guest":0,"guestNice":0,"stolen":0},{"cpu":"cpu1","user":2392.5859375,"system":977.7734375,"idle":17961.7421875,"nice":0,"iowait":0,"irq":0,"softirq":0,"steal":0,"guest":0,"guestNice":0,"stolen":0},{"cpu":"cpu2","user":3830.7265625,"system":1961.421875,"idle":15539.953125,"nice":0,"iowait":0,"irq":0,"softirq":0,"steal":0,"guest":0,"guestNice":0,"stolen":0},{"cpu":"cpu3","user":2427.3046875,"system":990.859375,"idle":17913.9375,"nice":0,"iowait":0,"irq":0,"softirq":0,"steal":0,"guest":0,"guestNice":0,"stolen":0}],"time":"2018-02-19 12:21:08.337179 +0900 JST m=+2377.571588089","errorInfo":null}
[Info]2018/02/19 12:21:08 acsessd /api/status.json
[Info]2018/02/19 12:21:08 {"hostname":"ksc-1x-dhcp-172-29-194-195.kwansei.ac.jp","hostid":"18d901f1-4a03-3ff1-ae34-c26b2732f13c","virtualizationSystem":"","total":8589934592,"available":2075664384,"usedPercent":75.83608627319336,"diskIO":[{"name":"disk0","ioTime":1302687,"weightedIO":0}],"cpu":[{"cpu":"cpu0","user":3946.7890625,"system":2229.6796875,"idle":15156.8359375,"nice":0,"iowait":0,"irq":0,"softirq":0,"steal":0,"guest":0,"guestNice":0,"stolen":0},{"cpu":"cpu1","user":2392.65625,"system":977.78125,"idle":17962.046875,"nice":0,"iowait":0,"irq":0,"softirq":0,"steal":0,"guest":0,"guestNice":0,"stolen":0},{"cpu":"cpu2","user":3830.953125,"system":1961.4609375,"idle":15540.078125,"nice":0,"iowait":0,"irq":0,"softirq":0,"steal":0,"guest":0,"guestNice":0,"stolen":0},{"cpu":"cpu3","user":2427.3828125,"system":990.875,"idle":17914.2265625,"nice":0,"iowait":0,"irq":0,"softirq":0,"steal":0,"guest":0,"guestNice":0,"stolen":0}],"time":"2018-02-19 12:21:08.829134 +0900 JST m=+2378.063542147","errorInfo":null}
[Info]2018/02/19 12:21:09 acsessd /api/status.json
[Info]2018/02/19 12:21:09 {"hostname":"ksc-1x-dhcp-172-29-194-195.kwansei.ac.jp","hostid":"18d901f1-4a03-3ff1-ae34-c26b2732f13c","virtualizationSystem":"","total":8589934592,"available":2084704256,"usedPercent":75.73084831237793,"diskIO":[{"name":"disk0","ioTime":1302687,"weightedIO":0}],"cpu":[{"cpu":"cpu0","user":3946.8828125,"system":2229.703125,"idle":15157.109375,"nice":0,"iowait":0,"irq":0,"softirq":0,"steal":0,"guest":0,"guestNice":0,"stolen":0},{"cpu":"cpu1","user":2392.6953125,"system":977.8046875,"idle":17962.3828125,"nice":0,"iowait":0,"irq":0,"softirq":0,"steal":0,"guest":0,"guestNice":0,"stolen":0},{"cpu":"cpu2","user":3831.265625,"system":1961.4765625,"idle":15540.140625,"nice":0,"iowait":0,"irq":0,"softirq":0,"steal":0,"guest":0,"guestNice":0,"stolen":0},{"cpu":"cpu3","user":2427.421875,"system":990.890625,"idle":17914.5703125,"nice":0,"iowait":0,"irq":0,"softirq":0,"steal":0,"guest":0,"guestNice":0,"stolen":0}],"time":"2018-02-19 12:21:09.338465 +0900 JST m=+2378.572871906","errorInfo":null}
[Info]2018/02/19 12:21:09 acsessd /api/status.json
[Info]2018/02/19 12:21:09 {"hostname":"ksc-1x-dhcp-172-29-194-195.kwansei.ac.jp","hostid":"18d901f1-4a03-3ff1-ae34-c26b2732f13c","virtualizationSystem":"","total":8589934592,"available":2084515840,"usedPercent":75.73304176330566,"diskIO":[{"name":"disk0","ioTime":1302687,"weightedIO":0}],"cpu":[{"cpu":"cpu0","user":3947.109375,"system":2229.734375,"idle":15157.2421875,"nice":0,"iowait":0,"irq":0,"softirq":0,"steal":0,"guest":0,"guestNice":0,"stolen":0},{"cpu":"cpu1","user":2392.7109375,"system":977.8203125,"idle":17962.7421875,"nice":0,"iowait":0,"irq":0,"softirq":0,"steal":0,"guest":0,"guestNice":0,"stolen":0},{"cpu":"cpu2","user":3831.453125,"system":1961.484375,"idle":15540.3359375,"nice":0,"iowait":0,"irq":0,"softirq":0,"steal":0,"guest":0,"guestNice":0,"stolen":0},{"cpu":"cpu3","user":2427.4375,"system":990.8984375,"idle":17914.9296875,"nice":0,"iowait":0,"irq":0,"softirq":0,"steal":0,"guest":0,"guestNice":0,"stolen":0}],"time":"2018-02-19 12:21:09.837593 +0900 JST m=+2379.071999423","errorInfo":null}
[Info]2018/02/19 12:21:10 acsessd /api/status.json
[Info]2018/02/19 12:21:10 {"hostname":"ksc-1x-dhcp-172-29-194-195.kwansei.ac.jp","hostid":"18d901f1-4a03-3ff1-ae34-c26b2732f13c","virtualizationSystem":"","total":8589934592,"available":2080677888,"usedPercent":75.7777214050293,"diskIO":[{"name":"disk0","ioTime":1302687,"weightedIO":0}],"cpu":[{"cpu":"cpu0","user":3947.265625,"system":2229.75,"idle":15157.4609375,"nice":0,"iowait":0,"irq":0,"softirq":0,"steal":0,"guest":0,"guestNice":0,"stolen":0},{"cpu":"cpu1","user":2392.7265625,"system":977.84375,"idle":17963.1015625,"nice":0,"iowait":0,"irq":0,"softirq":0,"steal":0,"guest":0,"guestNice":0,"stolen":0},{"cpu":"cpu2","user":3831.7265625,"system":1961.484375,"idle":15540.4453125,"nice":0,"iowait":0,"irq":0,"softirq":0,"steal":0,"guest":0,"guestNice":0,"stolen":0},{"cpu":"cpu3","user":2427.46875,"system":990.8984375,"idle":17915.296875,"nice":0,"iowait":0,"irq":0,"softirq":0,"steal":0,"guest":0,"guestNice":0,"stolen":0}],"time":"2018-02-19 12:21:10.341039 +0900 JST m=+2379.575443729","errorInfo":null}
[Info]2018/02/19 12:21:10 acsessd /api/status.json
[Info]2018/02/19 12:21:10 {"hostname":"ksc-1x-dhcp-172-29-194-195.kwansei.ac.jp","hostid":"18d901f1-4a03-3ff1-ae34-c26b2732f13c","virtualizationSystem":"","total":8589934592,"available":2081492992,"usedPercent":75.76823234558105,"diskIO":[{"name":"disk0","ioTime":1302687,"weightedIO":0}],"cpu":[{"cpu":"cpu0","user":3947.3515625,"system":2229.78125,"idle":15157.734375,"nice":0,"iowait":0,"irq":0,"softirq":0,"steal":0,"guest":0,"guestNice":0,"stolen":0},{"cpu":"cpu1","user":2392.734375,"system":977.859375,"idle":17963.46875,"nice":0,"iowait":0,"irq":0,"softirq":0,"steal":0,"guest":0,"guestNice":0,"stolen":0},{"cpu":"cpu2","user":3832.0625,"system":1961.4921875,"idle":15540.5,"nice":0,"iowait":0,"irq":0,"softirq":0,"steal":0,"guest":0,"guestNice":0,"stolen":0},{"cpu":"cpu3","user":2427.4765625,"system":990.90625,"idle":17915.671875,"nice":0,"iowait":0,"irq":0,"softirq":0,"steal":0,"guest":0,"guestNice":0,"stolen":0}],"time":"2018-02-19 12:21:10.845653 +0900 JST m=+2380.080057095","errorInfo":null}
[Info]2018/02/19 12:21:11 acsessd /api/status.json
[Info]2018/02/19 12:21:11 {"hostname":"ksc-1x-dhcp-172-29-194-195.kwansei.ac.jp","hostid":"18d901f1-4a03-3ff1-ae34-c26b2732f13c","virtualizationSystem":"","total":8589934592,"available":2081234944,"usedPercent":75.77123641967773,"diskIO":[{"name":"disk0","ioTime":1302687,"weightedIO":0}],"cpu":[{"cpu":"cpu0","user":3947.7265625,"system":2229.78125,"idle":15157.7578125,"nice":0,"iowait":0,"irq":0,"softirq":0,"steal":0,"guest":0,"guestNice":0,"stolen":0},{"cpu":"cpu1","user":2392.75,"system":977.859375,"idle":17963.84375,"nice":0,"iowait":0,"irq":0,"softirq":0,"steal":0,"guest":0,"guestNice":0,"stolen":0},{"cpu":"cpu2","user":3832.140625,"system":1961.515625,"idle":15540.8046875,"nice":0,"iowait":0,"irq":0,"softirq":0,"steal":0,"guest":0,"guestNice":0,"stolen":0},{"cpu":"cpu3","user":2427.4921875,"system":990.9296875,"idle":17916.03125,"nice":0,"iowait":0,"irq":0,"softirq":0,"steal":0,"guest":0,"guestNice":0,"stolen":0}],"time":"2018-02-19 12:21:11.34968 +0900 JST m=+2380.584082636","errorInfo":null}
[Info]2018/02/19 12:21:11 acsessd /api/status.json
[Info]2018/02/19 12:21:11 {"hostname":"ksc-1x-dhcp-172-29-194-195.kwansei.ac.jp","hostid":"18d901f1-4a03-3ff1-ae34-c26b2732f13c","virtualizationSystem":"","total":8589934592,"available":2080919552,"usedPercent":75.7749080657959,"diskIO":[{"name":"disk0","ioTime":1302687,"weightedIO":0}],"cpu":[{"cpu":"cpu0","user":3947.890625,"system":2229.796875,"idle":15157.96875,"nice":0,"iowait":0,"irq":0,"softirq":0,"steal":0,"guest":0,"guestNice":0,"stolen":0},{"cpu":"cpu1","user":2392.7734375,"system":977.8671875,"idle":17964.203125,"nice":0,"iowait":0,"irq":0,"softirq":0,"steal":0,"guest":0,"guestNice":0,"stolen":0},{"cpu":"cpu2","user":3832.390625,"system":1961.53125,"idle":15540.921875,"nice":0,"iowait":0,"irq":0,"softirq":0,"steal":0,"guest":0,"guestNice":0,"stolen":0},{"cpu":"cpu3","user":2427.5078125,"system":990.9375,"idle":17916.3984375,"nice":0,"iowait":0,"irq":0,"softirq":0,"steal":0,"guest":0,"guestNice":0,"stolen":0}],"time":"2018-02-19 12:21:11.850762 +0900 JST m=+2381.085163711","errorInfo":null}
[Info]2018/02/19 12:21:12 acsessd /api/status.json
[Info]2018/02/19 12:21:12 {"hostname":"ksc-1x-dhcp-172-29-194-195.kwansei.ac.jp","hostid":"18d901f1-4a03-3ff1-ae34-c26b2732f13c","virtualizationSystem":"","total":8589934592,"available":2081239040,"usedPercent":75.77118873596191,"diskIO":[{"name":"disk0","ioTime":1302687,"weightedIO":0}],"cpu":[{"cpu":"cpu0","user":3948.171875,"system":2229.8359375,"idle":15158.046875,"nice":0,"iowait":0,"irq":0,"softirq":0,"steal":0,"guest":0,"guestNice":0,"stolen":0},{"cpu":"cpu1","user":2392.796875,"system":977.8984375,"idle":17964.546875,"nice":0,"iowait":0,"irq":0,"softirq":0,"steal":0,"guest":0,"guestNice":0,"stolen":0},{"cpu":"cpu2","user":3832.5859375,"system":1961.5546875,"idle":15541.109375,"nice":0,"iowait":0,"irq":0,"softirq":0,"steal":0,"guest":0,"guestNice":0,"stolen":0},{"cpu":"cpu3","user":2427.546875,"system":990.953125,"idle":17916.7421875,"nice":0,"iowait":0,"irq":0,"softirq":0,"steal":0,"guest":0,"guestNice":0,"stolen":0}],"time":"2018-02-19 12:21:12.361328 +0900 JST m=+2381.595729367","errorInfo":null}
[Info]2018/02/19 12:21:12 acsessd /api/status.json
[Info]2018/02/19 12:21:12 {"hostname":"ksc-1x-dhcp-172-29-194-195.kwansei.ac.jp","hostid":"18d901f1-4a03-3ff1-ae34-c26b2732f13c","virtualizationSystem":"","total":8589934592,"available":2064867328,"usedPercent":75.9617805480957,"diskIO":[{"name":"disk0","ioTime":1302687,"weightedIO":0}],"cpu":[{"cpu":"cpu0","user":3948.3984375,"system":2229.8984375,"idle":15158.1640625,"nice":0,"iowait":0,"irq":0,"softirq":0,"steal":0,"guest":0,"guestNice":0,"stolen":0},{"cpu":"cpu1","user":2392.8828125,"system":977.9296875,"idle":17964.84375,"nice":0,"iowait":0,"irq":0,"softirq":0,"steal":0,"guest":0,"guestNice":0,"stolen":0},{"cpu":"cpu2","user":3832.875,"system":1961.6015625,"idle":15541.1796875,"nice":0,"iowait":0,"irq":0,"softirq":0,"steal":0,"guest":0,"guestNice":0,"stolen":0},{"cpu":"cpu3","user":2427.6171875,"system":990.9921875,"idle":17917.03125,"nice":0,"iowait":0,"irq":0,"softirq":0,"steal":0,"guest":0,"guestNice":0,"stolen":0}],"time":"2018-02-19 12:21:12.88444 +0900 JST m=+2382.118840173","errorInfo":null}
[Info]2018/02/19 12:21:13 acsessd /api/status.json
[Info]2018/02/19 12:21:13 {"hostname":"ksc-1x-dhcp-172-29-194-195.kwansei.ac.jp","hostid":"18d901f1-4a03-3ff1-ae34-c26b2732f13c","virtualizationSystem":"","total":8589934592,"available":2061942784,"usedPercent":75.9958267211914,"diskIO":[{"name":"disk0","ioTime":1302687,"weightedIO":0}],"cpu":[{"cpu":"cpu0","user":3948.625,"system":2229.9609375,"idle":15158.265625,"nice":0,"iowait":0,"irq":0,"softirq":0,"steal":0,"guest":0,"guestNice":0,"stolen":0},{"cpu":"cpu1","user":2392.9453125,"system":977.953125,"idle":17965.1328125,"nice":0,"iowait":0,"irq":0,"softirq":0,"steal":0,"guest":0,"guestNice":0,"stolen":0},{"cpu":"cpu2","user":3833.0859375,"system":1961.640625,"idle":15541.3125,"nice":0,"iowait":0,"irq":0,"softirq":0,"steal":0,"guest":0,"guestNice":0,"stolen":0},{"cpu":"cpu3","user":2427.6953125,"system":991.0234375,"idle":17917.3125,"nice":0,"iowait":0,"irq":0,"softirq":0,"steal":0,"guest":0,"guestNice":0,"stolen":0}],"time":"2018-02-19 12:21:13.373965 +0900 JST m=+2382.608364018","errorInfo":null}
[Info]2018/02/19 12:21:13 acsessd /api/status.json
[Info]2018/02/19 12:21:13 {"hostname":"ksc-1x-dhcp-172-29-194-195.kwansei.ac.jp","hostid":"18d901f1-4a03-3ff1-ae34-c26b2732f13c","virtualizationSystem":"","total":8589934592,"available":2067607552,"usedPercent":75.92988014221191,"diskIO":[{"name":"disk0","ioTime":1302687,"weightedIO":0}],"cpu":[{"cpu":"cpu0","user":3948.8125,"system":2229.984375,"idle":15158.4453125,"nice":0,"iowait":0,"irq":0,"softirq":0,"steal":0,"guest":0,"guestNice":0,"stolen":0},{"cpu":"cpu1","user":2393.0234375,"system":977.9765625,"idle":17965.421875,"nice":0,"iowait":0,"irq":0,"softirq":0,"steal":0,"guest":0,"guestNice":0,"stolen":0},{"cpu":"cpu2","user":3833.2734375,"system":1961.671875,"idle":15541.484375,"nice":0,"iowait":0,"irq":0,"softirq":0,"steal":0,"guest":0,"guestNice":0,"stolen":0},{"cpu":"cpu3","user":2427.7734375,"system":991.046875,"idle":17917.6015625,"nice":0,"iowait":0,"irq":0,"softirq":0,"steal":0,"guest":0,"guestNice":0,"stolen":0}],"time":"2018-02-19 12:21:13.875478 +0900 JST m=+2383.109875955","errorInfo":null}
[Info]2018/02/19 12:21:14 acsessd /api/status.json
[Info]2018/02/19 12:21:14 {"hostname":"ksc-1x-dhcp-172-29-194-195.kwansei.ac.jp","hostid":"18d901f1-4a03-3ff1-ae34-c26b2732f13c","virtualizationSystem":"","total":8589934592,"available":2056429568,"usedPercent":76.06000900268555,"diskIO":[{"name":"disk0","ioTime":1302687,"weightedIO":0}],"cpu":[{"cpu":"cpu0","user":3949.0859375,"system":2230.015625,"idle":15158.546875,"nice":0,"iowait":0,"irq":0,"softirq":0,"steal":0,"guest":0,"guestNice":0,"stolen":0},{"cpu":"cpu1","user":2393.0859375,"system":978.0078125,"idle":17965.7421875,"nice":0,"iowait":0,"irq":0,"softirq":0,"steal":0,"guest":0,"guestNice":0,"stolen":0},{"cpu":"cpu2","user":3833.53125,"system":1961.703125,"idle":15541.6015625,"nice":0,"iowait":0,"irq":0,"softirq":0,"steal":0,"guest":0,"guestNice":0,"stolen":0},{"cpu":"cpu3","user":2427.8515625,"system":991.0859375,"idle":17917.890625,"nice":0,"iowait":0,"irq":0,"softirq":0,"steal":0,"guest":0,"guestNice":0,"stolen":0}],"time":"2018-02-19 12:21:14.391551 +0900 JST m=+2383.625948391","errorInfo":null}
[Info]2018/02/19 12:21:14 acsessd /api/status.json
[Info]2018/02/19 12:21:14 {"hostname":"ksc-1x-dhcp-172-29-194-195.kwansei.ac.jp","hostid":"18d901f1-4a03-3ff1-ae34-c26b2732f13c","virtualizationSystem":"","total":8589934592,"available":2078220288,"usedPercent":75.80633163452148,"diskIO":[{"name":"disk0","ioTime":1302687,"weightedIO":0}],"cpu":[{"cpu":"cpu0","user":3949.3203125,"system":2230.0234375,"idle":15158.671875,"nice":0,"iowait":0,"irq":0,"softirq":0,"steal":0,"guest":0,"guestNice":0,"stolen":0},{"cpu":"cpu1","user":2393.1328125,"system":978.015625,"idle":17966.0546875,"nice":0,"iowait":0,"irq":0,"softirq":0,"steal":0,"guest":0,"guestNice":0,"stolen":0},{"cpu":"cpu2","user":3833.7734375,"system":1961.7421875,"idle":15541.6875,"nice":0,"iowait":0,"irq":0,"softirq":0,"steal":0,"guest":0,"guestNice":0,"stolen":0},{"cpu":"cpu3","user":2427.90625,"system":991.09375,"idle":17918.203125,"nice":0,"iowait":0,"irq":0,"softirq":0,"steal":0,"guest":0,"guestNice":0,"stolen":0}],"time":"2018-02-19 12:21:14.871814 +0900 JST m=+2384.106210100","errorInfo":null}
[Info]2018/02/19 12:21:15 acsessd /api/status.json
[Info]2018/02/19 12:21:15 {"hostname":"ksc-1x-dhcp-172-29-194-195.kwansei.ac.jp","hostid":"18d901f1-4a03-3ff1-ae34-c26b2732f13c","virtualizationSystem":"","total":8589934592,"available":2079739904,"usedPercent":75.78864097595215,"diskIO":[{"name":"disk0","ioTime":1302687,"weightedIO":0}],"cpu":[{"cpu":"cpu0","user":3949.53125,"system":2230.0546875,"idle":15158.828125,"nice":0,"iowait":0,"irq":0,"softirq":0,"steal":0,"guest":0,"guestNice":0,"stolen":0},{"cpu":"cpu1","user":2393.140625,"system":978.03125,"idle":17966.4296875,"nice":0,"iowait":0,"irq":0,"softirq":0,"steal":0,"guest":0,"guestNice":0,"stolen":0},{"cpu":"cpu2","user":3833.984375,"system":1961.75,"idle":15541.8671875,"nice":0,"iowait":0,"irq":0,"softirq":0,"steal":0,"guest":0,"guestNice":0,"stolen":0},{"cpu":"cpu3","user":2427.9375,"system":991.1015625,"idle":17918.5546875,"nice":0,"iowait":0,"irq":0,"softirq":0,"steal":0,"guest":0,"guestNice":0,"stolen":0}],"time":"2018-02-19 12:21:15.380643 +0900 JST m=+2384.615038346","errorInfo":null}
[Info]2018/02/19 12:21:15 acsessd /api/status.json
[Info]2018/02/19 12:21:15 {"hostname":"ksc-1x-dhcp-172-29-194-195.kwansei.ac.jp","hostid":"18d901f1-4a03-3ff1-ae34-c26b2732f13c","virtualizationSystem":"","total":8589934592,"available":2079457280,"usedPercent":75.79193115234375,"diskIO":[{"name":"disk0","ioTime":1302687,"weightedIO":0}],"cpu":[{"cpu":"cpu0","user":3949.75,"system":2230.078125,"idle":15158.9765625,"nice":0,"iowait":0,"irq":0,"softirq":0,"steal":0,"guest":0,"guestNice":0,"stolen":0},{"cpu":"cpu1","user":2393.1640625,"system":978.0390625,"idle":17966.78125,"nice":0,"iowait":0,"irq":0,"softirq":0,"steal":0,"guest":0,"guestNice":0,"stolen":0},{"cpu":"cpu2","user":3834.203125,"system":1961.7578125,"idle":15542.0390625,"nice":0,"iowait":0,"irq":0,"softirq":0,"steal":0,"guest":0,"guestNice":0,"stolen":0},{"cpu":"cpu3","user":2427.953125,"system":991.109375,"idle":17918.9296875,"nice":0,"iowait":0,"irq":0,"softirq":0,"steal":0,"guest":0,"guestNice":0,"stolen":0}],"time":"2018-02-19 12:21:15.883325 +0900 JST m=+2385.117718864","errorInfo":null}
[Info]2018/02/19 12:21:16 acsessd /api/status.json
[Info]2018/02/19 12:21:16 {"hostname":"ksc-1x-dhcp-172-29-194-195.kwansei.ac.jp","hostid":"18d901f1-4a03-3ff1-ae34-c26b2732f13c","virtualizationSystem":"","total":8589934592,"available":2079145984,"usedPercent":75.7955551147461,"diskIO":[{"name":"disk0","ioTime":1302687,"weightedIO":0}],"cpu":[{"cpu":"cpu0","user":3949.921875,"system":2230.109375,"idle":15159.1796875,"nice":0,"iowait":0,"irq":0,"softirq":0,"steal":0,"guest":0,"guestNice":0,"stolen":0},{"cpu":"cpu1","user":2393.1953125,"system":978.0546875,"idle":17967.140625,"nice":0,"iowait":0,"irq":0,"softirq":0,"steal":0,"guest":0,"guestNice":0,"stolen":0},{"cpu":"cpu2","user":3834.4765625,"system":1961.7578125,"idle":15542.15625,"nice":0,"iowait":0,"irq":0,"softirq":0,"steal":0,"guest":0,"guestNice":0,"stolen":0},{"cpu":"cpu3","user":2427.96875,"system":991.109375,"idle":17919.3125,"nice":0,"iowait":0,"irq":0,"softirq":0,"steal":0,"guest":0,"guestNice":0,"stolen":0}],"time":"2018-02-19 12:21:16.389553 +0900 JST m=+2385.623946161","errorInfo":null}
[Info]2018/02/19 12:21:16 acsessd /api/status.json
[Info]2018/02/19 12:21:16 {"hostname":"ksc-1x-dhcp-172-29-194-195.kwansei.ac.jp","hostid":"18d901f1-4a03-3ff1-ae34-c26b2732f13c","virtualizationSystem":"","total":8589934592,"available":2079412224,"usedPercent":75.79245567321777,"diskIO":[{"name":"disk0","ioTime":1302687,"weightedIO":0}],"cpu":[{"cpu":"cpu0","user":3950.03125,"system":2230.1171875,"idle":15159.4453125,"nice":0,"iowait":0,"irq":0,"softirq":0,"steal":0,"guest":0,"guestNice":0,"stolen":0},{"cpu":"cpu1","user":2393.203125,"system":978.078125,"idle":17967.5,"nice":0,"iowait":0,"irq":0,"softirq":0,"steal":0,"guest":0,"guestNice":0,"stolen":0},{"cpu":"cpu2","user":3834.8046875,"system":1961.765625,"idle":15542.2109375,"nice":0,"iowait":0,"irq":0,"softirq":0,"steal":0,"guest":0,"guestNice":0,"stolen":0},{"cpu":"cpu3","user":2427.984375,"system":991.1171875,"idle":17919.6796875,"nice":0,"iowait":0,"irq":0,"softirq":0,"steal":0,"guest":0,"guestNice":0,"stolen":0}],"time":"2018-02-19 12:21:16.890591 +0900 JST m=+2386.124983748","errorInfo":null}
[Info]2018/02/19 12:21:17 acsessd /api/status.json
[Info]2018/02/19 12:21:17 {"hostname":"ksc-1x-dhcp-172-29-194-195.kwansei.ac.jp","hostid":"18d901f1-4a03-3ff1-ae34-c26b2732f13c","virtualizationSystem":"","total":8589934592,"available":2079084544,"usedPercent":75.7962703704834,"diskIO":[{"name":"disk0","ioTime":1302687,"weightedIO":0}],"cpu":[{"cpu":"cpu0","user":3950.2578125,"system":2230.15625,"idle":15159.578125,"nice":0,"iowait":0,"irq":0,"softirq":0,"steal":0,"guest":0,"guestNice":0,"stolen":0},{"cpu":"cpu1","user":2393.21875,"system":978.0859375,"idle":17967.8671875,"nice":0,"iowait":0,"irq":0,"softirq":0,"steal":0,"guest":0,"guestNice":0,"stolen":0},{"cpu":"cpu2","user":3835.0234375,"system":1961.8046875,"idle":15542.3515625,"nice":0,"iowait":0,"irq":0,"softirq":0,"steal":0,"guest":0,"guestNice":0,"stolen":0},{"cpu":"cpu3","user":2428.0078125,"system":991.1328125,"idle":17920.03125,"nice":0,"iowait":0,"irq":0,"softirq":0,"steal":0,"guest":0,"guestNice":0,"stolen":0}],"time":"2018-02-19 12:21:17.395061 +0900 JST m=+2386.629452456","errorInfo":null}
[Info]2018/02/19 12:21:17 acsessd /api/status.json
[Info]2018/02/19 12:21:17 {"hostname":"ksc-1x-dhcp-172-29-194-195.kwansei.ac.jp","hostid":"18d901f1-4a03-3ff1-ae34-c26b2732f13c","virtualizationSystem":"","total":8589934592,"available":2078932992,"usedPercent":75.79803466796875,"diskIO":[{"name":"disk0","ioTime":1302687,"weightedIO":0}],"cpu":[{"cpu":"cpu0","user":3950.53125,"system":2230.1796875,"idle":15159.671875,"nice":0,"iowait":0,"irq":0,"softirq":0,"steal":0,"guest":0,"guestNice":0,"stolen":0},{"cpu":"cpu1","user":2393.2421875,"system":978.109375,"idle":17968.2265625,"nice":0,"iowait":0,"irq":0,"softirq":0,"steal":0,"guest":0,"guestNice":0,"stolen":0},{"cpu":"cpu2","user":3835.203125,"system":1961.8828125,"idle":15542.4921875,"nice":0,"iowait":0,"irq":0,"softirq":0,"steal":0,"guest":0,"guestNice":0,"stolen":0},{"cpu":"cpu3","user":2428.0234375,"system":991.15625,"idle":17920.390625,"nice":0,"iowait":0,"irq":0,"softirq":0,"steal":0,"guest":0,"guestNice":0,"stolen":0}],"time":"2018-02-19 12:21:17.90224 +0900 JST m=+2387.136630876","errorInfo":null}
[Info]2018/02/19 12:21:18 acsessd /api/status.json
[Info]2018/02/19 12:21:18 {"hostname":"ksc-1x-dhcp-172-29-194-195.kwansei.ac.jp","hostid":"18d901f1-4a03-3ff1-ae34-c26b2732f13c","virtualizationSystem":"","total":8589934592,"available":2057162752,"usedPercent":76.05147361755371,"diskIO":[{"name":"disk0","ioTime":1302687,"weightedIO":0}],"cpu":[{"cpu":"cpu0","user":3950.7421875,"system":2230.21875,"idle":15159.8203125,"nice":0,"iowait":0,"irq":0,"softirq":0,"steal":0,"guest":0,"guestNice":0,"stolen":0},{"cpu":"cpu1","user":2393.3125,"system":978.125,"idle":17968.53125,"nice":0,"iowait":0,"irq":0,"softirq":0,"steal":0,"guest":0,"guestNice":0,"stolen":0},{"cpu":"cpu2","user":3835.484375,"system":1961.8984375,"idle":15542.578125,"nice":0,"iowait":0,"irq":0,"softirq":0,"steal":0,"guest":0,"guestNice":0,"stolen":0},{"cpu":"cpu3","user":2428.0703125,"system":991.1875,"idle":17920.703125,"nice":0,"iowait":0,"irq":0,"softirq":0,"steal":0,"guest":0,"guestNice":0,"stolen":0}],"time":"2018-02-19 12:21:18.40635 +0900 JST m=+2387.640739514","errorInfo":null}
[Info]2018/02/19 12:21:18 acsessd /api/status.json
[Info]2018/02/19 12:21:18 {"hostname":"ksc-1x-dhcp-172-29-194-195.kwansei.ac.jp","hostid":"18d901f1-4a03-3ff1-ae34-c26b2732f13c","virtualizationSystem":"","total":8589934592,"available":2050109440,"usedPercent":76.13358497619629,"diskIO":[{"name":"disk0","ioTime":1302687,"weightedIO":0}],"cpu":[{"cpu":"cpu0","user":3950.96875,"system":2230.2265625,"idle":15159.9921875,"nice":0,"iowait":0,"irq":0,"softirq":0,"steal":0,"guest":0,"guestNice":0,"stolen":0},{"cpu":"cpu1","user":2393.359375,"system":978.1484375,"idle":17968.8671875,"nice":0,"iowait":0,"irq":0,"softirq":0,"steal":0,"guest":0,"guestNice":0,"stolen":0},{"cpu":"cpu2","user":3835.7265625,"system":1961.921875,"idle":15542.734375,"nice":0,"iowait":0,"irq":0,"softirq":0,"steal":0,"guest":0,"guestNice":0,"stolen":0},{"cpu":"cpu3","user":2428.109375,"system":991.21875,"idle":17921.046875,"nice":0,"iowait":0,"irq":0,"softirq":0,"steal":0,"guest":0,"guestNice":0,"stolen":0}],"time":"2018-02-19 12:21:18.931143 +0900 JST m=+2388.165531641","errorInfo":null}
[Info]2018/02/19 12:21:19 acsessd /api/status.json
[Info]2018/02/19 12:21:19 {"hostname":"ksc-1x-dhcp-172-29-194-195.kwansei.ac.jp","hostid":"18d901f1-4a03-3ff1-ae34-c26b2732f13c","virtualizationSystem":"","total":8589934592,"available":2066944000,"usedPercent":75.9376049041748,"diskIO":[{"name":"disk0","ioTime":1302687,"weightedIO":0}],"cpu":[{"cpu":"cpu0","user":3951.2421875,"system":2230.2578125,"idle":15160.0625,"nice":0,"iowait":0,"irq":0,"softirq":0,"steal":0,"guest":0,"guestNice":0,"stolen":0},{"cpu":"cpu1","user":2393.4375,"system":978.1640625,"idle":17969.15625,"nice":0,"iowait":0,"irq":0,"softirq":0,"steal":0,"guest":0,"guestNice":0,"stolen":0},{"cpu":"cpu2","user":3835.921875,"system":1961.9609375,"idle":15542.8671875,"nice":0,"iowait":0,"irq":0,"softirq":0,"steal":0,"guest":0,"guestNice":0,"stolen":0},{"cpu":"cpu3","user":2428.2578125,"system":991.234375,"idle":17921.2578125,"nice":0,"iowait":0,"irq":0,"softirq":0,"steal":0,"guest":0,"guestNice":0,"stolen":0}],"time":"2018-02-19 12:21:19.415711 +0900 JST m=+2388.650098624","errorInfo":null}
[Info]2018/02/19 12:21:19 acsessd /api/status.json
[Info]2018/02/19 12:21:19 {"hostname":"ksc-1x-dhcp-172-29-194-195.kwansei.ac.jp","hostid":"18d901f1-4a03-3ff1-ae34-c26b2732f13c","virtualizationSystem":"","total":8589934592,"available":2065489920,"usedPercent":75.95453262329102,"diskIO":[{"name":"disk0","ioTime":1302703,"weightedIO":0}],"cpu":[{"cpu":"cpu0","user":3951.4453125,"system":2230.2890625,"idle":15160.21875,"nice":0,"iowait":0,"irq":0,"softirq":0,"steal":0,"guest":0,"guestNice":0,"stolen":0},{"cpu":"cpu1","user":2393.4765625,"system":978.1796875,"idle":17969.484375,"nice":0,"iowait":0,"irq":0,"softirq":0,"steal":0,"guest":0,"guestNice":0,"stolen":0},{"cpu":"cpu2","user":3836.109375,"system":1961.9921875,"idle":15543.046875,"nice":0,"iowait":0,"irq":0,"softirq":0,"steal":0,"guest":0,"guestNice":0,"stolen":0},{"cpu":"cpu3","user":2428.3125,"system":991.2421875,"idle":17921.5859375,"nice":0,"iowait":0,"irq":0,"softirq":0,"steal":0,"guest":0,"guestNice":0,"stolen":0}],"time":"2018-02-19 12:21:19.912126 +0900 JST m=+2389.146512844","errorInfo":null}
[Info]2018/02/19 12:21:20 acsessd /api/status.json
[Info]2018/02/19 12:21:20 {"hostname":"ksc-1x-dhcp-172-29-194-195.kwansei.ac.jp","hostid":"18d901f1-4a03-3ff1-ae34-c26b2732f13c","virtualizationSystem":"","total":8589934592,"available":2042650624,"usedPercent":76.22041702270508,"diskIO":[{"name":"disk0","ioTime":1302703,"weightedIO":0}],"cpu":[{"cpu":"cpu0","user":3951.7109375,"system":2230.3203125,"idle":15160.3359375,"nice":0,"iowait":0,"irq":0,"softirq":0,"steal":0,"guest":0,"guestNice":0,"stolen":0},{"cpu":"cpu1","user":2393.546875,"system":978.21875,"idle":17969.7890625,"nice":0,"iowait":0,"irq":0,"softirq":0,"steal":0,"guest":0,"guestNice":0,"stolen":0},{"cpu":"cpu2","user":3836.390625,"system":1962.0078125,"idle":15543.15625,"nice":0,"iowait":0,"irq":0,"softirq":0,"steal":0,"guest":0,"guestNice":0,"stolen":0},{"cpu":"cpu3","user":2428.375,"system":991.28125,"idle":17921.890625,"nice":0,"iowait":0,"irq":0,"softirq":0,"steal":0,"guest":0,"guestNice":0,"stolen":0}],"time":"2018-02-19 12:21:20.433446 +0900 JST m=+2389.667831190","errorInfo":null}
[Info]2018/02/19 12:21:20 acsessd /api/status.json
[Info]2018/02/19 12:21:20 {"hostname":"ksc-1x-dhcp-172-29-194-195.kwansei.ac.jp","hostid":"18d901f1-4a03-3ff1-ae34-c26b2732f13c","virtualizationSystem":"","total":8589934592,"available":2039664640,"usedPercent":76.25517845153809,"diskIO":[{"name":"disk0","ioTime":1302703,"weightedIO":0}],"cpu":[{"cpu":"cpu0","user":3951.8828125,"system":2230.3515625,"idle":15160.5,"nice":0,"iowait":0,"irq":0,"softirq":0,"steal":0,"guest":0,"guestNice":0,"stolen":0},{"cpu":"cpu1","user":2393.6015625,"system":978.2265625,"idle":17970.09375,"nice":0,"iowait":0,"irq":0,"softirq":0,"steal":0,"guest":0,"guestNice":0,"stolen":0},{"cpu":"cpu2","user":3836.5703125,"system":1962.0234375,"idle":15543.328125,"nice":0,"iowait":0,"irq":0,"softirq":0,"steal":0,"guest":0,"guestNice":0,"stolen":0},{"cpu":"cpu3","user":2428.4296875,"system":991.2890625,"idle":17922.203125,"nice":0,"iowait":0,"irq":0,"softirq":0,"steal":0,"guest":0,"guestNice":0,"stolen":0}],"time":"2018-02-19 12:21:20.912626 +0900 JST m=+2390.147010976","errorInfo":null}
[Info]2018/02/19 12:21:21 acsessd /api/status.json
[Info]2018/02/19 12:21:21 {"hostname":"ksc-1x-dhcp-172-29-194-195.kwansei.ac.jp","hostid":"18d901f1-4a03-3ff1-ae34-c26b2732f13c","virtualizationSystem":"","total":8589934592,"available":2039328768,"usedPercent":76.25908851623535,"diskIO":[{"name":"disk0","ioTime":1302703,"weightedIO":0}],"cpu":[{"cpu":"cpu0","user":3951.96875,"system":2230.3828125,"idle":15160.7734375,"nice":0,"iowait":0,"irq":0,"softirq":0,"steal":0,"guest":0,"guestNice":0,"stolen":0},{"cpu":"cpu1","user":2393.6328125,"system":978.234375,"idle":17970.453125,"nice":0,"iowait":0,"irq":0,"softirq":0,"steal":0,"guest":0,"guestNice":0,"stolen":0},{"cpu":"cpu2","user":3836.8984375,"system":1962.03125,"idle":15543.390625,"nice":0,"iowait":0,"irq":0,"softirq":0,"steal":0,"guest":0,"guestNice":0,"stolen":0},{"cpu":"cpu3","user":2428.4375,"system":991.296875,"idle":17922.5859375,"nice":0,"iowait":0,"irq":0,"softirq":0,"steal":0,"guest":0,"guestNice":0,"stolen":0}],"time":"2018-02-19 12:21:21.417267 +0900 JST m=+2390.651650577","errorInfo":null}
[Info]2018/02/19 12:21:21 acsessd /api/status.json
[Info]2018/02/19 12:21:21 {"hostname":"ksc-1x-dhcp-172-29-194-195.kwansei.ac.jp","hostid":"18d901f1-4a03-3ff1-ae34-c26b2732f13c","virtualizationSystem":"","total":8589934592,"available":2037137408,"usedPercent":76.28459930419922,"diskIO":[{"name":"disk0","ioTime":1302711,"weightedIO":0}],"cpu":[{"cpu":"cpu0","user":3952.3046875,"system":2230.3828125,"idle":15160.8359375,"nice":0,"iowait":0,"irq":0,"softirq":0,"steal":0,"guest":0,"guestNice":0,"stolen":0},{"cpu":"cpu1","user":2393.6484375,"system":978.2421875,"idle":17970.8203125,"nice":0,"iowait":0,"irq":0,"softirq":0,"steal":0,"guest":0,"guestNice":0,"stolen":0},{"cpu":"cpu2","user":3837,"system":1962.0546875,"idle":15543.65625,"nice":0,"iowait":0,"irq":0,"softirq":0,"steal":0,"guest":0,"guestNice":0,"stolen":0},{"cpu":"cpu3","user":2428.46875,"system":991.3203125,"idle":17922.921875,"nice":0,"iowait":0,"irq":0,"softirq":0,"steal":0,"guest":0,"guestNice":0,"stolen":0}],"time":"2018-02-19 12:21:21.920897 +0900 JST m=+2391.155279847","errorInfo":null}
[Info]2018/02/19 12:21:22 acsessd /api/status.json
[Info]2018/02/19 12:21:22 {"hostname":"ksc-1x-dhcp-172-29-194-195.kwansei.ac.jp","hostid":"18d901f1-4a03-3ff1-ae34-c26b2732f13c","virtualizationSystem":"","total":8589934592,"available":2036883456,"usedPercent":76.28755569458008,"diskIO":[{"name":"disk0","ioTime":1302711,"weightedIO":0}],"cpu":[{"cpu":"cpu0","user":3952.5859375,"system":2230.40625,"idle":15160.9296875,"nice":0,"iowait":0,"irq":0,"softirq":0,"steal":0,"guest":0,"guestNice":0,"stolen":0},{"cpu":"cpu1","user":2393.6875,"system":978.265625,"idle":17971.15625,"nice":0,"iowait":0,"irq":0,"softirq":0,"steal":0,"guest":0,"guestNice":0,"stolen":0},{"cpu":"cpu2","user":3837.140625,"system":1962.1015625,"idle":15543.875,"nice":0,"iowait":0,"irq":0,"softirq":0,"steal":0,"guest":0,"guestNice":0,"stolen":0},{"cpu":"cpu3","user":2428.5,"system":991.3515625,"idle":17923.2578125,"nice":0,"iowait":0,"irq":0,"softirq":0,"steal":0,"guest":0,"guestNice":0,"stolen":0}],"time":"2018-02-19 12:21:22.43325 +0900 JST m=+2391.667631921","errorInfo":null}
[Info]2018/02/19 12:21:22 acsessd /api/status.json
[Info]2018/02/19 12:21:22 {"hostname":"ksc-1x-dhcp-172-29-194-195.kwansei.ac.jp","hostid":"18d901f1-4a03-3ff1-ae34-c26b2732f13c","virtualizationSystem":"","total":8589934592,"available":2036748288,"usedPercent":76.28912925720215,"diskIO":[{"name":"disk0","ioTime":1302711,"weightedIO":0}],"cpu":[{"cpu":"cpu0","user":3952.875,"system":2230.4375,"idle":15161.015625,"nice":0,"iowait":0,"irq":0,"softirq":0,"steal":0,"guest":0,"guestNice":0,"stolen":0},{"cpu":"cpu1","user":2393.71875,"system":978.296875,"idle":17971.4921875,"nice":0,"iowait":0,"irq":0,"softirq":0,"steal":0,"guest":0,"guestNice":0,"stolen":0},{"cpu":"cpu2","user":3837.3125,"system":1962.1640625,"idle":15544.03125,"nice":0,"iowait":0,"irq":0,"softirq":0,"steal":0,"guest":0,"guestNice":0,"stolen":0},{"cpu":"cpu3","user":2428.53125,"system":991.375,"idle":17923.59375,"nice":0,"iowait":0,"irq":0,"softirq":0,"steal":0,"guest":0,"guestNice":0,"stolen":0}],"time":"2018-02-19 12:21:22.9382 +0900 JST m=+2392.172580383","errorInfo":null}
[Info]2018/02/19 12:21:23 acsessd /api/status.json
[Info]2018/02/19 12:21:23 {"hostname":"ksc-1x-dhcp-172-29-194-195.kwansei.ac.jp","hostid":"18d901f1-4a03-3ff1-ae34-c26b2732f13c","virtualizationSystem":"","total":8589934592,"available":2035683328,"usedPercent":76.30152702331543,"diskIO":[{"name":"disk0","ioTime":1302723,"weightedIO":0}],"cpu":[{"cpu":"cpu0","user":3953.078125,"system":2230.6015625,"idle":15161.109375,"nice":0,"iowait":0,"irq":0,"softirq":0,"steal":0,"guest":0,"guestNice":0,"stolen":0},{"cpu":"cpu1","user":2393.859375,"system":978.4375,"idle":17971.6796875,"nice":0,"iowait":0,"irq":0,"softirq":0,"steal":0,"guest":0,"guestNice":0,"stolen":0},{"cpu":"cpu2","user":3837.59375,"system":1962.3046875,"idle":15544.078125,"nice":0,"iowait":0,"irq":0,"softirq":0,"steal":0,"guest":0,"guestNice":0,"stolen":0},{"cpu":"cpu3","user":2428.6953125,"system":991.515625,"idle":17923.7734375,"nice":0,"iowait":0,"irq":0,"softirq":0,"steal":0,"guest":0,"guestNice":0,"stolen":0}],"time":"2018-02-19 12:21:23.540811 +0900 JST m=+2392.775190697","errorInfo":null}
[Info]2018/02/19 12:21:23 acsessd /api/status.json
[Info]2018/02/19 12:21:24 {"hostname":"ksc-1x-dhcp-172-29-194-195.kwansei.ac.jp","hostid":"18d901f1-4a03-3ff1-ae34-c26b2732f13c","virtualizationSystem":"","total":8589934592,"available":1929924608,"usedPercent":77.5327205657959,"diskIO":[{"name":"disk0","ioTime":1302742,"weightedIO":0}],"cpu":[{"cpu":"cpu0","user":3953.3828125,"system":2230.8046875,"idle":15161.140625,"nice":0,"iowait":0,"irq":0,"softirq":0,"steal":0,"guest":0,"guestNice":0,"stolen":0},{"cpu":"cpu1","user":2394.15625,"system":978.65625,"idle":17971.71875,"nice":0,"iowait":0,"irq":0,"softirq":0,"steal":0,"guest":0,"guestNice":0,"stolen":0},{"cpu":"cpu2","user":3837.875,"system":1962.5390625,"idle":15544.109375,"nice":0,"iowait":0,"irq":0,"softirq":0,"steal":0,"guest":0,"guestNice":0,"stolen":0},{"cpu":"cpu3","user":2428.9921875,"system":991.703125,"idle":17923.8203125,"nice":0,"iowait":0,"irq":0,"softirq":0,"steal":0,"guest":0,"guestNice":0,"stolen":0}],"time":"2018-02-19 12:21:24.237572 +0900 JST m=+2393.471950541","errorInfo":null}
[Info]2018/02/19 12:21:24 acsessd /api/status.json
[Info]2018/02/19 12:21:24 {"hostname":"ksc-1x-dhcp-172-29-194-195.kwansei.ac.jp","hostid":"18d901f1-4a03-3ff1-ae34-c26b2732f13c","virtualizationSystem":"","total":8589934592,"available":1974542336,"usedPercent":77.01330184936523,"diskIO":[{"name":"disk0","ioTime":1302751,"weightedIO":0}],"cpu":[{"cpu":"cpu0","user":3953.4921875,"system":2230.8359375,"idle":15161.21875,"nice":0,"iowait":0,"irq":0,"softirq":0,"steal":0,"guest":0,"guestNice":0,"stolen":0},{"cpu":"cpu1","user":2394.1953125,"system":978.671875,"idle":17971.8671875,"nice":0,"iowait":0,"irq":0,"softirq":0,"steal":0,"guest":0,"guestNice":0,"stolen":0},{"cpu":"cpu2","user":3837.9921875,"system":1962.5625,"idle":15544.1875,"nice":0,"iowait":0,"irq":0,"softirq":0,"steal":0,"guest":0,"guestNice":0,"stolen":0},{"cpu":"cpu3","user":2429.0546875,"system":991.71875,"idle":17923.9609375,"nice":0,"iowait":0,"irq":0,"softirq":0,"steal":0,"guest":0,"guestNice":0,"stolen":0}],"time":"2018-02-19 12:21:24.512159 +0900 JST m=+2393.746535991","errorInfo":null}
[Info]2018/02/19 12:21:24 acsessd /api/status.json
[Info]2018/02/19 12:21:25 {"hostname":"ksc-1x-dhcp-172-29-194-195.kwansei.ac.jp","hostid":"18d901f1-4a03-3ff1-ae34-c26b2732f13c","virtualizationSystem":"","total":8589934592,"available":1974542336,"usedPercent":77.01330184936523,"diskIO":[{"name":"disk0","ioTime":1302751,"weightedIO":0}],"cpu":[{"cpu":"cpu0","user":3953.7109375,"system":2230.8671875,"idle":15161.3984375,"nice":0,"iowait":0,"irq":0,"softirq":0,"steal":0,"guest":0,"guestNice":0,"stolen":0},{"cpu":"cpu1","user":2394.25,"system":978.7109375,"idle":17972.2109375,"nice":0,"iowait":0,"irq":0,"softirq":0,"steal":0,"guest":0,"guestNice":0,"stolen":0},{"cpu":"cpu2","user":3838.2421875,"system":1962.6015625,"idle":15544.328125,"nice":0,"iowait":0,"irq":0,"softirq":0,"steal":0,"guest":0,"guestNice":0,"stolen":0},{"cpu":"cpu3","user":2429.109375,"system":991.75,"idle":17924.296875,"nice":0,"iowait":0,"irq":0,"softirq":0,"steal":0,"guest":0,"guestNice":0,"stolen":0}],"time":"2018-02-19 12:21:25.061875 +0900 JST m=+2394.296251365","errorInfo":null}
[Info]2018/02/19 12:21:25 acsessd /api/status.json
[Info]2018/02/19 12:21:25 {"hostname":"ksc-1x-dhcp-172-29-194-195.kwansei.ac.jp","hostid":"18d901f1-4a03-3ff1-ae34-c26b2732f13c","virtualizationSystem":"","total":8589934592,"available":1958129664,"usedPercent":77.20437049865723,"diskIO":[{"name":"disk0","ioTime":1302774,"weightedIO":0}],"cpu":[{"cpu":"cpu0","user":3953.984375,"system":2230.953125,"idle":15161.421875,"nice":0,"iowait":0,"irq":0,"softirq":0,"steal":0,"guest":0,"guestNice":0,"stolen":0},{"cpu":"cpu1","user":2394.484375,"system":978.7890625,"idle":17972.2734375,"nice":0,"iowait":0,"irq":0,"softirq":0,"steal":0,"guest":0,"guestNice":0,"stolen":0},{"cpu":"cpu2","user":3838.515625,"system":1962.6796875,"idle":15544.359375,"nice":0,"iowait":0,"irq":0,"softirq":0,"steal":0,"guest":0,"guestNice":0,"stolen":0},{"cpu":"cpu3","user":2429.359375,"system":991.8203125,"idle":17924.3671875,"nice":0,"iowait":0,"irq":0,"softirq":0,"steal":0,"guest":0,"guestNice":0,"stolen":0}],"time":"2018-02-19 12:21:25.551915 +0900 JST m=+2394.786290545","errorInfo":null}
[Info]2018/02/19 12:21:25 acsessd /api/status.json
[Info]2018/02/19 12:21:26 {"hostname":"ksc-1x-dhcp-172-29-194-195.kwansei.ac.jp","hostid":"18d901f1-4a03-3ff1-ae34-c26b2732f13c","virtualizationSystem":"","total":8589934592,"available":2014507008,"usedPercent":76.54805183410645,"diskIO":[{"name":"disk0","ioTime":1302796,"weightedIO":0}],"cpu":[{"cpu":"cpu0","user":3954.265625,"system":2231,"idle":15161.484375,"nice":0,"iowait":0,"irq":0,"softirq":0,"steal":0,"guest":0,"guestNice":0,"stolen":0},{"cpu":"cpu1","user":2394.6640625,"system":978.8359375,"idle":17972.4296875,"nice":0,"iowait":0,"irq":0,"softirq":0,"steal":0,"guest":0,"guestNice":0,"stolen":0},{"cpu":"cpu2","user":3838.8203125,"system":1962.7265625,"idle":15544.390625,"nice":0,"iowait":0,"irq":0,"softirq":0,"steal":0,"guest":0,"guestNice":0,"stolen":0},{"cpu":"cpu3","user":2429.53125,"system":991.859375,"idle":17924.5390625,"nice":0,"iowait":0,"irq":0,"softirq":0,"steal":0,"guest":0,"guestNice":0,"stolen":0}],"time":"2018-02-19 12:21:26.046414 +0900 JST m=+2395.280789217","errorInfo":null}
[Info]2018/02/19 12:21:26 acsessd /api/status.json
[Info]2018/02/19 12:21:26 {"hostname":"ksc-1x-dhcp-172-29-194-195.kwansei.ac.jp","hostid":"18d901f1-4a03-3ff1-ae34-c26b2732f13c","virtualizationSystem":"","total":8589934592,"available":2014507008,"usedPercent":76.54805183410645,"diskIO":[{"name":"disk0","ioTime":1302803,"weightedIO":0}],"cpu":[{"cpu":"cpu0","user":3954.4765625,"system":2231.0390625,"idle":15161.6015625,"nice":0,"iowait":0,"irq":0,"softirq":0,"steal":0,"guest":0,"guestNice":0,"stolen":0},{"cpu":"cpu1","user":2394.7421875,"system":978.8515625,"idle":17972.703125,"nice":0,"iowait":0,"irq":0,"softirq":0,"steal":0,"guest":0,"guestNice":0,"stolen":0},{"cpu":"cpu2","user":3839.0625,"system":1962.75,"idle":15544.4921875,"nice":0,"iowait":0,"irq":0,"softirq":0,"steal":0,"guest":0,"guestNice":0,"stolen":0},{"cpu":"cpu3","user":2429.6015625,"system":991.875,"idle":17924.8203125,"nice":0,"iowait":0,"irq":0,"softirq":0,"steal":0,"guest":0,"guestNice":0,"stolen":0}],"time":"2018-02-19 12:21:26.51629 +0900 JST m=+2395.750663813","errorInfo":null}
[Info]2018/02/19 12:21:26 acsessd /api/status.json
[Info]2018/02/19 12:21:27 {"hostname":"ksc-1x-dhcp-172-29-194-195.kwansei.ac.jp","hostid":"18d901f1-4a03-3ff1-ae34-c26b2732f13c","virtualizationSystem":"","total":8589934592,"available":1949257728,"usedPercent":77.30765342712402,"diskIO":[{"name":"disk0","ioTime":1302803,"weightedIO":0}],"cpu":[{"cpu":"cpu0","user":3954.6796875,"system":2231.15625,"idle":15161.6796875,"nice":0,"iowait":0,"irq":0,"softirq":0,"steal":0,"guest":0,"guestNice":0,"stolen":0},{"cpu":"cpu1","user":2394.859375,"system":978.9453125,"idle":17972.8984375,"nice":0,"iowait":0,"irq":0,"softirq":0,"steal":0,"guest":0,"guestNice":0,"stolen":0},{"cpu":"cpu2","user":3839.265625,"system":1962.875,"idle":15544.5703125,"nice":0,"iowait":0,"irq":0,"softirq":0,"steal":0,"guest":0,"guestNice":0,"stolen":0},{"cpu":"cpu3","user":2429.7109375,"system":991.96875,"idle":17925.03125,"nice":0,"iowait":0,"irq":0,"softirq":0,"steal":0,"guest":0,"guestNice":0,"stolen":0}],"time":"2018-02-19 12:21:27.03647 +0900 JST m=+2396.270842717","errorInfo":null}
[Info]2018/02/19 12:21:27 acsessd /api/status.json
[Info]2018/02/19 12:21:27 {"hostname":"ksc-1x-dhcp-172-29-194-195.kwansei.ac.jp","hostid":"18d901f1-4a03-3ff1-ae34-c26b2732f13c","virtualizationSystem":"","total":8589934592,"available":2145513472,"usedPercent":75.02293586730957,"diskIO":[{"name":"disk0","ioTime":1302810,"weightedIO":0}],"cpu":[{"cpu":"cpu0","user":3954.8671875,"system":2231.25,"idle":15161.7890625,"nice":0,"iowait":0,"irq":0,"softirq":0,"steal":0,"guest":0,"guestNice":0,"stolen":0},{"cpu":"cpu1","user":2394.953125,"system":979,"idle":17973.1328125,"nice":0,"iowait":0,"irq":0,"softirq":0,"steal":0,"guest":0,"guestNice":0,"stolen":0},{"cpu":"cpu2","user":3839.4296875,"system":1962.9609375,"idle":15544.6953125,"nice":0,"iowait":0,"irq":0,"softirq":0,"steal":0,"guest":0,"guestNice":0,"stolen":0},{"cpu":"cpu3","user":2429.8203125,"system":992.0234375,"idle":17925.2421875,"nice":0,"iowait":0,"irq":0,"softirq":0,"steal":0,"guest":0,"guestNice":0,"stolen":0}],"time":"2018-02-19 12:21:27.525368 +0900 JST m=+2396.759739849","errorInfo":null}
[Info]2018/02/19 12:21:27 acsessd /api/status.json
[Info]2018/02/19 12:21:28 {"hostname":"ksc-1x-dhcp-172-29-194-195.kwansei.ac.jp","hostid":"18d901f1-4a03-3ff1-ae34-c26b2732f13c","virtualizationSystem":"","total":8589934592,"available":2145513472,"usedPercent":75.02293586730957,"diskIO":[{"name":"disk0","ioTime":1302810,"weightedIO":0}],"cpu":[{"cpu":"cpu0","user":3955.0703125,"system":2231.3046875,"idle":15161.921875,"nice":0,"iowait":0,"irq":0,"softirq":0,"steal":0,"guest":0,"guestNice":0,"stolen":0},{"cpu":"cpu1","user":2395.03125,"system":979.0390625,"idle":17973.40625,"nice":0,"iowait":0,"irq":0,"softirq":0,"steal":0,"guest":0,"guestNice":0,"stolen":0},{"cpu":"cpu2","user":3839.6171875,"system":1963.0234375,"idle":15544.8515625,"nice":0,"iowait":0,"irq":0,"softirq":0,"steal":0,"guest":0,"guestNice":0,"stolen":0},{"cpu":"cpu3","user":2429.90625,"system":992.0625,"idle":17925.515625,"nice":0,"iowait":0,"irq":0,"softirq":0,"steal":0,"guest":0,"guestNice":0,"stolen":0}],"time":"2018-02-19 12:21:28.029292 +0900 JST m=+2397.263662599","errorInfo":null}
[Info]2018/02/19 12:21:28 acsessd /api/status.json
[Info]2018/02/19 12:21:28 {"hostname":"ksc-1x-dhcp-172-29-194-195.kwansei.ac.jp","hostid":"18d901f1-4a03-3ff1-ae34-c26b2732f13c","virtualizationSystem":"","total":8589934592,"available":2139136000,"usedPercent":75.0971794128418,"diskIO":[{"name":"disk0","ioTime":1302810,"weightedIO":0}],"cpu":[{"cpu":"cpu0","user":3955.3515625,"system":2231.359375,"idle":15161.9921875,"nice":0,"iowait":0,"irq":0,"softirq":0,"steal":0,"guest":0,"guestNice":0,"stolen":0},{"cpu":"cpu1","user":2395.140625,"system":979.0859375,"idle":17973.6640625,"nice":0,"iowait":0,"irq":0,"softirq":0,"steal":0,"guest":0,"guestNice":0,"stolen":0},{"cpu":"cpu2","user":3839.8515625,"system":1963.0703125,"idle":15544.96875,"nice":0,"iowait":0,"irq":0,"softirq":0,"steal":0,"guest":0,"guestNice":0,"stolen":0},{"cpu":"cpu3","user":2430.0078125,"system":992.109375,"idle":17925.765625,"nice":0,"iowait":0,"irq":0,"softirq":0,"steal":0,"guest":0,"guestNice":0,"stolen":0}],"time":"2018-02-19 12:21:28.547178 +0900 JST m=+2397.781547946","errorInfo":null}
[Info]2018/02/19 12:21:28 acsessd /api/status.json
[Info]2018/02/19 12:21:29 {"hostname":"ksc-1x-dhcp-172-29-194-195.kwansei.ac.jp","hostid":"18d901f1-4a03-3ff1-ae34-c26b2732f13c","virtualizationSystem":"","total":8589934592,"available":2138824704,"usedPercent":75.10080337524414,"diskIO":[{"name":"disk0","ioTime":1302810,"weightedIO":0}],"cpu":[{"cpu":"cpu0","user":3955.5625,"system":2231.375,"idle":15162.1484375,"nice":0,"iowait":0,"irq":0,"softirq":0,"steal":0,"guest":0,"guestNice":0,"stolen":0},{"cpu":"cpu1","user":2395.1875,"system":979.09375,"idle":17973.984375,"nice":0,"iowait":0,"irq":0,"softirq":0,"steal":0,"guest":0,"guestNice":0,"stolen":0},{"cpu":"cpu2","user":3840.078125,"system":1963.09375,"idle":15545.1015625,"nice":0,"iowait":0,"irq":0,"softirq":0,"steal":0,"guest":0,"guestNice":0,"stolen":0},{"cpu":"cpu3","user":2430.0546875,"system":992.125,"idle":17926.0859375,"nice":0,"iowait":0,"irq":0,"softirq":0,"steal":0,"guest":0,"guestNice":0,"stolen":0}],"time":"2018-02-19 12:21:29.03261 +0900 JST m=+2398.266979283","errorInfo":null}
[Info]2018/02/19 12:21:29 acsessd /api/status.json
[Info]2018/02/19 12:21:29 {"hostname":"ksc-1x-dhcp-172-29-194-195.kwansei.ac.jp","hostid":"18d901f1-4a03-3ff1-ae34-c26b2732f13c","virtualizationSystem":"","total":8589934592,"available":2124603392,"usedPercent":75.26636123657227,"diskIO":[{"name":"disk0","ioTime":1302810,"weightedIO":0}],"cpu":[{"cpu":"cpu0","user":3955.84375,"system":2231.40625,"idle":15162.25,"nice":0,"iowait":0,"irq":0,"softirq":0,"steal":0,"guest":0,"guestNice":0,"stolen":0},{"cpu":"cpu1","user":2395.296875,"system":979.1328125,"idle":17974.25,"nice":0,"iowait":0,"irq":0,"softirq":0,"steal":0,"guest":0,"guestNice":0,"stolen":0},{"cpu":"cpu2","user":3840.265625,"system":1963.125,"idle":15545.2890625,"nice":0,"iowait":0,"irq":0,"softirq":0,"steal":0,"guest":0,"guestNice":0,"stolen":0},{"cpu":"cpu3","user":2430.15625,"system":992.15625,"idle":17926.3671875,"nice":0,"iowait":0,"irq":0,"softirq":0,"steal":0,"guest":0,"guestNice":0,"stolen":0}],"time":"2018-02-19 12:21:29.563644 +0900 JST m=+2398.798011938","errorInfo":null}
[Info]2018/02/19 12:21:29 acsessd /api/status.json
[Info]2018/02/19 12:21:30 {"hostname":"ksc-1x-dhcp-172-29-194-195.kwansei.ac.jp","hostid":"18d901f1-4a03-3ff1-ae34-c26b2732f13c","virtualizationSystem":"","total":8589934592,"available":2120552448,"usedPercent":75.31352043151855,"diskIO":[{"name":"disk0","ioTime":1302810,"weightedIO":0}],"cpu":[{"cpu":"cpu0","user":3956.015625,"system":2231.4453125,"idle":15162.3984375,"nice":0,"iowait":0,"irq":0,"softirq":0,"steal":0,"guest":0,"guestNice":0,"stolen":0},{"cpu":"cpu1","user":2395.4140625,"system":979.15625,"idle":17974.4765625,"nice":0,"iowait":0,"irq":0,"softirq":0,"steal":0,"guest":0,"guestNice":0,"stolen":0},{"cpu":"cpu2","user":3840.46875,"system":1963.1640625,"idle":15545.421875,"nice":0,"iowait":0,"irq":0,"softirq":0,"steal":0,"guest":0,"guestNice":0,"stolen":0},{"cpu":"cpu3","user":2430.2734375,"system":992.1796875,"idle":17926.59375,"nice":0,"iowait":0,"irq":0,"softirq":0,"steal":0,"guest":0,"guestNice":0,"stolen":0}],"time":"2018-02-19 12:21:30.035754 +0900 JST m=+2399.270120957","errorInfo":null}
[Info]2018/02/19 12:21:30 acsessd /api/status.json
[Info]2018/02/19 12:21:30 {"hostname":"ksc-1x-dhcp-172-29-194-195.kwansei.ac.jp","hostid":"18d901f1-4a03-3ff1-ae34-c26b2732f13c","virtualizationSystem":"","total":8589934592,"available":2119634944,"usedPercent":75.3242015838623,"diskIO":[{"name":"disk0","ioTime":1302810,"weightedIO":0}],"cpu":[{"cpu":"cpu0","user":3956.234375,"system":2231.46875,"idle":15162.546875,"nice":0,"iowait":0,"irq":0,"softirq":0,"steal":0,"guest":0,"guestNice":0,"stolen":0},{"cpu":"cpu1","user":2395.484375,"system":979.1796875,"idle":17974.78125,"nice":0,"iowait":0,"irq":0,"softirq":0,"steal":0,"guest":0,"guestNice":0,"stolen":0},{"cpu":"cpu2","user":3840.65625,"system":1963.1875,"idle":15545.59375,"nice":0,"iowait":0,"irq":0,"softirq":0,"steal":0,"guest":0,"guestNice":0,"stolen":0},{"cpu":"cpu3","user":2430.359375,"system":992.203125,"idle":17926.875,"nice":0,"iowait":0,"irq":0,"softirq":0,"steal":0,"guest":0,"guestNice":0,"stolen":0}],"time":"2018-02-19 12:21:30.5345 +0900 JST m=+2399.768866609","errorInfo":null}
[Info]2018/02/19 12:21:30 acsessd /api/status.json
[Info]2018/02/19 12:21:31 {"hostname":"ksc-1x-dhcp-172-29-194-195.kwansei.ac.jp","hostid":"18d901f1-4a03-3ff1-ae34-c26b2732f13c","virtualizationSystem":"","total":8589934592,"available":2119524352,"usedPercent":75.32548904418945,"diskIO":[{"name":"disk0","ioTime":1302810,"weightedIO":0}],"cpu":[{"cpu":"cpu0","user":3956.421875,"system":2231.484375,"idle":15162.7421875,"nice":0,"iowait":0,"irq":0,"softirq":0,"steal":0,"guest":0,"guestNice":0,"stolen":0},{"cpu":"cpu1","user":2395.5390625,"system":979.1875,"idle":17975.109375,"nice":0,"iowait":0,"irq":0,"softirq":0,"steal":0,"guest":0,"guestNice":0,"stolen":0},{"cpu":"cpu2","user":3840.8984375,"system":1963.203125,"idle":15545.734375,"nice":0,"iowait":0,"irq":0,"softirq":0,"steal":0,"guest":0,"guestNice":0,"stolen":0},{"cpu":"cpu3","user":2430.390625,"system":992.21875,"idle":17927.21875,"nice":0,"iowait":0,"irq":0,"softirq":0,"steal":0,"guest":0,"guestNice":0,"stolen":0}],"time":"2018-02-19 12:21:31.038109 +0900 JST m=+2400.272474774","errorInfo":null}
[Info]2018/02/19 12:21:31 acsessd /api/status.json
[Info]2018/02/19 12:21:31 {"hostname":"ksc-1x-dhcp-172-29-194-195.kwansei.ac.jp","hostid":"18d901f1-4a03-3ff1-ae34-c26b2732f13c","virtualizationSystem":"","total":8589934592,"available":2119245824,"usedPercent":75.32873153686523,"diskIO":[{"name":"disk0","ioTime":1302810,"weightedIO":0}],"cpu":[{"cpu":"cpu0","user":3956.609375,"system":2231.4921875,"idle":15162.9453125,"nice":0,"iowait":0,"irq":0,"softirq":0,"steal":0,"guest":0,"guestNice":0,"stolen":0},{"cpu":"cpu1","user":2395.578125,"system":979.203125,"idle":17975.453125,"nice":0,"iowait":0,"irq":0,"softirq":0,"steal":0,"guest":0,"guestNice":0,"stolen":0},{"cpu":"cpu2","user":3841.1640625,"system":1963.234375,"idle":15545.84375,"nice":0,"iowait":0,"irq":0,"softirq":0,"steal":0,"guest":0,"guestNice":0,"stolen":0},{"cpu":"cpu3","user":2430.453125,"system":992.234375,"idle":17927.546875,"nice":0,"iowait":0,"irq":0,"softirq":0,"steal":0,"guest":0,"guestNice":0,"stolen":0}],"time":"2018-02-19 12:21:31.55308 +0900 JST m=+2400.787444235","errorInfo":null}
[Info]2018/02/19 12:21:31 acsessd /api/status.json
[Info]2018/02/19 12:21:32 {"hostname":"ksc-1x-dhcp-172-29-194-195.kwansei.ac.jp","hostid":"18d901f1-4a03-3ff1-ae34-c26b2732f13c","virtualizationSystem":"","total":8589934592,"available":2119127040,"usedPercent":75.33011436462402,"diskIO":[{"name":"disk0","ioTime":1302818,"weightedIO":0}],"cpu":[{"cpu":"cpu0","user":3956.8359375,"system":2231.5234375,"idle":15163.0703125,"nice":0,"iowait":0,"irq":0,"softirq":0,"steal":0,"guest":0,"guestNice":0,"stolen":0},{"cpu":"cpu1","user":2395.671875,"system":979.21875,"idle":17975.7265625,"nice":0,"iowait":0,"irq":0,"softirq":0,"steal":0,"guest":0,"guestNice":0,"stolen":0},{"cpu":"cpu2","user":3841.359375,"system":1963.2578125,"idle":15546,"nice":0,"iowait":0,"irq":0,"softirq":0,"steal":0,"guest":0,"guestNice":0,"stolen":0},{"cpu":"cpu3","user":2430.5234375,"system":992.25,"idle":17927.8359375,"nice":0,"iowait":0,"irq":0,"softirq":0,"steal":0,"guest":0,"guestNice":0,"stolen":0}],"time":"2018-02-19 12:21:32.041245 +0900 JST m=+2401.275607960","errorInfo":null}
[Info]2018/02/19 12:21:32 acsessd /api/status.json
[Info]2018/02/19 12:21:32 {"hostname":"ksc-1x-dhcp-172-29-194-195.kwansei.ac.jp","hostid":"18d901f1-4a03-3ff1-ae34-c26b2732f13c","virtualizationSystem":"","total":8589934592,"available":2119426048,"usedPercent":75.32663345336914,"diskIO":[{"name":"disk0","ioTime":1302826,"weightedIO":0}],"cpu":[{"cpu":"cpu0","user":3957.0546875,"system":2231.5390625,"idle":15163.234375,"nice":0,"iowait":0,"irq":0,"softirq":0,"steal":0,"guest":0,"guestNice":0,"stolen":0},{"cpu":"cpu1","user":2395.71875,"system":979.2265625,"idle":17976.0625,"nice":0,"iowait":0,"irq":0,"softirq":0,"steal":0,"guest":0,"guestNice":0,"stolen":0},{"cpu":"cpu2","user":3841.578125,"system":1963.28125,"idle":15546.15625,"nice":0,"iowait":0,"irq":0,"softirq":0,"steal":0,"guest":0,"guestNice":0,"stolen":0},{"cpu":"cpu3","user":2430.578125,"system":992.265625,"idle":17928.1640625,"nice":0,"iowait":0,"irq":0,"softirq":0,"steal":0,"guest":0,"guestNice":0,"stolen":0}],"time":"2018-02-19 12:21:32.543519 +0900 JST m=+2401.777881227","errorInfo":null}
[Info]2018/02/19 12:21:32 acsessd /api/status.json
[Info]2018/02/19 12:21:33 {"hostname":"ksc-1x-dhcp-172-29-194-195.kwansei.ac.jp","hostid":"18d901f1-4a03-3ff1-ae34-c26b2732f13c","virtualizationSystem":"","total":8589934592,"available":2119659520,"usedPercent":75.32391548156738,"diskIO":[{"name":"disk0","ioTime":1302826,"weightedIO":0}],"cpu":[{"cpu":"cpu0","user":3957.234375,"system":2231.546875,"idle":15163.4375,"nice":0,"iowait":0,"irq":0,"softirq":0,"steal":0,"guest":0,"guestNice":0,"stolen":0},{"cpu":"cpu1","user":2395.734375,"system":979.234375,"idle":17976.4296875,"nice":0,"iowait":0,"irq":0,"softirq":0,"steal":0,"guest":0,"guestNice":0,"stolen":0},{"cpu":"cpu2","user":3841.7421875,"system":1963.3046875,"idle":15546.3515625,"nice":0,"iowait":0,"irq":0,"softirq":0,"steal":0,"guest":0,"guestNice":0,"stolen":0},{"cpu":"cpu3","user":2430.6015625,"system":992.2734375,"idle":17928.5234375,"nice":0,"iowait":0,"irq":0,"softirq":0,"steal":0,"guest":0,"guestNice":0,"stolen":0}],"time":"2018-02-19 12:21:33.04253 +0900 JST m=+2402.276890984","errorInfo":null}
[Info]2018/02/19 12:21:33 acsessd /api/status.json
[Info]2018/02/19 12:21:33 {"hostname":"ksc-1x-dhcp-172-29-194-195.kwansei.ac.jp","hostid":"18d901f1-4a03-3ff1-ae34-c26b2732f13c","virtualizationSystem":"","total":8589934592,"available":2119483392,"usedPercent":75.32596588134766,"diskIO":[{"name":"disk0","ioTime":1302876,"weightedIO":0}],"cpu":[{"cpu":"cpu0","user":3957.2890625,"system":2231.6015625,"idle":15163.7265625,"nice":0,"iowait":0,"irq":0,"softirq":0,"steal":0,"guest":0,"guestNice":0,"stolen":0},{"cpu":"cpu1","user":2395.75,"system":979.2421875,"idle":17976.8125,"nice":0,"iowait":0,"irq":0,"softirq":0,"steal":0,"guest":0,"guestNice":0,"stolen":0},{"cpu":"cpu2","user":3841.8046875,"system":1963.328125,"idle":15546.671875,"nice":0,"iowait":0,"irq":0,"softirq":0,"steal":0,"guest":0,"guestNice":0,"stolen":0},{"cpu":"cpu3","user":2430.625,"system":992.296875,"idle":17928.8828125,"nice":0,"iowait":0,"irq":0,"softirq":0,"steal":0,"guest":0,"guestNice":0,"stolen":0}],"time":"2018-02-19 12:21:33.557246 +0900 JST m=+2402.791605949","errorInfo":null}
[Info]2018/02/19 12:21:33 acsessd /api/status.json
[Info]2018/02/19 12:21:34 {"hostname":"ksc-1x-dhcp-172-29-194-195.kwansei.ac.jp","hostid":"18d901f1-4a03-3ff1-ae34-c26b2732f13c","virtualizationSystem":"","total":8589934592,"available":2119606272,"usedPercent":75.32453536987305,"diskIO":[{"name":"disk0","ioTime":1302876,"weightedIO":0}],"cpu":[{"cpu":"cpu0","user":3957.359375,"system":2231.640625,"idle":15164,"nice":0,"iowait":0,"irq":0,"softirq":0,"steal":0,"guest":0,"guestNice":0,"stolen":0},{"cpu":"cpu1","user":2395.7578125,"system":979.2578125,"idle":17977.171875,"nice":0,"iowait":0,"irq":0,"softirq":0,"steal":0,"guest":0,"guestNice":0,"stolen":0},{"cpu":"cpu2","user":3841.859375,"system":1963.3671875,"idle":15546.9609375,"nice":0,"iowait":0,"irq":0,"softirq":0,"steal":0,"guest":0,"guestNice":0,"stolen":0},{"cpu":"cpu3","user":2430.640625,"system":992.3046875,"idle":17929.2421875,"nice":0,"iowait":0,"irq":0,"softirq":0,"steal":0,"guest":0,"guestNice":0,"stolen":0}],"time":"2018-02-19 12:21:34.049128 +0900 JST m=+2403.283487033","errorInfo":null}
[Info]2018/02/19 12:21:34 acsessd /api/status.json
[Info]2018/02/19 12:21:34 {"hostname":"ksc-1x-dhcp-172-29-194-195.kwansei.ac.jp","hostid":"18d901f1-4a03-3ff1-ae34-c26b2732f13c","virtualizationSystem":"","total":8589934592,"available":2125152256,"usedPercent":75.25997161865234,"diskIO":[{"name":"disk0","ioTime":1302884,"weightedIO":0}],"cpu":[{"cpu":"cpu0","user":3957.4609375,"system":2231.6953125,"idle":15164.2421875,"nice":0,"iowait":0,"irq":0,"softirq":0,"steal":0,"guest":0,"guestNice":0,"stolen":0},{"cpu":"cpu1","user":2395.78125,"system":979.2734375,"idle":17977.5234375,"nice":0,"iowait":0,"irq":0,"softirq":0,"steal":0,"guest":0,"guestNice":0,"stolen":0},{"cpu":"cpu2","user":3842,"system":1963.4375,"idle":15547.140625,"nice":0,"iowait":0,"irq":0,"softirq":0,"steal":0,"guest":0,"guestNice":0,"stolen":0},{"cpu":"cpu3","user":2430.671875,"system":992.3125,"idle":17929.5859375,"nice":0,"iowait":0,"irq":0,"softirq":0,"steal":0,"guest":0,"guestNice":0,"stolen":0}],"time":"2018-02-19 12:21:34.554154 +0900 JST m=+2403.788512309","errorInfo":null}
[Info]2018/02/19 12:21:35 acsessd /api/status.json
[Info]2018/02/19 12:21:35 {"hostname":"ksc-1x-dhcp-172-29-194-195.kwansei.ac.jp","hostid":"18d901f1-4a03-3ff1-ae34-c26b2732f13c","virtualizationSystem":"","total":8589934592,"available":2111717376,"usedPercent":75.41637420654297,"diskIO":[{"name":"disk0","ioTime":1302884,"weightedIO":0}],"cpu":[{"cpu":"cpu0","user":3957.59375,"system":2231.75,"idle":15164.453125,"nice":0,"iowait":0,"irq":0,"softirq":0,"steal":0,"guest":0,"guestNice":0,"stolen":0},{"cpu":"cpu1","user":2395.828125,"system":979.296875,"idle":17977.8515625,"nice":0,"iowait":0,"irq":0,"softirq":0,"steal":0,"guest":0,"guestNice":0,"stolen":0},{"cpu":"cpu2","user":3842.09375,"system":1963.515625,"idle":15547.3828125,"nice":0,"iowait":0,"irq":0,"softirq":0,"steal":0,"guest":0,"guestNice":0,"stolen":0},{"cpu":"cpu3","user":2430.71875,"system":992.3515625,"idle":17929.90625,"nice":0,"iowait":0,"irq":0,"softirq":0,"steal":0,"guest":0,"guestNice":0,"stolen":0}],"time":"2018-02-19 12:21:35.067404 +0900 JST m=+2404.301761414","errorInfo":null}
[Info]2018/02/19 12:21:35 acsessd /api/status.json
[Info]2018/02/19 12:21:35 {"hostname":"ksc-1x-dhcp-172-29-194-195.kwansei.ac.jp","hostid":"18d901f1-4a03-3ff1-ae34-c26b2732f13c","virtualizationSystem":"","total":8589934592,"available":2142879744,"usedPercent":75.05359649658203,"diskIO":[{"name":"disk0","ioTime":1302884,"weightedIO":0}],"cpu":[{"cpu":"cpu0","user":3957.703125,"system":2231.796875,"idle":15164.6796875,"nice":0,"iowait":0,"irq":0,"softirq":0,"steal":0,"guest":0,"guestNice":0,"stolen":0},{"cpu":"cpu1","user":2395.890625,"system":979.3203125,"idle":17978.1640625,"nice":0,"iowait":0,"irq":0,"softirq":0,"steal":0,"guest":0,"guestNice":0,"stolen":0},{"cpu":"cpu2","user":3842.1875,"system":1963.5625,"idle":15547.6171875,"nice":0,"iowait":0,"irq":0,"softirq":0,"steal":0,"guest":0,"guestNice":0,"stolen":0},{"cpu":"cpu3","user":2430.7734375,"system":992.375,"idle":17930.21875,"nice":0,"iowait":0,"irq":0,"softirq":0,"steal":0,"guest":0,"guestNice":0,"stolen":0}],"time":"2018-02-19 12:21:35.566256 +0900 JST m=+2404.800612937","errorInfo":null}
[Info]2018/02/19 12:21:36 acsessd /api/status.json
[Info]2018/02/19 12:21:36 {"hostname":"ksc-1x-dhcp-172-29-194-195.kwansei.ac.jp","hostid":"18d901f1-4a03-3ff1-ae34-c26b2732f13c","virtualizationSystem":"","total":8589934592,"available":2150612992,"usedPercent":74.96356964111328,"diskIO":[{"name":"disk0","ioTime":1302892,"weightedIO":0}],"cpu":[{"cpu":"cpu0","user":3957.7890625,"system":2231.8125,"idle":15164.9765625,"nice":0,"iowait":0,"irq":0,"softirq":0,"steal":0,"guest":0,"guestNice":0,"stolen":0},{"cpu":"cpu1","user":2395.9140625,"system":979.328125,"idle":17978.5234375,"nice":0,"iowait":0,"irq":0,"softirq":0,"steal":0,"guest":0,"guestNice":0,"stolen":0},{"cpu":"cpu2","user":3842.3359375,"system":1963.5859375,"idle":15547.8515625,"nice":0,"iowait":0,"irq":0,"softirq":0,"steal":0,"guest":0,"guestNice":0,"stolen":0},{"cpu":"cpu3","user":2430.8125,"system":992.3828125,"idle":17930.5703125,"nice":0,"iowait":0,"irq":0,"softirq":0,"steal":0,"guest":0,"guestNice":0,"stolen":0}],"time":"2018-02-19 12:21:36.073636 +0900 JST m=+2405.307991264","errorInfo":null}
[Info]2018/02/19 12:21:36 acsessd /api/status.json
[Info]2018/02/19 12:21:36 {"hostname":"ksc-1x-dhcp-172-29-194-195.kwansei.ac.jp","hostid":"18d901f1-4a03-3ff1-ae34-c26b2732f13c","virtualizationSystem":"","total":8589934592,"available":2150035456,"usedPercent":74.97029304504395,"diskIO":[{"name":"disk0","ioTime":1302892,"weightedIO":0}],"cpu":[{"cpu":"cpu0","user":3957.8359375,"system":2231.84375,"idle":15165.296875,"nice":0,"iowait":0,"irq":0,"softirq":0,"steal":0,"guest":0,"guestNice":0,"stolen":0},{"cpu":"cpu1","user":2395.9375,"system":979.3359375,"idle":17978.8828125,"nice":0,"iowait":0,"irq":0,"softirq":0,"steal":0,"guest":0,"guestNice":0,"stolen":0},{"cpu":"cpu2","user":3842.40625,"system":1963.609375,"idle":15548.1484375,"nice":0,"iowait":0,"irq":0,"softirq":0,"steal":0,"guest":0,"guestNice":0,"stolen":0},{"cpu":"cpu3","user":2430.8203125,"system":992.3984375,"idle":17930.9375,"nice":0,"iowait":0,"irq":0,"softirq":0,"steal":0,"guest":0,"guestNice":0,"stolen":0}],"time":"2018-02-19 12:21:36.572818 +0900 JST m=+2405.807172850","errorInfo":null}
[Info]2018/02/19 12:21:37 acsessd /api/status.json
[Info]2018/02/19 12:21:37 {"hostname":"ksc-1x-dhcp-172-29-194-195.kwansei.ac.jp","hostid":"18d901f1-4a03-3ff1-ae34-c26b2732f13c","virtualizationSystem":"","total":8589934592,"available":2153213952,"usedPercent":74.93329048156738,"diskIO":[{"name":"disk0","ioTime":1302892,"weightedIO":0}],"cpu":[{"cpu":"cpu0","user":3957.8828125,"system":2231.8671875,"idle":15165.6171875,"nice":0,"iowait":0,"irq":0,"softirq":0,"steal":0,"guest":0,"guestNice":0,"stolen":0},{"cpu":"cpu1","user":2395.9453125,"system":979.34375,"idle":17979.265625,"nice":0,"iowait":0,"irq":0,"softirq":0,"steal":0,"guest":0,"guestNice":0,"stolen":0},{"cpu":"cpu2","user":3842.46875,"system":1963.625,"idle":15548.453125,"nice":0,"iowait":0,"irq":0,"softirq":0,"steal":0,"guest":0,"guestNice":0,"stolen":0},{"cpu":"cpu3","user":2430.84375,"system":992.3984375,"idle":17931.3046875,"nice":0,"iowait":0,"irq":0,"softirq":0,"steal":0,"guest":0,"guestNice":0,"stolen":0}],"time":"2018-02-19 12:21:37.075192 +0900 JST m=+2406.309545990","errorInfo":null}
[Info]2018/02/19 12:21:37 acsessd /api/status.json
[Info]2018/02/19 12:21:37 {"hostname":"ksc-1x-dhcp-172-29-194-195.kwansei.ac.jp","hostid":"18d901f1-4a03-3ff1-ae34-c26b2732f13c","virtualizationSystem":"","total":8589934592,"available":2153324544,"usedPercent":74.93200302124023,"diskIO":[{"name":"disk0","ioTime":1302892,"weightedIO":0}],"cpu":[{"cpu":"cpu0","user":3957.9296875,"system":2231.890625,"idle":15165.9453125,"nice":0,"iowait":0,"irq":0,"softirq":0,"steal":0,"guest":0,"guestNice":0,"stolen":0},{"cpu":"cpu1","user":2395.96875,"system":979.359375,"idle":17979.6171875,"nice":0,"iowait":0,"irq":0,"softirq":0,"steal":0,"guest":0,"guestNice":0,"stolen":0},{"cpu":"cpu2","user":3842.53125,"system":1963.640625,"idle":15548.7734375,"nice":0,"iowait":0,"irq":0,"softirq":0,"steal":0,"guest":0,"guestNice":0,"stolen":0},{"cpu":"cpu3","user":2430.8671875,"system":992.40625,"idle":17931.671875,"nice":0,"iowait":0,"irq":0,"softirq":0,"steal":0,"guest":0,"guestNice":0,"stolen":0}],"time":"2018-02-19 12:21:37.578922 +0900 JST m=+2406.813274400","errorInfo":null}
[Info]2018/02/19 12:21:38 acsessd /api/status.json
[Info]2018/02/19 12:21:38 {"hostname":"ksc-1x-dhcp-172-29-194-195.kwansei.ac.jp","hostid":"18d901f1-4a03-3ff1-ae34-c26b2732f13c","virtualizationSystem":"","total":8589934592,"available":2153205760,"usedPercent":74.93338584899902,"diskIO":[{"name":"disk0","ioTime":1302892,"weightedIO":0}],"cpu":[{"cpu":"cpu0","user":3957.9609375,"system":2231.9375,"idle":15166.25,"nice":0,"iowait":0,"irq":0,"softirq":0,"steal":0,"guest":0,"guestNice":0,"stolen":0},{"cpu":"cpu1","user":2395.984375,"system":979.3671875,"idle":17979.984375,"nice":0,"iowait":0,"irq":0,"softirq":0,"steal":0,"guest":0,"guestNice":0,"stolen":0},{"cpu":"cpu2","user":3842.6015625,"system":1963.671875,"idle":15549.0625,"nice":0,"iowait":0,"irq":0,"softirq":0,"steal":0,"guest":0,"guestNice":0,"stolen":0},{"cpu":"cpu3","user":2430.875,"system":992.40625,"idle":17932.0546875,"nice":0,"iowait":0,"irq":0,"softirq":0,"steal":0,"guest":0,"guestNice":0,"stolen":0}],"time":"2018-02-19 12:21:38.07974 +0900 JST m=+2407.314091440","errorInfo":null}
[Info]2018/02/19 12:21:38 acsessd /api/status.json
[Info]2018/02/19 12:21:38 {"hostname":"ksc-1x-dhcp-172-29-194-195.kwansei.ac.jp","hostid":"18d901f1-4a03-3ff1-ae34-c26b2732f13c","virtualizationSystem":"","total":8589934592,"available":2152824832,"usedPercent":74.93782043457031,"diskIO":[{"name":"disk0","ioTime":1302892,"weightedIO":0}],"cpu":[{"cpu":"cpu0","user":3958.03125,"system":2232,"idle":15166.515625,"nice":0,"iowait":0,"irq":0,"softirq":0,"steal":0,"guest":0,"guestNice":0,"stolen":0},{"cpu":"cpu1","user":2396,"system":979.375,"idle":17980.3515625,"nice":0,"iowait":0,"irq":0,"softirq":0,"steal":0,"guest":0,"guestNice":0,"stolen":0},{"cpu":"cpu2","user":3842.6875,"system":1963.734375,"idle":15549.3203125,"nice":0,"iowait":0,"irq":0,"softirq":0,"steal":0,"guest":0,"guestNice":0,"stolen":0},{"cpu":"cpu3","user":2430.890625,"system":992.4140625,"idle":17932.421875,"nice":0,"iowait":0,"irq":0,"softirq":0,"steal":0,"guest":0,"guestNice":0,"stolen":0}],"time":"2018-02-19 12:21:38.585956 +0900 JST m=+2407.820307260","errorInfo":null}
[Info]2018/02/19 12:21:39 acsessd /api/status.json
[Info]2018/02/19 12:21:39 {"hostname":"ksc-1x-dhcp-172-29-194-195.kwansei.ac.jp","hostid":"18d901f1-4a03-3ff1-ae34-c26b2732f13c","virtualizationSystem":"","total":8589934592,"available":2152742912,"usedPercent":74.93877410888672,"diskIO":[{"name":"disk0","ioTime":1302892,"weightedIO":0}],"cpu":[{"cpu":"cpu0","user":3958.1015625,"system":2232.078125,"idle":15166.7578125,"nice":0,"iowait":0,"irq":0,"softirq":0,"steal":0,"guest":0,"guestNice":0,"stolen":0},{"cpu":"cpu1","user":2396.015625,"system":979.390625,"idle":17980.7109375,"nice":0,"iowait":0,"irq":0,"softirq":0,"steal":0,"guest":0,"guestNice":0,"stolen":0},{"cpu":"cpu2","user":3842.765625,"system":1963.7890625,"idle":15549.5703125,"nice":0,"iowait":0,"irq":0,"softirq":0,"steal":0,"guest":0,"guestNice":0,"stolen":0},{"cpu":"cpu3","user":2430.90625,"system":992.4296875,"idle":17932.78125,"nice":0,"iowait":0,"irq":0,"softirq":0,"steal":0,"guest":0,"guestNice":0,"stolen":0}],"time":"2018-02-19 12:21:39.090228 +0900 JST m=+2408.324577241","errorInfo":null}
[Info]2018/02/19 12:21:39 acsessd /api/status.json
[Info]2018/02/19 12:21:39 {"hostname":"ksc-1x-dhcp-172-29-194-195.kwansei.ac.jp","hostid":"18d901f1-4a03-3ff1-ae34-c26b2732f13c","virtualizationSystem":"","total":8589934592,"available":2153332736,"usedPercent":74.9319076538086,"diskIO":[{"name":"disk0","ioTime":1302900,"weightedIO":0}],"cpu":[{"cpu":"cpu0","user":3958.203125,"system":2232.1171875,"idle":15167.0078125,"nice":0,"iowait":0,"irq":0,"softirq":0,"steal":0,"guest":0,"guestNice":0,"stolen":0},{"cpu":"cpu1","user":2396.0390625,"system":979.40625,"idle":17981.0625,"nice":0,"iowait":0,"irq":0,"softirq":0,"steal":0,"guest":0,"guestNice":0,"stolen":0},{"cpu":"cpu2","user":3842.8203125,"system":1963.8359375,"idle":15549.859375,"nice":0,"iowait":0,"irq":0,"softirq":0,"steal":0,"guest":0,"guestNice":0,"stolen":0},{"cpu":"cpu3","user":2430.9375,"system":992.4453125,"idle":17933.1328125,"nice":0,"iowait":0,"irq":0,"softirq":0,"steal":0,"guest":0,"guestNice":0,"stolen":0}],"time":"2018-02-19 12:21:39.590039 +0900 JST m=+2408.824388227","errorInfo":null}
[Info]2018/02/19 12:21:40 acsessd /api/status.json
[Info]2018/02/19 12:21:40 {"hostname":"ksc-1x-dhcp-172-29-194-195.kwansei.ac.jp","hostid":"18d901f1-4a03-3ff1-ae34-c26b2732f13c","virtualizationSystem":"","total":8589934592,"available":2152546304,"usedPercent":74.9410629272461,"diskIO":[{"name":"disk0","ioTime":1302900,"weightedIO":0}],"cpu":[{"cpu":"cpu0","user":3958.2578125,"system":2232.1328125,"idle":15167.3359375,"nice":0,"iowait":0,"irq":0,"softirq":0,"steal":0,"guest":0,"guestNice":0,"stolen":0},{"cpu":"cpu1","user":2396.0546875,"system":979.421875,"idle":17981.4375,"nice":0,"iowait":0,"irq":0,"softirq":0,"steal":0,"guest":0,"guestNice":0,"stolen":0},{"cpu":"cpu2","user":3842.890625,"system":1963.859375,"idle":15550.1640625,"nice":0,"iowait":0,"irq":0,"softirq":0,"steal":0,"guest":0,"guestNice":0,"stolen":0},{"cpu":"cpu3","user":2430.9453125,"system":992.4453125,"idle":17933.515625,"nice":0,"iowait":0,"irq":0,"softirq":0,"steal":0,"guest":0,"guestNice":0,"stolen":0}],"time":"2018-02-19 12:21:40.098565 +0900 JST m=+2409.332912858","errorInfo":null}
[Info]2018/02/19 12:21:40 acsessd /api/status.json
[Info]2018/02/19 12:21:40 {"hostname":"ksc-1x-dhcp-172-29-194-195.kwansei.ac.jp","hostid":"18d901f1-4a03-3ff1-ae34-c26b2732f13c","virtualizationSystem":"","total":8589934592,"available":2152165376,"usedPercent":74.94549751281738,"diskIO":[{"name":"disk0","ioTime":1302900,"weightedIO":0}],"cpu":[{"cpu":"cpu0","user":3958.3046875,"system":2232.1640625,"idle":15167.65625,"nice":0,"iowait":0,"irq":0,"softirq":0,"steal":0,"guest":0,"guestNice":0,"stolen":0},{"cpu":"cpu1","user":2396.0703125,"system":979.421875,"idle":17981.8125,"nice":0,"iowait":0,"irq":0,"softirq":0,"steal":0,"guest":0,"guestNice":0,"stolen":0},{"cpu":"cpu2","user":3842.9453125,"system":1963.8828125,"idle":15550.4765625,"nice":0,"iowait":0,"irq":0,"softirq":0,"steal":0,"guest":0,"guestNice":0,"stolen":0},{"cpu":"cpu3","user":2430.96875,"system":992.453125,"idle":17933.8828125,"nice":0,"iowait":0,"irq":0,"softirq":0,"steal":0,"guest":0,"guestNice":0,"stolen":0}],"time":"2018-02-19 12:21:40.603138 +0900 JST m=+2409.837484815","errorInfo":null}
[Info]2018/02/19 12:21:41 acsessd /api/status.json
[Info]2018/02/19 12:21:41 {"hostname":"ksc-1x-dhcp-172-29-194-195.kwansei.ac.jp","hostid":"18d901f1-4a03-3ff1-ae34-c26b2732f13c","virtualizationSystem":"","total":8589934592,"available":2151796736,"usedPercent":74.94978904724121,"diskIO":[{"name":"disk0","ioTime":1302900,"weightedIO":0}],"cpu":[{"cpu":"cpu0","user":3958.3515625,"system":2232.1796875,"idle":15167.9765625,"nice":0,"iowait":0,"irq":0,"softirq":0,"steal":0,"guest":0,"guestNice":0,"stolen":0},{"cpu":"cpu1","user":2396.078125,"system":979.4296875,"idle":17982.1953125,"nice":0,"iowait":0,"irq":0,"softirq":0,"steal":0,"guest":0,"guestNice":0,"stolen":0},{"cpu":"cpu2","user":3843.0234375,"system":1963.90625,"idle":15550.7734375,"nice":0,"iowait":0,"irq":0,"softirq":0,"steal":0,"guest":0,"guestNice":0,"stolen":0},{"cpu":"cpu3","user":2430.9765625,"system":992.4609375,"idle":17934.265625,"nice":0,"iowait":0,"irq":0,"softirq":0,"steal":0,"guest":0,"guestNice":0,"stolen":0}],"time":"2018-02-19 12:21:41.102586 +0900 JST m=+2410.336932105","errorInfo":null}
[Info]2018/02/19 12:21:41 acsessd /api/status.json
[Info]2018/02/19 12:21:41 {"hostname":"ksc-1x-dhcp-172-29-194-195.kwansei.ac.jp","hostid":"18d901f1-4a03-3ff1-ae34-c26b2732f13c","virtualizationSystem":"","total":8589934592,"available":2152042496,"usedPercent":74.94692802429199,"diskIO":[{"name":"disk0","ioTime":1302900,"weightedIO":0}],"cpu":[{"cpu":"cpu0","user":3958.3984375,"system":2232.1953125,"idle":15168.3046875,"nice":0,"iowait":0,"irq":0,"softirq":0,"steal":0,"guest":0,"guestNice":0,"stolen":0},{"cpu":"cpu1","user":2396.0859375,"system":979.4375,"idle":17982.5703125,"nice":0,"iowait":0,"irq":0,"softirq":0,"steal":0,"guest":0,"guestNice":0,"stolen":0},{"cpu":"cpu2","user":3843.09375,"system":1963.9375,"idle":15551.0625,"nice":0,"iowait":0,"irq":0,"softirq":0,"steal":0,"guest":0,"guestNice":0,"stolen":0},{"cpu":"cpu3","user":2430.984375,"system":992.4609375,"idle":17934.6484375,"nice":0,"iowait":0,"irq":0,"softirq":0,"steal":0,"guest":0,"guestNice":0,"stolen":0}],"time":"2018-02-19 12:21:41.607655 +0900 JST m=+2410.842000226","errorInfo":null}
[Info]2018/02/19 12:21:42 acsessd /api/status.json
[Info]2018/02/19 12:21:42 {"hostname":"ksc-1x-dhcp-172-29-194-195.kwansei.ac.jp","hostid":"18d901f1-4a03-3ff1-ae34-c26b2732f13c","virtualizationSystem":"","total":8589934592,"available":2152239104,"usedPercent":74.94463920593262,"diskIO":[{"name":"disk0","ioTime":1302900,"weightedIO":0}],"cpu":[{"cpu":"cpu0","user":3958.4375,"system":2232.2109375,"idle":15168.6484375,"nice":0,"iowait":0,"irq":0,"softirq":0,"steal":0,"guest":0,"guestNice":0,"stolen":0},{"cpu":"cpu1","user":2396.09375,"system":979.4375,"idle":17982.953125,"nice":0,"iowait":0,"irq":0,"softirq":0,"steal":0,"guest":0,"guestNice":0,"stolen":0},{"cpu":"cpu2","user":3843.171875,"system":1963.96875,"idle":15551.3515625,"nice":0,"iowait":0,"irq":0,"softirq":0,"steal":0,"guest":0,"guestNice":0,"stolen":0},{"cpu":"cpu3","user":2430.9921875,"system":992.46875,"idle":17935.0234375,"nice":0,"iowait":0,"irq":0,"softirq":0,"steal":0,"guest":0,"guestNice":0,"stolen":0}],"time":"2018-02-19 12:21:42.114234 +0900 JST m=+2411.348577440","errorInfo":null}
[Info]2018/02/19 12:21:42 acsessd /api/status.json
[Info]2018/02/19 12:21:42 {"hostname":"ksc-1x-dhcp-172-29-194-195.kwansei.ac.jp","hostid":"18d901f1-4a03-3ff1-ae34-c26b2732f13c","virtualizationSystem":"","total":8589934592,"available":2152034304,"usedPercent":74.94702339172363,"diskIO":[{"name":"disk0","ioTime":1302908,"weightedIO":0}],"cpu":[{"cpu":"cpu0","user":3958.5234375,"system":2232.234375,"idle":15168.9375,"nice":0,"iowait":0,"irq":0,"softirq":0,"steal":0,"guest":0,"guestNice":0,"stolen":0},{"cpu":"cpu1","user":2396.109375,"system":979.4453125,"idle":17983.328125,"nice":0,"iowait":0,"irq":0,"softirq":0,"steal":0,"guest":0,"guestNice":0,"stolen":0},{"cpu":"cpu2","user":3843.2109375,"system":1963.9921875,"idle":15551.6796875,"nice":0,"iowait":0,"irq":0,"softirq":0,"steal":0,"guest":0,"guestNice":0,"stolen":0},{"cpu":"cpu3","user":2431.0078125,"system":992.4765625,"idle":17935.3984375,"nice":0,"iowait":0,"irq":0,"softirq":0,"steal":0,"guest":0,"guestNice":0,"stolen":0}],"time":"2018-02-19 12:21:42.618657 +0900 JST m=+2411.853000161","errorInfo":null}
[Info]2018/02/19 12:21:43 acsessd /api/status.json
[Info]2018/02/19 12:21:43 {"hostname":"ksc-1x-dhcp-172-29-194-195.kwansei.ac.jp","hostid":"18d901f1-4a03-3ff1-ae34-c26b2732f13c","virtualizationSystem":"","total":8589934592,"available":2151747584,"usedPercent":74.95036125183105,"diskIO":[{"name":"disk0","ioTime":1302908,"weightedIO":0}],"cpu":[{"cpu":"cpu0","user":3958.59375,"system":2232.265625,"idle":15169.234375,"nice":0,"iowait":0,"irq":0,"softirq":0,"steal":0,"guest":0,"guestNice":0,"stolen":0},{"cpu":"cpu1","user":2396.1171875,"system":979.453125,"idle":17983.703125,"nice":0,"iowait":0,"irq":0,"softirq":0,"steal":0,"guest":0,"guestNice":0,"stolen":0},{"cpu":"cpu2","user":3843.25,"system":1964.0078125,"idle":15552.015625,"nice":0,"iowait":0,"irq":0,"softirq":0,"steal":0,"guest":0,"guestNice":0,"stolen":0},{"cpu":"cpu3","user":2431.015625,"system":992.484375,"idle":17935.7734375,"nice":0,"iowait":0,"irq":0,"softirq":0,"steal":0,"guest":0,"guestNice":0,"stolen":0}],"time":"2018-02-19 12:21:43.120194 +0900 JST m=+2412.354536323","errorInfo":null}
[Info]2018/02/19 12:21:43 acsessd /api/status.json
[Info]2018/02/19 12:21:43 {"hostname":"ksc-1x-dhcp-172-29-194-195.kwansei.ac.jp","hostid":"18d901f1-4a03-3ff1-ae34-c26b2732f13c","virtualizationSystem":"","total":8589934592,"available":2152837120,"usedPercent":74.93767738342285,"diskIO":[{"name":"disk0","ioTime":1302908,"weightedIO":0}],"cpu":[{"cpu":"cpu0","user":3958.6640625,"system":2232.296875,"idle":15169.5234375,"nice":0,"iowait":0,"irq":0,"softirq":0,"steal":0,"guest":0,"guestNice":0,"stolen":0},{"cpu":"cpu1","user":2396.140625,"system":979.46875,"idle":17984.0546875,"nice":0,"iowait":0,"irq":0,"softirq":0,"steal":0,"guest":0,"guestNice":0,"stolen":0},{"cpu":"cpu2","user":3843.3125,"system":1964.046875,"idle":15552.3125,"nice":0,"iowait":0,"irq":0,"softirq":0,"steal":0,"guest":0,"guestNice":0,"stolen":0},{"cpu":"cpu3","user":2431.03125,"system":992.4921875,"idle":17936.140625,"nice":0,"iowait":0,"irq":0,"softirq":0,"steal":0,"guest":0,"guestNice":0,"stolen":0}],"time":"2018-02-19 12:21:43.621467 +0900 JST m=+2412.855807975","errorInfo":null}
[Info]2018/02/19 12:21:44 acsessd /api/status.json
[Info]2018/02/19 12:21:44 {"hostname":"ksc-1x-dhcp-172-29-194-195.kwansei.ac.jp","hostid":"18d901f1-4a03-3ff1-ae34-c26b2732f13c","virtualizationSystem":"","total":8589934592,"available":2152493056,"usedPercent":74.94168281555176,"diskIO":[{"name":"disk0","ioTime":1302908,"weightedIO":0}],"cpu":[{"cpu":"cpu0","user":3958.703125,"system":2232.375,"idle":15169.7890625,"nice":0,"iowait":0,"irq":0,"softirq":0,"steal":0,"guest":0,"guestNice":0,"stolen":0},{"cpu":"cpu1","user":2396.15625,"system":979.4921875,"idle":17984.4140625,"nice":0,"iowait":0,"irq":0,"softirq":0,"steal":0,"guest":0,"guestNice":0,"stolen":0},{"cpu":"cpu2","user":3843.40625,"system":1964.078125,"idle":15552.578125,"nice":0,"iowait":0,"irq":0,"softirq":0,"steal":0,"guest":0,"guestNice":0,"stolen":0},{"cpu":"cpu3","user":2431.0546875,"system":992.5,"idle":17936.5,"nice":0,"iowait":0,"irq":0,"softirq":0,"steal":0,"guest":0,"guestNice":0,"stolen":0}],"time":"2018-02-19 12:21:44.124014 +0900 JST m=+2413.358353763","errorInfo":null}
[Info]2018/02/19 12:21:44 acsessd /api/status.json
[Info]2018/02/19 12:21:44 {"hostname":"ksc-1x-dhcp-172-29-194-195.kwansei.ac.jp","hostid":"18d901f1-4a03-3ff1-ae34-c26b2732f13c","virtualizationSystem":"","total":8589934592,"available":2152542208,"usedPercent":74.94111061096191,"diskIO":[{"name":"disk0","ioTime":1302924,"weightedIO":0}],"cpu":[{"cpu":"cpu0","user":3958.796875,"system":2232.4375,"idle":15170.03125,"nice":0,"iowait":0,"irq":0,"softirq":0,"steal":0,"guest":0,"guestNice":0,"stolen":0},{"cpu":"cpu1","user":2396.171875,"system":979.5078125,"idle":17984.7734375,"nice":0,"iowait":0,"irq":0,"softirq":0,"steal":0,"guest":0,"guestNice":0,"stolen":0},{"cpu":"cpu2","user":3843.46875,"system":1964.140625,"idle":15552.84375,"nice":0,"iowait":0,"irq":0,"softirq":0,"steal":0,"guest":0,"guestNice":0,"stolen":0},{"cpu":"cpu3","user":2431.078125,"system":992.5234375,"idle":17936.8515625,"nice":0,"iowait":0,"irq":0,"softirq":0,"steal":0,"guest":0,"guestNice":0,"stolen":0}],"time":"2018-02-19 12:21:44.626324 +0900 JST m=+2413.860662664","errorInfo":null}
[Info]2018/02/19 12:21:45 acsessd /api/status.json
[Info]2018/02/19 12:21:45 {"hostname":"ksc-1x-dhcp-172-29-194-195.kwansei.ac.jp","hostid":"18d901f1-4a03-3ff1-ae34-c26b2732f13c","virtualizationSystem":"","total":8589934592,"available":2151952384,"usedPercent":74.94797706604004,"diskIO":[{"name":"disk0","ioTime":1302941,"weightedIO":0}],"cpu":[{"cpu":"cpu0","user":3958.90625,"system":2232.515625,"idle":15170.2421875,"nice":0,"iowait":0,"irq":0,"softirq":0,"steal":0,"guest":0,"guestNice":0,"stolen":0},{"cpu":"cpu1","user":2396.2109375,"system":979.53125,"idle":17985.109375,"nice":0,"iowait":0,"irq":0,"softirq":0,"steal":0,"guest":0,"guestNice":0,"stolen":0},{"cpu":"cpu2","user":3843.5390625,"system":1964.3046875,"idle":15553,"nice":0,"iowait":0,"irq":0,"softirq":0,"steal":0,"guest":0,"guestNice":0,"stolen":0},{"cpu":"cpu3","user":2431.1015625,"system":992.5703125,"idle":17937.1796875,"nice":0,"iowait":0,"irq":0,"softirq":0,"steal":0,"guest":0,"guestNice":0,"stolen":0}],"time":"2018-02-19 12:21:45.134674 +0900 JST m=+2414.369012465","errorInfo":null}
[Info]2018/02/19 12:21:45 acsessd /api/status.json
[Info]2018/02/19 12:21:45 {"hostname":"ksc-1x-dhcp-172-29-194-195.kwansei.ac.jp","hostid":"18d901f1-4a03-3ff1-ae34-c26b2732f13c","virtualizationSystem":"","total":8589934592,"available":2112679936,"usedPercent":75.4051685333252,"diskIO":[{"name":"disk0","ioTime":1302961,"weightedIO":0}],"cpu":[{"cpu":"cpu0","user":3958.984375,"system":2232.6015625,"idle":15170.46875,"nice":0,"iowait":0,"irq":0,"softirq":0,"steal":0,"guest":0,"guestNice":0,"stolen":0},{"cpu":"cpu1","user":2396.265625,"system":979.5625,"idle":17985.421875,"nice":0,"iowait":0,"irq":0,"softirq":0,"steal":0,"guest":0,"guestNice":0,"stolen":0},{"cpu":"cpu2","user":3843.6328125,"system":1964.3828125,"idle":15553.2265625,"nice":0,"iowait":0,"irq":0,"softirq":0,"steal":0,"guest":0,"guestNice":0,"stolen":0},{"cpu":"cpu3","user":2431.1484375,"system":992.6015625,"idle":17937.4921875,"nice":0,"iowait":0,"irq":0,"softirq":0,"steal":0,"guest":0,"guestNice":0,"stolen":0}],"time":"2018-02-19 12:21:45.643503 +0900 JST m=+2414.877840650","errorInfo":null}
[Info]2018/02/19 12:21:46 acsessd /api/status.json
[Info]2018/02/19 12:21:46 {"hostname":"ksc-1x-dhcp-172-29-194-195.kwansei.ac.jp","hostid":"18d901f1-4a03-3ff1-ae34-c26b2732f13c","virtualizationSystem":"","total":8589934592,"available":2113798144,"usedPercent":75.39215087890625,"diskIO":[{"name":"disk0","ioTime":1302979,"weightedIO":0}],"cpu":[{"cpu":"cpu0","user":3959.0625,"system":2232.6875,"idle":15170.703125,"nice":0,"iowait":0,"irq":0,"softirq":0,"steal":0,"guest":0,"guestNice":0,"stolen":0},{"cpu":"cpu1","user":2396.3203125,"system":979.59375,"idle":17985.7265625,"nice":0,"iowait":0,"irq":0,"softirq":0,"steal":0,"guest":0,"guestNice":0,"stolen":0},{"cpu":"cpu2","user":3843.7421875,"system":1964.4296875,"idle":15553.46875,"nice":0,"iowait":0,"irq":0,"softirq":0,"steal":0,"guest":0,"guestNice":0,"stolen":0},{"cpu":"cpu3","user":2431.1953125,"system":992.640625,"idle":17937.8046875,"nice":0,"iowait":0,"irq":0,"softirq":0,"steal":0,"guest":0,"guestNice":0,"stolen":0}],"time":"2018-02-19 12:21:46.145862 +0900 JST m=+2415.380198253","errorInfo":null}
[Info]2018/02/19 12:21:46 acsessd /api/status.json
[Info]2018/02/19 12:21:46 {"hostname":"ksc-1x-dhcp-172-29-194-195.kwansei.ac.jp","hostid":"18d901f1-4a03-3ff1-ae34-c26b2732f13c","virtualizationSystem":"","total":8589934592,"available":2103451648,"usedPercent":75.51259994506836,"diskIO":[{"name":"disk0","ioTime":1302979,"weightedIO":0}],"cpu":[{"cpu":"cpu0","user":3959.1953125,"system":2232.7421875,"idle":15170.8984375,"nice":0,"iowait":0,"irq":0,"softirq":0,"steal":0,"guest":0,"guestNice":0,"stolen":0},{"cpu":"cpu1","user":2396.3984375,"system":979.609375,"idle":17986.015625,"nice":0,"iowait":0,"irq":0,"softirq":0,"steal":0,"guest":0,"guestNice":0,"stolen":0},{"cpu":"cpu2","user":3843.890625,"system":1964.5,"idle":15553.6328125,"nice":0,"iowait":0,"irq":0,"softirq":0,"steal":0,"guest":0,"guestNice":0,"stolen":0},{"cpu":"cpu3","user":2431.2578125,"system":992.65625,"idle":17938.109375,"nice":0,"iowait":0,"irq":0,"softirq":0,"steal":0,"guest":0,"guestNice":0,"stolen":0}],"time":"2018-02-19 12:21:46.639985 +0900 JST m=+2415.874320568","errorInfo":null}
[Info]2018/02/19 12:21:47 acsessd /api/status.json
[Info]2018/02/19 12:21:47 {"hostname":"ksc-1x-dhcp-172-29-194-195.kwansei.ac.jp","hostid":"18d901f1-4a03-3ff1-ae34-c26b2732f13c","virtualizationSystem":"","total":8589934592,"available":2087899136,"usedPercent":75.69365501403809,"diskIO":[{"name":"disk0","ioTime":1302979,"weightedIO":0}],"cpu":[{"cpu":"cpu0","user":3959.3359375,"system":2232.7890625,"idle":15171.125,"nice":0,"iowait":0,"irq":0,"softirq":0,"steal":0,"guest":0,"guestNice":0,"stolen":0},{"cpu":"cpu1","user":2396.453125,"system":979.6328125,"idle":17986.3515625,"nice":0,"iowait":0,"irq":0,"softirq":0,"steal":0,"guest":0,"guestNice":0,"stolen":0},{"cpu":"cpu2","user":3844.0234375,"system":1964.5625,"idle":15553.859375,"nice":0,"iowait":0,"irq":0,"softirq":0,"steal":0,"guest":0,"guestNice":0,"stolen":0},{"cpu":"cpu3","user":2431.3125,"system":992.6875,"idle":17938.4296875,"nice":0,"iowait":0,"irq":0,"softirq":0,"steal":0,"guest":0,"guestNice":0,"stolen":0}],"time":"2018-02-19 12:21:47.167764 +0900 JST m=+2416.402097584","errorInfo":null}
[Info]2018/02/19 12:21:47 acsessd /api/status.json
[Info]2018/02/19 12:21:47 {"hostname":"ksc-1x-dhcp-172-29-194-195.kwansei.ac.jp","hostid":"18d901f1-4a03-3ff1-ae34-c26b2732f13c","virtualizationSystem":"","total":8589934592,"available":2055610368,"usedPercent":76.06954574584961,"diskIO":[{"name":"disk0","ioTime":1302979,"weightedIO":0}],"cpu":[{"cpu":"cpu0","user":3959.640625,"system":2232.8515625,"idle":15171.140625,"nice":0,"iowait":0,"irq":0,"softirq":0,"steal":0,"guest":0,"guestNice":0,"stolen":0},{"cpu":"cpu1","user":2396.6015625,"system":979.671875,"idle":17986.546875,"nice":0,"iowait":0,"irq":0,"softirq":0,"steal":0,"guest":0,"guestNice":0,"stolen":0},{"cpu":"cpu2","user":3844.2890625,"system":1964.6484375,"idle":15553.8828125,"nice":0,"iowait":0,"irq":0,"softirq":0,"steal":0,"guest":0,"guestNice":0,"stolen":0},{"cpu":"cpu3","user":2431.4765625,"system":992.734375,"idle":17938.609375,"nice":0,"iowait":0,"irq":0,"softirq":0,"steal":0,"guest":0,"guestNice":0,"stolen":0}],"time":"2018-02-19 12:21:47.659884 +0900 JST m=+2416.894217409","errorInfo":null}
[Info]2018/02/19 12:21:48 acsessd /api/status.json
[Info]2018/02/19 12:21:48 {"hostname":"ksc-1x-dhcp-172-29-194-195.kwansei.ac.jp","hostid":"18d901f1-4a03-3ff1-ae34-c26b2732f13c","virtualizationSystem":"","total":8589934592,"available":2049777664,"usedPercent":76.13744735717773,"diskIO":[{"name":"disk0","ioTime":1302979,"weightedIO":0}],"cpu":[{"cpu":"cpu0","user":3959.84375,"system":2232.9140625,"idle":15171.265625,"nice":0,"iowait":0,"irq":0,"softirq":0,"steal":0,"guest":0,"guestNice":0,"stolen":0},{"cpu":"cpu1","user":2396.6875,"system":979.703125,"idle":17986.8203125,"nice":0,"iowait":0,"irq":0,"softirq":0,"steal":0,"guest":0,"guestNice":0,"stolen":0},{"cpu":"cpu2","user":3844.5,"system":1964.703125,"idle":15554.0078125,"nice":0,"iowait":0,"irq":0,"softirq":0,"steal":0,"guest":0,"guestNice":0,"stolen":0},{"cpu":"cpu3","user":2431.578125,"system":992.7578125,"idle":17938.875,"nice":0,"iowait":0,"irq":0,"softirq":0,"steal":0,"guest":0,"guestNice":0,"stolen":0}],"time":"2018-02-19 12:21:48.162793 +0900 JST m=+2417.397124925","errorInfo":null}
[Info]2018/02/19 12:21:48 acsessd /api/status.json
[Info]2018/02/19 12:21:48 {"hostname":"ksc-1x-dhcp-172-29-194-195.kwansei.ac.jp","hostid":"18d901f1-4a03-3ff1-ae34-c26b2732f13c","virtualizationSystem":"","total":8589934592,"available":2049802240,"usedPercent":76.13716125488281,"diskIO":[{"name":"disk0","ioTime":1302987,"weightedIO":0}],"cpu":[{"cpu":"cpu0","user":3960.03125,"system":2232.9921875,"idle":15171.3828125,"nice":0,"iowait":0,"irq":0,"softirq":0,"steal":0,"guest":0,"guestNice":0,"stolen":0},{"cpu":"cpu1","user":2396.78125,"system":979.734375,"idle":17987.078125,"nice":0,"iowait":0,"irq":0,"softirq":0,"steal":0,"guest":0,"guestNice":0,"stolen":0},{"cpu":"cpu2","user":3844.6953125,"system":1964.7578125,"idle":15554.140625,"nice":0,"iowait":0,"irq":0,"softirq":0,"steal":0,"guest":0,"guestNice":0,"stolen":0},{"cpu":"cpu3","user":2431.671875,"system":992.796875,"idle":17939.1328125,"nice":0,"iowait":0,"irq":0,"softirq":0,"steal":0,"guest":0,"guestNice":0,"stolen":0}],"time":"2018-02-19 12:21:48.65393 +0900 JST m=+2417.888261796","errorInfo":null}
[Info]2018/02/19 12:21:49 acsessd /api/status.json
[Info]2018/02/19 12:21:49 {"hostname":"ksc-1x-dhcp-172-29-194-195.kwansei.ac.jp","hostid":"18d901f1-4a03-3ff1-ae34-c26b2732f13c","virtualizationSystem":"","total":8589934592,"available":2162475008,"usedPercent":74.82547760009766,"diskIO":[{"name":"disk0","ioTime":1302997,"weightedIO":0}],"cpu":[{"cpu":"cpu0","user":3960.2578125,"system":2233.046875,"idle":15171.515625,"nice":0,"iowait":0,"irq":0,"softirq":0,"steal":0,"guest":0,"guestNice":0,"stolen":0},{"cpu":"cpu1","user":2396.8984375,"system":979.765625,"idle":17987.34375,"nice":0,"iowait":0,"irq":0,"softirq":0,"steal":0,"guest":0,"guestNice":0,"stolen":0},{"cpu":"cpu2","user":3844.890625,"system":1964.8359375,"idle":15554.28125,"nice":0,"iowait":0,"irq":0,"softirq":0,"steal":0,"guest":0,"guestNice":0,"stolen":0},{"cpu":"cpu3","user":2431.78125,"system":992.8359375,"idle":17939.3984375,"nice":0,"iowait":0,"irq":0,"softirq":0,"steal":0,"guest":0,"guestNice":0,"stolen":0}],"time":"2018-02-19 12:21:49.186316 +0900 JST m=+2418.420645843","errorInfo":null}
[Info]2018/02/19 12:21:49 acsessd /api/status.json
[Info]2018/02/19 12:21:49 {"hostname":"ksc-1x-dhcp-172-29-194-195.kwansei.ac.jp","hostid":"18d901f1-4a03-3ff1-ae34-c26b2732f13c","virtualizationSystem":"","total":8589934592,"available":2161504256,"usedPercent":74.83677864074707,"diskIO":[{"name":"disk0","ioTime":1303005,"weightedIO":0}],"cpu":[{"cpu":"cpu0","user":3960.4453125,"system":2233.09375,"idle":15171.65625,"nice":0,"iowait":0,"irq":0,"softirq":0,"steal":0,"guest":0,"guestNice":0,"stolen":0},{"cpu":"cpu1","user":2396.984375,"system":979.7890625,"idle":17987.6171875,"nice":0,"iowait":0,"irq":0,"softirq":0,"steal":0,"guest":0,"guestNice":0,"stolen":0},{"cpu":"cpu2","user":3845.1015625,"system":1964.875,"idle":15554.40625,"nice":0,"iowait":0,"irq":0,"softirq":0,"steal":0,"guest":0,"guestNice":0,"stolen":0},{"cpu":"cpu3","user":2431.8515625,"system":992.8515625,"idle":17939.6796875,"nice":0,"iowait":0,"irq":0,"softirq":0,"steal":0,"guest":0,"guestNice":0,"stolen":0}],"time":"2018-02-19 12:21:49.662263 +0900 JST m=+2418.896592071","errorInfo":null}
[Info]2018/02/19 12:21:50 acsessd /api/status.json
[Info]2018/02/19 12:21:50 {"hostname":"ksc-1x-dhcp-172-29-194-195.kwansei.ac.jp","hostid":"18d901f1-4a03-3ff1-ae34-c26b2732f13c","virtualizationSystem":"","total":8589934592,"available":2162192384,"usedPercent":74.82876777648926,"diskIO":[{"name":"disk0","ioTime":1303012,"weightedIO":0}],"cpu":[{"cpu":"cpu0","user":3960.59375,"system":2233.1328125,"idle":15171.859375,"nice":0,"iowait":0,"irq":0,"softirq":0,"steal":0,"guest":0,"guestNice":0,"stolen":0},{"cpu":"cpu1","user":2397.046875,"system":979.8125,"idle":17987.9140625,"nice":0,"iowait":0,"irq":0,"softirq":0,"steal":0,"guest":0,"guestNice":0,"stolen":0},{"cpu":"cpu2","user":3845.3515625,"system":1964.890625,"idle":15554.5390625,"nice":0,"iowait":0,"irq":0,"softirq":0,"steal":0,"guest":0,"guestNice":0,"stolen":0},{"cpu":"cpu3","user":2431.8984375,"system":992.859375,"idle":17940.015625,"nice":0,"iowait":0,"irq":0,"softirq":0,"steal":0,"guest":0,"guestNice":0,"stolen":0}],"time":"2018-02-19 12:21:50.157488 +0900 JST m=+2419.391816155","errorInfo":null}
[Info]2018/02/19 12:21:50 acsessd /api/status.json
[Info]2018/02/19 12:21:50 {"hostname":"ksc-1x-dhcp-172-29-194-195.kwansei.ac.jp","hostid":"18d901f1-4a03-3ff1-ae34-c26b2732f13c","virtualizationSystem":"","total":8589934592,"available":2162802688,"usedPercent":74.82166290283203,"diskIO":[{"name":"disk0","ioTime":1303012,"weightedIO":0}],"cpu":[{"cpu":"cpu0","user":3960.859375,"system":2233.1328125,"idle":15171.984375,"nice":0,"iowait":0,"irq":0,"softirq":0,"steal":0,"guest":0,"guestNice":0,"stolen":0},{"cpu":"cpu1","user":2397.0859375,"system":979.8125,"idle":17988.2578125,"nice":0,"iowait":0,"irq":0,"softirq":0,"steal":0,"guest":0,"guestNice":0,"stolen":0},{"cpu":"cpu2","user":3845.515625,"system":1964.9140625,"idle":15554.7421875,"nice":0,"iowait":0,"irq":0,"softirq":0,"steal":0,"guest":0,"guestNice":0,"stolen":0},{"cpu":"cpu3","user":2431.9453125,"system":992.8671875,"idle":17940.3515625,"nice":0,"iowait":0,"irq":0,"softirq":0,"steal":0,"guest":0,"guestNice":0,"stolen":0}],"time":"2018-02-19 12:21:50.663329 +0900 JST m=+2419.897656136","errorInfo":null}
[Info]2018/02/19 12:21:51 acsessd /api/status.json
[Info]2018/02/19 12:21:51 {"hostname":"ksc-1x-dhcp-172-29-194-195.kwansei.ac.jp","hostid":"18d901f1-4a03-3ff1-ae34-c26b2732f13c","virtualizationSystem":"","total":8589934592,"available":2162511872,"usedPercent":74.82504844665527,"diskIO":[{"name":"disk0","ioTime":1303012,"weightedIO":0}],"cpu":[{"cpu":"cpu0","user":3961.109375,"system":2233.140625,"idle":15172.125,"nice":0,"iowait":0,"irq":0,"softirq":0,"steal":0,"guest":0,"guestNice":0,"stolen":0},{"cpu":"cpu1","user":2397.1171875,"system":979.8203125,"idle":17988.625,"nice":0,"iowait":0,"irq":0,"softirq":0,"steal":0,"guest":0,"guestNice":0,"stolen":0},{"cpu":"cpu2","user":3845.703125,"system":1964.9453125,"idle":15554.90625,"nice":0,"iowait":0,"irq":0,"softirq":0,"steal":0,"guest":0,"guestNice":0,"stolen":0},{"cpu":"cpu3","user":2431.9921875,"system":992.8828125,"idle":17940.6796875,"nice":0,"iowait":0,"irq":0,"softirq":0,"steal":0,"guest":0,"guestNice":0,"stolen":0}],"time":"2018-02-19 12:21:51.165346 +0900 JST m=+2420.399672218","errorInfo":null}
[Info]2018/02/19 12:21:51 acsessd /api/status.json
[Info]2018/02/19 12:21:51 {"hostname":"ksc-1x-dhcp-172-29-194-195.kwansei.ac.jp","hostid":"18d901f1-4a03-3ff1-ae34-c26b2732f13c","virtualizationSystem":"","total":8589934592,"available":2162257920,"usedPercent":74.82800483703613,"diskIO":[{"name":"disk0","ioTime":1303012,"weightedIO":0}],"cpu":[{"cpu":"cpu0","user":3961.3359375,"system":2233.1484375,"idle":15172.28125,"nice":0,"iowait":0,"irq":0,"softirq":0,"steal":0,"guest":0,"guestNice":0,"stolen":0},{"cpu":"cpu1","user":2397.1640625,"system":979.828125,"idle":17988.9609375,"nice":0,"iowait":0,"irq":0,"softirq":0,"steal":0,"guest":0,"guestNice":0,"stolen":0},{"cpu":"cpu2","user":3845.9453125,"system":1964.984375,"idle":15555.03125,"nice":0,"iowait":0,"irq":0,"softirq":0,"steal":0,"guest":0,"guestNice":0,"stolen":0},{"cpu":"cpu3","user":2432.0234375,"system":992.890625,"idle":17941.03125,"nice":0,"iowait":0,"irq":0,"softirq":0,"steal":0,"guest":0,"guestNice":0,"stolen":0}],"time":"2018-02-19 12:21:51.670943 +0900 JST m=+2420.905268069","errorInfo":null}
[Info]2018/02/19 12:21:52 acsessd /api/status.json
[Info]2018/02/19 12:21:52 {"hostname":"ksc-1x-dhcp-172-29-194-195.kwansei.ac.jp","hostid":"18d901f1-4a03-3ff1-ae34-c26b2732f13c","virtualizationSystem":"","total":8589934592,"available":2161483776,"usedPercent":74.83701705932617,"diskIO":[{"name":"disk0","ioTime":1303020,"weightedIO":0}],"cpu":[{"cpu":"cpu0","user":3961.609375,"system":2233.171875,"idle":15172.375,"nice":0,"iowait":0,"irq":0,"softirq":0,"steal":0,"guest":0,"guestNice":0,"stolen":0},{"cpu":"cpu1","user":2397.1953125,"system":979.84375,"idle":17989.3046875,"nice":0,"iowait":0,"irq":0,"softirq":0,"steal":0,"guest":0,"guestNice":0,"stolen":0},{"cpu":"cpu2","user":3846.1171875,"system":1964.984375,"idle":15555.2421875,"nice":0,"iowait":0,"irq":0,"softirq":0,"steal":0,"guest":0,"guestNice":0,"stolen":0},{"cpu":"cpu3","user":2432.0703125,"system":992.8984375,"idle":17941.375,"nice":0,"iowait":0,"irq":0,"softirq":0,"steal":0,"guest":0,"guestNice":0,"stolen":0}],"time":"2018-02-19 12:21:52.171893 +0900 JST m=+2421.406217200","errorInfo":null}
[Info]2018/02/19 12:21:52 acsessd /api/status.json
[Info]2018/02/19 12:21:52 {"hostname":"ksc-1x-dhcp-172-29-194-195.kwansei.ac.jp","hostid":"18d901f1-4a03-3ff1-ae34-c26b2732f13c","virtualizationSystem":"","total":8589934592,"available":2163785728,"usedPercent":74.81021881103516,"diskIO":[{"name":"disk0","ioTime":1303020,"weightedIO":0}],"cpu":[{"cpu":"cpu0","user":3961.890625,"system":2233.203125,"idle":15172.453125,"nice":0,"iowait":0,"irq":0,"softirq":0,"steal":0,"guest":0,"guestNice":0,"stolen":0},{"cpu":"cpu1","user":2397.234375,"system":979.8515625,"idle":17989.6484375,"nice":0,"iowait":0,"irq":0,"softirq":0,"steal":0,"guest":0,"guestNice":0,"stolen":0},{"cpu":"cpu2","user":3846.2578125,"system":1964.9921875,"idle":15555.484375,"nice":0,"iowait":0,"irq":0,"softirq":0,"steal":0,"guest":0,"guestNice":0,"stolen":0},{"cpu":"cpu3","user":2432.109375,"system":992.90625,"idle":17941.71875,"nice":0,"iowait":0,"irq":0,"softirq":0,"steal":0,"guest":0,"guestNice":0,"stolen":0}],"time":"2018-02-19 12:21:52.672626 +0900 JST m=+2421.906949805","errorInfo":null}
[Info]2018/02/19 12:21:53 acsessd /api/status.json
[Info]2018/02/19 12:21:53 {"hostname":"ksc-1x-dhcp-172-29-194-195.kwansei.ac.jp","hostid":"18d901f1-4a03-3ff1-ae34-c26b2732f13c","virtualizationSystem":"","total":8589934592,"available":2163834880,"usedPercent":74.80964660644531,"diskIO":[{"name":"disk0","ioTime":1303028,"weightedIO":0}],"cpu":[{"cpu":"cpu0","user":3962.1328125,"system":2233.2109375,"idle":15172.6015625,"nice":0,"iowait":0,"irq":0,"softirq":0,"steal":0,"guest":0,"guestNice":0,"stolen":0},{"cpu":"cpu1","user":2397.28125,"system":979.859375,"idle":17989.9921875,"nice":0,"iowait":0,"irq":0,"softirq":0,"steal":0,"guest":0,"guestNice":0,"stolen":0},{"cpu":"cpu2","user":3846.4375,"system":1965.015625,"idle":15555.6875,"nice":0,"iowait":0,"irq":0,"softirq":0,"steal":0,"guest":0,"guestNice":0,"stolen":0},{"cpu":"cpu3","user":2432.171875,"system":992.9296875,"idle":17942.0390625,"nice":0,"iowait":0,"irq":0,"softirq":0,"steal":0,"guest":0,"guestNice":0,"stolen":0}],"time":"2018-02-19 12:21:53.180693 +0900 JST m=+2422.415015828","errorInfo":null}
[Info]2018/02/19 12:21:53 acsessd /api/status.json
[Info]2018/02/19 12:21:53 {"hostname":"ksc-1x-dhcp-172-29-194-195.kwansei.ac.jp","hostid":"18d901f1-4a03-3ff1-ae34-c26b2732f13c","virtualizationSystem":"","total":8589934592,"available":2163859456,"usedPercent":74.80936050415039,"diskIO":[{"name":"disk0","ioTime":1303028,"weightedIO":0}],"cpu":[{"cpu":"cpu0","user":3962.328125,"system":2233.2421875,"idle":15172.7734375,"nice":0,"iowait":0,"irq":0,"softirq":0,"steal":0,"guest":0,"guestNice":0,"stolen":0},{"cpu":"cpu1","user":2397.3515625,"system":979.875,"idle":17990.3046875,"nice":0,"iowait":0,"irq":0,"softirq":0,"steal":0,"guest":0,"guestNice":0,"stolen":0},{"cpu":"cpu2","user":3846.6953125,"system":1965.0546875,"idle":15555.78125,"nice":0,"iowait":0,"irq":0,"softirq":0,"steal":0,"guest":0,"guestNice":0,"stolen":0},{"cpu":"cpu3","user":2432.25,"system":992.9453125,"idle":17942.3359375,"nice":0,"iowait":0,"irq":0,"softirq":0,"steal":0,"guest":0,"guestNice":0,"stolen":0}],"time":"2018-02-19 12:21:53.688829 +0900 JST m=+2422.923150695","errorInfo":null}
[Info]2018/02/19 12:21:54 acsessd /api/status.json
[Info]2018/02/19 12:21:54 {"hostname":"ksc-1x-dhcp-172-29-194-195.kwansei.ac.jp","hostid":"18d901f1-4a03-3ff1-ae34-c26b2732f13c","virtualizationSystem":"","total":8589934592,"available":2164043776,"usedPercent":74.80721473693848,"diskIO":[{"name":"disk0","ioTime":1303036,"weightedIO":0}],"cpu":[{"cpu":"cpu0","user":3962.4921875,"system":2233.3125,"idle":15172.9296875,"nice":0,"iowait":0,"irq":0,"softirq":0,"steal":0,"guest":0,"guestNice":0,"stolen":0},{"cpu":"cpu1","user":2397.4140625,"system":979.8984375,"idle":17990.609375,"nice":0,"iowait":0,"irq":0,"softirq":0,"steal":0,"guest":0,"guestNice":0,"stolen":0},{"cpu":"cpu2","user":3846.921875,"system":1965.09375,"idle":15555.8984375,"nice":0,"iowait":0,"irq":0,"softirq":0,"steal":0,"guest":0,"guestNice":0,"stolen":0},{"cpu":"cpu3","user":2432.3046875,"system":992.96875,"idle":17942.6484375,"nice":0,"iowait":0,"irq":0,"softirq":0,"steal":0,"guest":0,"guestNice":0,"stolen":0}],"time":"2018-02-19 12:21:54.18858 +0900 JST m=+2423.422900773","errorInfo":null}
[Info]2018/02/19 12:21:54 acsessd /api/status.json
[Info]2018/02/19 12:21:54 {"hostname":"ksc-1x-dhcp-172-29-194-195.kwansei.ac.jp","hostid":"18d901f1-4a03-3ff1-ae34-c26b2732f13c","virtualizationSystem":"","total":8589934592,"available":2134999040,"usedPercent":75.14533996582031,"diskIO":[{"name":"disk0","ioTime":1303036,"weightedIO":0}],"cpu":[{"cpu":"cpu0","user":3962.8203125,"system":2233.3515625,"idle":15172.9609375,"nice":0,"iowait":0,"irq":0,"softirq":0,"steal":0,"guest":0,"guestNice":0,"stolen":0},{"cpu":"cpu1","user":2397.5625,"system":979.9453125,"idle":17990.8125,"nice":0,"iowait":0,"irq":0,"softirq":0,"steal":0,"guest":0,"guestNice":0,"stolen":0},{"cpu":"cpu2","user":3847.21875,"system":1965.140625,"idle":15555.96875,"nice":0,"iowait":0,"irq":0,"softirq":0,"steal":0,"guest":0,"guestNice":0,"stolen":0},{"cpu":"cpu3","user":2432.4453125,"system":993.015625,"idle":17942.859375,"nice":0,"iowait":0,"irq":0,"softirq":0,"steal":0,"guest":0,"guestNice":0,"stolen":0}],"time":"2018-02-19 12:21:54.698775 +0900 JST m=+2423.933094257","errorInfo":null}
[Info]2018/02/19 12:21:55 acsessd /api/status.json
[Info]2018/02/19 12:21:55 {"hostname":"ksc-1x-dhcp-172-29-194-195.kwansei.ac.jp","hostid":"18d901f1-4a03-3ff1-ae34-c26b2732f13c","virtualizationSystem":"","total":8589934592,"available":2126069760,"usedPercent":75.2492904663086,"diskIO":[{"name":"disk0","ioTime":1303036,"weightedIO":0}],"cpu":[{"cpu":"cpu0","user":3963.03125,"system":2233.3828125,"idle":15173.109375,"nice":0,"iowait":0,"irq":0,"softirq":0,"steal":0,"guest":0,"guestNice":0,"stolen":0},{"cpu":"cpu1","user":2397.625,"system":979.96875,"idle":17991.1171875,"nice":0,"iowait":0,"irq":0,"softirq":0,"steal":0,"guest":0,"guestNice":0,"stolen":0},{"cpu":"cpu2","user":3847.4375,"system":1965.1640625,"idle":15556.109375,"nice":0,"iowait":0,"irq":0,"softirq":0,"steal":0,"guest":0,"guestNice":0,"stolen":0},{"cpu":"cpu3","user":2432.5234375,"system":993.03125,"idle":17943.15625,"nice":0,"iowait":0,"irq":0,"softirq":0,"steal":0,"guest":0,"guestNice":0,"stolen":0}],"time":"2018-02-19 12:21:55.202466 +0900 JST m=+2424.436784214","errorInfo":null}
[Info]2018/02/19 12:21:55 acsessd /api/status.json
[Info]2018/02/19 12:21:55 {"hostname":"ksc-1x-dhcp-172-29-194-195.kwansei.ac.jp","hostid":"18d901f1-4a03-3ff1-ae34-c26b2732f13c","virtualizationSystem":"","total":8589934592,"available":2162937856,"usedPercent":74.82008934020996,"diskIO":[{"name":"disk0","ioTime":1303055,"weightedIO":0}],"cpu":[{"cpu":"cpu0","user":3963.359375,"system":2233.421875,"idle":15173.140625,"nice":0,"iowait":0,"irq":0,"softirq":0,"steal":0,"guest":0,"guestNice":0,"stolen":0},{"cpu":"cpu1","user":2397.7421875,"system":979.984375,"idle":17991.3828125,"nice":0,"iowait":0,"irq":0,"softirq":0,"steal":0,"guest":0,"guestNice":0,"stolen":0},{"cpu":"cpu2","user":3847.75,"system":1965.203125,"idle":15556.1640625,"nice":0,"iowait":0,"irq":0,"softirq":0,"steal":0,"guest":0,"guestNice":0,"stolen":0},{"cpu":"cpu3","user":2432.640625,"system":993.0546875,"idle":17943.4140625,"nice":0,"iowait":0,"irq":0,"softirq":0,"steal":0,"guest":0,"guestNice":0,"stolen":0}],"time":"2018-02-19 12:21:55.707734 +0900 JST m=+2424.942051795","errorInfo":null}
[Info]2018/02/19 12:21:56 acsessd /api/status.json
[Info]2018/02/19 12:21:56 {"hostname":"ksc-1x-dhcp-172-29-194-195.kwansei.ac.jp","hostid":"18d901f1-4a03-3ff1-ae34-c26b2732f13c","virtualizationSystem":"","total":8589934592,"available":2159329280,"usedPercent":74.86209869384766,"diskIO":[{"name":"disk0","ioTime":1303055,"weightedIO":0}],"cpu":[{"cpu":"cpu0","user":3963.578125,"system":2233.4453125,"idle":15173.28125,"nice":0,"iowait":0,"irq":0,"softirq":0,"steal":0,"guest":0,"guestNice":0,"stolen":0},{"cpu":"cpu1","user":2397.8046875,"system":980.0078125,"idle":17991.6796875,"nice":0,"iowait":0,"irq":0,"softirq":0,"steal":0,"guest":0,"guestNice":0,"stolen":0},{"cpu":"cpu2","user":3847.96875,"system":1965.2265625,"idle":15556.296875,"nice":0,"iowait":0,"irq":0,"softirq":0,"steal":0,"guest":0,"guestNice":0,"stolen":0},{"cpu":"cpu3","user":2432.6953125,"system":993.0625,"idle":17943.7265625,"nice":0,"iowait":0,"irq":0,"softirq":0,"steal":0,"guest":0,"guestNice":0,"stolen":0}],"time":"2018-02-19 12:21:56.199762 +0900 JST m=+2425.434078417","errorInfo":null}
[Info]2018/02/19 12:21:56 acsessd /api/status.json
[Info]2018/02/19 12:21:56 {"hostname":"ksc-1x-dhcp-172-29-194-195.kwansei.ac.jp","hostid":"18d901f1-4a03-3ff1-ae34-c26b2732f13c","virtualizationSystem":"","total":8589934592,"available":2159009792,"usedPercent":74.86581802368164,"diskIO":[{"name":"disk0","ioTime":1303055,"weightedIO":0}],"cpu":[{"cpu":"cpu0","user":3963.7578125,"system":2233.4765625,"idle":15173.4609375,"nice":0,"iowait":0,"irq":0,"softirq":0,"steal":0,"guest":0,"guestNice":0,"stolen":0},{"cpu":"cpu1","user":2397.875,"system":980.0234375,"idle":17991.984375,"nice":0,"iowait":0,"irq":0,"softirq":0,"steal":0,"guest":0,"guestNice":0,"stolen":0},{"cpu":"cpu2","user":3848.15625,"system":1965.2578125,"idle":15556.46875,"nice":0,"iowait":0,"irq":0,"softirq":0,"steal":0,"guest":0,"guestNice":0,"stolen":0},{"cpu":"cpu3","user":2432.765625,"system":993.0859375,"idle":17944.0234375,"nice":0,"iowait":0,"irq":0,"softirq":0,"steal":0,"guest":0,"guestNice":0,"stolen":0}],"time":"2018-02-19 12:21:56.697988 +0900 JST m=+2425.932303997","errorInfo":null}
[Info]2018/02/19 12:21:57 acsessd /api/status.json
[Info]2018/02/19 12:21:57 {"hostname":"ksc-1x-dhcp-172-29-194-195.kwansei.ac.jp","hostid":"18d901f1-4a03-3ff1-ae34-c26b2732f13c","virtualizationSystem":"","total":8589934592,"available":2158845952,"usedPercent":74.86772537231445,"diskIO":[{"name":"disk0","ioTime":1303055,"weightedIO":0}],"cpu":[{"cpu":"cpu0","user":3963.953125,"system":2233.484375,"idle":15173.6484375,"nice":0,"iowait":0,"irq":0,"softirq":0,"steal":0,"guest":0,"guestNice":0,"stolen":0},{"cpu":"cpu1","user":2397.9296875,"system":980.03125,"idle":17992.3125,"nice":0,"iowait":0,"irq":0,"softirq":0,"steal":0,"guest":0,"guestNice":0,"stolen":0},{"cpu":"cpu2","user":3848.375,"system":1965.2734375,"idle":15556.625,"nice":0,"iowait":0,"irq":0,"softirq":0,"steal":0,"guest":0,"guestNice":0,"stolen":0},{"cpu":"cpu3","user":2432.8125,"system":993.09375,"idle":17944.359375,"nice":0,"iowait":0,"irq":0,"softirq":0,"steal":0,"guest":0,"guestNice":0,"stolen":0}],"time":"2018-02-19 12:21:57.200775 +0900 JST m=+2426.435090334","errorInfo":null}
[Info]2018/02/19 12:21:57 acsessd /api/status.json
[Info]2018/02/19 12:21:57 {"hostname":"ksc-1x-dhcp-172-29-194-195.kwansei.ac.jp","hostid":"18d901f1-4a03-3ff1-ae34-c26b2732f13c","virtualizationSystem":"","total":8589934592,"available":2159013888,"usedPercent":74.86577033996582,"diskIO":[{"name":"disk0","ioTime":1303055,"weightedIO":0}],"cpu":[{"cpu":"cpu0","user":3964.0859375,"system":2233.5078125,"idle":15173.8828125,"nice":0,"iowait":0,"irq":0,"softirq":0,"steal":0,"guest":0,"guestNice":0,"stolen":0},{"cpu":"cpu1","user":2397.96875,"system":980.0546875,"idle":17992.6484375,"nice":0,"iowait":0,"irq":0,"softirq":0,"steal":0,"guest":0,"guestNice":0,"stolen":0},{"cpu":"cpu2","user":3848.6796875,"system":1965.28125,"idle":15556.7109375,"nice":0,"iowait":0,"irq":0,"softirq":0,"steal":0,"guest":0,"guestNice":0,"stolen":0},{"cpu":"cpu3","user":2432.8671875,"system":993.1171875,"idle":17944.6796875,"nice":0,"iowait":0,"irq":0,"softirq":0,"steal":0,"guest":0,"guestNice":0,"stolen":0}],"time":"2018-02-19 12:21:57.70171 +0900 JST m=+2426.936023609","errorInfo":null}
[Info]2018/02/19 12:21:58 acsessd /api/status.json
[Info]2018/02/19 12:21:58 {"hostname":"ksc-1x-dhcp-172-29-194-195.kwansei.ac.jp","hostid":"18d901f1-4a03-3ff1-ae34-c26b2732f13c","virtualizationSystem":"","total":8589934592,"available":2158268416,"usedPercent":74.87444877624512,"diskIO":[{"name":"disk0","ioTime":1303063,"weightedIO":0}],"cpu":[{"cpu":"cpu0","user":3964.25,"system":2233.515625,"idle":15174.109375,"nice":0,"iowait":0,"irq":0,"softirq":0,"steal":0,"guest":0,"guestNice":0,"stolen":0},{"cpu":"cpu1","user":2398.0234375,"system":980.0546875,"idle":17992.9765625,"nice":0,"iowait":0,"irq":0,"softirq":0,"steal":0,"guest":0,"guestNice":0,"stolen":0},{"cpu":"cpu2","user":3848.9296875,"system":1965.328125,"idle":15556.8046875,"nice":0,"iowait":0,"irq":0,"softirq":0,"steal":0,"guest":0,"guestNice":0,"stolen":0},{"cpu":"cpu3","user":2432.9140625,"system":993.1328125,"idle":17945.0078125,"nice":0,"iowait":0,"irq":0,"softirq":0,"steal":0,"guest":0,"guestNice":0,"stolen":0}],"time":"2018-02-19 12:21:58.206375 +0900 JST m=+2427.440687986","errorInfo":null}
[Info]2018/02/19 12:21:58 acsessd /api/status.json
[Info]2018/02/19 12:21:58 {"hostname":"ksc-1x-dhcp-172-29-194-195.kwansei.ac.jp","hostid":"18d901f1-4a03-3ff1-ae34-c26b2732f13c","virtualizationSystem":"","total":8589934592,"available":2157928448,"usedPercent":74.8784065246582,"diskIO":[{"name":"disk0","ioTime":1303063,"weightedIO":0}],"cpu":[{"cpu":"cpu0","user":3964.46875,"system":2233.546875,"idle":15174.25,"nice":0,"iowait":0,"irq":0,"softirq":0,"steal":0,"guest":0,"guestNice":0,"stolen":0},{"cpu":"cpu1","user":2398.0859375,"system":980.1015625,"idle":17993.2734375,"nice":0,"iowait":0,"irq":0,"softirq":0,"steal":0,"guest":0,"guestNice":0,"stolen":0},{"cpu":"cpu2","user":3849.1875,"system":1965.34375,"idle":15556.9296875,"nice":0,"iowait":0,"irq":0,"softirq":0,"steal":0,"guest":0,"guestNice":0,"stolen":0},{"cpu":"cpu3","user":2432.96875,"system":993.15625,"idle":17945.3359375,"nice":0,"iowait":0,"irq":0,"softirq":0,"steal":0,"guest":0,"guestNice":0,"stolen":0}],"time":"2018-02-19 12:21:58.716605 +0900 JST m=+2427.950917086","errorInfo":null}
[Info]2018/02/19 12:21:59 acsessd /api/status.json
[Info]2018/02/19 12:21:59 {"hostname":"ksc-1x-dhcp-172-29-194-195.kwansei.ac.jp","hostid":"18d901f1-4a03-3ff1-ae34-c26b2732f13c","virtualizationSystem":"","total":8589934592,"available":2158526464,"usedPercent":74.87144470214844,"diskIO":[{"name":"disk0","ioTime":1303063,"weightedIO":0}],"cpu":[{"cpu":"cpu0","user":3964.734375,"system":2233.578125,"idle":15174.34375,"nice":0,"iowait":0,"irq":0,"softirq":0,"steal":0,"guest":0,"guestNice":0,"stolen":0},{"cpu":"cpu1","user":2398.140625,"system":980.1484375,"idle":17993.5625,"nice":0,"iowait":0,"irq":0,"softirq":0,"steal":0,"guest":0,"guestNice":0,"stolen":0},{"cpu":"cpu2","user":3849.390625,"system":1965.375,"idle":15557.078125,"nice":0,"iowait":0,"irq":0,"softirq":0,"steal":0,"guest":0,"guestNice":0,"stolen":0},{"cpu":"cpu3","user":2433.0234375,"system":993.203125,"idle":17945.6171875,"nice":0,"iowait":0,"irq":0,"softirq":0,"steal":0,"guest":0,"guestNice":0,"stolen":0}],"time":"2018-02-19 12:21:59.21532 +0900 JST m=+2428.449631516","errorInfo":null}
[Info]2018/02/19 12:21:59 acsessd /api/status.json
[Info]2018/02/19 12:21:59 {"hostname":"ksc-1x-dhcp-172-29-194-195.kwansei.ac.jp","hostid":"18d901f1-4a03-3ff1-ae34-c26b2732f13c","virtualizationSystem":"","total":8589934592,"available":2157555712,"usedPercent":74.88274574279785,"diskIO":[{"name":"disk0","ioTime":1303063,"weightedIO":0}],"cpu":[{"cpu":"cpu0","user":3964.9453125,"system":2233.6171875,"idle":15174.4921875,"nice":0,"iowait":0,"irq":0,"softirq":0,"steal":0,"guest":0,"guestNice":0,"stolen":0},{"cpu":"cpu1","user":2398.21875,"system":980.1640625,"idle":17993.859375,"nice":0,"iowait":0,"irq":0,"softirq":0,"steal":0,"guest":0,"guestNice":0,"stolen":0},{"cpu":"cpu2","user":3849.6484375,"system":1965.4140625,"idle":15557.1796875,"nice":0,"iowait":0,"irq":0,"softirq":0,"steal":0,"guest":0,"guestNice":0,"stolen":0},{"cpu":"cpu3","user":2433.0703125,"system":993.21875,"idle":17945.9453125,"nice":0,"iowait":0,"irq":0,"softirq":0,"steal":0,"guest":0,"guestNice":0,"stolen":0}],"time":"2018-02-19 12:21:59.71745 +0900 JST m=+2428.951760389","errorInfo":null}
[Info]2018/02/19 12:22:00 acsessd /api/status.json
[Info]2018/02/19 12:22:00 {"hostname":"ksc-1x-dhcp-172-29-194-195.kwansei.ac.jp","hostid":"18d901f1-4a03-3ff1-ae34-c26b2732f13c","virtualizationSystem":"","total":8589934592,"available":2157481984,"usedPercent":74.88360404968262,"diskIO":[{"name":"disk0","ioTime":1303063,"weightedIO":0}],"cpu":[{"cpu":"cpu0","user":3965.203125,"system":2233.640625,"idle":15174.609375,"nice":0,"iowait":0,"irq":0,"softirq":0,"steal":0,"guest":0,"guestNice":0,"stolen":0},{"cpu":"cpu1","user":2398.28125,"system":980.1875,"idle":17994.171875,"nice":0,"iowait":0,"irq":0,"softirq":0,"steal":0,"guest":0,"guestNice":0,"stolen":0},{"cpu":"cpu2","user":3849.8203125,"system":1965.4296875,"idle":15557.390625,"nice":0,"iowait":0,"irq":0,"softirq":0,"steal":0,"guest":0,"guestNice":0,"stolen":0},{"cpu":"cpu3","user":2433.140625,"system":993.2421875,"idle":17946.2578125,"nice":0,"iowait":0,"irq":0,"softirq":0,"steal":0,"guest":0,"guestNice":0,"stolen":0}],"time":"2018-02-19 12:22:00.22705 +0900 JST m=+2429.461358339","errorInfo":null}
[Info]2018/02/19 12:22:00 acsessd /api/status.json
[Info]2018/02/19 12:22:00 {"hostname":"ksc-1x-dhcp-172-29-194-195.kwansei.ac.jp","hostid":"18d901f1-4a03-3ff1-ae34-c26b2732f13c","virtualizationSystem":"","total":8589934592,"available":2157244416,"usedPercent":74.8863697052002,"diskIO":[{"name":"disk0","ioTime":1303063,"weightedIO":0}],"cpu":[{"cpu":"cpu0","user":3965.3671875,"system":2233.6640625,"idle":15174.8125,"nice":0,"iowait":0,"irq":0,"softirq":0,"steal":0,"guest":0,"guestNice":0,"stolen":0},{"cpu":"cpu1","user":2398.3125,"system":980.1953125,"idle":17994.515625,"nice":0,"iowait":0,"irq":0,"softirq":0,"steal":0,"guest":0,"guestNice":0,"stolen":0},{"cpu":"cpu2","user":3850.1015625,"system":1965.4375,"idle":15557.4921875,"nice":0,"iowait":0,"irq":0,"softirq":0,"steal":0,"guest":0,"guestNice":0,"stolen":0},{"cpu":"cpu3","user":2433.171875,"system":993.2578125,"idle":17946.59375,"nice":0,"iowait":0,"irq":0,"softirq":0,"steal":0,"guest":0,"guestNice":0,"stolen":0}],"time":"2018-02-19 12:22:00.726351 +0900 JST m=+2429.960659474","errorInfo":null}
[Info]2018/02/19 12:22:01 acsessd /api/status.json
[Info]2018/02/19 12:22:01 {"hostname":"ksc-1x-dhcp-172-29-194-195.kwansei.ac.jp","hostid":"18d901f1-4a03-3ff1-ae34-c26b2732f13c","virtualizationSystem":"","total":8589934592,"available":2157498368,"usedPercent":74.88341331481934,"diskIO":[{"name":"disk0","ioTime":1303063,"weightedIO":0}],"cpu":[{"cpu":"cpu0","user":3965.4921875,"system":2233.6796875,"idle":15175.0625,"nice":0,"iowait":0,"irq":0,"softirq":0,"steal":0,"guest":0,"guestNice":0,"stolen":0},{"cpu":"cpu1","user":2398.34375,"system":980.203125,"idle":17994.875,"nice":0,"iowait":0,"irq":0,"softirq":0,"steal":0,"guest":0,"guestNice":0,"stolen":0},{"cpu":"cpu2","user":3850.3984375,"system":1965.453125,"idle":15557.578125,"nice":0,"iowait":0,"irq":0,"softirq":0,"steal":0,"guest":0,"guestNice":0,"stolen":0},{"cpu":"cpu3","user":2433.1875,"system":993.2578125,"idle":17946.96875,"nice":0,"iowait":0,"irq":0,"softirq":0,"steal":0,"guest":0,"guestNice":0,"stolen":0}],"time":"2018-02-19 12:22:01.229032 +0900 JST m=+2430.463339175","errorInfo":null}
[Info]2018/02/19 12:22:01 acsessd /api/status.json
[Info]2018/02/19 12:22:01 {"hostname":"ksc-1x-dhcp-172-29-194-195.kwansei.ac.jp","hostid":"18d901f1-4a03-3ff1-ae34-c26b2732f13c","virtualizationSystem":"","total":8589934592,"available":2157682688,"usedPercent":74.88126754760742,"diskIO":[{"name":"disk0","ioTime":1303071,"weightedIO":0}],"cpu":[{"cpu":"cpu0","user":3965.78125,"system":2233.6953125,"idle":15175.1484375,"nice":0,"iowait":0,"irq":0,"softirq":0,"steal":0,"guest":0,"guestNice":0,"stolen":0},{"cpu":"cpu1","user":2398.359375,"system":980.2109375,"idle":17995.25,"nice":0,"iowait":0,"irq":0,"softirq":0,"steal":0,"guest":0,"guestNice":0,"stolen":0},{"cpu":"cpu2","user":3850.5390625,"system":1965.4609375,"idle":15557.8125,"nice":0,"iowait":0,"irq":0,"softirq":0,"steal":0,"guest":0,"guestNice":0,"stolen":0},{"cpu":"cpu3","user":2433.2109375,"system":993.2734375,"idle":17947.328125,"nice":0,"iowait":0,"irq":0,"softirq":0,"steal":0,"guest":0,"guestNice":0,"stolen":0}],"time":"2018-02-19 12:22:01.73145 +0900 JST m=+2430.965756717","errorInfo":null}
[Info]2018/02/19 12:22:02 acsessd /api/status.json
[Info]2018/02/19 12:22:02 {"hostname":"ksc-1x-dhcp-172-29-194-195.kwansei.ac.jp","hostid":"18d901f1-4a03-3ff1-ae34-c26b2732f13c","virtualizationSystem":"","total":8589934592,"available":2141556736,"usedPercent":75.06899833679199,"diskIO":[{"name":"disk0","ioTime":1303079,"weightedIO":0}],"cpu":[{"cpu":"cpu0","user":3965.9921875,"system":2233.7109375,"idle":15175.3203125,"nice":0,"iowait":0,"irq":0,"softirq":0,"steal":0,"guest":0,"guestNice":0,"stolen":0},{"cpu":"cpu1","user":2398.375,"system":980.2265625,"idle":17995.609375,"nice":0,"iowait":0,"irq":0,"softirq":0,"steal":0,"guest":0,"guestNice":0,"stolen":0},{"cpu":"cpu2","user":3850.796875,"system":1965.4765625,"idle":15557.9453125,"nice":0,"iowait":0,"irq":0,"softirq":0,"steal":0,"guest":0,"guestNice":0,"stolen":0},{"cpu":"cpu3","user":2433.2421875,"system":993.2890625,"idle":17947.6875,"nice":0,"iowait":0,"irq":0,"softirq":0,"steal":0,"guest":0,"guestNice":0,"stolen":0}],"time":"2018-02-19 12:22:02.245606 +0900 JST m=+2431.479911297","errorInfo":null}
[Info]2018/02/19 12:22:02 acsessd /api/status.json
[Info]2018/02/19 12:22:02 {"hostname":"ksc-1x-dhcp-172-29-194-195.kwansei.ac.jp","hostid":"18d901f1-4a03-3ff1-ae34-c26b2732f13c","virtualizationSystem":"","total":8589934592,"available":2158149632,"usedPercent":74.8758316040039,"diskIO":[{"name":"disk0","ioTime":1303098,"weightedIO":0}],"cpu":[{"cpu":"cpu0","user":3966.3125,"system":2233.7421875,"idle":15175.375,"nice":0,"iowait":0,"irq":0,"softirq":0,"steal":0,"guest":0,"guestNice":0,"stolen":0},{"cpu":"cpu1","user":2398.4609375,"system":980.2421875,"idle":17995.90625,"nice":0,"iowait":0,"irq":0,"softirq":0,"steal":0,"guest":0,"guestNice":0,"stolen":0},{"cpu":"cpu2","user":3851.09375,"system":1965.5078125,"idle":15558.0078125,"nice":0,"iowait":0,"irq":0,"softirq":0,"steal":0,"guest":0,"guestNice":0,"stolen":0},{"cpu":"cpu3","user":2433.3203125,"system":993.3125,"idle":17947.9765625,"nice":0,"iowait":0,"irq":0,"softirq":0,"steal":0,"guest":0,"guestNice":0,"stolen":0}],"time":"2018-02-19 12:22:02.754112 +0900 JST m=+2431.988416557","errorInfo":null}
[Info]2018/02/19 12:22:03 acsessd /api/status.json
[Info]2018/02/19 12:22:03 {"hostname":"ksc-1x-dhcp-172-29-194-195.kwansei.ac.jp","hostid":"18d901f1-4a03-3ff1-ae34-c26b2732f13c","virtualizationSystem":"","total":8589934592,"available":2149601280,"usedPercent":74.9753475189209,"diskIO":[{"name":"disk0","ioTime":1303098,"weightedIO":0}],"cpu":[{"cpu":"cpu0","user":3966.5078125,"system":2233.7578125,"idle":15175.5546875,"nice":0,"iowait":0,"irq":0,"softirq":0,"steal":0,"guest":0,"guestNice":0,"stolen":0},{"cpu":"cpu1","user":2398.515625,"system":980.2734375,"idle":17996.2109375,"nice":0,"iowait":0,"irq":0,"softirq":0,"steal":0,"guest":0,"guestNice":0,"stolen":0},{"cpu":"cpu2","user":3851.265625,"system":1965.5390625,"idle":15558.203125,"nice":0,"iowait":0,"irq":0,"softirq":0,"steal":0,"guest":0,"guestNice":0,"stolen":0},{"cpu":"cpu3","user":2433.390625,"system":993.3359375,"idle":17948.28125,"nice":0,"iowait":0,"irq":0,"softirq":0,"steal":0,"guest":0,"guestNice":0,"stolen":0}],"time":"2018-02-19 12:22:03.257465 +0900 JST m=+2432.491767757","errorInfo":null}
[Info]2018/02/19 12:22:03 acsessd /api/status.json
[Info]2018/02/19 12:22:03 {"hostname":"ksc-1x-dhcp-172-29-194-195.kwansei.ac.jp","hostid":"18d901f1-4a03-3ff1-ae34-c26b2732f13c","virtualizationSystem":"","total":8589934592,"available":2141736960,"usedPercent":75.0669002532959,"diskIO":[{"name":"disk0","ioTime":1303115,"weightedIO":0}],"cpu":[{"cpu":"cpu0","user":3966.7578125,"system":2233.8359375,"idle":15175.6015625,"nice":0,"iowait":0,"irq":0,"softirq":0,"steal":0,"guest":0,"guestNice":0,"stolen":0},{"cpu":"cpu1","user":2398.609375,"system":980.3203125,"idle":17996.453125,"nice":0,"iowait":0,"irq":0,"softirq":0,"steal":0,"guest":0,"guestNice":0,"stolen":0},{"cpu":"cpu2","user":3851.5390625,"system":1965.578125,"idle":15558.2734375,"nice":0,"iowait":0,"irq":0,"softirq":0,"steal":0,"guest":0,"guestNice":0,"stolen":0},{"cpu":"cpu3","user":2433.4921875,"system":993.3828125,"idle":17948.5078125,"nice":0,"iowait":0,"irq":0,"softirq":0,"steal":0,"guest":0,"guestNice":0,"stolen":0}],"time":"2018-02-19 12:22:03.743156 +0900 JST m=+2432.977457877","errorInfo":null}
[Info]2018/02/19 12:22:04 acsessd /api/status.json
[Info]2018/02/19 12:22:04 {"hostname":"ksc-1x-dhcp-172-29-194-195.kwansei.ac.jp","hostid":"18d901f1-4a03-3ff1-ae34-c26b2732f13c","virtualizationSystem":"","total":8589934592,"available":2160254976,"usedPercent":74.85132217407227,"diskIO":[{"name":"disk0","ioTime":1303115,"weightedIO":0}],"cpu":[{"cpu":"cpu0","user":3966.9453125,"system":2233.890625,"idle":15175.765625,"nice":0,"iowait":0,"irq":0,"softirq":0,"steal":0,"guest":0,"guestNice":0,"stolen":0},{"cpu":"cpu1","user":2398.703125,"system":980.359375,"idle":17996.7265625,"nice":0,"iowait":0,"irq":0,"softirq":0,"steal":0,"guest":0,"guestNice":0,"stolen":0},{"cpu":"cpu2","user":3851.7109375,"system":1965.6484375,"idle":15558.4296875,"nice":0,"iowait":0,"irq":0,"softirq":0,"steal":0,"guest":0,"guestNice":0,"stolen":0},{"cpu":"cpu3","user":2433.59375,"system":993.4140625,"idle":17948.78125,"nice":0,"iowait":0,"irq":0,"softirq":0,"steal":0,"guest":0,"guestNice":0,"stolen":0}],"time":"2018-02-19 12:22:04.259033 +0900 JST m=+2433.493334528","errorInfo":null}
[Info]2018/02/19 12:22:04 acsessd /api/status.json
[Info]2018/02/19 12:22:04 {"hostname":"ksc-1x-dhcp-172-29-194-195.kwansei.ac.jp","hostid":"18d901f1-4a03-3ff1-ae34-c26b2732f13c","virtualizationSystem":"","total":8589934592,"available":2159714304,"usedPercent":74.85761642456055,"diskIO":[{"name":"disk0","ioTime":1303115,"weightedIO":0}],"cpu":[{"cpu":"cpu0","user":3967.1015625,"system":2233.9296875,"idle":15175.9453125,"nice":0,"iowait":0,"irq":0,"softirq":0,"steal":0,"guest":0,"guestNice":0,"stolen":0},{"cpu":"cpu1","user":2398.765625,"system":980.3828125,"idle":17997.0234375,"nice":0,"iowait":0,"irq":0,"softirq":0,"steal":0,"guest":0,"guestNice":0,"stolen":0},{"cpu":"cpu2","user":3851.9453125,"system":1965.671875,"idle":15558.546875,"nice":0,"iowait":0,"irq":0,"softirq":0,"steal":0,"guest":0,"guestNice":0,"stolen":0},{"cpu":"cpu3","user":2433.65625,"system":993.4296875,"idle":17949.0859375,"nice":0,"iowait":0,"irq":0,"softirq":0,"steal":0,"guest":0,"guestNice":0,"stolen":0}],"time":"2018-02-19 12:22:04.74278 +0900 JST m=+2433.977080156","errorInfo":null}
[Info]2018/02/19 12:22:05 acsessd /api/status.json
[Info]2018/02/19 12:22:05 {"hostname":"ksc-1x-dhcp-172-29-194-195.kwansei.ac.jp","hostid":"18d901f1-4a03-3ff1-ae34-c26b2732f13c","virtualizationSystem":"","total":8589934592,"available":2161487872,"usedPercent":74.83696937561035,"diskIO":[{"name":"disk0","ioTime":1303115,"weightedIO":0}],"cpu":[{"cpu":"cpu0","user":3967.28125,"system":2233.9609375,"idle":15176.125,"nice":0,"iowait":0,"irq":0,"softirq":0,"steal":0,"guest":0,"guestNice":0,"stolen":0},{"cpu":"cpu1","user":2398.78125,"system":980.3984375,"idle":17997.3828125,"nice":0,"iowait":0,"irq":0,"softirq":0,"steal":0,"guest":0,"guestNice":0,"stolen":0},{"cpu":"cpu2","user":3852.203125,"system":1965.6796875,"idle":15558.6796875,"nice":0,"iowait":0,"irq":0,"softirq":0,"steal":0,"guest":0,"guestNice":0,"stolen":0},{"cpu":"cpu3","user":2433.6640625,"system":993.4375,"idle":17949.453125,"nice":0,"iowait":0,"irq":0,"softirq":0,"steal":0,"guest":0,"guestNice":0,"stolen":0}],"time":"2018-02-19 12:22:05.249071 +0900 JST m=+2434.483370641","errorInfo":null}
[Info]2018/02/19 12:22:05 acsessd /api/status.json
[Info]2018/02/19 12:22:05 {"hostname":"ksc-1x-dhcp-172-29-194-195.kwansei.ac.jp","hostid":"18d901f1-4a03-3ff1-ae34-c26b2732f13c","virtualizationSystem":"","total":8589934592,"available":2161111040,"usedPercent":74.84135627746582,"diskIO":[{"name":"disk0","ioTime":1303115,"weightedIO":0}],"cpu":[{"cpu":"cpu0","user":3967.6171875,"system":2233.96875,"idle":15176.1796875,"nice":0,"iowait":0,"irq":0,"softirq":0,"steal":0,"guest":0,"guestNice":0,"stolen":0},{"cpu":"cpu1","user":2398.7890625,"system":980.3984375,"idle":17997.7578125,"nice":0,"iowait":0,"irq":0,"softirq":0,"steal":0,"guest":0,"guestNice":0,"stolen":0},{"cpu":"cpu2","user":3852.3125,"system":1965.7109375,"idle":15558.9375,"nice":0,"iowait":0,"irq":0,"softirq":0,"steal":0,"guest":0,"guestNice":0,"stolen":0},{"cpu":"cpu3","user":2433.6875,"system":993.453125,"idle":17949.8125,"nice":0,"iowait":0,"irq":0,"softirq":0,"steal":0,"guest":0,"guestNice":0,"stolen":0}],"time":"2018-02-19 12:22:05.753098 +0900 JST m=+2434.987396148","errorInfo":null}
[Info]2018/02/19 12:22:06 acsessd /api/status.json
[Info]2018/02/19 12:22:06 {"hostname":"ksc-1x-dhcp-172-29-194-195.kwansei.ac.jp","hostid":"18d901f1-4a03-3ff1-ae34-c26b2732f13c","virtualizationSystem":"","total":8589934592,"available":2160701440,"usedPercent":74.84612464904785,"diskIO":[{"name":"disk0","ioTime":1303115,"weightedIO":0}],"cpu":[{"cpu":"cpu0","user":3967.6953125,"system":2233.9921875,"idle":15176.46875,"nice":0,"iowait":0,"irq":0,"softirq":0,"steal":0,"guest":0,"guestNice":0,"stolen":0},{"cpu":"cpu1","user":2398.8125,"system":980.4140625,"idle":17998.125,"nice":0,"iowait":0,"irq":0,"softirq":0,"steal":0,"guest":0,"guestNice":0,"stolen":0},{"cpu":"cpu2","user":3852.6640625,"system":1965.7109375,"idle":15558.9765625,"nice":0,"iowait":0,"irq":0,"softirq":0,"steal":0,"guest":0,"guestNice":0,"stolen":0},{"cpu":"cpu3","user":2433.703125,"system":993.453125,"idle":17950.1875,"nice":0,"iowait":0,"irq":0,"softirq":0,"steal":0,"guest":0,"guestNice":0,"stolen":0}],"time":"2018-02-19 12:22:06.256028 +0900 JST m=+2435.490325433","errorInfo":null}
[Info]2018/02/19 12:22:06 acsessd /api/status.json
[Info]2018/02/19 12:22:06 {"hostname":"ksc-1x-dhcp-172-29-194-195.kwansei.ac.jp","hostid":"18d901f1-4a03-3ff1-ae34-c26b2732f13c","virtualizationSystem":"","total":8589934592,"available":2160881664,"usedPercent":74.84402656555176,"diskIO":[{"name":"disk0","ioTime":1303115,"weightedIO":0}],"cpu":[{"cpu":"cpu0","user":3967.8125,"system":2234,"idle":15176.7421875,"nice":0,"iowait":0,"irq":0,"softirq":0,"steal":0,"guest":0,"guestNice":0,"stolen":0},{"cpu":"cpu1","user":2398.828125,"system":980.421875,"idle":17998.4921875,"nice":0,"iowait":0,"irq":0,"softirq":0,"steal":0,"guest":0,"guestNice":0,"stolen":0},{"cpu":"cpu2","user":3852.96875,"system":1965.734375,"idle":15559.0390625,"nice":0,"iowait":0,"irq":0,"softirq":0,"steal":0,"guest":0,"guestNice":0,"stolen":0},{"cpu":"cpu3","user":2433.7109375,"system":993.46875,"idle":17950.5546875,"nice":0,"iowait":0,"irq":0,"softirq":0,"steal":0,"guest":0,"guestNice":0,"stolen":0}],"time":"2018-02-19 12:22:06.759081 +0900 JST m=+2435.993377537","errorInfo":null}
[Info]2018/02/19 12:22:07 acsessd /api/status.json
[Info]2018/02/19 12:22:07 {"hostname":"ksc-1x-dhcp-172-29-194-195.kwansei.ac.jp","hostid":"18d901f1-4a03-3ff1-ae34-c26b2732f13c","virtualizationSystem":"","total":8589934592,"available":2161025024,"usedPercent":74.84235763549805,"diskIO":[{"name":"disk0","ioTime":1303115,"weightedIO":0}],"cpu":[{"cpu":"cpu0","user":3967.984375,"system":2234,"idle":15176.9609375,"nice":0,"iowait":0,"irq":0,"softirq":0,"steal":0,"guest":0,"guestNice":0,"stolen":0},{"cpu":"cpu1","user":2398.84375,"system":980.4296875,"idle":17998.859375,"nice":0,"iowait":0,"irq":0,"softirq":0,"steal":0,"guest":0,"guestNice":0,"stolen":0},{"cpu":"cpu2","user":3853.203125,"system":1965.75,"idle":15559.1796875,"nice":0,"iowait":0,"irq":0,"softirq":0,"steal":0,"guest":0,"guestNice":0,"stolen":0},{"cpu":"cpu3","user":2433.7265625,"system":993.5,"idle":17950.90625,"nice":0,"iowait":0,"irq":0,"softirq":0,"steal":0,"guest":0,"guestNice":0,"stolen":0}],"time":"2018-02-19 12:22:07.260438 +0900 JST m=+2436.494733358","errorInfo":null}
[Info]2018/02/19 12:22:07 acsessd /api/status.json
[Info]2018/02/19 12:22:07 {"hostname":"ksc-1x-dhcp-172-29-194-195.kwansei.ac.jp","hostid":"18d901f1-4a03-3ff1-ae34-c26b2732f13c","virtualizationSystem":"","total":8589934592,"available":2161160192,"usedPercent":74.84078407287598,"diskIO":[{"name":"disk0","ioTime":1303115,"weightedIO":0}],"cpu":[{"cpu":"cpu0","user":3968.0546875,"system":2234.03125,"idle":15177.2578125,"nice":0,"iowait":0,"irq":0,"softirq":0,"steal":0,"guest":0,"guestNice":0,"stolen":0},{"cpu":"cpu1","user":2398.8828125,"system":980.4375,"idle":17999.2109375,"nice":0,"iowait":0,"irq":0,"softirq":0,"steal":0,"guest":0,"guestNice":0,"stolen":0},{"cpu":"cpu2","user":3853.5390625,"system":1965.75,"idle":15559.2421875,"nice":0,"iowait":0,"irq":0,"softirq":0,"steal":0,"guest":0,"guestNice":0,"stolen":0},{"cpu":"cpu3","user":2433.75,"system":993.5078125,"idle":17951.265625,"nice":0,"iowait":0,"irq":0,"softirq":0,"steal":0,"guest":0,"guestNice":0,"stolen":0}],"time":"2018-02-19 12:22:07.76621 +0900 JST m=+2437.000503835","errorInfo":null}
[Info]2018/02/19 12:22:08 acsessd /api/status.json
[Info]2018/02/19 12:22:08 {"hostname":"ksc-1x-dhcp-172-29-194-195.kwansei.ac.jp","hostid":"18d901f1-4a03-3ff1-ae34-c26b2732f13c","virtualizationSystem":"","total":8589934592,"available":2161324032,"usedPercent":74.83887672424316,"diskIO":[{"name":"disk0","ioTime":1303115,"weightedIO":0}],"cpu":[{"cpu":"cpu0","user":3968.2734375,"system":2234.0546875,"idle":15177.40625,"nice":0,"iowait":0,"irq":0,"softirq":0,"steal":0,"guest":0,"guestNice":0,"stolen":0},{"cpu":"cpu1","user":2398.921875,"system":980.453125,"idle":17999.5546875,"nice":0,"iowait":0,"irq":0,"softirq":0,"steal":0,"guest":0,"guestNice":0,"stolen":0},{"cpu":"cpu2","user":3853.7265625,"system":1965.7578125,"idle":15559.4375,"nice":0,"iowait":0,"irq":0,"softirq":0,"steal":0,"guest":0,"guestNice":0,"stolen":0},{"cpu":"cpu3","user":2433.765625,"system":993.5078125,"idle":17951.640625,"nice":0,"iowait":0,"irq":0,"softirq":0,"steal":0,"guest":0,"guestNice":0,"stolen":0}],"time":"2018-02-19 12:22:08.272727 +0900 JST m=+2437.507020650","errorInfo":null}
[Info]2018/02/19 12:22:08 acsessd /api/status.json
[Info]2018/02/19 12:22:08 {"hostname":"ksc-1x-dhcp-172-29-194-195.kwansei.ac.jp","hostid":"18d901f1-4a03-3ff1-ae34-c26b2732f13c","virtualizationSystem":"","total":8589934592,"available":2161135616,"usedPercent":74.8410701751709,"diskIO":[{"name":"disk0","ioTime":1303115,"weightedIO":0}],"cpu":[{"cpu":"cpu0","user":3968.375,"system":2234.109375,"idle":15177.640625,"nice":0,"iowait":0,"irq":0,"softirq":0,"steal":0,"guest":0,"guestNice":0,"stolen":0},{"cpu":"cpu1","user":2398.9453125,"system":980.4921875,"idle":17999.8828125,"nice":0,"iowait":0,"irq":0,"softirq":0,"steal":0,"guest":0,"guestNice":0,"stolen":0},{"cpu":"cpu2","user":3854.0703125,"system":1965.7734375,"idle":15559.4765625,"nice":0,"iowait":0,"irq":0,"softirq":0,"steal":0,"guest":0,"guestNice":0,"stolen":0},{"cpu":"cpu3","user":2433.7890625,"system":993.53125,"idle":17952,"nice":0,"iowait":0,"irq":0,"softirq":0,"steal":0,"guest":0,"guestNice":0,"stolen":0}],"time":"2018-02-19 12:22:08.777276 +0900 JST m=+2438.011568606","errorInfo":null}
[Info]2018/02/19 12:22:09 acsessd /api/status.json
[Info]2018/02/19 12:22:09 {"hostname":"ksc-1x-dhcp-172-29-194-195.kwansei.ac.jp","hostid":"18d901f1-4a03-3ff1-ae34-c26b2732f13c","virtualizationSystem":"","total":8589934592,"available":2160291840,"usedPercent":74.85089302062988,"diskIO":[{"name":"disk0","ioTime":1303115,"weightedIO":0}],"cpu":[{"cpu":"cpu0","user":3968.5078125,"system":2234.1640625,"idle":15177.8515625,"nice":0,"iowait":0,"irq":0,"softirq":0,"steal":0,"guest":0,"guestNice":0,"stolen":0},{"cpu":"cpu1","user":2398.9921875,"system":980.5390625,"idle":18000.1796875,"nice":0,"iowait":0,"irq":0,"softirq":0,"steal":0,"guest":0,"guestNice":0,"stolen":0},{"cpu":"cpu2","user":3854.3828125,"system":1965.796875,"idle":15559.5234375,"nice":0,"iowait":0,"irq":0,"softirq":0,"steal":0,"guest":0,"guestNice":0,"stolen":0},{"cpu":"cpu3","user":2433.8125,"system":993.546875,"idle":17952.3515625,"nice":0,"iowait":0,"irq":0,"softirq":0,"steal":0,"guest":0,"guestNice":0,"stolen":0}],"time":"2018-02-19 12:22:09.27628 +0900 JST m=+2438.510571686","errorInfo":null}
[Info]2018/02/19 12:22:09 acsessd /api/status.json
[Info]2018/02/19 12:22:09 {"hostname":"ksc-1x-dhcp-172-29-194-195.kwansei.ac.jp","hostid":"18d901f1-4a03-3ff1-ae34-c26b2732f13c","virtualizationSystem":"","total":8589934592,"available":2160300032,"usedPercent":74.85079765319824,"diskIO":[{"name":"disk0","ioTime":1303115,"weightedIO":0}],"cpu":[{"cpu":"cpu0","user":3968.6796875,"system":2234.1796875,"idle":15178.046875,"nice":0,"iowait":0,"irq":0,"softirq":0,"steal":0,"guest":0,"guestNice":0,"stolen":0},{"cpu":"cpu1","user":2399.03125,"system":980.546875,"idle":18000.515625,"nice":0,"iowait":0,"irq":0,"softirq":0,"steal":0,"guest":0,"guestNice":0,"stolen":0},{"cpu":"cpu2","user":3854.65625,"system":1965.84375,"idle":15559.6015625,"nice":0,"iowait":0,"irq":0,"softirq":0,"steal":0,"guest":0,"guestNice":0,"stolen":0},{"cpu":"cpu3","user":2433.84375,"system":993.5625,"idle":17952.6796875,"nice":0,"iowait":0,"irq":0,"softirq":0,"steal":0,"guest":0,"guestNice":0,"stolen":0}],"time":"2018-02-19 12:22:09.772974 +0900 JST m=+2439.007263927","errorInfo":null}
[Info]2018/02/19 12:22:10 acsessd /api/status.json
[Info]2018/02/19 12:22:10 {"hostname":"ksc-1x-dhcp-172-29-194-195.kwansei.ac.jp","hostid":"18d901f1-4a03-3ff1-ae34-c26b2732f13c","virtualizationSystem":"","total":8589934592,"available":2148569088,"usedPercent":74.98736381530762,"diskIO":[{"name":"disk0","ioTime":1303126,"weightedIO":0}],"cpu":[{"cpu":"cpu0","user":3968.9921875,"system":2234.2265625,"idle":15178.109375,"nice":0,"iowait":0,"irq":0,"softirq":0,"steal":0,"guest":0,"guestNice":0,"stolen":0},{"cpu":"cpu1","user":2399.1171875,"system":980.6015625,"idle":18000.7890625,"nice":0,"iowait":0,"irq":0,"softirq":0,"steal":0,"guest":0,"guestNice":0,"stolen":0},{"cpu":"cpu2","user":3854.921875,"system":1965.875,"idle":15559.71875,"nice":0,"iowait":0,"irq":0,"softirq":0,"steal":0,"guest":0,"guestNice":0,"stolen":0},{"cpu":"cpu3","user":2433.9375,"system":993.6015625,"idle":17952.9765625,"nice":0,"iowait":0,"irq":0,"softirq":0,"steal":0,"guest":0,"guestNice":0,"stolen":0}],"time":"2018-02-19 12:22:10.308993 +0900 JST m=+2439.543282333","errorInfo":null}
[Info]2018/02/19 12:22:10 acsessd /api/status.json
[Info]2018/02/19 12:22:10 {"hostname":"ksc-1x-dhcp-172-29-194-195.kwansei.ac.jp","hostid":"18d901f1-4a03-3ff1-ae34-c26b2732f13c","virtualizationSystem":"","total":8589934592,"available":2136723456,"usedPercent":75.12526512145996,"diskIO":[{"name":"disk0","ioTime":1303126,"weightedIO":0}],"cpu":[{"cpu":"cpu0","user":3969.2109375,"system":2234.265625,"idle":15178.2265625,"nice":0,"iowait":0,"irq":0,"softirq":0,"steal":0,"guest":0,"guestNice":0,"stolen":0},{"cpu":"cpu1","user":2399.1640625,"system":980.6171875,"idle":18001.109375,"nice":0,"iowait":0,"irq":0,"softirq":0,"steal":0,"guest":0,"guestNice":0,"stolen":0},{"cpu":"cpu2","user":3855.15625,"system":1965.90625,"idle":15559.828125,"nice":0,"iowait":0,"irq":0,"softirq":0,"steal":0,"guest":0,"guestNice":0,"stolen":0},{"cpu":"cpu3","user":2433.9765625,"system":993.609375,"idle":17953.296875,"nice":0,"iowait":0,"irq":0,"softirq":0,"steal":0,"guest":0,"guestNice":0,"stolen":0}],"time":"2018-02-19 12:22:10.784194 +0900 JST m=+2440.018483038","errorInfo":null}
[Info]2018/02/19 12:22:11 acsessd /api/status.json
[Info]2018/02/19 12:22:11 {"hostname":"ksc-1x-dhcp-172-29-194-195.kwansei.ac.jp","hostid":"18d901f1-4a03-3ff1-ae34-c26b2732f13c","virtualizationSystem":"","total":8589934592,"available":2127368192,"usedPercent":75.23417472839355,"diskIO":[{"name":"disk0","ioTime":1303126,"weightedIO":0}],"cpu":[{"cpu":"cpu0","user":3969.390625,"system":2234.2890625,"idle":15178.421875,"nice":0,"iowait":0,"irq":0,"softirq":0,"steal":0,"guest":0,"guestNice":0,"stolen":0},{"cpu":"cpu1","user":2399.25,"system":980.640625,"idle":18001.40625,"nice":0,"iowait":0,"irq":0,"softirq":0,"steal":0,"guest":0,"guestNice":0,"stolen":0},{"cpu":"cpu2","user":3855.359375,"system":1965.9296875,"idle":15560.0078125,"nice":0,"iowait":0,"irq":0,"softirq":0,"steal":0,"guest":0,"guestNice":0,"stolen":0},{"cpu":"cpu3","user":2434.0546875,"system":993.640625,"idle":17953.6015625,"nice":0,"iowait":0,"irq":0,"softirq":0,"steal":0,"guest":0,"guestNice":0,"stolen":0}],"time":"2018-02-19 12:22:11.30912 +0900 JST m=+2440.543407356","errorInfo":null}
[Info]2018/02/19 12:22:11 acsessd /api/status.json
[Info]2018/02/19 12:22:11 {"hostname":"ksc-1x-dhcp-172-29-194-195.kwansei.ac.jp","hostid":"18d901f1-4a03-3ff1-ae34-c26b2732f13c","virtualizationSystem":"","total":8589934592,"available":2118938624,"usedPercent":75.33230781555176,"diskIO":[{"name":"disk0","ioTime":1303134,"weightedIO":0}],"cpu":[{"cpu":"cpu0","user":3969.65625,"system":2234.3125,"idle":15178.515625,"nice":0,"iowait":0,"irq":0,"softirq":0,"steal":0,"guest":0,"guestNice":0,"stolen":0},{"cpu":"cpu1","user":2399.3125,"system":980.65625,"idle":18001.6953125,"nice":0,"iowait":0,"irq":0,"softirq":0,"steal":0,"guest":0,"guestNice":0,"stolen":0},{"cpu":"cpu2","user":3855.609375,"system":1965.9609375,"idle":15560.09375,"nice":0,"iowait":0,"irq":0,"softirq":0,"steal":0,"guest":0,"guestNice":0,"stolen":0},{"cpu":"cpu3","user":2434.1171875,"system":993.65625,"idle":17953.890625,"nice":0,"iowait":0,"irq":0,"softirq":0,"steal":0,"guest":0,"guestNice":0,"stolen":0}],"time":"2018-02-19 12:22:11.780347 +0900 JST m=+2441.014634076","errorInfo":null}
[Info]2018/02/19 12:22:12 acsessd /api/status.json
[Info]2018/02/19 12:22:12 {"hostname":"ksc-1x-dhcp-172-29-194-195.kwansei.ac.jp","hostid":"18d901f1-4a03-3ff1-ae34-c26b2732f13c","virtualizationSystem":"","total":8589934592,"available":2110758912,"usedPercent":75.42753219604492,"diskIO":[{"name":"disk0","ioTime":1303134,"weightedIO":0}],"cpu":[{"cpu":"cpu0","user":3969.8359375,"system":2234.3359375,"idle":15178.6953125,"nice":0,"iowait":0,"irq":0,"softirq":0,"steal":0,"guest":0,"guestNice":0,"stolen":0},{"cpu":"cpu1","user":2399.390625,"system":980.6640625,"idle":18002,"nice":0,"iowait":0,"irq":0,"softirq":0,"steal":0,"guest":0,"guestNice":0,"stolen":0},{"cpu":"cpu2","user":3855.796875,"system":1965.9921875,"idle":15560.2734375,"nice":0,"iowait":0,"irq":0,"softirq":0,"steal":0,"guest":0,"guestNice":0,"stolen":0},{"cpu":"cpu3","user":2434.1875,"system":993.6640625,"idle":17954.203125,"nice":0,"iowait":0,"irq":0,"softirq":0,"steal":0,"guest":0,"guestNice":0,"stolen":0}],"time":"2018-02-19 12:22:12.281813 +0900 JST m=+2441.516098738","errorInfo":null}
[Info]2018/02/19 12:22:12 acsessd /api/status.json
[Info]2018/02/19 12:22:12 {"hostname":"ksc-1x-dhcp-172-29-194-195.kwansei.ac.jp","hostid":"18d901f1-4a03-3ff1-ae34-c26b2732f13c","virtualizationSystem":"","total":8589934592,"available":2109202432,"usedPercent":75.44565200805664,"diskIO":[{"name":"disk0","ioTime":1303143,"weightedIO":0}],"cpu":[{"cpu":"cpu0","user":3969.9609375,"system":2234.3671875,"idle":15178.9296875,"nice":0,"iowait":0,"irq":0,"softirq":0,"steal":0,"guest":0,"guestNice":0,"stolen":0},{"cpu":"cpu1","user":2399.421875,"system":980.6796875,"idle":18002.3515625,"nice":0,"iowait":0,"irq":0,"softirq":0,"steal":0,"guest":0,"guestNice":0,"stolen":0},{"cpu":"cpu2","user":3856.0703125,"system":1966,"idle":15560.375,"nice":0,"iowait":0,"irq":0,"softirq":0,"steal":0,"guest":0,"guestNice":0,"stolen":0},{"cpu":"cpu3","user":2434.203125,"system":993.6796875,"idle":17954.5703125,"nice":0,"iowait":0,"irq":0,"softirq":0,"steal":0,"guest":0,"guestNice":0,"stolen":0}],"time":"2018-02-19 12:22:12.78765 +0900 JST m=+2442.021934930","errorInfo":null}
[Info]2018/02/19 12:22:13 acsessd /api/status.json
[Info]2018/02/19 12:22:13 {"hostname":"ksc-1x-dhcp-172-29-194-195.kwansei.ac.jp","hostid":"18d901f1-4a03-3ff1-ae34-c26b2732f13c","virtualizationSystem":"","total":8589934592,"available":2108346368,"usedPercent":75.45561790466309,"diskIO":[{"name":"disk0","ioTime":1303151,"weightedIO":0}],"cpu":[{"cpu":"cpu0","user":3970.34375,"system":2234.3671875,"idle":15178.9453125,"nice":0,"iowait":0,"irq":0,"softirq":0,"steal":0,"guest":0,"guestNice":0,"stolen":0},{"cpu":"cpu1","user":2399.4296875,"system":980.6875,"idle":18002.7265625,"nice":0,"iowait":0,"irq":0,"softirq":0,"steal":0,"guest":0,"guestNice":0,"stolen":0},{"cpu":"cpu2","user":3856.125,"system":1966.0234375,"idle":15560.703125,"nice":0,"iowait":0,"irq":0,"softirq":0,"steal":0,"guest":0,"guestNice":0,"stolen":0},{"cpu":"cpu3","user":2434.2421875,"system":993.703125,"idle":17954.90625,"nice":0,"iowait":0,"irq":0,"softirq":0,"steal":0,"guest":0,"guestNice":0,"stolen":0}],"time":"2018-02-19 12:22:13.289753 +0900 JST m=+2442.524037067","errorInfo":null}
[Info]2018/02/19 12:22:13 acsessd /api/status.json
[Info]2018/02/19 12:22:13 {"hostname":"ksc-1x-dhcp-172-29-194-195.kwansei.ac.jp","hostid":"18d901f1-4a03-3ff1-ae34-c26b2732f13c","virtualizationSystem":"","total":8589934592,"available":2107830272,"usedPercent":75.46162605285645,"diskIO":[{"name":"disk0","ioTime":1303158,"weightedIO":0}],"cpu":[{"cpu":"cpu0","user":3970.4140625,"system":2234.4453125,"idle":15179.1953125,"nice":0,"iowait":0,"irq":0,"softirq":0,"steal":0,"guest":0,"guestNice":0,"stolen":0},{"cpu":"cpu1","user":2399.4609375,"system":980.71875,"idle":18003.0546875,"nice":0,"iowait":0,"irq":0,"softirq":0,"steal":0,"guest":0,"guestNice":0,"stolen":0},{"cpu":"cpu2","user":3856.4921875,"system":1966.03125,"idle":15560.71875,"nice":0,"iowait":0,"irq":0,"softirq":0,"steal":0,"guest":0,"guestNice":0,"stolen":0},{"cpu":"cpu3","user":2434.2578125,"system":993.7109375,"idle":17955.265625,"nice":0,"iowait":0,"irq":0,"softirq":0,"steal":0,"guest":0,"guestNice":0,"stolen":0}],"time":"2018-02-19 12:22:13.794487 +0900 JST m=+2443.028769940","errorInfo":null}
[Info]2018/02/19 12:22:14 acsessd /api/status.json
[Info]2018/02/19 12:22:14 {"hostname":"ksc-1x-dhcp-172-29-194-195.kwansei.ac.jp","hostid":"18d901f1-4a03-3ff1-ae34-c26b2732f13c","virtualizationSystem":"","total":8589934592,"available":2108096512,"usedPercent":75.45852661132812,"diskIO":[{"name":"disk0","ioTime":1303158,"weightedIO":0}],"cpu":[{"cpu":"cpu0","user":3970.75,"system":2234.4609375,"idle":15179.234375,"nice":0,"iowait":0,"irq":0,"softirq":0,"steal":0,"guest":0,"guestNice":0,"stolen":0},{"cpu":"cpu1","user":2399.484375,"system":980.7265625,"idle":18003.421875,"nice":0,"iowait":0,"irq":0,"softirq":0,"steal":0,"guest":0,"guestNice":0,"stolen":0},{"cpu":"cpu2","user":3856.6015625,"system":1966.1171875,"idle":15560.9140625,"nice":0,"iowait":0,"irq":0,"softirq":0,"steal":0,"guest":0,"guestNice":0,"stolen":0},{"cpu":"cpu3","user":2434.2890625,"system":993.734375,"idle":17955.6015625,"nice":0,"iowait":0,"irq":0,"softirq":0,"steal":0,"guest":0,"guestNice":0,"stolen":0}],"time":"2018-02-19 12:22:14.296234 +0900 JST m=+2443.530516029","errorInfo":null}
[Info]2018/02/19 12:22:14 acsessd /api/status.json
[Info]2018/02/19 12:22:14 {"hostname":"ksc-1x-dhcp-172-29-194-195.kwansei.ac.jp","hostid":"18d901f1-4a03-3ff1-ae34-c26b2732f13c","virtualizationSystem":"","total":8589934592,"available":2108026880,"usedPercent":75.45933723449707,"diskIO":[{"name":"disk0","ioTime":1303158,"weightedIO":0}],"cpu":[{"cpu":"cpu0","user":3971.0859375,"system":2234.4765625,"idle":15179.2734375,"nice":0,"iowait":0,"irq":0,"softirq":0,"steal":0,"guest":0,"guestNice":0,"stolen":0},{"cpu":"cpu1","user":2399.5078125,"system":980.7421875,"idle":18003.7734375,"nice":0,"iowait":0,"irq":0,"softirq":0,"steal":0,"guest":0,"guestNice":0,"stolen":0},{"cpu":"cpu2","user":3856.71875,"system":1966.140625,"idle":15561.15625,"nice":0,"iowait":0,"irq":0,"softirq":0,"steal":0,"guest":0,"guestNice":0,"stolen":0},{"cpu":"cpu3","user":2434.328125,"system":993.7578125,"idle":17955.9296875,"nice":0,"iowait":0,"irq":0,"softirq":0,"steal":0,"guest":0,"guestNice":0,"stolen":0}],"time":"2018-02-19 12:22:14.794885 +0900 JST m=+2444.029165714","errorInfo":null}
[Info]2018/02/19 12:22:15 acsessd /api/status.json
[Info]2018/02/19 12:22:15 {"hostname":"ksc-1x-dhcp-172-29-194-195.kwansei.ac.jp","hostid":"18d901f1-4a03-3ff1-ae34-c26b2732f13c","virtualizationSystem":"","total":8589934592,"available":2107936768,"usedPercent":75.46038627624512,"diskIO":[{"name":"disk0","ioTime":1303158,"weightedIO":0}],"cpu":[{"cpu":"cpu0","user":3971.3359375,"system":2234.484375,"idle":15179.40625,"nice":0,"iowait":0,"irq":0,"softirq":0,"steal":0,"guest":0,"guestNice":0,"stolen":0},{"cpu":"cpu1","user":2399.53125,"system":980.75,"idle":18004.1328125,"nice":0,"iowait":0,"irq":0,"softirq":0,"steal":0,"guest":0,"guestNice":0,"stolen":0},{"cpu":"cpu2","user":3856.8828125,"system":1966.171875,"idle":15561.3671875,"nice":0,"iowait":0,"irq":0,"softirq":0,"steal":0,"guest":0,"guestNice":0,"stolen":0},{"cpu":"cpu3","user":2434.3671875,"system":993.7734375,"idle":17956.265625,"nice":0,"iowait":0,"irq":0,"softirq":0,"steal":0,"guest":0,"guestNice":0,"stolen":0}],"time":"2018-02-19 12:22:15.297973 +0900 JST m=+2444.532253387","errorInfo":null}
[Info]2018/02/19 12:22:15 acsessd /api/status.json
[Info]2018/02/19 12:22:15 {"hostname":"ksc-1x-dhcp-172-29-194-195.kwansei.ac.jp","hostid":"18d901f1-4a03-3ff1-ae34-c26b2732f13c","virtualizationSystem":"","total":8589934592,"available":2107731968,"usedPercent":75.46277046203613,"diskIO":[{"name":"disk0","ioTime":1303158,"weightedIO":0}],"cpu":[{"cpu":"cpu0","user":3971.5625,"system":2234.4921875,"idle":15179.5546875,"nice":0,"iowait":0,"irq":0,"softirq":0,"steal":0,"guest":0,"guestNice":0,"stolen":0},{"cpu":"cpu1","user":2399.546875,"system":980.765625,"idle":18004.4921875,"nice":0,"iowait":0,"irq":0,"softirq":0,"steal":0,"guest":0,"guestNice":0,"stolen":0},{"cpu":"cpu2","user":3857.0546875,"system":1966.1796875,"idle":15561.5703125,"nice":0,"iowait":0,"irq":0,"softirq":0,"steal":0,"guest":0,"guestNice":0,"stolen":0},{"cpu":"cpu3","user":2434.390625,"system":993.796875,"idle":17956.609375,"nice":0,"iowait":0,"irq":0,"softirq":0,"steal":0,"guest":0,"guestNice":0,"stolen":0}],"time":"2018-02-19 12:22:15.799797 +0900 JST m=+2445.034076415","errorInfo":null}
[Info]2018/02/19 12:22:16 acsessd /api/status.json
[Info]2018/02/19 12:22:16 {"hostname":"ksc-1x-dhcp-172-29-194-195.kwansei.ac.jp","hostid":"18d901f1-4a03-3ff1-ae34-c26b2732f13c","virtualizationSystem":"","total":8589934592,"available":2106847232,"usedPercent":75.47307014465332,"diskIO":[{"name":"disk0","ioTime":1303158,"weightedIO":0}],"cpu":[{"cpu":"cpu0","user":3971.875,"system":2234.4921875,"idle":15179.640625,"nice":0,"iowait":0,"irq":0,"softirq":0,"steal":0,"guest":0,"guestNice":0,"stolen":0},{"cpu":"cpu1","user":2399.5546875,"system":980.765625,"idle":18004.875,"nice":0,"iowait":0,"irq":0,"softirq":0,"steal":0,"guest":0,"guestNice":0,"stolen":0},{"cpu":"cpu2","user":3857.1796875,"system":1966.203125,"idle":15561.828125,"nice":0,"iowait":0,"irq":0,"softirq":0,"steal":0,"guest":0,"guestNice":0,"stolen":0},{"cpu":"cpu3","user":2434.4140625,"system":993.8125,"idle":17956.96875,"nice":0,"iowait":0,"irq":0,"softirq":0,"steal":0,"guest":0,"guestNice":0,"stolen":0}],"time":"2018-02-19 12:22:16.306654 +0900 JST m=+2445.540931697","errorInfo":null}
[Info]2018/02/19 12:22:16 acsessd /api/status.json
[Info]2018/02/19 12:22:16 {"hostname":"ksc-1x-dhcp-172-29-194-195.kwansei.ac.jp","hostid":"18d901f1-4a03-3ff1-ae34-c26b2732f13c","virtualizationSystem":"","total":8589934592,"available":2107035648,"usedPercent":75.47087669372559,"diskIO":[{"name":"disk0","ioTime":1303165,"weightedIO":0}],"cpu":[{"cpu":"cpu0","user":3972.2109375,"system":2234.5,"idle":15179.703125,"nice":0,"iowait":0,"irq":0,"softirq":0,"steal":0,"guest":0,"guestNice":0,"stolen":0},{"cpu":"cpu1","user":2399.5703125,"system":980.78125,"idle":18005.2421875,"nice":0,"iowait":0,"irq":0,"softirq":0,"steal":0,"guest":0,"guestNice":0,"stolen":0},{"cpu":"cpu2","user":3857.2578125,"system":1966.2265625,"idle":15562.109375,"nice":0,"iowait":0,"irq":0,"softirq":0,"steal":0,"guest":0,"guestNice":0,"stolen":0},{"cpu":"cpu3","user":2434.4296875,"system":993.828125,"idle":17957.3359375,"nice":0,"iowait":0,"irq":0,"softirq":0,"steal":0,"guest":0,"guestNice":0,"stolen":0}],"time":"2018-02-19 12:22:16.812744 +0900 JST m=+2446.047021562","errorInfo":null}
[Info]2018/02/19 12:22:17 acsessd /api/status.json
[Info]2018/02/19 12:22:17 {"hostname":"ksc-1x-dhcp-172-29-194-195.kwansei.ac.jp","hostid":"18d901f1-4a03-3ff1-ae34-c26b2732f13c","virtualizationSystem":"","total":8589934592,"available":2106626048,"usedPercent":75.47564506530762,"diskIO":[{"name":"disk0","ioTime":1303165,"weightedIO":0}],"cpu":[{"cpu":"cpu0","user":3972.25,"system":2234.5234375,"idle":15180.03125,"nice":0,"iowait":0,"irq":0,"softirq":0,"steal":0,"guest":0,"guestNice":0,"stolen":0},{"cpu":"cpu1","user":2399.609375,"system":980.7890625,"idle":18005.59375,"nice":0,"iowait":0,"irq":0,"softirq":0,"steal":0,"guest":0,"guestNice":0,"stolen":0},{"cpu":"cpu2","user":3857.625,"system":1966.2265625,"idle":15562.140625,"nice":0,"iowait":0,"irq":0,"softirq":0,"steal":0,"guest":0,"guestNice":0,"stolen":0},{"cpu":"cpu3","user":2434.453125,"system":993.8359375,"idle":17957.703125,"nice":0,"iowait":0,"irq":0,"softirq":0,"steal":0,"guest":0,"guestNice":0,"stolen":0}],"time":"2018-02-19 12:22:17.319252 +0900 JST m=+2446.553528448","errorInfo":null}
[Info]2018/02/19 12:22:17 acsessd /api/status.json
[Info]2018/02/19 12:22:17 {"hostname":"ksc-1x-dhcp-172-29-194-195.kwansei.ac.jp","hostid":"18d901f1-4a03-3ff1-ae34-c26b2732f13c","virtualizationSystem":"","total":8589934592,"available":2100981760,"usedPercent":75.54135322570801,"diskIO":[{"name":"disk0","ioTime":1303165,"weightedIO":0}],"cpu":[{"cpu":"cpu0","user":3972.578125,"system":2234.53125,"idle":15180.09375,"nice":0,"iowait":0,"irq":0,"softirq":0,"steal":0,"guest":0,"guestNice":0,"stolen":0},{"cpu":"cpu1","user":2399.6171875,"system":980.796875,"idle":18005.96875,"nice":0,"iowait":0,"irq":0,"softirq":0,"steal":0,"guest":0,"guestNice":0,"stolen":0},{"cpu":"cpu2","user":3857.7421875,"system":1966.2421875,"idle":15562.40625,"nice":0,"iowait":0,"irq":0,"softirq":0,"steal":0,"guest":0,"guestNice":0,"stolen":0},{"cpu":"cpu3","user":2434.46875,"system":993.859375,"idle":17958.046875,"nice":0,"iowait":0,"irq":0,"softirq":0,"steal":0,"guest":0,"guestNice":0,"stolen":0}],"time":"2018-02-19 12:22:17.820635 +0900 JST m=+2447.054910765","errorInfo":null}
[Info]2018/02/19 12:22:18 acsessd /api/status.json
[Info]2018/02/19 12:22:18 {"hostname":"ksc-1x-dhcp-172-29-194-195.kwansei.ac.jp","hostid":"18d901f1-4a03-3ff1-ae34-c26b2732f13c","virtualizationSystem":"","total":8589934592,"available":2103537664,"usedPercent":75.51159858703613,"diskIO":[{"name":"disk0","ioTime":1303165,"weightedIO":0}],"cpu":[{"cpu":"cpu0","user":3972.8203125,"system":2234.546875,"idle":15180.234375,"nice":0,"iowait":0,"irq":0,"softirq":0,"steal":0,"guest":0,"guestNice":0,"stolen":0},{"cpu":"cpu1","user":2399.6796875,"system":980.8203125,"idle":18006.2890625,"nice":0,"iowait":0,"irq":0,"softirq":0,"steal":0,"guest":0,"guestNice":0,"stolen":0},{"cpu":"cpu2","user":3858.0546875,"system":1966.265625,"idle":15562.4765625,"nice":0,"iowait":0,"irq":0,"softirq":0,"steal":0,"guest":0,"guestNice":0,"stolen":0},{"cpu":"cpu3","user":2434.5546875,"system":993.890625,"idle":17958.34375,"nice":0,"iowait":0,"irq":0,"softirq":0,"steal":0,"guest":0,"guestNice":0,"stolen":0}],"time":"2018-02-19 12:22:18.342026 +0900 JST m=+2447.576299672","errorInfo":null}
[Info]2018/02/19 12:22:18 acsessd /api/status.json
[Info]2018/02/19 12:22:18 {"hostname":"ksc-1x-dhcp-172-29-194-195.kwansei.ac.jp","hostid":"18d901f1-4a03-3ff1-ae34-c26b2732f13c","virtualizationSystem":"","total":8589934592,"available":2102149120,"usedPercent":75.52776336669922,"diskIO":[{"name":"disk0","ioTime":1303165,"weightedIO":0}],"cpu":[{"cpu":"cpu0","user":3973,"system":2234.6015625,"idle":15180.3828125,"nice":0,"iowait":0,"irq":0,"softirq":0,"steal":0,"guest":0,"guestNice":0,"stolen":0},{"cpu":"cpu1","user":2399.7578125,"system":980.8515625,"idle":18006.5625,"nice":0,"iowait":0,"irq":0,"softirq":0,"steal":0,"guest":0,"guestNice":0,"stolen":0},{"cpu":"cpu2","user":3858.234375,"system":1966.3203125,"idle":15562.625,"nice":0,"iowait":0,"irq":0,"softirq":0,"steal":0,"guest":0,"guestNice":0,"stolen":0},{"cpu":"cpu3","user":2434.6328125,"system":993.921875,"idle":17958.6171875,"nice":0,"iowait":0,"irq":0,"softirq":0,"steal":0,"guest":0,"guestNice":0,"stolen":0}],"time":"2018-02-19 12:22:18.828644 +0900 JST m=+2448.062917010","errorInfo":null}
[Info]2018/02/19 12:22:19 acsessd /api/status.json
[Info]2018/02/19 12:22:19 {"hostname":"ksc-1x-dhcp-172-29-194-195.kwansei.ac.jp","hostid":"18d901f1-4a03-3ff1-ae34-c26b2732f13c","virtualizationSystem":"","total":8589934592,"available":2090541056,"usedPercent":75.66289901733398,"diskIO":[{"name":"disk0","ioTime":1303165,"weightedIO":0}],"cpu":[{"cpu":"cpu0","user":3973.2109375,"system":2234.6484375,"idle":15180.53125,"nice":0,"iowait":0,"irq":0,"softirq":0,"steal":0,"guest":0,"guestNice":0,"stolen":0},{"cpu":"cpu1","user":2399.8359375,"system":980.8984375,"idle":18006.8359375,"nice":0,"iowait":0,"irq":0,"softirq":0,"steal":0,"guest":0,"guestNice":0,"stolen":0},{"cpu":"cpu2","user":3858.4453125,"system":1966.3671875,"idle":15562.765625,"nice":0,"iowait":0,"irq":0,"softirq":0,"steal":0,"guest":0,"guestNice":0,"stolen":0},{"cpu":"cpu3","user":2434.703125,"system":993.9609375,"idle":17958.90625,"nice":0,"iowait":0,"irq":0,"softirq":0,"steal":0,"guest":0,"guestNice":0,"stolen":0}],"time":"2018-02-19 12:22:19.347188 +0900 JST m=+2448.581459873","errorInfo":null}
[Info]2018/02/19 12:22:19 acsessd /api/status.json
[Info]2018/02/19 12:22:19 {"hostname":"ksc-1x-dhcp-172-29-194-195.kwansei.ac.jp","hostid":"18d901f1-4a03-3ff1-ae34-c26b2732f13c","virtualizationSystem":"","total":8589934592,"available":2106630144,"usedPercent":75.4755973815918,"diskIO":[{"name":"disk0","ioTime":1303165,"weightedIO":0}],"cpu":[{"cpu":"cpu0","user":3973.5078125,"system":2234.703125,"idle":15180.5625,"nice":0,"iowait":0,"irq":0,"softirq":0,"steal":0,"guest":0,"guestNice":0,"stolen":0},{"cpu":"cpu1","user":2399.9609375,"system":980.9375,"idle":18007.0625,"nice":0,"iowait":0,"irq":0,"softirq":0,"steal":0,"guest":0,"guestNice":0,"stolen":0},{"cpu":"cpu2","user":3858.75,"system":1966.3984375,"idle":15562.8046875,"nice":0,"iowait":0,"irq":0,"softirq":0,"steal":0,"guest":0,"guestNice":0,"stolen":0},{"cpu":"cpu3","user":2434.8203125,"system":993.9921875,"idle":17959.140625,"nice":0,"iowait":0,"irq":0,"softirq":0,"steal":0,"guest":0,"guestNice":0,"stolen":0}],"time":"2018-02-19 12:22:19.833433 +0900 JST m=+2449.067704011","errorInfo":null}
[Info]2018/02/19 12:22:20 acsessd /api/status.json
[Info]2018/02/19 12:22:20 {"hostname":"ksc-1x-dhcp-172-29-194-195.kwansei.ac.jp","hostid":"18d901f1-4a03-3ff1-ae34-c26b2732f13c","virtualizationSystem":"","total":8589934592,"available":2098081792,"usedPercent":75.57511329650879,"diskIO":[{"name":"disk0","ioTime":1303165,"weightedIO":0}],"cpu":[{"cpu":"cpu0","user":3973.6953125,"system":2234.7265625,"idle":15180.734375,"nice":0,"iowait":0,"irq":0,"softirq":0,"steal":0,"guest":0,"guestNice":0,"stolen":0},{"cpu":"cpu1","user":2400.015625,"system":980.953125,"idle":18007.375,"nice":0,"iowait":0,"irq":0,"softirq":0,"steal":0,"guest":0,"guestNice":0,"stolen":0},{"cpu":"cpu2","user":3858.9296875,"system":1966.4375,"idle":15562.984375,"nice":0,"iowait":0,"irq":0,"softirq":0,"steal":0,"guest":0,"guestNice":0,"stolen":0},{"cpu":"cpu3","user":2434.8828125,"system":994,"idle":17959.4609375,"nice":0,"iowait":0,"irq":0,"softirq":0,"steal":0,"guest":0,"guestNice":0,"stolen":0}],"time":"2018-02-19 12:22:20.33496 +0900 JST m=+2449.569230292","errorInfo":null}
[Info]2018/02/19 12:22:20 acsessd /api/status.json
[Info]2018/02/19 12:22:20 {"hostname":"ksc-1x-dhcp-172-29-194-195.kwansei.ac.jp","hostid":"18d901f1-4a03-3ff1-ae34-c26b2732f13c","virtualizationSystem":"","total":8589934592,"available":2101788672,"usedPercent":75.5319595336914,"diskIO":[{"name":"disk0","ioTime":1303165,"weightedIO":0}],"cpu":[{"cpu":"cpu0","user":3973.8984375,"system":2234.7578125,"idle":15180.8984375,"nice":0,"iowait":0,"irq":0,"softirq":0,"steal":0,"guest":0,"guestNice":0,"stolen":0},{"cpu":"cpu1","user":2400.0625,"system":980.9765625,"idle":18007.703125,"nice":0,"iowait":0,"irq":0,"softirq":0,"steal":0,"guest":0,"guestNice":0,"stolen":0},{"cpu":"cpu2","user":3859.1171875,"system":1966.4453125,"idle":15563.171875,"nice":0,"iowait":0,"irq":0,"softirq":0,"steal":0,"guest":0,"guestNice":0,"stolen":0},{"cpu":"cpu3","user":2434.921875,"system":994.0078125,"idle":17959.8125,"nice":0,"iowait":0,"irq":0,"softirq":0,"steal":0,"guest":0,"guestNice":0,"stolen":0}],"time":"2018-02-19 12:22:20.836662 +0900 JST m=+2450.070931064","errorInfo":null}
[Info]2018/02/19 12:22:21 acsessd /api/status.json
[Info]2018/02/19 12:22:21 {"hostname":"ksc-1x-dhcp-172-29-194-195.kwansei.ac.jp","hostid":"18d901f1-4a03-3ff1-ae34-c26b2732f13c","virtualizationSystem":"","total":8589934592,"available":2101587968,"usedPercent":75.5342960357666,"diskIO":[{"name":"disk0","ioTime":1303165,"weightedIO":0}],"cpu":[{"cpu":"cpu0","user":3974.1953125,"system":2234.7734375,"idle":15180.9765625,"nice":0,"iowait":0,"irq":0,"softirq":0,"steal":0,"guest":0,"guestNice":0,"stolen":0},{"cpu":"cpu1","user":2400.078125,"system":980.9921875,"idle":18008.0546875,"nice":0,"iowait":0,"irq":0,"softirq":0,"steal":0,"guest":0,"guestNice":0,"stolen":0},{"cpu":"cpu2","user":3859.2578125,"system":1966.453125,"idle":15563.421875,"nice":0,"iowait":0,"irq":0,"softirq":0,"steal":0,"guest":0,"guestNice":0,"stolen":0},{"cpu":"cpu3","user":2434.9375,"system":994.015625,"idle":17960.1796875,"nice":0,"iowait":0,"irq":0,"softirq":0,"steal":0,"guest":0,"guestNice":0,"stolen":0}],"time":"2018-02-19 12:22:21.340649 +0900 JST m=+2450.574917055","errorInfo":null}
[Info]2018/02/19 12:22:21 acsessd /api/status.json
[Info]2018/02/19 12:22:21 {"hostname":"ksc-1x-dhcp-172-29-194-195.kwansei.ac.jp","hostid":"18d901f1-4a03-3ff1-ae34-c26b2732f13c","virtualizationSystem":"","total":8589934592,"available":2101858304,"usedPercent":75.53114891052246,"diskIO":[{"name":"disk0","ioTime":1303165,"weightedIO":0}],"cpu":[{"cpu":"cpu0","user":3974.4140625,"system":2234.796875,"idle":15181.1171875,"nice":0,"iowait":0,"irq":0,"softirq":0,"steal":0,"guest":0,"guestNice":0,"stolen":0},{"cpu":"cpu1","user":2400.09375,"system":981.0078125,"idle":18008.421875,"nice":0,"iowait":0,"irq":0,"softirq":0,"steal":0,"guest":0,"guestNice":0,"stolen":0},{"cpu":"cpu2","user":3859.453125,"system":1966.453125,"idle":15563.6171875,"nice":0,"iowait":0,"irq":0,"softirq":0,"steal":0,"guest":0,"guestNice":0,"stolen":0},{"cpu":"cpu3","user":2434.96875,"system":994.0234375,"idle":17960.5390625,"nice":0,"iowait":0,"irq":0,"softirq":0,"steal":0,"guest":0,"guestNice":0,"stolen":0}],"time":"2018-02-19 12:22:21.843333 +0900 JST m=+2451.077600952","errorInfo":null}
[Info]2018/02/19 12:22:22 acsessd /api/status.json
[Info]2018/02/19 12:22:22 {"hostname":"ksc-1x-dhcp-172-29-194-195.kwansei.ac.jp","hostid":"18d901f1-4a03-3ff1-ae34-c26b2732f13c","virtualizationSystem":"","total":8589934592,"available":2101514240,"usedPercent":75.53515434265137,"diskIO":[{"name":"disk0","ioTime":1303165,"weightedIO":0}],"cpu":[{"cpu":"cpu0","user":3974.703125,"system":2234.828125,"idle":15181.203125,"nice":0,"iowait":0,"irq":0,"softirq":0,"steal":0,"guest":0,"guestNice":0,"stolen":0},{"cpu":"cpu1","user":2400.109375,"system":981.0234375,"idle":18008.7890625,"nice":0,"iowait":0,"irq":0,"softirq":0,"steal":0,"guest":0,"guestNice":0,"stolen":0},{"cpu":"cpu2","user":3859.6015625,"system":1966.4609375,"idle":15563.859375,"nice":0,"iowait":0,"irq":0,"softirq":0,"steal":0,"guest":0,"guestNice":0,"stolen":0},{"cpu":"cpu3","user":2434.9765625,"system":994.03125,"idle":17960.90625,"nice":0,"iowait":0,"irq":0,"softirq":0,"steal":0,"guest":0,"guestNice":0,"stolen":0}],"time":"2018-02-19 12:22:22.348161 +0900 JST m=+2451.582427711","errorInfo":null}
[Info]2018/02/19 12:22:22 acsessd /api/status.json
[Info]2018/02/19 12:22:22 {"hostname":"ksc-1x-dhcp-172-29-194-195.kwansei.ac.jp","hostid":"18d901f1-4a03-3ff1-ae34-c26b2732f13c","virtualizationSystem":"","total":8589934592,"available":2101673984,"usedPercent":75.53329467773438,"diskIO":[{"name":"disk0","ioTime":1303165,"weightedIO":0}],"cpu":[{"cpu":"cpu0","user":3974.8125,"system":2234.8359375,"idle":15181.46875,"nice":0,"iowait":0,"irq":0,"softirq":0,"steal":0,"guest":0,"guestNice":0,"stolen":0},{"cpu":"cpu1","user":2400.125,"system":981.0234375,"idle":18009.1640625,"nice":0,"iowait":0,"irq":0,"softirq":0,"steal":0,"guest":0,"guestNice":0,"stolen":0},{"cpu":"cpu2","user":3859.90625,"system":1966.4765625,"idle":15563.9296875,"nice":0,"iowait":0,"irq":0,"softirq":0,"steal":0,"guest":0,"guestNice":0,"stolen":0},{"cpu":"cpu3","user":2435,"system":994.0390625,"idle":17961.265625,"nice":0,"iowait":0,"irq":0,"softirq":0,"steal":0,"guest":0,"guestNice":0,"stolen":0}],"time":"2018-02-19 12:22:22.848323 +0900 JST m=+2452.082588601","errorInfo":null}
[Info]2018/02/19 12:22:23 acsessd /api/status.json
[Info]2018/02/19 12:22:23 {"hostname":"ksc-1x-dhcp-172-29-194-195.kwansei.ac.jp","hostid":"18d901f1-4a03-3ff1-ae34-c26b2732f13c","virtualizationSystem":"","total":8589934592,"available":2101559296,"usedPercent":75.53462982177734,"diskIO":[{"name":"disk0","ioTime":1303165,"weightedIO":0}],"cpu":[{"cpu":"cpu0","user":3974.9375,"system":2234.875,"idle":15181.71875,"nice":0,"iowait":0,"irq":0,"softirq":0,"steal":0,"guest":0,"guestNice":0,"stolen":0},{"cpu":"cpu1","user":2400.15625,"system":981.0390625,"idle":18009.515625,"nice":0,"iowait":0,"irq":0,"softirq":0,"steal":0,"guest":0,"guestNice":0,"stolen":0},{"cpu":"cpu2","user":3860.2109375,"system":1966.484375,"idle":15564.0234375,"nice":0,"iowait":0,"irq":0,"softirq":0,"steal":0,"guest":0,"guestNice":0,"stolen":0},{"cpu":"cpu3","user":2435.03125,"system":994.0625,"idle":17961.625,"nice":0,"iowait":0,"irq":0,"softirq":0,"steal":0,"guest":0,"guestNice":0,"stolen":0}],"time":"2018-02-19 12:22:23.364594 +0900 JST m=+2452.598858544","errorInfo":null}
[Info]2018/02/19 12:22:23 acsessd /api/status.json
[Info]2018/02/19 12:22:23 {"hostname":"ksc-1x-dhcp-172-29-194-195.kwansei.ac.jp","hostid":"18d901f1-4a03-3ff1-ae34-c26b2732f13c","virtualizationSystem":"","total":8589934592,"available":2096402432,"usedPercent":75.59466361999512,"diskIO":[{"name":"disk0","ioTime":1303175,"weightedIO":0}],"cpu":[{"cpu":"cpu0","user":3975.1484375,"system":2234.9609375,"idle":15181.8125,"nice":0,"iowait":0,"irq":0,"softirq":0,"steal":0,"guest":0,"guestNice":0,"stolen":0},{"cpu":"cpu1","user":2400.203125,"system":981.1015625,"idle":18009.8046875,"nice":0,"iowait":0,"irq":0,"softirq":0,"steal":0,"guest":0,"guestNice":0,"stolen":0},{"cpu":"cpu2","user":3860.4609375,"system":1966.5546875,"idle":15564.1015625,"nice":0,"iowait":0,"irq":0,"softirq":0,"steal":0,"guest":0,"guestNice":0,"stolen":0},{"cpu":"cpu3","user":2435.0859375,"system":994.1171875,"idle":17961.9140625,"nice":0,"iowait":0,"irq":0,"softirq":0,"steal":0,"guest":0,"guestNice":0,"stolen":0}],"time":"2018-02-19 12:22:23.878421 +0900 JST m=+2453.112684088","errorInfo":null}
[Info]2018/02/19 12:22:24 acsessd /api/status.json
[Info]2018/02/19 12:22:24 {"hostname":"ksc-1x-dhcp-172-29-194-195.kwansei.ac.jp","hostid":"18d901f1-4a03-3ff1-ae34-c26b2732f13c","virtualizationSystem":"","total":8589934592,"available":2100486144,"usedPercent":75.54712295532227,"diskIO":[{"name":"disk0","ioTime":1303175,"weightedIO":0}],"cpu":[{"cpu":"cpu0","user":3975.4609375,"system":2235,"idle":15181.84375,"nice":0,"iowait":0,"irq":0,"softirq":0,"steal":0,"guest":0,"guestNice":0,"stolen":0},{"cpu":"cpu1","user":2400.2265625,"system":981.125,"idle":18010.1484375,"nice":0,"iowait":0,"irq":0,"softirq":0,"steal":0,"guest":0,"guestNice":0,"stolen":0},{"cpu":"cpu2","user":3860.578125,"system":1966.6328125,"idle":15564.2890625,"nice":0,"iowait":0,"irq":0,"softirq":0,"steal":0,"guest":0,"guestNice":0,"stolen":0},{"cpu":"cpu3","user":2435.1171875,"system":994.1328125,"idle":17962.2421875,"nice":0,"iowait":0,"irq":0,"softirq":0,"steal":0,"guest":0,"guestNice":0,"stolen":0}],"time":"2018-02-19 12:22:24.363166 +0900 JST m=+2453.597428451","errorInfo":null}
[Info]2018/02/19 12:22:24 acsessd /api/status.json
[Info]2018/02/19 12:22:24 {"hostname":"ksc-1x-dhcp-172-29-194-195.kwansei.ac.jp","hostid":"18d901f1-4a03-3ff1-ae34-c26b2732f13c","virtualizationSystem":"","total":8589934592,"available":2100572160,"usedPercent":75.54612159729004,"diskIO":[{"name":"disk0","ioTime":1303183,"weightedIO":0}],"cpu":[{"cpu":"cpu0","user":3975.65625,"system":2235.0078125,"idle":15182.03125,"nice":0,"iowait":0,"irq":0,"softirq":0,"steal":0,"guest":0,"guestNice":0,"stolen":0},{"cpu":"cpu1","user":2400.2578125,"system":981.140625,"idle":18010.4921875,"nice":0,"iowait":0,"irq":0,"softirq":0,"steal":0,"guest":0,"guestNice":0,"stolen":0},{"cpu":"cpu2","user":3860.8046875,"system":1966.6640625,"idle":15564.421875,"nice":0,"iowait":0,"irq":0,"softirq":0,"steal":0,"guest":0,"guestNice":0,"stolen":0},{"cpu":"cpu3","user":2435.15625,"system":994.1484375,"idle":17962.5859375,"nice":0,"iowait":0,"irq":0,"softirq":0,"steal":0,"guest":0,"guestNice":0,"stolen":0}],"time":"2018-02-19 12:22:24.866674 +0900 JST m=+2454.100935183","errorInfo":null}
[Info]2018/02/19 12:22:25 acsessd /api/status.json
[Info]2018/02/19 12:22:25 {"hostname":"ksc-1x-dhcp-172-29-194-195.kwansei.ac.jp","hostid":"18d901f1-4a03-3ff1-ae34-c26b2732f13c","virtualizationSystem":"","total":8589934592,"available":2100183040,"usedPercent":75.55065155029297,"diskIO":[{"name":"disk0","ioTime":1303183,"weightedIO":0}],"cpu":[{"cpu":"cpu0","user":3975.8203125,"system":2235.03125,"idle":15182.234375,"nice":0,"iowait":0,"irq":0,"softirq":0,"steal":0,"guest":0,"guestNice":0,"stolen":0},{"cpu":"cpu1","user":2400.265625,"system":981.15625,"idle":18010.859375,"nice":0,"iowait":0,"irq":0,"softirq":0,"steal":0,"guest":0,"guestNice":0,"stolen":0},{"cpu":"cpu2","user":3861.0859375,"system":1966.6640625,"idle":15564.53125,"nice":0,"iowait":0,"irq":0,"softirq":0,"steal":0,"guest":0,"guestNice":0,"stolen":0},{"cpu":"cpu3","user":2435.171875,"system":994.1484375,"idle":17962.953125,"nice":0,"iowait":0,"irq":0,"softirq":0,"steal":0,"guest":0,"guestNice":0,"stolen":0}],"time":"2018-02-19 12:22:25.362553 +0900 JST m=+2454.596814175","errorInfo":null}
[Info]2018/02/19 12:22:25 acsessd /api/status.json
[Info]2018/02/19 12:22:25 {"hostname":"ksc-1x-dhcp-172-29-194-195.kwansei.ac.jp","hostid":"18d901f1-4a03-3ff1-ae34-c26b2732f13c","virtualizationSystem":"","total":8589934592,"available":2099507200,"usedPercent":75.55851936340332,"diskIO":[{"name":"disk0","ioTime":1303191,"weightedIO":0}],"cpu":[{"cpu":"cpu0","user":3975.96875,"system":2235.0625,"idle":15182.453125,"nice":0,"iowait":0,"irq":0,"softirq":0,"steal":0,"guest":0,"guestNice":0,"stolen":0},{"cpu":"cpu1","user":2400.3046875,"system":981.1640625,"idle":18011.203125,"nice":0,"iowait":0,"irq":0,"softirq":0,"steal":0,"guest":0,"guestNice":0,"stolen":0},{"cpu":"cpu2","user":3861.359375,"system":1966.671875,"idle":15564.640625,"nice":0,"iowait":0,"irq":0,"softirq":0,"steal":0,"guest":0,"guestNice":0,"stolen":0},{"cpu":"cpu3","user":2435.1875,"system":994.15625,"idle":17963.328125,"nice":0,"iowait":0,"irq":0,"softirq":0,"steal":0,"guest":0,"guestNice":0,"stolen":0}],"time":"2018-02-19 12:22:25.867061 +0900 JST m=+2455.101320913","errorInfo":null}
[Info]2018/02/19 12:22:26 acsessd /api/status.json
[Info]2018/02/19 12:22:26 {"hostname":"ksc-1x-dhcp-172-29-194-195.kwansei.ac.jp","hostid":"18d901f1-4a03-3ff1-ae34-c26b2732f13c","virtualizationSystem":"","total":8589934592,"available":2095644672,"usedPercent":75.60348510742188,"diskIO":[{"name":"disk0","ioTime":1303191,"weightedIO":0}],"cpu":[{"cpu":"cpu0","user":3976.15625,"system":2235.09375,"idle":15182.625,"nice":0,"iowait":0,"irq":0,"softirq":0,"steal":0,"guest":0,"guestNice":0,"stolen":0},{"cpu":"cpu1","user":2400.4140625,"system":981.1796875,"idle":18011.4609375,"nice":0,"iowait":0,"irq":0,"softirq":0,"steal":0,"guest":0,"guestNice":0,"stolen":0},{"cpu":"cpu2","user":3861.5625,"system":1966.6953125,"idle":15564.8125,"nice":0,"iowait":0,"irq":0,"softirq":0,"steal":0,"guest":0,"guestNice":0,"stolen":0},{"cpu":"cpu3","user":2435.296875,"system":994.1796875,"idle":17963.5859375,"nice":0,"iowait":0,"irq":0,"softirq":0,"steal":0,"guest":0,"guestNice":0,"stolen":0}],"time":"2018-02-19 12:22:26.373634 +0900 JST m=+2455.607892878","errorInfo":null}
[Info]2018/02/19 12:22:26 acsessd /api/status.json
[Info]2018/02/19 12:22:26 {"hostname":"ksc-1x-dhcp-172-29-194-195.kwansei.ac.jp","hostid":"18d901f1-4a03-3ff1-ae34-c26b2732f13c","virtualizationSystem":"","total":8589934592,"available":2147561472,"usedPercent":74.99909400939941,"diskIO":[{"name":"disk0","ioTime":1303210,"weightedIO":0}],"cpu":[{"cpu":"cpu0","user":3976.4375,"system":2235.140625,"idle":15182.734375,"nice":0,"iowait":0,"irq":0,"softirq":0,"steal":0,"guest":0,"guestNice":0,"stolen":0},{"cpu":"cpu1","user":2400.5625,"system":981.21875,"idle":18011.71875,"nice":0,"iowait":0,"irq":0,"softirq":0,"steal":0,"guest":0,"guestNice":0,"stolen":0},{"cpu":"cpu2","user":3861.8359375,"system":1966.734375,"idle":15564.921875,"nice":0,"iowait":0,"irq":0,"softirq":0,"steal":0,"guest":0,"guestNice":0,"stolen":0},{"cpu":"cpu3","user":2435.4296875,"system":994.21875,"idle":17963.84375,"nice":0,"iowait":0,"irq":0,"softirq":0,"steal":0,"guest":0,"guestNice":0,"stolen":0}],"time":"2018-02-19 12:22:26.926693 +0900 JST m=+2456.160950384","errorInfo":null}
[Info]2018/02/19 12:22:27 acsessd /api/status.json
[Info]2018/02/19 12:22:27 {"hostname":"ksc-1x-dhcp-172-29-194-195.kwansei.ac.jp","hostid":"18d901f1-4a03-3ff1-ae34-c26b2732f13c","virtualizationSystem":"","total":8589934592,"available":2144641024,"usedPercent":75.0330924987793,"diskIO":[{"name":"disk0","ioTime":1303218,"weightedIO":0}],"cpu":[{"cpu":"cpu0","user":3976.6171875,"system":2235.1953125,"idle":15182.859375,"nice":0,"iowait":0,"irq":0,"softirq":0,"steal":0,"guest":0,"guestNice":0,"stolen":0},{"cpu":"cpu1","user":2400.6328125,"system":981.25,"idle":18011.9765625,"nice":0,"iowait":0,"irq":0,"softirq":0,"steal":0,"guest":0,"guestNice":0,"stolen":0},{"cpu":"cpu2","user":3862.0234375,"system":1966.78125,"idle":15565.0546875,"nice":0,"iowait":0,"irq":0,"softirq":0,"steal":0,"guest":0,"guestNice":0,"stolen":0},{"cpu":"cpu3","user":2435.53125,"system":994.25,"idle":17964.0703125,"nice":0,"iowait":0,"irq":0,"softirq":0,"steal":0,"guest":0,"guestNice":0,"stolen":0}],"time":"2018-02-19 12:22:27.386131 +0900 JST m=+2456.620387652","errorInfo":null}
[Info]2018/02/19 12:22:27 acsessd /api/status.json
[Info]2018/02/19 12:22:27 {"hostname":"ksc-1x-dhcp-172-29-194-195.kwansei.ac.jp","hostid":"18d901f1-4a03-3ff1-ae34-c26b2732f13c","virtualizationSystem":"","total":8589934592,"available":2144972800,"usedPercent":75.02923011779785,"diskIO":[{"name":"disk0","ioTime":1303218,"weightedIO":0}],"cpu":[{"cpu":"cpu0","user":3976.7890625,"system":2235.2578125,"idle":15183.015625,"nice":0,"iowait":0,"irq":0,"softirq":0,"steal":0,"guest":0,"guestNice":0,"stolen":0},{"cpu":"cpu1","user":2400.703125,"system":981.28125,"idle":18012.2578125,"nice":0,"iowait":0,"irq":0,"softirq":0,"steal":0,"guest":0,"guestNice":0,"stolen":0},{"cpu":"cpu2","user":3862.1875,"system":1966.84375,"idle":15565.21875,"nice":0,"iowait":0,"irq":0,"softirq":0,"steal":0,"guest":0,"guestNice":0,"stolen":0},{"cpu":"cpu3","user":2435.6171875,"system":994.28125,"idle":17964.34375,"nice":0,"iowait":0,"irq":0,"softirq":0,"steal":0,"guest":0,"guestNice":0,"stolen":0}],"time":"2018-02-19 12:22:27.884978 +0900 JST m=+2457.119234198","errorInfo":null}
[Info]2018/02/19 12:22:28 acsessd /api/status.json
[Info]2018/02/19 12:22:28 {"hostname":"ksc-1x-dhcp-172-29-194-195.kwansei.ac.jp","hostid":"18d901f1-4a03-3ff1-ae34-c26b2732f13c","virtualizationSystem":"","total":8589934592,"available":2103853056,"usedPercent":75.50792694091797,"diskIO":[{"name":"disk0","ioTime":1303227,"weightedIO":0}],"cpu":[{"cpu":"cpu0","user":3977.078125,"system":2235.3359375,"idle":15183.109375,"nice":0,"iowait":0,"irq":0,"softirq":0,"steal":0,"guest":0,"guestNice":0,"stolen":0},{"cpu":"cpu1","user":2400.8984375,"system":981.3515625,"idle":18012.4609375,"nice":0,"iowait":0,"irq":0,"softirq":0,"steal":0,"guest":0,"guestNice":0,"stolen":0},{"cpu":"cpu2","user":3862.4765625,"system":1966.9140625,"idle":15565.3203125,"nice":0,"iowait":0,"irq":0,"softirq":0,"steal":0,"guest":0,"guestNice":0,"stolen":0},{"cpu":"cpu3","user":2435.828125,"system":994.3515625,"idle":17964.53125,"nice":0,"iowait":0,"irq":0,"softirq":0,"steal":0,"guest":0,"guestNice":0,"stolen":0}],"time":"2018-02-19 12:22:28.477203 +0900 JST m=+2457.711457195","errorInfo":null}
[Info]2018/02/19 12:22:28 acsessd /api/status.json
[Info]2018/02/19 12:22:29 {"hostname":"ksc-1x-dhcp-172-29-194-195.kwansei.ac.jp","hostid":"18d901f1-4a03-3ff1-ae34-c26b2732f13c","virtualizationSystem":"","total":8589934592,"available":2039627776,"usedPercent":76.25560760498047,"diskIO":[{"name":"disk0","ioTime":1303243,"weightedIO":0}],"cpu":[{"cpu":"cpu0","user":3977.3203125,"system":2235.5234375,"idle":15183.125,"nice":0,"iowait":0,"irq":0,"softirq":0,"steal":0,"guest":0,"guestNice":0,"stolen":0},{"cpu":"cpu1","user":2401.109375,"system":981.546875,"idle":18012.5078125,"nice":0,"iowait":0,"irq":0,"softirq":0,"steal":0,"guest":0,"guestNice":0,"stolen":0},{"cpu":"cpu2","user":3862.7265625,"system":1967.109375,"idle":15565.328125,"nice":0,"iowait":0,"irq":0,"softirq":0,"steal":0,"guest":0,"guestNice":0,"stolen":0},{"cpu":"cpu3","user":2436.03125,"system":994.546875,"idle":17964.5859375,"nice":0,"iowait":0,"irq":0,"softirq":0,"steal":0,"guest":0,"guestNice":0,"stolen":0}],"time":"2018-02-19 12:22:29.058689 +0900 JST m=+2458.292942513","errorInfo":null}
[Info]2018/02/19 12:22:29 acsessd /api/status.json
[Info]2018/02/19 12:22:29 {"hostname":"ksc-1x-dhcp-172-29-194-195.kwansei.ac.jp","hostid":"18d901f1-4a03-3ff1-ae34-c26b2732f13c","virtualizationSystem":"","total":8589934592,"available":1978126336,"usedPercent":76.97157859802246,"diskIO":[{"name":"disk0","ioTime":1303348,"weightedIO":0}],"cpu":[{"cpu":"cpu0","user":3977.4609375,"system":2235.671875,"idle":15183.15625,"nice":0,"iowait":0,"irq":0,"softirq":0,"steal":0,"guest":0,"guestNice":0,"stolen":0},{"cpu":"cpu1","user":2401.2578125,"system":981.6640625,"idle":18012.5546875,"nice":0,"iowait":0,"irq":0,"softirq":0,"steal":0,"guest":0,"guestNice":0,"stolen":0},{"cpu":"cpu2","user":3862.8515625,"system":1967.28125,"idle":15565.3515625,"nice":0,"iowait":0,"irq":0,"softirq":0,"steal":0,"guest":0,"guestNice":0,"stolen":0},{"cpu":"cpu3","user":2436.171875,"system":994.6796875,"idle":17964.6328125,"nice":0,"iowait":0,"irq":0,"softirq":0,"steal":0,"guest":0,"guestNice":0,"stolen":0}],"time":"2018-02-19 12:22:29.46209 +0900 JST m=+2458.696342402","errorInfo":null}
[Info]2018/02/19 12:22:29 acsessd /api/status.json
[Info]2018/02/19 12:22:29 {"hostname":"ksc-1x-dhcp-172-29-194-195.kwansei.ac.jp","hostid":"18d901f1-4a03-3ff1-ae34-c26b2732f13c","virtualizationSystem":"","total":8589934592,"available":2004463616,"usedPercent":76.66497230529785,"diskIO":[{"name":"disk0","ioTime":1303348,"weightedIO":0}],"cpu":[{"cpu":"cpu0","user":3977.6484375,"system":2235.7265625,"idle":15183.28125,"nice":0,"iowait":0,"irq":0,"softirq":0,"steal":0,"guest":0,"guestNice":0,"stolen":0},{"cpu":"cpu1","user":2401.359375,"system":981.703125,"idle":18012.78125,"nice":0,"iowait":0,"irq":0,"softirq":0,"steal":0,"guest":0,"guestNice":0,"stolen":0},{"cpu":"cpu2","user":3863.0546875,"system":1967.3359375,"idle":15565.453125,"nice":0,"iowait":0,"irq":0,"softirq":0,"steal":0,"guest":0,"guestNice":0,"stolen":0},{"cpu":"cpu3","user":2436.2734375,"system":994.703125,"idle":17964.8671875,"nice":0,"iowait":0,"irq":0,"softirq":0,"steal":0,"guest":0,"guestNice":0,"stolen":0}],"time":"2018-02-19 12:22:29.929144 +0900 JST m=+2459.163396544","errorInfo":null}
[Info]2018/02/19 12:22:30 acsessd /api/status.json
[Info]2018/02/19 12:22:30 {"hostname":"ksc-1x-dhcp-172-29-194-195.kwansei.ac.jp","hostid":"18d901f1-4a03-3ff1-ae34-c26b2732f13c","virtualizationSystem":"","total":8589934592,"available":1998282752,"usedPercent":76.7369270324707,"diskIO":[{"name":"disk0","ioTime":1303356,"weightedIO":0}],"cpu":[{"cpu":"cpu0","user":3977.96875,"system":2235.7578125,"idle":15183.3359375,"nice":0,"iowait":0,"irq":0,"softirq":0,"steal":0,"guest":0,"guestNice":0,"stolen":0},{"cpu":"cpu1","user":2401.546875,"system":981.75,"idle":18012.9453125,"nice":0,"iowait":0,"irq":0,"softirq":0,"steal":0,"guest":0,"guestNice":0,"stolen":0},{"cpu":"cpu2","user":3863.3828125,"system":1967.390625,"idle":15565.484375,"nice":0,"iowait":0,"irq":0,"softirq":0,"steal":0,"guest":0,"guestNice":0,"stolen":0},{"cpu":"cpu3","user":2436.4921875,"system":994.734375,"idle":17965.0234375,"nice":0,"iowait":0,"irq":0,"softirq":0,"steal":0,"guest":0,"guestNice":0,"stolen":0}],"time":"2018-02-19 12:22:30.449019 +0900 JST m=+2459.683269420","errorInfo":null}
[Info]2018/02/19 12:22:30 acsessd /api/status.json
[Info]2018/02/19 12:22:30 {"hostname":"ksc-1x-dhcp-172-29-194-195.kwansei.ac.jp","hostid":"18d901f1-4a03-3ff1-ae34-c26b2732f13c","virtualizationSystem":"","total":8589934592,"available":1972559872,"usedPercent":77.03638076782227,"diskIO":[{"name":"disk0","ioTime":1303356,"weightedIO":0}],"cpu":[{"cpu":"cpu0","user":3978.2109375,"system":2235.78125,"idle":15183.421875,"nice":0,"iowait":0,"irq":0,"softirq":0,"steal":0,"guest":0,"guestNice":0,"stolen":0},{"cpu":"cpu1","user":2401.6171875,"system":981.765625,"idle":18013.21875,"nice":0,"iowait":0,"irq":0,"softirq":0,"steal":0,"guest":0,"guestNice":0,"stolen":0},{"cpu":"cpu2","user":3863.6640625,"system":1967.40625,"idle":15565.53125,"nice":0,"iowait":0,"irq":0,"softirq":0,"steal":0,"guest":0,"guestNice":0,"stolen":0},{"cpu":"cpu3","user":2436.5234375,"system":994.75,"idle":17965.3203125,"nice":0,"iowait":0,"irq":0,"softirq":0,"steal":0,"guest":0,"guestNice":0,"stolen":0}],"time":"2018-02-19 12:22:30.899271 +0900 JST m=+2460.133521362","errorInfo":null}
[Info]2018/02/19 12:22:31 acsessd /api/status.json
[Info]2018/02/19 12:22:31 {"hostname":"ksc-1x-dhcp-172-29-194-195.kwansei.ac.jp","hostid":"18d901f1-4a03-3ff1-ae34-c26b2732f13c","virtualizationSystem":"","total":8589934592,"available":1971691520,"usedPercent":77.04648971557617,"diskIO":[{"name":"disk0","ioTime":1303356,"weightedIO":0}],"cpu":[{"cpu":"cpu0","user":3978.4296875,"system":2235.8125,"idle":15183.5703125,"nice":0,"iowait":0,"irq":0,"softirq":0,"steal":0,"guest":0,"guestNice":0,"stolen":0},{"cpu":"cpu1","user":2401.6875,"system":981.78125,"idle":18013.53125,"nice":0,"iowait":0,"irq":0,"softirq":0,"steal":0,"guest":0,"guestNice":0,"stolen":0},{"cpu":"cpu2","user":3863.8671875,"system":1967.40625,"idle":15565.71875,"nice":0,"iowait":0,"irq":0,"softirq":0,"steal":0,"guest":0,"guestNice":0,"stolen":0},{"cpu":"cpu3","user":2436.5625,"system":994.7578125,"idle":17965.671875,"nice":0,"iowait":0,"irq":0,"softirq":0,"steal":0,"guest":0,"guestNice":0,"stolen":0}],"time":"2018-02-19 12:22:31.406114 +0900 JST m=+2460.640363361","errorInfo":null}
[Info]2018/02/19 12:22:31 acsessd /api/status.json
[Info]2018/02/19 12:22:31 {"hostname":"ksc-1x-dhcp-172-29-194-195.kwansei.ac.jp","hostid":"18d901f1-4a03-3ff1-ae34-c26b2732f13c","virtualizationSystem":"","total":8589934592,"available":1970475008,"usedPercent":77.0606517791748,"diskIO":[{"name":"disk0","ioTime":1303364,"weightedIO":0}],"cpu":[{"cpu":"cpu0","user":3978.6484375,"system":2235.8203125,"idle":15183.734375,"nice":0,"iowait":0,"irq":0,"softirq":0,"steal":0,"guest":0,"guestNice":0,"stolen":0},{"cpu":"cpu1","user":2401.7265625,"system":981.796875,"idle":18013.8671875,"nice":0,"iowait":0,"irq":0,"softirq":0,"steal":0,"guest":0,"guestNice":0,"stolen":0},{"cpu":"cpu2","user":3864.0703125,"system":1967.4296875,"idle":15565.8984375,"nice":0,"iowait":0,"irq":0,"softirq":0,"steal":0,"guest":0,"guestNice":0,"stolen":0},{"cpu":"cpu3","user":2436.609375,"system":994.7734375,"idle":17966.0078125,"nice":0,"iowait":0,"irq":0,"softirq":0,"steal":0,"guest":0,"guestNice":0,"stolen":0}],"time":"2018-02-19 12:22:31.912568 +0900 JST m=+2461.146816130","errorInfo":null}
[Info]2018/02/19 12:22:32 acsessd /api/status.json
[Info]2018/02/19 12:22:32 {"hostname":"ksc-1x-dhcp-172-29-194-195.kwansei.ac.jp","hostid":"18d901f1-4a03-3ff1-ae34-c26b2732f13c","virtualizationSystem":"","total":8589934592,"available":1970089984,"usedPercent":77.06513404846191,"diskIO":[{"name":"disk0","ioTime":1303364,"weightedIO":0}],"cpu":[{"cpu":"cpu0","user":3978.8671875,"system":2235.859375,"idle":15183.875,"nice":0,"iowait":0,"irq":0,"softirq":0,"steal":0,"guest":0,"guestNice":0,"stolen":0},{"cpu":"cpu1","user":2401.7890625,"system":981.8203125,"idle":18014.1796875,"nice":0,"iowait":0,"irq":0,"softirq":0,"steal":0,"guest":0,"guestNice":0,"stolen":0},{"cpu":"cpu2","user":3864.3203125,"system":1967.453125,"idle":15566.015625,"nice":0,"iowait":0,"irq":0,"softirq":0,"steal":0,"guest":0,"guestNice":0,"stolen":0},{"cpu":"cpu3","user":2436.65625,"system":994.796875,"idle":17966.328125,"nice":0,"iowait":0,"irq":0,"softirq":0,"steal":0,"guest":0,"guestNice":0,"stolen":0}],"time":"2018-02-19 12:22:32.420348 +0900 JST m=+2461.654594766","errorInfo":null}
[Info]2018/02/19 12:22:32 acsessd /api/status.json
[Info]2018/02/19 12:22:32 {"hostname":"ksc-1x-dhcp-172-29-194-195.kwansei.ac.jp","hostid":"18d901f1-4a03-3ff1-ae34-c26b2732f13c","virtualizationSystem":"","total":8589934592,"available":1969889280,"usedPercent":77.06747055053711,"diskIO":[{"name":"disk0","ioTime":1303364,"weightedIO":0}],"cpu":[{"cpu":"cpu0","user":3979.03125,"system":2235.921875,"idle":15184.0390625,"nice":0,"iowait":0,"irq":0,"softirq":0,"steal":0,"guest":0,"guestNice":0,"stolen":0},{"cpu":"cpu1","user":2401.8203125,"system":981.84375,"idle":18014.515625,"nice":0,"iowait":0,"irq":0,"softirq":0,"steal":0,"guest":0,"guestNice":0,"stolen":0},{"cpu":"cpu2","user":3864.6171875,"system":1967.484375,"idle":15566.0859375,"nice":0,"iowait":0,"irq":0,"softirq":0,"steal":0,"guest":0,"guestNice":0,"stolen":0},{"cpu":"cpu3","user":2436.6953125,"system":994.828125,"idle":17966.65625,"nice":0,"iowait":0,"irq":0,"softirq":0,"steal":0,"guest":0,"guestNice":0,"stolen":0}],"time":"2018-02-19 12:22:32.92415 +0900 JST m=+2462.158395982","errorInfo":null}
[Info]2018/02/19 12:22:33 acsessd /api/status.json
[Info]2018/02/19 12:22:33 {"hostname":"ksc-1x-dhcp-172-29-194-195.kwansei.ac.jp","hostid":"18d901f1-4a03-3ff1-ae34-c26b2732f13c","virtualizationSystem":"","total":8589934592,"available":1969823744,"usedPercent":77.06823348999023,"diskIO":[{"name":"disk0","ioTime":1303405,"weightedIO":0}],"cpu":[{"cpu":"cpu0","user":3979.3125,"system":2235.9765625,"idle":15184.109375,"nice":0,"iowait":0,"irq":0,"softirq":0,"steal":0,"guest":0,"guestNice":0,"stolen":0},{"cpu":"cpu1","user":2401.90625,"system":981.8671875,"idle":18014.8203125,"nice":0,"iowait":0,"irq":0,"softirq":0,"steal":0,"guest":0,"guestNice":0,"stolen":0},{"cpu":"cpu2","user":3864.875,"system":1967.53125,"idle":15566.1796875,"nice":0,"iowait":0,"irq":0,"softirq":0,"steal":0,"guest":0,"guestNice":0,"stolen":0},{"cpu":"cpu3","user":2436.7734375,"system":994.8828125,"idle":17966.921875,"nice":0,"iowait":0,"irq":0,"softirq":0,"steal":0,"guest":0,"guestNice":0,"stolen":0}],"time":"2018-02-19 12:22:33.441834 +0900 JST m=+2462.676079563","errorInfo":null}
[Info]2018/02/19 12:22:33 acsessd /api/status.json
[Info]2018/02/19 12:22:33 {"hostname":"ksc-1x-dhcp-172-29-194-195.kwansei.ac.jp","hostid":"18d901f1-4a03-3ff1-ae34-c26b2732f13c","virtualizationSystem":"","total":8589934592,"available":1969012736,"usedPercent":77.07767486572266,"diskIO":[{"name":"disk0","ioTime":1303405,"weightedIO":0}],"cpu":[{"cpu":"cpu0","user":3979.4375,"system":2236.0078125,"idle":15184.3359375,"nice":0,"iowait":0,"irq":0,"softirq":0,"steal":0,"guest":0,"guestNice":0,"stolen":0},{"cpu":"cpu1","user":2401.9453125,"system":981.875,"idle":18015.140625,"nice":0,"iowait":0,"irq":0,"softirq":0,"steal":0,"guest":0,"guestNice":0,"stolen":0},{"cpu":"cpu2","user":3865.171875,"system":1967.5390625,"idle":15566.25,"nice":0,"iowait":0,"irq":0,"softirq":0,"steal":0,"guest":0,"guestNice":0,"stolen":0},{"cpu":"cpu3","user":2436.828125,"system":994.8984375,"idle":17967.234375,"nice":0,"iowait":0,"irq":0,"softirq":0,"steal":0,"guest":0,"guestNice":0,"stolen":0}],"time":"2018-02-19 12:22:33.925553 +0900 JST m=+2463.159797435","errorInfo":null}
[Info]2018/02/19 12:22:34 acsessd /api/status.json
[Info]2018/02/19 12:22:34 {"hostname":"ksc-1x-dhcp-172-29-194-195.kwansei.ac.jp","hostid":"18d901f1-4a03-3ff1-ae34-c26b2732f13c","virtualizationSystem":"","total":8589934592,"available":1969639424,"usedPercent":77.07037925720215,"diskIO":[{"name":"disk0","ioTime":1303405,"weightedIO":0}],"cpu":[{"cpu":"cpu0","user":3979.6015625,"system":2236.0234375,"idle":15184.5390625,"nice":0,"iowait":0,"irq":0,"softirq":0,"steal":0,"guest":0,"guestNice":0,"stolen":0},{"cpu":"cpu1","user":2401.984375,"system":981.890625,"idle":18015.4765625,"nice":0,"iowait":0,"irq":0,"softirq":0,"steal":0,"guest":0,"guestNice":0,"stolen":0},{"cpu":"cpu2","user":3865.4375,"system":1967.546875,"idle":15566.375,"nice":0,"iowait":0,"irq":0,"softirq":0,"steal":0,"guest":0,"guestNice":0,"stolen":0},{"cpu":"cpu3","user":2436.8828125,"system":994.9140625,"idle":17967.5625,"nice":0,"iowait":0,"irq":0,"softirq":0,"steal":0,"guest":0,"guestNice":0,"stolen":0}],"time":"2018-02-19 12:22:34.425497 +0900 JST m=+2463.659740383","errorInfo":null}
[Info]2018/02/19 12:22:34 acsessd /api/status.json
[Info]2018/02/19 12:22:34 {"hostname":"ksc-1x-dhcp-172-29-194-195.kwansei.ac.jp","hostid":"18d901f1-4a03-3ff1-ae34-c26b2732f13c","virtualizationSystem":"","total":8589934592,"available":1969795072,"usedPercent":77.06856727600098,"diskIO":[{"name":"disk0","ioTime":1303405,"weightedIO":0}],"cpu":[{"cpu":"cpu0","user":3979.8203125,"system":2236.0234375,"idle":15184.71875,"nice":0,"iowait":0,"irq":0,"softirq":0,"steal":0,"guest":0,"guestNice":0,"stolen":0},{"cpu":"cpu1","user":2402.0078125,"system":981.8984375,"idle":18015.84375,"nice":0,"iowait":0,"irq":0,"softirq":0,"steal":0,"guest":0,"guestNice":0,"stolen":0},{"cpu":"cpu2","user":3865.6640625,"system":1967.5625,"idle":15566.5234375,"nice":0,"iowait":0,"irq":0,"softirq":0,"steal":0,"guest":0,"guestNice":0,"stolen":0},{"cpu":"cpu3","user":2436.9375,"system":994.9296875,"idle":17967.8828125,"nice":0,"iowait":0,"irq":0,"softirq":0,"steal":0,"guest":0,"guestNice":0,"stolen":0}],"time":"2018-02-19 12:22:34.929837 +0900 JST m=+2464.164079375","errorInfo":null}
[Info]2018/02/19 12:22:35 acsessd /api/status.json
[Info]2018/02/19 12:22:35 {"hostname":"ksc-1x-dhcp-172-29-194-195.kwansei.ac.jp","hostid":"18d901f1-4a03-3ff1-ae34-c26b2732f13c","virtualizationSystem":"","total":8589934592,"available":1968070656,"usedPercent":77.08864212036133,"diskIO":[{"name":"disk0","ioTime":1303405,"weightedIO":0}],"cpu":[{"cpu":"cpu0","user":3980.0390625,"system":2236.046875,"idle":15184.8671875,"nice":0,"iowait":0,"irq":0,"softirq":0,"steal":0,"guest":0,"guestNice":0,"stolen":0},{"cpu":"cpu1","user":2402.0546875,"system":981.9140625,"idle":18016.1796875,"nice":0,"iowait":0,"irq":0,"softirq":0,"steal":0,"guest":0,"guestNice":0,"stolen":0},{"cpu":"cpu2","user":3865.875,"system":1967.578125,"idle":15566.6875,"nice":0,"iowait":0,"irq":0,"softirq":0,"steal":0,"guest":0,"guestNice":0,"stolen":0},{"cpu":"cpu3","user":2436.984375,"system":994.9453125,"idle":17968.21875,"nice":0,"iowait":0,"irq":0,"softirq":0,"steal":0,"guest":0,"guestNice":0,"stolen":0}],"time":"2018-02-19 12:22:35.434303 +0900 JST m=+2464.668544619","errorInfo":null}
[Info]2018/02/19 12:22:35 acsessd /api/status.json
[Info]2018/02/19 12:22:35 {"hostname":"ksc-1x-dhcp-172-29-194-195.kwansei.ac.jp","hostid":"18d901f1-4a03-3ff1-ae34-c26b2732f13c","virtualizationSystem":"","total":8589934592,"available":1968799744,"usedPercent":77.08015441894531,"diskIO":[{"name":"disk0","ioTime":1303405,"weightedIO":0}],"cpu":[{"cpu":"cpu0","user":3980.3203125,"system":2236.0625,"idle":15184.9609375,"nice":0,"iowait":0,"irq":0,"softirq":0,"steal":0,"guest":0,"guestNice":0,"stolen":0},{"cpu":"cpu1","user":2402.09375,"system":981.9296875,"idle":18016.515625,"nice":0,"iowait":0,"irq":0,"softirq":0,"steal":0,"guest":0,"guestNice":0,"stolen":0},{"cpu":"cpu2","user":3866.046875,"system":1967.5859375,"idle":15566.90625,"nice":0,"iowait":0,"irq":0,"softirq":0,"steal":0,"guest":0,"guestNice":0,"stolen":0},{"cpu":"cpu3","user":2437,"system":994.953125,"idle":17968.5859375,"nice":0,"iowait":0,"irq":0,"softirq":0,"steal":0,"guest":0,"guestNice":0,"stolen":0}],"time":"2018-02-19 12:22:35.934398 +0900 JST m=+2465.168638328","errorInfo":null}
[Info]2018/02/19 12:22:36 acsessd /api/status.json
[Info]2018/02/19 12:22:36 {"hostname":"ksc-1x-dhcp-172-29-194-195.kwansei.ac.jp","hostid":"18d901f1-4a03-3ff1-ae34-c26b2732f13c","virtualizationSystem":"","total":8589934592,"available":1968496640,"usedPercent":77.08368301391602,"diskIO":[{"name":"disk0","ioTime":1303413,"weightedIO":0}],"cpu":[{"cpu":"cpu0","user":3980.625,"system":2236.0703125,"idle":15185.046875,"nice":0,"iowait":0,"irq":0,"softirq":0,"steal":0,"guest":0,"guestNice":0,"stolen":0},{"cpu":"cpu1","user":2402.140625,"system":981.9375,"idle":18016.8515625,"nice":0,"iowait":0,"irq":0,"softirq":0,"steal":0,"guest":0,"guestNice":0,"stolen":0},{"cpu":"cpu2","user":3866.1796875,"system":1967.6015625,"idle":15567.1484375,"nice":0,"iowait":0,"irq":0,"softirq":0,"steal":0,"guest":0,"guestNice":0,"stolen":0},{"cpu":"cpu3","user":2437.0390625,"system":994.9765625,"idle":17968.90625,"nice":0,"iowait":0,"irq":0,"softirq":0,"steal":0,"guest":0,"guestNice":0,"stolen":0}],"time":"2018-02-19 12:22:36.439477 +0900 JST m=+2465.673716211","errorInfo":null}
[Info]2018/02/19 12:22:36 acsessd /api/status.json
[Info]2018/02/19 12:22:36 {"hostname":"ksc-1x-dhcp-172-29-194-195.kwansei.ac.jp","hostid":"18d901f1-4a03-3ff1-ae34-c26b2732f13c","virtualizationSystem":"","total":8589934592,"available":1943826432,"usedPercent":77.37088203430176,"diskIO":[{"name":"disk0","ioTime":1303413,"weightedIO":0}],"cpu":[{"cpu":"cpu0","user":3980.8046875,"system":2236.0859375,"idle":15185.2578125,"nice":0,"iowait":0,"irq":0,"softirq":0,"steal":0,"guest":0,"guestNice":0,"stolen":0},{"cpu":"cpu1","user":2402.2109375,"system":981.96875,"idle":18017.1640625,"nice":0,"iowait":0,"irq":0,"softirq":0,"steal":0,"guest":0,"guestNice":0,"stolen":0},{"cpu":"cpu2","user":3866.4921875,"system":1967.6171875,"idle":15567.2265625,"nice":0,"iowait":0,"irq":0,"softirq":0,"steal":0,"guest":0,"guestNice":0,"stolen":0},{"cpu":"cpu3","user":2437.09375,"system":994.9921875,"idle":17969.2421875,"nice":0,"iowait":0,"irq":0,"softirq":0,"steal":0,"guest":0,"guestNice":0,"stolen":0}],"time":"2018-02-19 12:22:36.958478 +0900 JST m=+2466.192716457","errorInfo":null}
[Info]2018/02/19 12:22:37 acsessd /api/status.json
[Info]2018/02/19 12:22:37 {"hostname":"ksc-1x-dhcp-172-29-194-195.kwansei.ac.jp","hostid":"18d901f1-4a03-3ff1-ae34-c26b2732f13c","virtualizationSystem":"","total":8589934592,"available":1933807616,"usedPercent":77.48751640319824,"diskIO":[{"name":"disk0","ioTime":1303413,"weightedIO":0}],"cpu":[{"cpu":"cpu0","user":3981.0625,"system":2236.1328125,"idle":15185.3359375,"nice":0,"iowait":0,"irq":0,"softirq":0,"steal":0,"guest":0,"guestNice":0,"stolen":0},{"cpu":"cpu1","user":2402.3046875,"system":981.9765625,"idle":18017.4296875,"nice":0,"iowait":0,"irq":0,"softirq":0,"steal":0,"guest":0,"guestNice":0,"stolen":0},{"cpu":"cpu2","user":3866.6953125,"system":1967.6484375,"idle":15567.3671875,"nice":0,"iowait":0,"irq":0,"softirq":0,"steal":0,"guest":0,"guestNice":0,"stolen":0},{"cpu":"cpu3","user":2437.25,"system":995.0078125,"idle":17969.453125,"nice":0,"iowait":0,"irq":0,"softirq":0,"steal":0,"guest":0,"guestNice":0,"stolen":0}],"time":"2018-02-19 12:22:37.442104 +0900 JST m=+2466.676341604","errorInfo":null}
[Info]2018/02/19 12:22:37 acsessd /api/status.json
[Info]2018/02/19 12:22:37 {"hostname":"ksc-1x-dhcp-172-29-194-195.kwansei.ac.jp","hostid":"18d901f1-4a03-3ff1-ae34-c26b2732f13c","virtualizationSystem":"","total":8589934592,"available":1933807616,"usedPercent":77.48751640319824,"diskIO":[{"name":"disk0","ioTime":1303421,"weightedIO":0}],"cpu":[{"cpu":"cpu0","user":3981.2578125,"system":2236.1640625,"idle":15185.4921875,"nice":0,"iowait":0,"irq":0,"softirq":0,"steal":0,"guest":0,"guestNice":0,"stolen":0},{"cpu":"cpu1","user":2402.375,"system":981.9921875,"idle":18017.7421875,"nice":0,"iowait":0,"irq":0,"softirq":0,"steal":0,"guest":0,"guestNice":0,"stolen":0},{"cpu":"cpu2","user":3866.9296875,"system":1967.6796875,"idle":15567.4921875,"nice":0,"iowait":0,"irq":0,"softirq":0,"steal":0,"guest":0,"guestNice":0,"stolen":0},{"cpu":"cpu3","user":2437.2890625,"system":995.015625,"idle":17969.7890625,"nice":0,"iowait":0,"irq":0,"softirq":0,"steal":0,"guest":0,"guestNice":0,"stolen":0}],"time":"2018-02-19 12:22:37.94179 +0900 JST m=+2467.176026829","errorInfo":null}
[Info]2018/02/19 12:22:38 acsessd /api/status.json
[Info]2018/02/19 12:22:38 {"hostname":"ksc-1x-dhcp-172-29-194-195.kwansei.ac.jp","hostid":"18d901f1-4a03-3ff1-ae34-c26b2732f13c","virtualizationSystem":"","total":8589934592,"available":1929838592,"usedPercent":77.53372192382812,"diskIO":[{"name":"disk0","ioTime":1303421,"weightedIO":0}],"cpu":[{"cpu":"cpu0","user":3981.46875,"system":2236.1953125,"idle":15185.640625,"nice":0,"iowait":0,"irq":0,"softirq":0,"steal":0,"guest":0,"guestNice":0,"stolen":0},{"cpu":"cpu1","user":2402.421875,"system":982,"idle":18018.0703125,"nice":0,"iowait":0,"irq":0,"softirq":0,"steal":0,"guest":0,"guestNice":0,"stolen":0},{"cpu":"cpu2","user":3867.140625,"system":1967.71875,"idle":15567.640625,"nice":0,"iowait":0,"irq":0,"softirq":0,"steal":0,"guest":0,"guestNice":0,"stolen":0},{"cpu":"cpu3","user":2437.34375,"system":995.03125,"idle":17970.125,"nice":0,"iowait":0,"irq":0,"softirq":0,"steal":0,"guest":0,"guestNice":0,"stolen":0}],"time":"2018-02-19 12:22:38.444444 +0900 JST m=+2467.678679837","errorInfo":null}
[Info]2018/02/19 12:22:38 acsessd /api/status.json
[Info]2018/02/19 12:22:38 {"hostname":"ksc-1x-dhcp-172-29-194-195.kwansei.ac.jp","hostid":"18d901f1-4a03-3ff1-ae34-c26b2732f13c","virtualizationSystem":"","total":8589934592,"available":1929576448,"usedPercent":77.53677368164062,"diskIO":[{"name":"disk0","ioTime":1303421,"weightedIO":0}],"cpu":[{"cpu":"cpu0","user":3981.671875,"system":2236.2265625,"idle":15185.796875,"nice":0,"iowait":0,"irq":0,"softirq":0,"steal":0,"guest":0,"guestNice":0,"stolen":0},{"cpu":"cpu1","user":2402.46875,"system":982.015625,"idle":18018.40625,"nice":0,"iowait":0,"irq":0,"softirq":0,"steal":0,"guest":0,"guestNice":0,"stolen":0},{"cpu":"cpu2","user":3867.3359375,"system":1967.75,"idle":15567.8046875,"nice":0,"iowait":0,"irq":0,"softirq":0,"steal":0,"guest":0,"guestNice":0,"stolen":0},{"cpu":"cpu3","user":2437.40625,"system":995.0390625,"idle":17970.4375,"nice":0,"iowait":0,"irq":0,"softirq":0,"steal":0,"guest":0,"guestNice":0,"stolen":0}],"time":"2018-02-19 12:22:38.946976 +0900 JST m=+2468.181210709","errorInfo":null}
[Info]2018/02/19 12:22:39 acsessd /api/status.json
[Info]2018/02/19 12:22:39 {"hostname":"ksc-1x-dhcp-172-29-194-195.kwansei.ac.jp","hostid":"18d901f1-4a03-3ff1-ae34-c26b2732f13c","virtualizationSystem":"","total":8589934592,"available":1928855552,"usedPercent":77.545166015625,"diskIO":[{"name":"disk0","ioTime":1303421,"weightedIO":0}],"cpu":[{"cpu":"cpu0","user":3981.875,"system":2236.2734375,"idle":15185.9375,"nice":0,"iowait":0,"irq":0,"softirq":0,"steal":0,"guest":0,"guestNice":0,"stolen":0},{"cpu":"cpu1","user":2402.546875,"system":982.046875,"idle":18018.6875,"nice":0,"iowait":0,"irq":0,"softirq":0,"steal":0,"guest":0,"guestNice":0,"stolen":0},{"cpu":"cpu2","user":3867.5234375,"system":1967.8125,"idle":15567.9453125,"nice":0,"iowait":0,"irq":0,"softirq":0,"steal":0,"guest":0,"guestNice":0,"stolen":0},{"cpu":"cpu3","user":2437.5,"system":995.0703125,"idle":17970.703125,"nice":0,"iowait":0,"irq":0,"softirq":0,"steal":0,"guest":0,"guestNice":0,"stolen":0}],"time":"2018-02-19 12:22:39.44555 +0900 JST m=+2468.679783243","errorInfo":null}
[Info]2018/02/19 12:22:39 acsessd /api/status.json
[Info]2018/02/19 12:22:39 {"hostname":"ksc-1x-dhcp-172-29-194-195.kwansei.ac.jp","hostid":"18d901f1-4a03-3ff1-ae34-c26b2732f13c","virtualizationSystem":"","total":8589934592,"available":1926119424,"usedPercent":77.57701873779297,"diskIO":[{"name":"disk0","ioTime":1303421,"weightedIO":0}],"cpu":[{"cpu":"cpu0","user":3982.09375,"system":2236.3046875,"idle":15186.09375,"nice":0,"iowait":0,"irq":0,"softirq":0,"steal":0,"guest":0,"guestNice":0,"stolen":0},{"cpu":"cpu1","user":2402.625,"system":982.0703125,"idle":18018.984375,"nice":0,"iowait":0,"irq":0,"softirq":0,"steal":0,"guest":0,"guestNice":0,"stolen":0},{"cpu":"cpu2","user":3867.75,"system":1967.875,"idle":15568.0546875,"nice":0,"iowait":0,"irq":0,"softirq":0,"steal":0,"guest":0,"guestNice":0,"stolen":0},{"cpu":"cpu3","user":2437.546875,"system":995.1015625,"idle":17971.0234375,"nice":0,"iowait":0,"irq":0,"softirq":0,"steal":0,"guest":0,"guestNice":0,"stolen":0}],"time":"2018-02-19 12:22:39.955548 +0900 JST m=+2469.189780228","errorInfo":null}
[Info]2018/02/19 12:22:40 acsessd /api/status.json
[Info]2018/02/19 12:22:40 {"hostname":"ksc-1x-dhcp-172-29-194-195.kwansei.ac.jp","hostid":"18d901f1-4a03-3ff1-ae34-c26b2732f13c","virtualizationSystem":"","total":8589934592,"available":1927065600,"usedPercent":77.56600379943848,"diskIO":[{"name":"disk0","ioTime":1303430,"weightedIO":0}],"cpu":[{"cpu":"cpu0","user":3982.328125,"system":2236.3515625,"idle":15186.1953125,"nice":0,"iowait":0,"irq":0,"softirq":0,"steal":0,"guest":0,"guestNice":0,"stolen":0},{"cpu":"cpu1","user":2402.7265625,"system":982.1015625,"idle":18019.2421875,"nice":0,"iowait":0,"irq":0,"softirq":0,"steal":0,"guest":0,"guestNice":0,"stolen":0},{"cpu":"cpu2","user":3868.015625,"system":1967.9140625,"idle":15568.1484375,"nice":0,"iowait":0,"irq":0,"softirq":0,"steal":0,"guest":0,"guestNice":0,"stolen":0},{"cpu":"cpu3","user":2437.671875,"system":995.1171875,"idle":17971.2734375,"nice":0,"iowait":0,"irq":0,"softirq":0,"steal":0,"guest":0,"guestNice":0,"stolen":0}],"time":"2018-02-19 12:22:40.459771 +0900 JST m=+2469.694003107","errorInfo":null}
[Info]2018/02/19 12:22:40 acsessd /api/status.json
[Info]2018/02/19 12:22:40 {"hostname":"ksc-1x-dhcp-172-29-194-195.kwansei.ac.jp","hostid":"18d901f1-4a03-3ff1-ae34-c26b2732f13c","virtualizationSystem":"","total":8589934592,"available":1927196672,"usedPercent":77.56447792053223,"diskIO":[{"name":"disk0","ioTime":1303430,"weightedIO":0}],"cpu":[{"cpu":"cpu0","user":3982.4765625,"system":2236.359375,"idle":15186.4296875,"nice":0,"iowait":0,"irq":0,"softirq":0,"steal":0,"guest":0,"guestNice":0,"stolen":0},{"cpu":"cpu1","user":2402.765625,"system":982.109375,"idle":18019.578125,"nice":0,"iowait":0,"irq":0,"softirq":0,"steal":0,"guest":0,"guestNice":0,"stolen":0},{"cpu":"cpu2","user":3868.28125,"system":1967.9296875,"idle":15568.25,"nice":0,"iowait":0,"irq":0,"softirq":0,"steal":0,"guest":0,"guestNice":0,"stolen":0},{"cpu":"cpu3","user":2437.71875,"system":995.1484375,"idle":17971.59375,"nice":0,"iowait":0,"irq":0,"softirq":0,"steal":0,"guest":0,"guestNice":0,"stolen":0}],"time":"2018-02-19 12:22:40.954705 +0900 JST m=+2470.188935479","errorInfo":null}
[Info]2018/02/19 12:22:41 acsessd /api/status.json
[Info]2018/02/19 12:22:41 {"hostname":"ksc-1x-dhcp-172-29-194-195.kwansei.ac.jp","hostid":"18d901f1-4a03-3ff1-ae34-c26b2732f13c","virtualizationSystem":"","total":8589934592,"available":1926029312,"usedPercent":77.57806777954102,"diskIO":[{"name":"disk0","ioTime":1303441,"weightedIO":0}],"cpu":[{"cpu":"cpu0","user":3982.7890625,"system":2236.3671875,"idle":15186.5,"nice":0,"iowait":0,"irq":0,"softirq":0,"steal":0,"guest":0,"guestNice":0,"stolen":0},{"cpu":"cpu1","user":2402.8125,"system":982.1171875,"idle":18019.921875,"nice":0,"iowait":0,"irq":0,"softirq":0,"steal":0,"guest":0,"guestNice":0,"stolen":0},{"cpu":"cpu2","user":3868.4140625,"system":1967.9453125,"idle":15568.4921875,"nice":0,"iowait":0,"irq":0,"softirq":0,"steal":0,"guest":0,"guestNice":0,"stolen":0},{"cpu":"cpu3","user":2437.7578125,"system":995.15625,"idle":17971.9375,"nice":0,"iowait":0,"irq":0,"softirq":0,"steal":0,"guest":0,"guestNice":0,"stolen":0}],"time":"2018-02-19 12:22:41.457748 +0900 JST m=+2470.691977786","errorInfo":null}
[Info]2018/02/19 12:22:41 acsessd /api/status.json
[Info]2018/02/19 12:22:41 {"hostname":"ksc-1x-dhcp-172-29-194-195.kwansei.ac.jp","hostid":"18d901f1-4a03-3ff1-ae34-c26b2732f13c","virtualizationSystem":"","total":8589934592,"available":1926725632,"usedPercent":77.56996154785156,"diskIO":[{"name":"disk0","ioTime":1303441,"weightedIO":0}],"cpu":[{"cpu":"cpu0","user":3983.0546875,"system":2236.390625,"idle":15186.6171875,"nice":0,"iowait":0,"irq":0,"softirq":0,"steal":0,"guest":0,"guestNice":0,"stolen":0},{"cpu":"cpu1","user":2402.8515625,"system":982.140625,"idle":18020.25,"nice":0,"iowait":0,"irq":0,"softirq":0,"steal":0,"guest":0,"guestNice":0,"stolen":0},{"cpu":"cpu2","user":3868.578125,"system":1967.953125,"idle":15568.7109375,"nice":0,"iowait":0,"irq":0,"softirq":0,"steal":0,"guest":0,"guestNice":0,"stolen":0},{"cpu":"cpu3","user":2437.8046875,"system":995.1640625,"idle":17972.265625,"nice":0,"iowait":0,"irq":0,"softirq":0,"steal":0,"guest":0,"guestNice":0,"stolen":0}],"time":"2018-02-19 12:22:41.958625 +0900 JST m=+2471.192854115","errorInfo":null}
[Info]2018/02/19 12:22:42 acsessd /api/status.json
[Info]2018/02/19 12:22:42 {"hostname":"ksc-1x-dhcp-172-29-194-195.kwansei.ac.jp","hostid":"18d901f1-4a03-3ff1-ae34-c26b2732f13c","virtualizationSystem":"","total":8589934592,"available":1925799936,"usedPercent":77.58073806762695,"diskIO":[{"name":"disk0","ioTime":1303449,"weightedIO":0}],"cpu":[{"cpu":"cpu0","user":3983.2421875,"system":2236.4140625,"idle":15186.7890625,"nice":0,"iowait":0,"irq":0,"softirq":0,"steal":0,"guest":0,"guestNice":0,"stolen":0},{"cpu":"cpu1","user":2402.8984375,"system":982.15625,"idle":18020.578125,"nice":0,"iowait":0,"irq":0,"softirq":0,"steal":0,"guest":0,"guestNice":0,"stolen":0},{"cpu":"cpu2","user":3868.8125,"system":1967.9609375,"idle":15568.859375,"nice":0,"iowait":0,"irq":0,"softirq":0,"steal":0,"guest":0,"guestNice":0,"stolen":0},{"cpu":"cpu3","user":2437.8515625,"system":995.171875,"idle":17972.609375,"nice":0,"iowait":0,"irq":0,"softirq":0,"steal":0,"guest":0,"guestNice":0,"stolen":0}],"time":"2018-02-19 12:22:42.461386 +0900 JST m=+2471.695614133","errorInfo":null}
[Info]2018/02/19 12:22:42 acsessd /api/status.json
[Info]2018/02/19 12:22:42 {"hostname":"ksc-1x-dhcp-172-29-194-195.kwansei.ac.jp","hostid":"18d901f1-4a03-3ff1-ae34-c26b2732f13c","virtualizationSystem":"","total":8589934592,"available":1926098944,"usedPercent":77.57725715637207,"diskIO":[{"name":"disk0","ioTime":1303449,"weightedIO":0}],"cpu":[{"cpu":"cpu0","user":3983.4140625,"system":2236.4375,"idle":15186.9921875,"nice":0,"iowait":0,"irq":0,"softirq":0,"steal":0,"guest":0,"guestNice":0,"stolen":0},{"cpu":"cpu1","user":2402.9453125,"system":982.171875,"idle":18020.9140625,"nice":0,"iowait":0,"irq":0,"softirq":0,"steal":0,"guest":0,"guestNice":0,"stolen":0},{"cpu":"cpu2","user":3869.0625,"system":1967.9609375,"idle":15569,"nice":0,"iowait":0,"irq":0,"softirq":0,"steal":0,"guest":0,"guestNice":0,"stolen":0},{"cpu":"cpu3","user":2437.90625,"system":995.1796875,"idle":17972.9375,"nice":0,"iowait":0,"irq":0,"softirq":0,"steal":0,"guest":0,"guestNice":0,"stolen":0}],"time":"2018-02-19 12:22:42.965347 +0900 JST m=+2472.199573995","errorInfo":null}
[Info]2018/02/19 12:22:43 acsessd /api/status.json
[Info]2018/02/19 12:22:43 {"hostname":"ksc-1x-dhcp-172-29-194-195.kwansei.ac.jp","hostid":"18d901f1-4a03-3ff1-ae34-c26b2732f13c","virtualizationSystem":"","total":8589934592,"available":1939378176,"usedPercent":77.42266654968262,"diskIO":[{"name":"disk0","ioTime":1303456,"weightedIO":0}],"cpu":[{"cpu":"cpu0","user":3983.6796875,"system":2236.484375,"idle":15187.0859375,"nice":0,"iowait":0,"irq":0,"softirq":0,"steal":0,"guest":0,"guestNice":0,"stolen":0},{"cpu":"cpu1","user":2403.03125,"system":982.2109375,"idle":18021.1953125,"nice":0,"iowait":0,"irq":0,"softirq":0,"steal":0,"guest":0,"guestNice":0,"stolen":0},{"cpu":"cpu2","user":3869.265625,"system":1968.015625,"idle":15569.1484375,"nice":0,"iowait":0,"irq":0,"softirq":0,"steal":0,"guest":0,"guestNice":0,"stolen":0},{"cpu":"cpu3","user":2438.0078125,"system":995.2265625,"idle":17973.1953125,"nice":0,"iowait":0,"irq":0,"softirq":0,"steal":0,"guest":0,"guestNice":0,"stolen":0}],"time":"2018-02-19 12:22:43.486674 +0900 JST m=+2472.720899967","errorInfo":null}
[Info]2018/02/19 12:22:43 acsessd /api/status.json
[Info]2018/02/19 12:22:43 {"hostname":"ksc-1x-dhcp-172-29-194-195.kwansei.ac.jp","hostid":"18d901f1-4a03-3ff1-ae34-c26b2732f13c","virtualizationSystem":"","total":8589934592,"available":1938509824,"usedPercent":77.43277549743652,"diskIO":[{"name":"disk0","ioTime":1303456,"weightedIO":0}],"cpu":[{"cpu":"cpu0","user":3983.890625,"system":2236.5390625,"idle":15187.203125,"nice":0,"iowait":0,"irq":0,"softirq":0,"steal":0,"guest":0,"guestNice":0,"stolen":0},{"cpu":"cpu1","user":2403.09375,"system":982.2421875,"idle":18021.484375,"nice":0,"iowait":0,"irq":0,"softirq":0,"steal":0,"guest":0,"guestNice":0,"stolen":0},{"cpu":"cpu2","user":3869.453125,"system":1968.0703125,"idle":15569.296875,"nice":0,"iowait":0,"irq":0,"softirq":0,"steal":0,"guest":0,"guestNice":0,"stolen":0},{"cpu":"cpu3","user":2438.1171875,"system":995.2578125,"idle":17973.4375,"nice":0,"iowait":0,"irq":0,"softirq":0,"steal":0,"guest":0,"guestNice":0,"stolen":0}],"time":"2018-02-19 12:22:43.978571 +0900 JST m=+2473.212796185","errorInfo":null}
[Info]2018/02/19 12:22:44 acsessd /api/status.json
[Info]2018/02/19 12:22:44 {"hostname":"ksc-1x-dhcp-172-29-194-195.kwansei.ac.jp","hostid":"18d901f1-4a03-3ff1-ae34-c26b2732f13c","virtualizationSystem":"","total":8589934592,"available":1925386240,"usedPercent":77.5855541229248,"diskIO":[{"name":"disk0","ioTime":1303456,"weightedIO":0}],"cpu":[{"cpu":"cpu0","user":3984.15625,"system":2236.578125,"idle":15187.2890625,"nice":0,"iowait":0,"irq":0,"softirq":0,"steal":0,"guest":0,"guestNice":0,"stolen":0},{"cpu":"cpu1","user":2403.234375,"system":982.28125,"idle":18021.6953125,"nice":0,"iowait":0,"irq":0,"softirq":0,"steal":0,"guest":0,"guestNice":0,"stolen":0},{"cpu":"cpu2","user":3869.6875,"system":1968.1171875,"idle":15569.40625,"nice":0,"iowait":0,"irq":0,"softirq":0,"steal":0,"guest":0,"guestNice":0,"stolen":0},{"cpu":"cpu3","user":2438.265625,"system":995.296875,"idle":17973.6484375,"nice":0,"iowait":0,"irq":0,"softirq":0,"steal":0,"guest":0,"guestNice":0,"stolen":0}],"time":"2018-02-19 12:22:44.47975 +0900 JST m=+2473.713974070","errorInfo":null}
[Info]2018/02/19 12:22:44 acsessd /api/status.json
[Info]2018/02/19 12:22:44 {"hostname":"ksc-1x-dhcp-172-29-194-195.kwansei.ac.jp","hostid":"18d901f1-4a03-3ff1-ae34-c26b2732f13c","virtualizationSystem":"","total":8589934592,"available":1924964352,"usedPercent":77.5904655456543,"diskIO":[{"name":"disk0","ioTime":1303456,"weightedIO":0}],"cpu":[{"cpu":"cpu0","user":3984.3515625,"system":2236.6171875,"idle":15187.4609375,"nice":0,"iowait":0,"irq":0,"softirq":0,"steal":0,"guest":0,"guestNice":0,"stolen":0},{"cpu":"cpu1","user":2403.34375,"system":982.3046875,"idle":18021.96875,"nice":0,"iowait":0,"irq":0,"softirq":0,"steal":0,"guest":0,"guestNice":0,"stolen":0},{"cpu":"cpu2","user":3869.9296875,"system":1968.140625,"idle":15569.546875,"nice":0,"iowait":0,"irq":0,"softirq":0,"steal":0,"guest":0,"guestNice":0,"stolen":0},{"cpu":"cpu3","user":2438.3671875,"system":995.3203125,"idle":17973.9296875,"nice":0,"iowait":0,"irq":0,"softirq":0,"steal":0,"guest":0,"guestNice":0,"stolen":0}],"time":"2018-02-19 12:22:44.999188 +0900 JST m=+2474.233411295","errorInfo":null}
[Info]2018/02/19 12:22:45 acsessd /api/status.json
[Info]2018/02/19 12:22:45 {"hostname":"ksc-1x-dhcp-172-29-194-195.kwansei.ac.jp","hostid":"18d901f1-4a03-3ff1-ae34-c26b2732f13c","virtualizationSystem":"","total":8589934592,"available":1813348352,"usedPercent":78.88984680175781,"diskIO":[{"name":"disk0","ioTime":1303472,"weightedIO":0}],"cpu":[{"cpu":"cpu0","user":3984.7265625,"system":2236.6953125,"idle":15187.5390625,"nice":0,"iowait":0,"irq":0,"softirq":0,"steal":0,"guest":0,"guestNice":0,"stolen":0},{"cpu":"cpu1","user":2403.6640625,"system":982.3828125,"idle":18022.09375,"nice":0,"iowait":0,"irq":0,"softirq":0,"steal":0,"guest":0,"guestNice":0,"stolen":0},{"cpu":"cpu2","user":3870.3125,"system":1968.21875,"idle":15569.6171875,"nice":0,"iowait":0,"irq":0,"softirq":0,"steal":0,"guest":0,"guestNice":0,"stolen":0},{"cpu":"cpu3","user":2438.671875,"system":995.4140625,"idle":17974.0625,"nice":0,"iowait":0,"irq":0,"softirq":0,"steal":0,"guest":0,"guestNice":0,"stolen":0}],"time":"2018-02-19 12:22:45.67888 +0900 JST m=+2474.913101700","errorInfo":null}
[Info]2018/02/19 12:22:45 acsessd /api/status.json
[Info]2018/02/19 12:22:45 {"hostname":"ksc-1x-dhcp-172-29-194-195.kwansei.ac.jp","hostid":"18d901f1-4a03-3ff1-ae34-c26b2732f13c","virtualizationSystem":"","total":8589934592,"available":1816834048,"usedPercent":78.84926795959473,"diskIO":[{"name":"disk0","ioTime":1303489,"weightedIO":0}],"cpu":[{"cpu":"cpu0","user":3984.890625,"system":2236.734375,"idle":15187.5859375,"nice":0,"iowait":0,"irq":0,"softirq":0,"steal":0,"guest":0,"guestNice":0,"stolen":0},{"cpu":"cpu1","user":2403.8125,"system":982.4140625,"idle":18022.171875,"nice":0,"iowait":0,"irq":0,"softirq":0,"steal":0,"guest":0,"guestNice":0,"stolen":0},{"cpu":"cpu2","user":3870.4921875,"system":1968.25,"idle":15569.65625,"nice":0,"iowait":0,"irq":0,"softirq":0,"steal":0,"guest":0,"guestNice":0,"stolen":0},{"cpu":"cpu3","user":2438.8203125,"system":995.4453125,"idle":17974.1328125,"nice":0,"iowait":0,"irq":0,"softirq":0,"steal":0,"guest":0,"guestNice":0,"stolen":0}],"time":"2018-02-19 12:22:45.99571 +0900 JST m=+2475.229931223","errorInfo":null}
[Info]2018/02/19 12:22:46 acsessd /api/status.json
[Info]2018/02/19 12:22:46 {"hostname":"ksc-1x-dhcp-172-29-194-195.kwansei.ac.jp","hostid":"18d901f1-4a03-3ff1-ae34-c26b2732f13c","virtualizationSystem":"","total":8589934592,"available":1813426176,"usedPercent":78.88894081115723,"diskIO":[{"name":"disk0","ioTime":1303498,"weightedIO":0}],"cpu":[{"cpu":"cpu0","user":3985.125,"system":2236.7734375,"idle":15187.6875,"nice":0,"iowait":0,"irq":0,"softirq":0,"steal":0,"guest":0,"guestNice":0,"stolen":0},{"cpu":"cpu1","user":2404.015625,"system":982.4453125,"idle":18022.3203125,"nice":0,"iowait":0,"irq":0,"softirq":0,"steal":0,"guest":0,"guestNice":0,"stolen":0},{"cpu":"cpu2","user":3870.71875,"system":1968.296875,"idle":15569.7578125,"nice":0,"iowait":0,"irq":0,"softirq":0,"steal":0,"guest":0,"guestNice":0,"stolen":0},{"cpu":"cpu3","user":2439.0078125,"system":995.484375,"idle":17974.28125,"nice":0,"iowait":0,"irq":0,"softirq":0,"steal":0,"guest":0,"guestNice":0,"stolen":0}],"time":"2018-02-19 12:22:46.485977 +0900 JST m=+2475.720196654","errorInfo":null}
[Info]2018/02/19 12:22:46 acsessd /api/status.json
[Info]2018/02/19 12:22:46 {"hostname":"ksc-1x-dhcp-172-29-194-195.kwansei.ac.jp","hostid":"18d901f1-4a03-3ff1-ae34-c26b2732f13c","virtualizationSystem":"","total":8589934592,"available":1835622400,"usedPercent":78.63054275512695,"diskIO":[{"name":"disk0","ioTime":1303498,"weightedIO":0}],"cpu":[{"cpu":"cpu0","user":3985.296875,"system":2236.8125,"idle":15187.875,"nice":0,"iowait":0,"irq":0,"softirq":0,"steal":0,"guest":0,"guestNice":0,"stolen":0},{"cpu":"cpu1","user":2404.1171875,"system":982.4609375,"idle":18022.59375,"nice":0,"iowait":0,"irq":0,"softirq":0,"steal":0,"guest":0,"guestNice":0,"stolen":0},{"cpu":"cpu2","user":3870.9140625,"system":1968.328125,"idle":15569.9296875,"nice":0,"iowait":0,"irq":0,"softirq":0,"steal":0,"guest":0,"guestNice":0,"stolen":0},{"cpu":"cpu3","user":2439.1015625,"system":995.5,"idle":17974.5703125,"nice":0,"iowait":0,"irq":0,"softirq":0,"steal":0,"guest":0,"guestNice":0,"stolen":0}],"time":"2018-02-19 12:22:46.987839 +0900 JST m=+2476.222058621","errorInfo":null}
[Info]2018/02/19 12:22:47 acsessd /api/status.json
[Info]2018/02/19 12:22:47 {"hostname":"ksc-1x-dhcp-172-29-194-195.kwansei.ac.jp","hostid":"18d901f1-4a03-3ff1-ae34-c26b2732f13c","virtualizationSystem":"","total":8589934592,"available":1827147776,"usedPercent":78.72920036315918,"diskIO":[{"name":"disk0","ioTime":1303506,"weightedIO":0}],"cpu":[{"cpu":"cpu0","user":3985.3671875,"system":2236.8671875,"idle":15188.1484375,"nice":0,"iowait":0,"irq":0,"softirq":0,"steal":0,"guest":0,"guestNice":0,"stolen":0},{"cpu":"cpu1","user":2404.1328125,"system":982.46875,"idle":18022.9609375,"nice":0,"iowait":0,"irq":0,"softirq":0,"steal":0,"guest":0,"guestNice":0,"stolen":0},{"cpu":"cpu2","user":3871,"system":1968.3828125,"idle":15570.1875,"nice":0,"iowait":0,"irq":0,"softirq":0,"steal":0,"guest":0,"guestNice":0,"stolen":0},{"cpu":"cpu3","user":2439.1328125,"system":995.515625,"idle":17974.9140625,"nice":0,"iowait":0,"irq":0,"softirq":0,"steal":0,"guest":0,"guestNice":0,"stolen":0}],"time":"2018-02-19 12:22:47.491591 +0900 JST m=+2476.725808672","errorInfo":null}
[Info]2018/02/19 12:22:47 acsessd /api/status.json
[Info]2018/02/19 12:22:47 {"hostname":"ksc-1x-dhcp-172-29-194-195.kwansei.ac.jp","hostid":"18d901f1-4a03-3ff1-ae34-c26b2732f13c","virtualizationSystem":"","total":8589934592,"available":1819004928,"usedPercent":78.82399559020996,"diskIO":[{"name":"disk0","ioTime":1303522,"weightedIO":0}],"cpu":[{"cpu":"cpu0","user":3985.546875,"system":2236.9453125,"idle":15188.28125,"nice":0,"iowait":0,"irq":0,"softirq":0,"steal":0,"guest":0,"guestNice":0,"stolen":0},{"cpu":"cpu1","user":2404.234375,"system":982.515625,"idle":18023.203125,"nice":0,"iowait":0,"irq":0,"softirq":0,"steal":0,"guest":0,"guestNice":0,"stolen":0},{"cpu":"cpu2","user":3871.203125,"system":1968.4140625,"idle":15570.3359375,"nice":0,"iowait":0,"irq":0,"softirq":0,"steal":0,"guest":0,"guestNice":0,"stolen":0},{"cpu":"cpu3","user":2439.2265625,"system":995.5625,"idle":17975.1640625,"nice":0,"iowait":0,"irq":0,"softirq":0,"steal":0,"guest":0,"guestNice":0,"stolen":0}],"time":"2018-02-19 12:22:47.991678 +0900 JST m=+2477.225895559","errorInfo":null}
[Info]2018/02/19 12:22:48 acsessd /api/status.json
[Info]2018/02/19 12:22:48 {"hostname":"ksc-1x-dhcp-172-29-194-195.kwansei.ac.jp","hostid":"18d901f1-4a03-3ff1-ae34-c26b2732f13c","virtualizationSystem":"","total":8589934592,"available":1796345856,"usedPercent":79.08778190612793,"diskIO":[{"name":"disk0","ioTime":1303588,"weightedIO":0}],"cpu":[{"cpu":"cpu0","user":3985.796875,"system":2237.015625,"idle":15188.3984375,"nice":0,"iowait":0,"irq":0,"softirq":0,"steal":0,"guest":0,"guestNice":0,"stolen":0},{"cpu":"cpu1","user":2404.3515625,"system":982.6015625,"idle":18023.4375,"nice":0,"iowait":0,"irq":0,"softirq":0,"steal":0,"guest":0,"guestNice":0,"stolen":0},{"cpu":"cpu2","user":3871.4296875,"system":1968.4921875,"idle":15570.4765625,"nice":0,"iowait":0,"irq":0,"softirq":0,"steal":0,"guest":0,"guestNice":0,"stolen":0},{"cpu":"cpu3","user":2439.390625,"system":995.640625,"idle":17975.3671875,"nice":0,"iowait":0,"irq":0,"softirq":0,"steal":0,"guest":0,"guestNice":0,"stolen":0}],"time":"2018-02-19 12:22:48.557729 +0900 JST m=+2477.791944897","errorInfo":null}
[Info]2018/02/19 12:22:48 acsessd /api/status.json
[Info]2018/02/19 12:22:48 {"hostname":"ksc-1x-dhcp-172-29-194-195.kwansei.ac.jp","hostid":"18d901f1-4a03-3ff1-ae34-c26b2732f13c","virtualizationSystem":"","total":8589934592,"available":1799864320,"usedPercent":79.04682159423828,"diskIO":[{"name":"disk0","ioTime":1303596,"weightedIO":0}],"cpu":[{"cpu":"cpu0","user":3985.890625,"system":2237.1171875,"idle":15188.546875,"nice":0,"iowait":0,"irq":0,"softirq":0,"steal":0,"guest":0,"guestNice":0,"stolen":0},{"cpu":"cpu1","user":2404.40625,"system":982.6328125,"idle":18023.703125,"nice":0,"iowait":0,"irq":0,"softirq":0,"steal":0,"guest":0,"guestNice":0,"stolen":0},{"cpu":"cpu2","user":3871.515625,"system":1968.578125,"idle":15570.6484375,"nice":0,"iowait":0,"irq":0,"softirq":0,"steal":0,"guest":0,"guestNice":0,"stolen":0},{"cpu":"cpu3","user":2439.4296875,"system":995.6953125,"idle":17975.609375,"nice":0,"iowait":0,"irq":0,"softirq":0,"steal":0,"guest":0,"guestNice":0,"stolen":0}],"time":"2018-02-19 12:22:48.995954 +0900 JST m=+2478.230169274","errorInfo":null}
[Info]2018/02/19 12:22:49 acsessd /api/status.json
[Info]2018/02/19 12:22:49 {"hostname":"ksc-1x-dhcp-172-29-194-195.kwansei.ac.jp","hostid":"18d901f1-4a03-3ff1-ae34-c26b2732f13c","virtualizationSystem":"","total":8589934592,"available":1747320832,"usedPercent":79.65850830078125,"diskIO":[{"name":"disk0","ioTime":1303605,"weightedIO":0}],"cpu":[{"cpu":"cpu0","user":3986.015625,"system":2237.203125,"idle":15188.7265625,"nice":0,"iowait":0,"irq":0,"softirq":0,"steal":0,"guest":0,"guestNice":0,"stolen":0},{"cpu":"cpu1","user":2404.46875,"system":982.671875,"idle":18023.9921875,"nice":0,"iowait":0,"irq":0,"softirq":0,"steal":0,"guest":0,"guestNice":0,"stolen":0},{"cpu":"cpu2","user":3871.625,"system":1968.6640625,"idle":15570.84375,"nice":0,"iowait":0,"irq":0,"softirq":0,"steal":0,"guest":0,"guestNice":0,"stolen":0},{"cpu":"cpu3","user":2439.5,"system":995.734375,"idle":17975.8984375,"nice":0,"iowait":0,"irq":0,"softirq":0,"steal":0,"guest":0,"guestNice":0,"stolen":0}],"time":"2018-02-19 12:22:49.498628 +0900 JST m=+2478.732842081","errorInfo":null}
[Info]2018/02/19 12:22:49 acsessd /api/status.json
[Info]2018/02/19 12:22:49 {"hostname":"ksc-1x-dhcp-172-29-194-195.kwansei.ac.jp","hostid":"18d901f1-4a03-3ff1-ae34-c26b2732f13c","virtualizationSystem":"","total":8589934592,"available":1747247104,"usedPercent":79.65936660766602,"diskIO":[{"name":"disk0","ioTime":1303605,"weightedIO":0}],"cpu":[{"cpu":"cpu0","user":3986.0859375,"system":2237.2734375,"idle":15188.9765625,"nice":0,"iowait":0,"irq":0,"softirq":0,"steal":0,"guest":0,"guestNice":0,"stolen":0},{"cpu":"cpu1","user":2404.484375,"system":982.6875,"idle":18024.3515625,"nice":0,"iowait":0,"irq":0,"softirq":0,"steal":0,"guest":0,"guestNice":0,"stolen":0},{"cpu":"cpu2","user":3871.6875,"system":1968.71875,"idle":15571.1171875,"nice":0,"iowait":0,"irq":0,"softirq":0,"steal":0,"guest":0,"guestNice":0,"stolen":0},{"cpu":"cpu3","user":2439.515625,"system":995.7421875,"idle":17976.2578125,"nice":0,"iowait":0,"irq":0,"softirq":0,"steal":0,"guest":0,"guestNice":0,"stolen":0}],"time":"2018-02-19 12:22:49.999267 +0900 JST m=+2479.233480537","errorInfo":null}
[Info]2018/02/19 12:22:50 acsessd /api/status.json
[Info]2018/02/19 12:22:50 {"hostname":"ksc-1x-dhcp-172-29-194-195.kwansei.ac.jp","hostid":"18d901f1-4a03-3ff1-ae34-c26b2732f13c","virtualizationSystem":"","total":8589934592,"available":1744568320,"usedPercent":79.6905517578125,"diskIO":[{"name":"disk0","ioTime":1303613,"weightedIO":0}],"cpu":[{"cpu":"cpu0","user":3986.1875,"system":2237.3359375,"idle":15189.203125,"nice":0,"iowait":0,"irq":0,"softirq":0,"steal":0,"guest":0,"guestNice":0,"stolen":0},{"cpu":"cpu1","user":2404.5390625,"system":982.703125,"idle":18024.671875,"nice":0,"iowait":0,"irq":0,"softirq":0,"steal":0,"guest":0,"guestNice":0,"stolen":0},{"cpu":"cpu2","user":3871.765625,"system":1968.78125,"idle":15571.375,"nice":0,"iowait":0,"irq":0,"softirq":0,"steal":0,"guest":0,"guestNice":0,"stolen":0},{"cpu":"cpu3","user":2439.5625,"system":995.765625,"idle":17976.5859375,"nice":0,"iowait":0,"irq":0,"softirq":0,"steal":0,"guest":0,"guestNice":0,"stolen":0}],"time":"2018-02-19 12:22:50.501621 +0900 JST m=+2479.735833464","errorInfo":null}
[Info]2018/02/19 12:22:50 acsessd /api/status.json
[Info]2018/02/19 12:22:51 {"hostname":"ksc-1x-dhcp-172-29-194-195.kwansei.ac.jp","hostid":"18d901f1-4a03-3ff1-ae34-c26b2732f13c","virtualizationSystem":"","total":8589934592,"available":1744171008,"usedPercent":79.69517707824707,"diskIO":[{"name":"disk0","ioTime":1303633,"weightedIO":0}],"cpu":[{"cpu":"cpu0","user":3986.3046875,"system":2237.3984375,"idle":15189.421875,"nice":0,"iowait":0,"irq":0,"softirq":0,"steal":0,"guest":0,"guestNice":0,"stolen":0},{"cpu":"cpu1","user":2404.6015625,"system":982.7265625,"idle":18024.9765625,"nice":0,"iowait":0,"irq":0,"softirq":0,"steal":0,"guest":0,"guestNice":0,"stolen":0},{"cpu":"cpu2","user":3871.8671875,"system":1968.8515625,"idle":15571.5859375,"nice":0,"iowait":0,"irq":0,"softirq":0,"steal":0,"guest":0,"guestNice":0,"stolen":0},{"cpu":"cpu3","user":2439.6328125,"system":995.7890625,"idle":17976.8828125,"nice":0,"iowait":0,"irq":0,"softirq":0,"steal":0,"guest":0,"guestNice":0,"stolen":0}],"time":"2018-02-19 12:22:51.003117 +0900 JST m=+2480.237328209","errorInfo":null}
[Info]2018/02/19 12:22:51 acsessd /api/status.json
[Info]2018/02/19 12:22:51 {"hostname":"ksc-1x-dhcp-172-29-194-195.kwansei.ac.jp","hostid":"18d901f1-4a03-3ff1-ae34-c26b2732f13c","virtualizationSystem":"","total":8589934592,"available":1743855616,"usedPercent":79.69884872436523,"diskIO":[{"name":"disk0","ioTime":1303643,"weightedIO":0}],"cpu":[{"cpu":"cpu0","user":3986.3828125,"system":2237.5078125,"idle":15189.6328125,"nice":0,"iowait":0,"irq":0,"softirq":0,"steal":0,"guest":0,"guestNice":0,"stolen":0},{"cpu":"cpu1","user":2404.6640625,"system":982.7578125,"idle":18025.296875,"nice":0,"iowait":0,"irq":0,"softirq":0,"steal":0,"guest":0,"guestNice":0,"stolen":0},{"cpu":"cpu2","user":3871.96875,"system":1968.90625,"idle":15571.8359375,"nice":0,"iowait":0,"irq":0,"softirq":0,"steal":0,"guest":0,"guestNice":0,"stolen":0},{"cpu":"cpu3","user":2439.703125,"system":995.8203125,"idle":17977.1875,"nice":0,"iowait":0,"irq":0,"softirq":0,"steal":0,"guest":0,"guestNice":0,"stolen":0}],"time":"2018-02-19 12:22:51.526486 +0900 JST m=+2480.760696383","errorInfo":null}
[Info]2018/02/19 12:22:51 acsessd /api/status.json
[Info]2018/02/19 12:22:52 {"hostname":"ksc-1x-dhcp-172-29-194-195.kwansei.ac.jp","hostid":"18d901f1-4a03-3ff1-ae34-c26b2732f13c","virtualizationSystem":"","total":8589934592,"available":1743966208,"usedPercent":79.69756126403809,"diskIO":[{"name":"disk0","ioTime":1303643,"weightedIO":0}],"cpu":[{"cpu":"cpu0","user":3986.453125,"system":2237.5703125,"idle":15189.890625,"nice":0,"iowait":0,"irq":0,"softirq":0,"steal":0,"guest":0,"guestNice":0,"stolen":0},{"cpu":"cpu1","user":2404.703125,"system":982.7890625,"idle":18025.609375,"nice":0,"iowait":0,"irq":0,"softirq":0,"steal":0,"guest":0,"guestNice":0,"stolen":0},{"cpu":"cpu2","user":3872.03125,"system":1968.9609375,"idle":15572.1171875,"nice":0,"iowait":0,"irq":0,"softirq":0,"steal":0,"guest":0,"guestNice":0,"stolen":0},{"cpu":"cpu3","user":2439.75,"system":995.84375,"idle":17977.5078125,"nice":0,"iowait":0,"irq":0,"softirq":0,"steal":0,"guest":0,"guestNice":0,"stolen":0}],"time":"2018-02-19 12:22:52.020093 +0900 JST m=+2481.254302826","errorInfo":null}
[Info]2018/02/19 12:22:52 acsessd /api/status.json
[Info]2018/02/19 12:22:52 {"hostname":"ksc-1x-dhcp-172-29-194-195.kwansei.ac.jp","hostid":"18d901f1-4a03-3ff1-ae34-c26b2732f13c","virtualizationSystem":"","total":8589934592,"available":1743564800,"usedPercent":79.70223426818848,"diskIO":[{"name":"disk0","ioTime":1303658,"weightedIO":0}],"cpu":[{"cpu":"cpu0","user":3986.5390625,"system":2237.640625,"idle":15190.1171875,"nice":0,"iowait":0,"irq":0,"softirq":0,"steal":0,"guest":0,"guestNice":0,"stolen":0},{"cpu":"cpu1","user":2404.7421875,"system":982.8125,"idle":18025.921875,"nice":0,"iowait":0,"irq":0,"softirq":0,"steal":0,"guest":0,"guestNice":0,"stolen":0},{"cpu":"cpu2","user":3872.125,"system":1969.03125,"idle":15572.328125,"nice":0,"iowait":0,"irq":0,"softirq":0,"steal":0,"guest":0,"guestNice":0,"stolen":0},{"cpu":"cpu3","user":2439.796875,"system":995.8671875,"idle":17977.8203125,"nice":0,"iowait":0,"irq":0,"softirq":0,"steal":0,"guest":0,"guestNice":0,"stolen":0}],"time":"2018-02-19 12:22:52.508705 +0900 JST m=+2481.742913870","errorInfo":null}
[Info]2018/02/19 12:22:52 acsessd /api/status.json
[Info]2018/02/19 12:22:53 {"hostname":"ksc-1x-dhcp-172-29-194-195.kwansei.ac.jp","hostid":"18d901f1-4a03-3ff1-ae34-c26b2732f13c","virtualizationSystem":"","total":8589934592,"available":1749602304,"usedPercent":79.63194847106934,"diskIO":[{"name":"disk0","ioTime":1303672,"weightedIO":0}],"cpu":[{"cpu":"cpu0","user":3986.6171875,"system":2237.6953125,"idle":15190.390625,"nice":0,"iowait":0,"irq":0,"softirq":0,"steal":0,"guest":0,"guestNice":0,"stolen":0},{"cpu":"cpu1","user":2404.78125,"system":982.8359375,"idle":18026.2734375,"nice":0,"iowait":0,"irq":0,"softirq":0,"steal":0,"guest":0,"guestNice":0,"stolen":0},{"cpu":"cpu2","user":3872.2265625,"system":1969.1328125,"idle":15572.53125,"nice":0,"iowait":0,"irq":0,"softirq":0,"steal":0,"guest":0,"guestNice":0,"stolen":0},{"cpu":"cpu3","user":2439.8203125,"system":995.890625,"idle":17978.171875,"nice":0,"iowait":0,"irq":0,"softirq":0,"steal":0,"guest":0,"guestNice":0,"stolen":0}],"time":"2018-02-19 12:22:53.029394 +0900 JST m=+2482.263602013","errorInfo":null}
[Info]2018/02/19 12:22:53 acsessd /api/status.json
[Info]2018/02/19 12:22:53 {"hostname":"ksc-1x-dhcp-172-29-194-195.kwansei.ac.jp","hostid":"18d901f1-4a03-3ff1-ae34-c26b2732f13c","virtualizationSystem":"","total":8589934592,"available":1730297856,"usedPercent":79.85668182373047,"diskIO":[{"name":"disk0","ioTime":1303714,"weightedIO":0}],"cpu":[{"cpu":"cpu0","user":3986.8359375,"system":2237.8046875,"idle":15190.46875,"nice":0,"iowait":0,"irq":0,"softirq":0,"steal":0,"guest":0,"guestNice":0,"stolen":0},{"cpu":"cpu1","user":2404.9765625,"system":982.921875,"idle":18026.3984375,"nice":0,"iowait":0,"irq":0,"softirq":0,"steal":0,"guest":0,"guestNice":0,"stolen":0},{"cpu":"cpu2","user":3872.453125,"system":1969.2421875,"idle":15572.6015625,"nice":0,"iowait":0,"irq":0,"softirq":0,"steal":0,"guest":0,"guestNice":0,"stolen":0},{"cpu":"cpu3","user":2440.0078125,"system":995.9765625,"idle":17978.3046875,"nice":0,"iowait":0,"irq":0,"softirq":0,"steal":0,"guest":0,"guestNice":0,"stolen":0}],"time":"2018-02-19 12:22:53.553364 +0900 JST m=+2482.787570313","errorInfo":null}
[Info]2018/02/19 12:22:53 acsessd /api/status.json
[Info]2018/02/19 12:22:54 {"hostname":"ksc-1x-dhcp-172-29-194-195.kwansei.ac.jp","hostid":"18d901f1-4a03-3ff1-ae34-c26b2732f13c","virtualizationSystem":"","total":8589934592,"available":2059542528,"usedPercent":76.02376937866211,"diskIO":[{"name":"disk0","ioTime":1303753,"weightedIO":0}],"cpu":[{"cpu":"cpu0","user":3987.046875,"system":2237.921875,"idle":15190.515625,"nice":0,"iowait":0,"irq":0,"softirq":0,"steal":0,"guest":0,"guestNice":0,"stolen":0},{"cpu":"cpu1","user":2405.1640625,"system":983.015625,"idle":18026.4921875,"nice":0,"iowait":0,"irq":0,"softirq":0,"steal":0,"guest":0,"guestNice":0,"stolen":0},{"cpu":"cpu2","user":3872.6640625,"system":1969.3671875,"idle":15572.6484375,"nice":0,"iowait":0,"irq":0,"softirq":0,"steal":0,"guest":0,"guestNice":0,"stolen":0},{"cpu":"cpu3","user":2440.203125,"system":996.0703125,"idle":17978.40625,"nice":0,"iowait":0,"irq":0,"softirq":0,"steal":0,"guest":0,"guestNice":0,"stolen":0}],"time":"2018-02-19 12:22:54.034936 +0900 JST m=+2483.269141923","errorInfo":null}
[Info]2018/02/19 12:22:54 acsessd /api/status.json
[Info]2018/02/19 12:22:54 {"hostname":"ksc-1x-dhcp-172-29-194-195.kwansei.ac.jp","hostid":"18d901f1-4a03-3ff1-ae34-c26b2732f13c","virtualizationSystem":"","total":8589934592,"available":2082848768,"usedPercent":75.75244903564453,"diskIO":[{"name":"disk0","ioTime":1303758,"weightedIO":0}],"cpu":[{"cpu":"cpu0","user":3987.1875,"system":2237.9765625,"idle":15190.703125,"nice":0,"iowait":0,"irq":0,"softirq":0,"steal":0,"guest":0,"guestNice":0,"stolen":0},{"cpu":"cpu1","user":2405.265625,"system":983.0390625,"idle":18026.75,"nice":0,"iowait":0,"irq":0,"softirq":0,"steal":0,"guest":0,"guestNice":0,"stolen":0},{"cpu":"cpu2","user":3872.8046875,"system":1969.3984375,"idle":15572.8515625,"nice":0,"iowait":0,"irq":0,"softirq":0,"steal":0,"guest":0,"guestNice":0,"stolen":0},{"cpu":"cpu3","user":2440.296875,"system":996.09375,"idle":17978.6640625,"nice":0,"iowait":0,"irq":0,"softirq":0,"steal":0,"guest":0,"guestNice":0,"stolen":0}],"time":"2018-02-19 12:22:54.515392 +0900 JST m=+2483.749596828","errorInfo":null}
[Info]2018/02/19 12:22:54 acsessd /api/status.json
[Info]2018/02/19 12:22:55 {"hostname":"ksc-1x-dhcp-172-29-194-195.kwansei.ac.jp","hostid":"18d901f1-4a03-3ff1-ae34-c26b2732f13c","virtualizationSystem":"","total":8589934592,"available":2080464896,"usedPercent":75.78020095825195,"diskIO":[{"name":"disk0","ioTime":1303768,"weightedIO":0}],"cpu":[{"cpu":"cpu0","user":3987.265625,"system":2238.0078125,"idle":15190.984375,"nice":0,"iowait":0,"irq":0,"softirq":0,"steal":0,"guest":0,"guestNice":0,"stolen":0},{"cpu":"cpu1","user":2405.28125,"system":983.046875,"idle":18027.109375,"nice":0,"iowait":0,"irq":0,"softirq":0,"steal":0,"guest":0,"guestNice":0,"stolen":0},{"cpu":"cpu2","user":3872.8515625,"system":1969.4296875,"idle":15573.171875,"nice":0,"iowait":0,"irq":0,"softirq":0,"steal":0,"guest":0,"guestNice":0,"stolen":0},{"cpu":"cpu3","user":2440.3125,"system":996.1015625,"idle":17979.0234375,"nice":0,"iowait":0,"irq":0,"softirq":0,"steal":0,"guest":0,"guestNice":0,"stolen":0}],"time":"2018-02-19 12:22:55.016148 +0900 JST m=+2484.250351590","errorInfo":null}
[Info]2018/02/19 12:22:55 acsessd /api/status.json
[Info]2018/02/19 12:22:55 {"hostname":"ksc-1x-dhcp-172-29-194-195.kwansei.ac.jp","hostid":"18d901f1-4a03-3ff1-ae34-c26b2732f13c","virtualizationSystem":"","total":8589934592,"available":2078724096,"usedPercent":75.80046653747559,"diskIO":[{"name":"disk0","ioTime":1303777,"weightedIO":0}],"cpu":[{"cpu":"cpu0","user":3987.3515625,"system":2238.0390625,"idle":15191.265625,"nice":0,"iowait":0,"irq":0,"softirq":0,"steal":0,"guest":0,"guestNice":0,"stolen":0},{"cpu":"cpu1","user":2405.3203125,"system":983.0625,"idle":18027.4609375,"nice":0,"iowait":0,"irq":0,"softirq":0,"steal":0,"guest":0,"guestNice":0,"stolen":0},{"cpu":"cpu2","user":3872.921875,"system":1969.46875,"idle":15573.453125,"nice":0,"iowait":0,"irq":0,"softirq":0,"steal":0,"guest":0,"guestNice":0,"stolen":0},{"cpu":"cpu3","user":2440.359375,"system":996.1171875,"idle":17979.3671875,"nice":0,"iowait":0,"irq":0,"softirq":0,"steal":0,"guest":0,"guestNice":0,"stolen":0}],"time":"2018-02-19 12:22:55.527739 +0900 JST m=+2484.761941404","errorInfo":null}
[Info]2018/02/19 12:22:55 acsessd /api/status.json
[Info]2018/02/19 12:22:56 {"hostname":"ksc-1x-dhcp-172-29-194-195.kwansei.ac.jp","hostid":"18d901f1-4a03-3ff1-ae34-c26b2732f13c","virtualizationSystem":"","total":8589934592,"available":2090340352,"usedPercent":75.66523551940918,"diskIO":[{"name":"disk0","ioTime":1303785,"weightedIO":0}],"cpu":[{"cpu":"cpu0","user":3987.4296875,"system":2238.0859375,"idle":15191.53125,"nice":0,"iowait":0,"irq":0,"softirq":0,"steal":0,"guest":0,"guestNice":0,"stolen":0},{"cpu":"cpu1","user":2405.3515625,"system":983.0859375,"idle":18027.796875,"nice":0,"iowait":0,"irq":0,"softirq":0,"steal":0,"guest":0,"guestNice":0,"stolen":0},{"cpu":"cpu2","user":3872.9921875,"system":1969.4921875,"idle":15573.7421875,"nice":0,"iowait":0,"irq":0,"softirq":0,"steal":0,"guest":0,"guestNice":0,"stolen":0},{"cpu":"cpu3","user":2440.3984375,"system":996.140625,"idle":17979.6953125,"nice":0,"iowait":0,"irq":0,"softirq":0,"steal":0,"guest":0,"guestNice":0,"stolen":0}],"time":"2018-02-19 12:22:56.02887 +0900 JST m=+2485.263071305","errorInfo":null}
[Info]2018/02/19 12:22:56 acsessd /api/status.json
[Info]2018/02/19 12:22:56 {"hostname":"ksc-1x-dhcp-172-29-194-195.kwansei.ac.jp","hostid":"18d901f1-4a03-3ff1-ae34-c26b2732f13c","virtualizationSystem":"","total":8589934592,"available":2088415232,"usedPercent":75.68764686584473,"diskIO":[{"name":"disk0","ioTime":1303792,"weightedIO":0}],"cpu":[{"cpu":"cpu0","user":3987.53125,"system":2238.125,"idle":15191.78125,"nice":0,"iowait":0,"irq":0,"softirq":0,"steal":0,"guest":0,"guestNice":0,"stolen":0},{"cpu":"cpu1","user":2405.3984375,"system":983.1015625,"idle":18028.125,"nice":0,"iowait":0,"irq":0,"softirq":0,"steal":0,"guest":0,"guestNice":0,"stolen":0},{"cpu":"cpu2","user":3873.09375,"system":1969.5390625,"idle":15573.9921875,"nice":0,"iowait":0,"irq":0,"softirq":0,"steal":0,"guest":0,"guestNice":0,"stolen":0},{"cpu":"cpu3","user":2440.4609375,"system":996.1640625,"idle":17980,"nice":0,"iowait":0,"irq":0,"softirq":0,"steal":0,"guest":0,"guestNice":0,"stolen":0}],"time":"2018-02-19 12:22:56.533749 +0900 JST m=+2485.767949727","errorInfo":null}
[Info]2018/02/19 12:22:56 acsessd /api/status.json
[Info]2018/02/19 12:22:57 {"hostname":"ksc-1x-dhcp-172-29-194-195.kwansei.ac.jp","hostid":"18d901f1-4a03-3ff1-ae34-c26b2732f13c","virtualizationSystem":"","total":8589934592,"available":2087026688,"usedPercent":75.70381164550781,"diskIO":[{"name":"disk0","ioTime":1303792,"weightedIO":0}],"cpu":[{"cpu":"cpu0","user":3987.640625,"system":2238.171875,"idle":15192.015625,"nice":0,"iowait":0,"irq":0,"softirq":0,"steal":0,"guest":0,"guestNice":0,"stolen":0},{"cpu":"cpu1","user":2405.4609375,"system":983.1328125,"idle":18028.421875,"nice":0,"iowait":0,"irq":0,"softirq":0,"steal":0,"guest":0,"guestNice":0,"stolen":0},{"cpu":"cpu2","user":3873.1953125,"system":1969.5859375,"idle":15574.234375,"nice":0,"iowait":0,"irq":0,"softirq":0,"steal":0,"guest":0,"guestNice":0,"stolen":0},{"cpu":"cpu3","user":2440.515625,"system":996.1875,"idle":17980.3125,"nice":0,"iowait":0,"irq":0,"softirq":0,"steal":0,"guest":0,"guestNice":0,"stolen":0}],"time":"2018-02-19 12:22:57.03229 +0900 JST m=+2486.266489956","errorInfo":null}
[Info]2018/02/19 12:22:57 acsessd /api/status.json
[Info]2018/02/19 12:22:57 {"hostname":"ksc-1x-dhcp-172-29-194-195.kwansei.ac.jp","hostid":"18d901f1-4a03-3ff1-ae34-c26b2732f13c","virtualizationSystem":"","total":8589934592,"available":2086539264,"usedPercent":75.70948600769043,"diskIO":[{"name":"disk0","ioTime":1303792,"weightedIO":0}],"cpu":[{"cpu":"cpu0","user":3987.765625,"system":2238.2109375,"idle":15192.25,"nice":0,"iowait":0,"irq":0,"softirq":0,"steal":0,"guest":0,"guestNice":0,"stolen":0},{"cpu":"cpu1","user":2405.5,"system":983.1484375,"idle":18028.7578125,"nice":0,"iowait":0,"irq":0,"softirq":0,"steal":0,"guest":0,"guestNice":0,"stolen":0},{"cpu":"cpu2","user":3873.2734375,"system":1969.625,"idle":15574.515625,"nice":0,"iowait":0,"irq":0,"softirq":0,"steal":0,"guest":0,"guestNice":0,"stolen":0},{"cpu":"cpu3","user":2440.5625,"system":996.2109375,"idle":17980.640625,"nice":0,"iowait":0,"irq":0,"softirq":0,"steal":0,"guest":0,"guestNice":0,"stolen":0}],"time":"2018-02-19 12:22:57.535194 +0900 JST m=+2486.769393389","errorInfo":null}
[Info]2018/02/19 12:22:57 acsessd /api/status.json
[Info]2018/02/19 12:22:58 {"hostname":"ksc-1x-dhcp-172-29-194-195.kwansei.ac.jp","hostid":"18d901f1-4a03-3ff1-ae34-c26b2732f13c","virtualizationSystem":"","total":8589934592,"available":2087272448,"usedPercent":75.7009506225586,"diskIO":[{"name":"disk0","ioTime":1303800,"weightedIO":0}],"cpu":[{"cpu":"cpu0","user":3987.859375,"system":2238.2578125,"idle":15192.4921875,"nice":0,"iowait":0,"irq":0,"softirq":0,"steal":0,"guest":0,"guestNice":0,"stolen":0},{"cpu":"cpu1","user":2405.53125,"system":983.171875,"idle":18029.1015625,"nice":0,"iowait":0,"irq":0,"softirq":0,"steal":0,"guest":0,"guestNice":0,"stolen":0},{"cpu":"cpu2","user":3873.375,"system":1969.6640625,"idle":15574.765625,"nice":0,"iowait":0,"irq":0,"softirq":0,"steal":0,"guest":0,"guestNice":0,"stolen":0},{"cpu":"cpu3","user":2440.609375,"system":996.2265625,"idle":17980.96875,"nice":0,"iowait":0,"irq":0,"softirq":0,"steal":0,"guest":0,"guestNice":0,"stolen":0}],"time":"2018-02-19 12:22:58.036338 +0900 JST m=+2487.270535953","errorInfo":null}
[Info]2018/02/19 12:22:58 acsessd /api/status.json
[Info]2018/02/19 12:22:58 {"hostname":"ksc-1x-dhcp-172-29-194-195.kwansei.ac.jp","hostid":"18d901f1-4a03-3ff1-ae34-c26b2732f13c","virtualizationSystem":"","total":8589934592,"available":2085265408,"usedPercent":75.72431564331055,"diskIO":[{"name":"disk0","ioTime":1303807,"weightedIO":0}],"cpu":[{"cpu":"cpu0","user":3987.9453125,"system":2238.296875,"idle":15192.7734375,"nice":0,"iowait":0,"irq":0,"softirq":0,"steal":0,"guest":0,"guestNice":0,"stolen":0},{"cpu":"cpu1","user":2405.5625,"system":983.1796875,"idle":18029.4609375,"nice":0,"iowait":0,"irq":0,"softirq":0,"steal":0,"guest":0,"guestNice":0,"stolen":0},{"cpu":"cpu2","user":3873.4609375,"system":1969.703125,"idle":15575.046875,"nice":0,"iowait":0,"irq":0,"softirq":0,"steal":0,"guest":0,"guestNice":0,"stolen":0},{"cpu":"cpu3","user":2440.6328125,"system":996.2421875,"idle":17981.328125,"nice":0,"iowait":0,"irq":0,"softirq":0,"steal":0,"guest":0,"guestNice":0,"stolen":0}],"time":"2018-02-19 12:22:58.551106 +0900 JST m=+2487.785302472","errorInfo":null}
[Info]2018/02/19 12:22:58 acsessd /api/status.json
[Info]2018/02/19 12:22:59 {"hostname":"ksc-1x-dhcp-172-29-194-195.kwansei.ac.jp","hostid":"18d901f1-4a03-3ff1-ae34-c26b2732f13c","virtualizationSystem":"","total":8589934592,"available":2084081664,"usedPercent":75.73809623718262,"diskIO":[{"name":"disk0","ioTime":1303823,"weightedIO":0}],"cpu":[{"cpu":"cpu0","user":3988.015625,"system":2238.359375,"idle":15193.0390625,"nice":0,"iowait":0,"irq":0,"softirq":0,"steal":0,"guest":0,"guestNice":0,"stolen":0},{"cpu":"cpu1","user":2405.5859375,"system":983.2109375,"idle":18029.796875,"nice":0,"iowait":0,"irq":0,"softirq":0,"steal":0,"guest":0,"guestNice":0,"stolen":0},{"cpu":"cpu2","user":3873.5390625,"system":1969.765625,"idle":15575.296875,"nice":0,"iowait":0,"irq":0,"softirq":0,"steal":0,"guest":0,"guestNice":0,"stolen":0},{"cpu":"cpu3","user":2440.65625,"system":996.265625,"idle":17981.6796875,"nice":0,"iowait":0,"irq":0,"softirq":0,"steal":0,"guest":0,"guestNice":0,"stolen":0}],"time":"2018-02-19 12:22:59.053078 +0900 JST m=+2488.287273539","errorInfo":null}
[Info]2018/02/19 12:22:59 acsessd /api/status.json
[Info]2018/02/19 12:22:59 {"hostname":"ksc-1x-dhcp-172-29-194-195.kwansei.ac.jp","hostid":"18d901f1-4a03-3ff1-ae34-c26b2732f13c","virtualizationSystem":"","total":8589934592,"available":2070724608,"usedPercent":75.89359283447266,"diskIO":[{"name":"disk0","ioTime":1303839,"weightedIO":0}],"cpu":[{"cpu":"cpu0","user":3988.171875,"system":2238.4375,"idle":15193.203125,"nice":0,"iowait":0,"irq":0,"softirq":0,"steal":0,"guest":0,"guestNice":0,"stolen":0},{"cpu":"cpu1","user":2405.671875,"system":983.25,"idle":18030.0703125,"nice":0,"iowait":0,"irq":0,"softirq":0,"steal":0,"guest":0,"guestNice":0,"stolen":0},{"cpu":"cpu2","user":3873.703125,"system":1969.8359375,"idle":15575.4609375,"nice":0,"iowait":0,"irq":0,"softirq":0,"steal":0,"guest":0,"guestNice":0,"stolen":0},{"cpu":"cpu3","user":2440.7421875,"system":996.3046875,"idle":17981.9375,"nice":0,"iowait":0,"irq":0,"softirq":0,"steal":0,"guest":0,"guestNice":0,"stolen":0}],"time":"2018-02-19 12:22:59.562541 +0900 JST m=+2488.796736092","errorInfo":null}
[Info]2018/02/19 12:22:59 acsessd /api/status.json
[Info]2018/02/19 12:23:00 {"hostname":"ksc-1x-dhcp-172-29-194-195.kwansei.ac.jp","hostid":"18d901f1-4a03-3ff1-ae34-c26b2732f13c","virtualizationSystem":"","total":8589934592,"available":2069704704,"usedPercent":75.90546607971191,"diskIO":[{"name":"disk0","ioTime":1303840,"weightedIO":0}],"cpu":[{"cpu":"cpu0","user":3988.265625,"system":2238.5078125,"idle":15193.4296875,"nice":0,"iowait":0,"irq":0,"softirq":0,"steal":0,"guest":0,"guestNice":0,"stolen":0},{"cpu":"cpu1","user":2405.6953125,"system":983.28125,"idle":18030.3984375,"nice":0,"iowait":0,"irq":0,"softirq":0,"steal":0,"guest":0,"guestNice":0,"stolen":0},{"cpu":"cpu2","user":3873.7890625,"system":1969.890625,"idle":15575.703125,"nice":0,"iowait":0,"irq":0,"softirq":0,"steal":0,"guest":0,"guestNice":0,"stolen":0},{"cpu":"cpu3","user":2440.7890625,"system":996.328125,"idle":17982.265625,"nice":0,"iowait":0,"irq":0,"softirq":0,"steal":0,"guest":0,"guestNice":0,"stolen":0}],"time":"2018-02-19 12:23:00.0569 +0900 JST m=+2489.291094224","errorInfo":null}
[Info]2018/02/19 12:23:00 acsessd /api/status.json
[Info]2018/02/19 12:23:00 {"hostname":"ksc-1x-dhcp-172-29-194-195.kwansei.ac.jp","hostid":"18d901f1-4a03-3ff1-ae34-c26b2732f13c","virtualizationSystem":"","total":8589934592,"available":2068451328,"usedPercent":75.92005729675293,"diskIO":[{"name":"disk0","ioTime":1303863,"weightedIO":0}],"cpu":[{"cpu":"cpu0","user":3988.4140625,"system":2238.5703125,"idle":15193.6015625,"nice":0,"iowait":0,"irq":0,"softirq":0,"steal":0,"guest":0,"guestNice":0,"stolen":0},{"cpu":"cpu1","user":2405.8125,"system":983.328125,"idle":18030.640625,"nice":0,"iowait":0,"irq":0,"softirq":0,"steal":0,"guest":0,"guestNice":0,"stolen":0},{"cpu":"cpu2","user":3873.9609375,"system":1969.9453125,"idle":15575.875,"nice":0,"iowait":0,"irq":0,"softirq":0,"steal":0,"guest":0,"guestNice":0,"stolen":0},{"cpu":"cpu3","user":2440.90625,"system":996.3671875,"idle":17982.5078125,"nice":0,"iowait":0,"irq":0,"softirq":0,"steal":0,"guest":0,"guestNice":0,"stolen":0}],"time":"2018-02-19 12:23:00.568284 +0900 JST m=+2489.802477550","errorInfo":null}
[Info]2018/02/19 12:23:00 acsessd /api/status.json
[Info]2018/02/19 12:23:01 {"hostname":"ksc-1x-dhcp-172-29-194-195.kwansei.ac.jp","hostid":"18d901f1-4a03-3ff1-ae34-c26b2732f13c","virtualizationSystem":"","total":8589934592,"available":2068230144,"usedPercent":75.92263221740723,"diskIO":[{"name":"disk0","ioTime":1303863,"weightedIO":0}],"cpu":[{"cpu":"cpu0","user":3988.4921875,"system":2238.609375,"idle":15193.8828125,"nice":0,"iowait":0,"irq":0,"softirq":0,"steal":0,"guest":0,"guestNice":0,"stolen":0},{"cpu":"cpu1","user":2405.84375,"system":983.3359375,"idle":18030.9921875,"nice":0,"iowait":0,"irq":0,"softirq":0,"steal":0,"guest":0,"guestNice":0,"stolen":0},{"cpu":"cpu2","user":3874.0078125,"system":1969.96875,"idle":15576.1875,"nice":0,"iowait":0,"irq":0,"softirq":0,"steal":0,"guest":0,"guestNice":0,"stolen":0},{"cpu":"cpu3","user":2440.9296875,"system":996.375,"idle":17982.859375,"nice":0,"iowait":0,"irq":0,"softirq":0,"steal":0,"guest":0,"guestNice":0,"stolen":0}],"time":"2018-02-19 12:23:01.061355 +0900 JST m=+2490.295546902","errorInfo":null}
[Info]2018/02/19 12:23:01 acsessd /api/status.json
[Info]2018/02/19 12:23:01 {"hostname":"ksc-1x-dhcp-172-29-194-195.kwansei.ac.jp","hostid":"18d901f1-4a03-3ff1-ae34-c26b2732f13c","virtualizationSystem":"","total":8589934592,"available":2062319616,"usedPercent":75.99143981933594,"diskIO":[{"name":"disk0","ioTime":1303920,"weightedIO":0}],"cpu":[{"cpu":"cpu0","user":3988.7109375,"system":2238.6953125,"idle":15194,"nice":0,"iowait":0,"irq":0,"softirq":0,"steal":0,"guest":0,"guestNice":0,"stolen":0},{"cpu":"cpu1","user":2406.0234375,"system":983.3828125,"idle":18031.1875,"nice":0,"iowait":0,"irq":0,"softirq":0,"steal":0,"guest":0,"guestNice":0,"stolen":0},{"cpu":"cpu2","user":3874.234375,"system":1970.0546875,"idle":15576.3046875,"nice":0,"iowait":0,"irq":0,"softirq":0,"steal":0,"guest":0,"guestNice":0,"stolen":0},{"cpu":"cpu3","user":2441.1015625,"system":996.4296875,"idle":17983.0546875,"nice":0,"iowait":0,"irq":0,"softirq":0,"steal":0,"guest":0,"guestNice":0,"stolen":0}],"time":"2018-02-19 12:23:01.609059 +0900 JST m=+2490.843250589","errorInfo":null}
[Info]2018/02/19 12:23:02 acsessd /api/status.json
[Info]2018/02/19 12:23:02 {"hostname":"ksc-1x-dhcp-172-29-194-195.kwansei.ac.jp","hostid":"18d901f1-4a03-3ff1-ae34-c26b2732f13c","virtualizationSystem":"","total":8589934592,"available":2035499008,"usedPercent":76.30367279052734,"diskIO":[{"name":"disk0","ioTime":1303941,"weightedIO":0}],"cpu":[{"cpu":"cpu0","user":3988.8203125,"system":2238.78125,"idle":15194.15625,"nice":0,"iowait":0,"irq":0,"softirq":0,"steal":0,"guest":0,"guestNice":0,"stolen":0},{"cpu":"cpu1","user":2406.1171875,"system":983.4296875,"idle":18031.40625,"nice":0,"iowait":0,"irq":0,"softirq":0,"steal":0,"guest":0,"guestNice":0,"stolen":0},{"cpu":"cpu2","user":3874.3671875,"system":1970.1171875,"idle":15576.46875,"nice":0,"iowait":0,"irq":0,"softirq":0,"steal":0,"guest":0,"guestNice":0,"stolen":0},{"cpu":"cpu3","user":2441.1875,"system":996.46875,"idle":17983.2890625,"nice":0,"iowait":0,"irq":0,"softirq":0,"steal":0,"guest":0,"guestNice":0,"stolen":0}],"time":"2018-02-19 12:23:02.06576 +0900 JST m=+2491.299950305","errorInfo":null}
[Info]2018/02/19 12:23:02 acsessd /api/status.json
[Info]2018/02/19 12:23:02 {"hostname":"ksc-1x-dhcp-172-29-194-195.kwansei.ac.jp","hostid":"18d901f1-4a03-3ff1-ae34-c26b2732f13c","virtualizationSystem":"","total":8589934592,"available":2035642368,"usedPercent":76.30200386047363,"diskIO":[{"name":"disk0","ioTime":1303941,"weightedIO":0}],"cpu":[{"cpu":"cpu0","user":3988.875,"system":2238.8203125,"idle":15194.4609375,"nice":0,"iowait":0,"irq":0,"softirq":0,"steal":0,"guest":0,"guestNice":0,"stolen":0},{"cpu":"cpu1","user":2406.1484375,"system":983.4453125,"idle":18031.7578125,"nice":0,"iowait":0,"irq":0,"softirq":0,"steal":0,"guest":0,"guestNice":0,"stolen":0},{"cpu":"cpu2","user":3874.4453125,"system":1970.140625,"idle":15576.7578125,"nice":0,"iowait":0,"irq":0,"softirq":0,"steal":0,"guest":0,"guestNice":0,"stolen":0},{"cpu":"cpu3","user":2441.21875,"system":996.484375,"idle":17983.640625,"nice":0,"iowait":0,"irq":0,"softirq":0,"steal":0,"guest":0,"guestNice":0,"stolen":0}],"time":"2018-02-19 12:23:02.56713 +0900 JST m=+2491.801319642","errorInfo":null}
[Info]2018/02/19 12:23:03 acsessd /api/status.json
[Info]2018/02/19 12:23:03 {"hostname":"ksc-1x-dhcp-172-29-194-195.kwansei.ac.jp","hostid":"18d901f1-4a03-3ff1-ae34-c26b2732f13c","virtualizationSystem":"","total":8589934592,"available":2035474432,"usedPercent":76.30395889282227,"diskIO":[{"name":"disk0","ioTime":1303941,"weightedIO":0}],"cpu":[{"cpu":"cpu0","user":3988.9375,"system":2238.84375,"idle":15194.765625,"nice":0,"iowait":0,"irq":0,"softirq":0,"steal":0,"guest":0,"guestNice":0,"stolen":0},{"cpu":"cpu1","user":2406.171875,"system":983.4453125,"idle":18032.1171875,"nice":0,"iowait":0,"irq":0,"softirq":0,"steal":0,"guest":0,"guestNice":0,"stolen":0},{"cpu":"cpu2","user":3874.5,"system":1970.171875,"idle":15577.0703125,"nice":0,"iowait":0,"irq":0,"softirq":0,"steal":0,"guest":0,"guestNice":0,"stolen":0},{"cpu":"cpu3","user":2441.234375,"system":996.5,"idle":17984,"nice":0,"iowait":0,"irq":0,"softirq":0,"steal":0,"guest":0,"guestNice":0,"stolen":0}],"time":"2018-02-19 12:23:03.072953 +0900 JST m=+2492.307140940","errorInfo":null}
[Info]2018/02/19 12:23:03 acsessd /api/status.json
[Info]2018/02/19 12:23:03 {"hostname":"ksc-1x-dhcp-172-29-194-195.kwansei.ac.jp","hostid":"18d901f1-4a03-3ff1-ae34-c26b2732f13c","virtualizationSystem":"","total":8589934592,"available":2035179520,"usedPercent":76.30739212036133,"diskIO":[{"name":"disk0","ioTime":1304005,"weightedIO":0}],"cpu":[{"cpu":"cpu0","user":3989.0390625,"system":2238.9375,"idle":15194.9765625,"nice":0,"iowait":0,"irq":0,"softirq":0,"steal":0,"guest":0,"guestNice":0,"stolen":0},{"cpu":"cpu1","user":2406.25,"system":983.5,"idle":18032.3828125,"nice":0,"iowait":0,"irq":0,"softirq":0,"steal":0,"guest":0,"guestNice":0,"stolen":0},{"cpu":"cpu2","user":3874.625,"system":1970.265625,"idle":15577.25,"nice":0,"iowait":0,"irq":0,"softirq":0,"steal":0,"guest":0,"guestNice":0,"stolen":0},{"cpu":"cpu3","user":2441.3046875,"system":996.5546875,"idle":17984.2734375,"nice":0,"iowait":0,"irq":0,"softirq":0,"steal":0,"guest":0,"guestNice":0,"stolen":0}],"time":"2018-02-19 12:23:03.582083 +0900 JST m=+2492.816270343","errorInfo":null}
[Info]2018/02/19 12:23:04 acsessd /api/status.json
[Info]2018/02/19 12:23:04 {"hostname":"ksc-1x-dhcp-172-29-194-195.kwansei.ac.jp","hostid":"18d901f1-4a03-3ff1-ae34-c26b2732f13c","virtualizationSystem":"","total":8589934592,"available":2030522368,"usedPercent":76.36160850524902,"diskIO":[{"name":"disk0","ioTime":1304026,"weightedIO":0}],"cpu":[{"cpu":"cpu0","user":3989.203125,"system":2239,"idle":15195.125,"nice":0,"iowait":0,"irq":0,"softirq":0,"steal":0,"guest":0,"guestNice":0,"stolen":0},{"cpu":"cpu1","user":2406.3671875,"system":983.546875,"idle":18032.6015625,"nice":0,"iowait":0,"irq":0,"softirq":0,"steal":0,"guest":0,"guestNice":0,"stolen":0},{"cpu":"cpu2","user":3874.78125,"system":1970.3515625,"idle":15577.3828125,"nice":0,"iowait":0,"irq":0,"softirq":0,"steal":0,"guest":0,"guestNice":0,"stolen":0},{"cpu":"cpu3","user":2441.421875,"system":996.609375,"idle":17984.484375,"nice":0,"iowait":0,"irq":0,"softirq":0,"steal":0,"guest":0,"guestNice":0,"stolen":0}],"time":"2018-02-19 12:23:04.073945 +0900 JST m=+2493.308131432","errorInfo":null}
[Info]2018/02/19 12:23:04 acsessd /api/status.json
[Info]2018/02/19 12:23:04 {"hostname":"ksc-1x-dhcp-172-29-194-195.kwansei.ac.jp","hostid":"18d901f1-4a03-3ff1-ae34-c26b2732f13c","virtualizationSystem":"","total":8589934592,"available":2032947200,"usedPercent":76.3333797454834,"diskIO":[{"name":"disk0","ioTime":1304026,"weightedIO":0}],"cpu":[{"cpu":"cpu0","user":3989.3359375,"system":2239.078125,"idle":15195.3046875,"nice":0,"iowait":0,"irq":0,"softirq":0,"steal":0,"guest":0,"guestNice":0,"stolen":0},{"cpu":"cpu1","user":2406.453125,"system":983.59375,"idle":18032.8671875,"nice":0,"iowait":0,"irq":0,"softirq":0,"steal":0,"guest":0,"guestNice":0,"stolen":0},{"cpu":"cpu2","user":3874.9140625,"system":1970.4140625,"idle":15577.5859375,"nice":0,"iowait":0,"irq":0,"softirq":0,"steal":0,"guest":0,"guestNice":0,"stolen":0},{"cpu":"cpu3","user":2441.5,"system":996.65625,"idle":17984.7578125,"nice":0,"iowait":0,"irq":0,"softirq":0,"steal":0,"guest":0,"guestNice":0,"stolen":0}],"time":"2018-02-19 12:23:04.577715 +0900 JST m=+2493.811900133","errorInfo":null}
[Info]2018/02/19 12:23:05 acsessd /api/status.json
[Info]2018/02/19 12:23:05 {"hostname":"ksc-1x-dhcp-172-29-194-195.kwansei.ac.jp","hostid":"18d901f1-4a03-3ff1-ae34-c26b2732f13c","virtualizationSystem":"","total":8589934592,"available":2031079424,"usedPercent":76.35512351989746,"diskIO":[{"name":"disk0","ioTime":1304036,"weightedIO":0}],"cpu":[{"cpu":"cpu0","user":3989.4453125,"system":2239.1328125,"idle":15195.546875,"nice":0,"iowait":0,"irq":0,"softirq":0,"steal":0,"guest":0,"guestNice":0,"stolen":0},{"cpu":"cpu1","user":2406.5,"system":983.6171875,"idle":18033.1875,"nice":0,"iowait":0,"irq":0,"softirq":0,"steal":0,"guest":0,"guestNice":0,"stolen":0},{"cpu":"cpu2","user":3875.0234375,"system":1970.4609375,"idle":15577.828125,"nice":0,"iowait":0,"irq":0,"softirq":0,"steal":0,"guest":0,"guestNice":0,"stolen":0},{"cpu":"cpu3","user":2441.5546875,"system":996.671875,"idle":17985.078125,"nice":0,"iowait":0,"irq":0,"softirq":0,"steal":0,"guest":0,"guestNice":0,"stolen":0}],"time":"2018-02-19 12:23:05.080877 +0900 JST m=+2494.315060905","errorInfo":null}
[Info]2018/02/19 12:23:05 acsessd /api/status.json
[Info]2018/02/19 12:23:05 {"hostname":"ksc-1x-dhcp-172-29-194-195.kwansei.ac.jp","hostid":"18d901f1-4a03-3ff1-ae34-c26b2732f13c","virtualizationSystem":"","total":8589934592,"available":2032168960,"usedPercent":76.34243965148926,"diskIO":[{"name":"disk0","ioTime":1304036,"weightedIO":0}],"cpu":[{"cpu":"cpu0","user":3989.5390625,"system":2239.1796875,"idle":15195.8046875,"nice":0,"iowait":0,"irq":0,"softirq":0,"steal":0,"guest":0,"guestNice":0,"stolen":0},{"cpu":"cpu1","user":2406.5625,"system":983.6484375,"idle":18033.5,"nice":0,"iowait":0,"irq":0,"softirq":0,"steal":0,"guest":0,"guestNice":0,"stolen":0},{"cpu":"cpu2","user":3875.125,"system":1970.5078125,"idle":15578.0703125,"nice":0,"iowait":0,"irq":0,"softirq":0,"steal":0,"guest":0,"guestNice":0,"stolen":0},{"cpu":"cpu3","user":2441.609375,"system":996.703125,"idle":17985.390625,"nice":0,"iowait":0,"irq":0,"softirq":0,"steal":0,"guest":0,"guestNice":0,"stolen":0}],"time":"2018-02-19 12:23:05.592728 +0900 JST m=+2494.826911591","errorInfo":null}
[Info]2018/02/19 12:23:06 acsessd /api/status.json
[Info]2018/02/19 12:23:06 {"hostname":"ksc-1x-dhcp-172-29-194-195.kwansei.ac.jp","hostid":"18d901f1-4a03-3ff1-ae34-c26b2732f13c","virtualizationSystem":"","total":8589934592,"available":2032676864,"usedPercent":76.33652687072754,"diskIO":[{"name":"disk0","ioTime":1304036,"weightedIO":0}],"cpu":[{"cpu":"cpu0","user":3989.625,"system":2239.21875,"idle":15196.0703125,"nice":0,"iowait":0,"irq":0,"softirq":0,"steal":0,"guest":0,"guestNice":0,"stolen":0},{"cpu":"cpu1","user":2406.609375,"system":983.6640625,"idle":18033.828125,"nice":0,"iowait":0,"irq":0,"softirq":0,"steal":0,"guest":0,"guestNice":0,"stolen":0},{"cpu":"cpu2","user":3875.1953125,"system":1970.546875,"idle":15578.359375,"nice":0,"iowait":0,"irq":0,"softirq":0,"steal":0,"guest":0,"guestNice":0,"stolen":0},{"cpu":"cpu3","user":2441.65625,"system":996.7265625,"idle":17985.71875,"nice":0,"iowait":0,"irq":0,"softirq":0,"steal":0,"guest":0,"guestNice":0,"stolen":0}],"time":"2018-02-19 12:23:06.095215 +0900 JST m=+2495.329397813","errorInfo":null}
[Info]2018/02/19 12:23:06 acsessd /api/status.json
[Info]2018/02/19 12:23:06 {"hostname":"ksc-1x-dhcp-172-29-194-195.kwansei.ac.jp","hostid":"18d901f1-4a03-3ff1-ae34-c26b2732f13c","virtualizationSystem":"","total":8589934592,"available":2032197632,"usedPercent":76.34210586547852,"diskIO":[{"name":"disk0","ioTime":1304043,"weightedIO":0}],"cpu":[{"cpu":"cpu0","user":3989.7265625,"system":2239.2734375,"idle":15196.296875,"nice":0,"iowait":0,"irq":0,"softirq":0,"steal":0,"guest":0,"guestNice":0,"stolen":0},{"cpu":"cpu1","user":2406.65625,"system":983.6796875,"idle":18034.140625,"nice":0,"iowait":0,"irq":0,"softirq":0,"steal":0,"guest":0,"guestNice":0,"stolen":0},{"cpu":"cpu2","user":3875.296875,"system":1970.5859375,"idle":15578.6015625,"nice":0,"iowait":0,"irq":0,"softirq":0,"steal":0,"guest":0,"guestNice":0,"stolen":0},{"cpu":"cpu3","user":2441.6953125,"system":996.7421875,"idle":17986.0390625,"nice":0,"iowait":0,"irq":0,"softirq":0,"steal":0,"guest":0,"guestNice":0,"stolen":0}],"time":"2018-02-19 12:23:06.581767 +0900 JST m=+2495.815948259","errorInfo":null}
[Info]2018/02/19 12:23:07 acsessd /api/status.json
[Info]2018/02/19 12:23:07 {"hostname":"ksc-1x-dhcp-172-29-194-195.kwansei.ac.jp","hostid":"18d901f1-4a03-3ff1-ae34-c26b2732f13c","virtualizationSystem":"","total":8589934592,"available":2090000384,"usedPercent":75.66919326782227,"diskIO":[{"name":"disk0","ioTime":1304043,"weightedIO":0}],"cpu":[{"cpu":"cpu0","user":3989.7734375,"system":2239.296875,"idle":15196.609375,"nice":0,"iowait":0,"irq":0,"softirq":0,"steal":0,"guest":0,"guestNice":0,"stolen":0},{"cpu":"cpu1","user":2406.671875,"system":983.6875,"idle":18034.515625,"nice":0,"iowait":0,"irq":0,"softirq":0,"steal":0,"guest":0,"guestNice":0,"stolen":0},{"cpu":"cpu2","user":3875.375,"system":1970.6171875,"idle":15578.8828125,"nice":0,"iowait":0,"irq":0,"softirq":0,"steal":0,"guest":0,"guestNice":0,"stolen":0},{"cpu":"cpu3","user":2441.703125,"system":996.7578125,"idle":17986.40625,"nice":0,"iowait":0,"irq":0,"softirq":0,"steal":0,"guest":0,"guestNice":0,"stolen":0}],"time":"2018-02-19 12:23:07.084731 +0900 JST m=+2496.318911124","errorInfo":null}
[Info]2018/02/19 12:23:07 acsessd /api/status.json
[Info]2018/02/19 12:23:07 {"hostname":"ksc-1x-dhcp-172-29-194-195.kwansei.ac.jp","hostid":"18d901f1-4a03-3ff1-ae34-c26b2732f13c","virtualizationSystem":"","total":8589934592,"available":2089644032,"usedPercent":75.67334175109863,"diskIO":[{"name":"disk0","ioTime":1304043,"weightedIO":0}],"cpu":[{"cpu":"cpu0","user":3989.828125,"system":2239.328125,"idle":15196.921875,"nice":0,"iowait":0,"irq":0,"softirq":0,"steal":0,"guest":0,"guestNice":0,"stolen":0},{"cpu":"cpu1","user":2406.6953125,"system":983.6953125,"idle":18034.875,"nice":0,"iowait":0,"irq":0,"softirq":0,"steal":0,"guest":0,"guestNice":0,"stolen":0},{"cpu":"cpu2","user":3875.453125,"system":1970.6484375,"idle":15579.1640625,"nice":0,"iowait":0,"irq":0,"softirq":0,"steal":0,"guest":0,"guestNice":0,"stolen":0},{"cpu":"cpu3","user":2441.734375,"system":996.765625,"idle":17986.7578125,"nice":0,"iowait":0,"irq":0,"softirq":0,"steal":0,"guest":0,"guestNice":0,"stolen":0}],"time":"2018-02-19 12:23:07.585256 +0900 JST m=+2496.819435532","errorInfo":null}
[Info]2018/02/19 12:23:08 acsessd /api/status.json
[Info]2018/02/19 12:23:08 {"hostname":"ksc-1x-dhcp-172-29-194-195.kwansei.ac.jp","hostid":"18d901f1-4a03-3ff1-ae34-c26b2732f13c","virtualizationSystem":"","total":8589934592,"available":2089590784,"usedPercent":75.6739616394043,"diskIO":[{"name":"disk0","ioTime":1304043,"weightedIO":0}],"cpu":[{"cpu":"cpu0","user":3989.8984375,"system":2239.3671875,"idle":15197.203125,"nice":0,"iowait":0,"irq":0,"softirq":0,"steal":0,"guest":0,"guestNice":0,"stolen":0},{"cpu":"cpu1","user":2406.734375,"system":983.7109375,"idle":18035.2109375,"nice":0,"iowait":0,"irq":0,"softirq":0,"steal":0,"guest":0,"guestNice":0,"stolen":0},{"cpu":"cpu2","user":3875.53125,"system":1970.6796875,"idle":15579.453125,"nice":0,"iowait":0,"irq":0,"softirq":0,"steal":0,"guest":0,"guestNice":0,"stolen":0},{"cpu":"cpu3","user":2441.7734375,"system":996.78125,"idle":17987.1015625,"nice":0,"iowait":0,"irq":0,"softirq":0,"steal":0,"guest":0,"guestNice":0,"stolen":0}],"time":"2018-02-19 12:23:08.090901 +0900 JST m=+2497.325079738","errorInfo":null}
[Info]2018/02/19 12:23:08 acsessd /api/status.json
[Info]2018/02/19 12:23:08 {"hostname":"ksc-1x-dhcp-172-29-194-195.kwansei.ac.jp","hostid":"18d901f1-4a03-3ff1-ae34-c26b2732f13c","virtualizationSystem":"","total":8589934592,"available":2088267776,"usedPercent":75.68936347961426,"diskIO":[{"name":"disk0","ioTime":1304051,"weightedIO":0}],"cpu":[{"cpu":"cpu0","user":3989.984375,"system":2239.4296875,"idle":15197.453125,"nice":0,"iowait":0,"irq":0,"softirq":0,"steal":0,"guest":0,"guestNice":0,"stolen":0},{"cpu":"cpu1","user":2406.765625,"system":983.734375,"idle":18035.5546875,"nice":0,"iowait":0,"irq":0,"softirq":0,"steal":0,"guest":0,"guestNice":0,"stolen":0},{"cpu":"cpu2","user":3875.6328125,"system":1970.734375,"idle":15579.6796875,"nice":0,"iowait":0,"irq":0,"softirq":0,"steal":0,"guest":0,"guestNice":0,"stolen":0},{"cpu":"cpu3","user":2441.8046875,"system":996.8046875,"idle":17987.4375,"nice":0,"iowait":0,"irq":0,"softirq":0,"steal":0,"guest":0,"guestNice":0,"stolen":0}],"time":"2018-02-19 12:23:08.596123 +0900 JST m=+2497.830301069","errorInfo":null}
[Info]2018/02/19 12:23:09 acsessd /api/status.json
[Info]2018/02/19 12:23:09 {"hostname":"ksc-1x-dhcp-172-29-194-195.kwansei.ac.jp","hostid":"18d901f1-4a03-3ff1-ae34-c26b2732f13c","virtualizationSystem":"","total":8589934592,"available":2154553344,"usedPercent":74.91769790649414,"diskIO":[{"name":"disk0","ioTime":1304051,"weightedIO":0}],"cpu":[{"cpu":"cpu0","user":3990.09375,"system":2239.5,"idle":15197.6640625,"nice":0,"iowait":0,"irq":0,"softirq":0,"steal":0,"guest":0,"guestNice":0,"stolen":0},{"cpu":"cpu1","user":2406.8125,"system":983.765625,"idle":18035.8671875,"nice":0,"iowait":0,"irq":0,"softirq":0,"steal":0,"guest":0,"guestNice":0,"stolen":0},{"cpu":"cpu2","user":3875.71875,"system":1970.8046875,"idle":15579.921875,"nice":0,"iowait":0,"irq":0,"softirq":0,"steal":0,"guest":0,"guestNice":0,"stolen":0},{"cpu":"cpu3","user":2441.84375,"system":996.8359375,"idle":17987.7578125,"nice":0,"iowait":0,"irq":0,"softirq":0,"steal":0,"guest":0,"guestNice":0,"stolen":0}],"time":"2018-02-19 12:23:09.101036 +0900 JST m=+2498.335212709","errorInfo":null}
[Info]2018/02/19 12:23:09 acsessd /api/status.json
[Info]2018/02/19 12:23:09 {"hostname":"ksc-1x-dhcp-172-29-194-195.kwansei.ac.jp","hostid":"18d901f1-4a03-3ff1-ae34-c26b2732f13c","virtualizationSystem":"","total":8589934592,"available":2163732480,"usedPercent":74.81083869934082,"diskIO":[{"name":"disk0","ioTime":1304051,"weightedIO":0}],"cpu":[{"cpu":"cpu0","user":3990.2109375,"system":2239.5703125,"idle":15197.8671875,"nice":0,"iowait":0,"irq":0,"softirq":0,"steal":0,"guest":0,"guestNice":0,"stolen":0},{"cpu":"cpu1","user":2406.875,"system":983.8125,"idle":18036.1484375,"nice":0,"iowait":0,"irq":0,"softirq":0,"steal":0,"guest":0,"guestNice":0,"stolen":0},{"cpu":"cpu2","user":3875.828125,"system":1970.890625,"idle":15580.1171875,"nice":0,"iowait":0,"irq":0,"softirq":0,"steal":0,"guest":0,"guestNice":0,"stolen":0},{"cpu":"cpu3","user":2441.921875,"system":996.875,"idle":17988.0390625,"nice":0,"iowait":0,"irq":0,"softirq":0,"steal":0,"guest":0,"guestNice":0,"stolen":0}],"time":"2018-02-19 12:23:09.59786 +0900 JST m=+2498.832035401","errorInfo":null}
[Info]2018/02/19 12:23:10 acsessd /api/status.json
[Info]2018/02/19 12:23:10 {"hostname":"ksc-1x-dhcp-172-29-194-195.kwansei.ac.jp","hostid":"18d901f1-4a03-3ff1-ae34-c26b2732f13c","virtualizationSystem":"","total":8589934592,"available":2162692096,"usedPercent":74.82295036315918,"diskIO":[{"name":"disk0","ioTime":1304059,"weightedIO":0}],"cpu":[{"cpu":"cpu0","user":3990.3046875,"system":2239.6015625,"idle":15198.1328125,"nice":0,"iowait":0,"irq":0,"softirq":0,"steal":0,"guest":0,"guestNice":0,"stolen":0},{"cpu":"cpu1","user":2406.8984375,"system":983.8203125,"idle":18036.5,"nice":0,"iowait":0,"irq":0,"softirq":0,"steal":0,"guest":0,"guestNice":0,"stolen":0},{"cpu":"cpu2","user":3875.90625,"system":1970.9453125,"idle":15580.375,"nice":0,"iowait":0,"irq":0,"softirq":0,"steal":0,"guest":0,"guestNice":0,"stolen":0},{"cpu":"cpu3","user":2441.953125,"system":996.8828125,"idle":17988.3828125,"nice":0,"iowait":0,"irq":0,"softirq":0,"steal":0,"guest":0,"guestNice":0,"stolen":0}],"time":"2018-02-19 12:23:10.094962 +0900 JST m=+2499.329136796","errorInfo":null}
[Info]2018/02/19 12:23:10 acsessd /api/status.json
[Info]2018/02/19 12:23:10 {"hostname":"ksc-1x-dhcp-172-29-194-195.kwansei.ac.jp","hostid":"18d901f1-4a03-3ff1-ae34-c26b2732f13c","virtualizationSystem":"","total":8589934592,"available":2162335744,"usedPercent":74.82709884643555,"diskIO":[{"name":"disk0","ioTime":1304059,"weightedIO":0}],"cpu":[{"cpu":"cpu0","user":3990.3671875,"system":2239.6328125,"idle":15198.4375,"nice":0,"iowait":0,"irq":0,"softirq":0,"steal":0,"guest":0,"guestNice":0,"stolen":0},{"cpu":"cpu1","user":2406.9140625,"system":983.828125,"idle":18036.875,"nice":0,"iowait":0,"irq":0,"softirq":0,"steal":0,"guest":0,"guestNice":0,"stolen":0},{"cpu":"cpu2","user":3875.9609375,"system":1970.9609375,"idle":15580.6953125,"nice":0,"iowait":0,"irq":0,"softirq":0,"steal":0,"guest":0,"guestNice":0,"stolen":0},{"cpu":"cpu3","user":2441.96875,"system":996.890625,"idle":17988.7578125,"nice":0,"iowait":0,"irq":0,"softirq":0,"steal":0,"guest":0,"guestNice":0,"stolen":0}],"time":"2018-02-19 12:23:10.602421 +0900 JST m=+2499.836595023","errorInfo":null}
[Info]2018/02/19 12:23:11 acsessd /api/status.json
[Info]2018/02/19 12:23:11 {"hostname":"ksc-1x-dhcp-172-29-194-195.kwansei.ac.jp","hostid":"18d901f1-4a03-3ff1-ae34-c26b2732f13c","virtualizationSystem":"","total":8589934592,"available":2162380800,"usedPercent":74.82657432556152,"diskIO":[{"name":"disk0","ioTime":1304068,"weightedIO":0}],"cpu":[{"cpu":"cpu0","user":3990.3984375,"system":2239.6484375,"idle":15198.78125,"nice":0,"iowait":0,"irq":0,"softirq":0,"steal":0,"guest":0,"guestNice":0,"stolen":0},{"cpu":"cpu1","user":2406.9296875,"system":983.8359375,"idle":18037.25,"nice":0,"iowait":0,"irq":0,"softirq":0,"steal":0,"guest":0,"guestNice":0,"stolen":0},{"cpu":"cpu2","user":3876.03125,"system":1970.984375,"idle":15580.9921875,"nice":0,"iowait":0,"irq":0,"softirq":0,"steal":0,"guest":0,"guestNice":0,"stolen":0},{"cpu":"cpu3","user":2441.984375,"system":996.90625,"idle":17989.1171875,"nice":0,"iowait":0,"irq":0,"softirq":0,"steal":0,"guest":0,"guestNice":0,"stolen":0}],"time":"2018-02-19 12:23:11.102165 +0900 JST m=+2500.336338182","errorInfo":null}
[Info]2018/02/19 12:23:11 acsessd /api/status.json
[Info]2018/02/19 12:23:11 {"hostname":"ksc-1x-dhcp-172-29-194-195.kwansei.ac.jp","hostid":"18d901f1-4a03-3ff1-ae34-c26b2732f13c","virtualizationSystem":"","total":8589934592,"available":2162167808,"usedPercent":74.82905387878418,"diskIO":[{"name":"disk0","ioTime":1304076,"weightedIO":0}],"cpu":[{"cpu":"cpu0","user":3990.4765625,"system":2239.6796875,"idle":15199.0546875,"nice":0,"iowait":0,"irq":0,"softirq":0,"steal":0,"guest":0,"guestNice":0,"stolen":0},{"cpu":"cpu1","user":2406.9375,"system":983.84375,"idle":18037.6171875,"nice":0,"iowait":0,"irq":0,"softirq":0,"steal":0,"guest":0,"guestNice":0,"stolen":0},{"cpu":"cpu2","user":3876.0859375,"system":1971.0078125,"idle":15581.3125,"nice":0,"iowait":0,"irq":0,"softirq":0,"steal":0,"guest":0,"guestNice":0,"stolen":0},{"cpu":"cpu3","user":2442.0078125,"system":996.9140625,"idle":17989.484375,"nice":0,"iowait":0,"irq":0,"softirq":0,"steal":0,"guest":0,"guestNice":0,"stolen":0}],"time":"2018-02-19 12:23:11.604239 +0900 JST m=+2500.838411058","errorInfo":null}
[Info]2018/02/19 12:23:12 acsessd /api/status.json
[Info]2018/02/19 12:23:12 {"hostname":"ksc-1x-dhcp-172-29-194-195.kwansei.ac.jp","hostid":"18d901f1-4a03-3ff1-ae34-c26b2732f13c","virtualizationSystem":"","total":8589934592,"available":2162855936,"usedPercent":74.82104301452637,"diskIO":[{"name":"disk0","ioTime":1304076,"weightedIO":0}],"cpu":[{"cpu":"cpu0","user":3990.5234375,"system":2239.703125,"idle":15199.3828125,"nice":0,"iowait":0,"irq":0,"softirq":0,"steal":0,"guest":0,"guestNice":0,"stolen":0},{"cpu":"cpu1","user":2406.953125,"system":983.8515625,"idle":18037.9921875,"nice":0,"iowait":0,"irq":0,"softirq":0,"steal":0,"guest":0,"guestNice":0,"stolen":0},{"cpu":"cpu2","user":3876.1328125,"system":1971.0390625,"idle":15581.6328125,"nice":0,"iowait":0,"irq":0,"softirq":0,"steal":0,"guest":0,"guestNice":0,"stolen":0},{"cpu":"cpu3","user":2442.0234375,"system":996.9140625,"idle":17989.8515625,"nice":0,"iowait":0,"irq":0,"softirq":0,"steal":0,"guest":0,"guestNice":0,"stolen":0}],"time":"2018-02-19 12:23:12.108908 +0900 JST m=+2501.343078980","errorInfo":null}
[Info]2018/02/19 12:23:12 acsessd /api/status.json
[Info]2018/02/19 12:23:12 {"hostname":"ksc-1x-dhcp-172-29-194-195.kwansei.ac.jp","hostid":"18d901f1-4a03-3ff1-ae34-c26b2732f13c","virtualizationSystem":"","total":8589934592,"available":2163081216,"usedPercent":74.81842041015625,"diskIO":[{"name":"disk0","ioTime":1304084,"weightedIO":0}],"cpu":[{"cpu":"cpu0","user":3990.6015625,"system":2239.7265625,"idle":15199.6875,"nice":0,"iowait":0,"irq":0,"softirq":0,"steal":0,"guest":0,"guestNice":0,"stolen":0},{"cpu":"cpu1","user":2406.9921875,"system":983.859375,"idle":18038.3515625,"nice":0,"iowait":0,"irq":0,"softirq":0,"steal":0,"guest":0,"guestNice":0,"stolen":0},{"cpu":"cpu2","user":3876.1875,"system":1971.0625,"idle":15581.953125,"nice":0,"iowait":0,"irq":0,"softirq":0,"steal":0,"guest":0,"guestNice":0,"stolen":0},{"cpu":"cpu3","user":2442.0625,"system":996.9296875,"idle":17990.2109375,"nice":0,"iowait":0,"irq":0,"softirq":0,"steal":0,"guest":0,"guestNice":0,"stolen":0}],"time":"2018-02-19 12:23:12.632813 +0900 JST m=+2501.866982376","errorInfo":null}
[Info]2018/02/19 12:23:13 acsessd /api/status.json
[Info]2018/02/19 12:23:13 {"hostname":"ksc-1x-dhcp-172-29-194-195.kwansei.ac.jp","hostid":"18d901f1-4a03-3ff1-ae34-c26b2732f13c","virtualizationSystem":"","total":8589934592,"available":2161131520,"usedPercent":74.84111785888672,"diskIO":[{"name":"disk0","ioTime":1304103,"weightedIO":0}],"cpu":[{"cpu":"cpu0","user":3990.703125,"system":2239.75,"idle":15199.9453125,"nice":0,"iowait":0,"irq":0,"softirq":0,"steal":0,"guest":0,"guestNice":0,"stolen":0},{"cpu":"cpu1","user":2407.015625,"system":983.8671875,"idle":18038.6953125,"nice":0,"iowait":0,"irq":0,"softirq":0,"steal":0,"guest":0,"guestNice":0,"stolen":0},{"cpu":"cpu2","user":3876.265625,"system":1971.0859375,"idle":15582.2265625,"nice":0,"iowait":0,"irq":0,"softirq":0,"steal":0,"guest":0,"guestNice":0,"stolen":0},{"cpu":"cpu3","user":2442.078125,"system":996.9375,"idle":17990.5625,"nice":0,"iowait":0,"irq":0,"softirq":0,"steal":0,"guest":0,"guestNice":0,"stolen":0}],"time":"2018-02-19 12:23:13.114795 +0900 JST m=+2502.348963757","errorInfo":null}
[Info]2018/02/19 12:23:13 acsessd /api/status.json
[Info]2018/02/19 12:23:13 {"hostname":"ksc-1x-dhcp-172-29-194-195.kwansei.ac.jp","hostid":"18d901f1-4a03-3ff1-ae34-c26b2732f13c","virtualizationSystem":"","total":8589934592,"available":2162073600,"usedPercent":74.83015060424805,"diskIO":[{"name":"disk0","ioTime":1304103,"weightedIO":0}],"cpu":[{"cpu":"cpu0","user":3990.8046875,"system":2239.8203125,"idle":15200.1640625,"nice":0,"iowait":0,"irq":0,"softirq":0,"steal":0,"guest":0,"guestNice":0,"stolen":0},{"cpu":"cpu1","user":2407.0546875,"system":983.890625,"idle":18039.03125,"nice":0,"iowait":0,"irq":0,"softirq":0,"steal":0,"guest":0,"guestNice":0,"stolen":0},{"cpu":"cpu2","user":3876.34375,"system":1971.125,"idle":15582.5078125,"nice":0,"iowait":0,"irq":0,"softirq":0,"steal":0,"guest":0,"guestNice":0,"stolen":0},{"cpu":"cpu3","user":2442.125,"system":996.9453125,"idle":17990.8984375,"nice":0,"iowait":0,"irq":0,"softirq":0,"steal":0,"guest":0,"guestNice":0,"stolen":0}],"time":"2018-02-19 12:23:13.620671 +0900 JST m=+2502.854838762","errorInfo":null}
[Info]2018/02/19 12:23:14 acsessd /api/status.json
[Info]2018/02/19 12:23:14 {"hostname":"ksc-1x-dhcp-172-29-194-195.kwansei.ac.jp","hostid":"18d901f1-4a03-3ff1-ae34-c26b2732f13c","virtualizationSystem":"","total":8589934592,"available":2162454528,"usedPercent":74.82571601867676,"diskIO":[{"name":"disk0","ioTime":1304103,"weightedIO":0}],"cpu":[{"cpu":"cpu0","user":3990.890625,"system":2239.875,"idle":15200.421875,"nice":0,"iowait":0,"irq":0,"softirq":0,"steal":0,"guest":0,"guestNice":0,"stolen":0},{"cpu":"cpu1","user":2407.09375,"system":983.8984375,"idle":18039.375,"nice":0,"iowait":0,"irq":0,"softirq":0,"steal":0,"guest":0,"guestNice":0,"stolen":0},{"cpu":"cpu2","user":3876.4140625,"system":1971.1875,"idle":15582.765625,"nice":0,"iowait":0,"irq":0,"softirq":0,"steal":0,"guest":0,"guestNice":0,"stolen":0},{"cpu":"cpu3","user":2442.15625,"system":996.9609375,"idle":17991.2421875,"nice":0,"iowait":0,"irq":0,"softirq":0,"steal":0,"guest":0,"guestNice":0,"stolen":0}],"time":"2018-02-19 12:23:14.119054 +0900 JST m=+2503.353220945","errorInfo":null}
[Info]2018/02/19 12:23:14 acsessd /api/status.json
[Info]2018/02/19 12:23:14 {"hostname":"ksc-1x-dhcp-172-29-194-195.kwansei.ac.jp","hostid":"18d901f1-4a03-3ff1-ae34-c26b2732f13c","virtualizationSystem":"","total":8589934592,"available":2162688000,"usedPercent":74.822998046875,"diskIO":[{"name":"disk0","ioTime":1304103,"weightedIO":0}],"cpu":[{"cpu":"cpu0","user":3990.96875,"system":2239.9375,"idle":15200.671875,"nice":0,"iowait":0,"irq":0,"softirq":0,"steal":0,"guest":0,"guestNice":0,"stolen":0},{"cpu":"cpu1","user":2407.1171875,"system":983.921875,"idle":18039.7265625,"nice":0,"iowait":0,"irq":0,"softirq":0,"steal":0,"guest":0,"guestNice":0,"stolen":0},{"cpu":"cpu2","user":3876.46875,"system":1971.2421875,"idle":15583.0546875,"nice":0,"iowait":0,"irq":0,"softirq":0,"steal":0,"guest":0,"guestNice":0,"stolen":0},{"cpu":"cpu3","user":2442.1796875,"system":996.984375,"idle":17991.59375,"nice":0,"iowait":0,"irq":0,"softirq":0,"steal":0,"guest":0,"guestNice":0,"stolen":0}],"time":"2018-02-19 12:23:14.623608 +0900 JST m=+2503.857773748","errorInfo":null}
[Info]2018/02/19 12:23:15 acsessd /api/status.json
[Info]2018/02/19 12:23:15 {"hostname":"ksc-1x-dhcp-172-29-194-195.kwansei.ac.jp","hostid":"18d901f1-4a03-3ff1-ae34-c26b2732f13c","virtualizationSystem":"","total":8589934592,"available":2162851840,"usedPercent":74.82109069824219,"diskIO":[{"name":"disk0","ioTime":1304111,"weightedIO":0}],"cpu":[{"cpu":"cpu0","user":3991.0390625,"system":2239.9765625,"idle":15200.953125,"nice":0,"iowait":0,"irq":0,"softirq":0,"steal":0,"guest":0,"guestNice":0,"stolen":0},{"cpu":"cpu1","user":2407.1484375,"system":983.9296875,"idle":18040.078125,"nice":0,"iowait":0,"irq":0,"softirq":0,"steal":0,"guest":0,"guestNice":0,"stolen":0},{"cpu":"cpu2","user":3876.5625,"system":1971.28125,"idle":15583.3046875,"nice":0,"iowait":0,"irq":0,"softirq":0,"steal":0,"guest":0,"guestNice":0,"stolen":0},{"cpu":"cpu3","user":2442.203125,"system":996.9921875,"idle":17991.953125,"nice":0,"iowait":0,"irq":0,"softirq":0,"steal":0,"guest":0,"guestNice":0,"stolen":0}],"time":"2018-02-19 12:23:15.124087 +0900 JST m=+2504.358252419","errorInfo":null}
[Info]2018/02/19 12:23:15 acsessd /api/status.json
[Info]2018/02/19 12:23:15 {"hostname":"ksc-1x-dhcp-172-29-194-195.kwansei.ac.jp","hostid":"18d901f1-4a03-3ff1-ae34-c26b2732f13c","virtualizationSystem":"","total":8589934592,"available":2163826688,"usedPercent":74.80974197387695,"diskIO":[{"name":"disk0","ioTime":1304119,"weightedIO":0}],"cpu":[{"cpu":"cpu0","user":3991.109375,"system":2240.015625,"idle":15201.2265625,"nice":0,"iowait":0,"irq":0,"softirq":0,"steal":0,"guest":0,"guestNice":0,"stolen":0},{"cpu":"cpu1","user":2407.15625,"system":983.9375,"idle":18040.4453125,"nice":0,"iowait":0,"irq":0,"softirq":0,"steal":0,"guest":0,"guestNice":0,"stolen":0},{"cpu":"cpu2","user":3876.609375,"system":1971.3046875,"idle":15583.6328125,"nice":0,"iowait":0,"irq":0,"softirq":0,"steal":0,"guest":0,"guestNice":0,"stolen":0},{"cpu":"cpu3","user":2442.21875,"system":997.0078125,"idle":17992.3203125,"nice":0,"iowait":0,"irq":0,"softirq":0,"steal":0,"guest":0,"guestNice":0,"stolen":0}],"time":"2018-02-19 12:23:15.622134 +0900 JST m=+2504.856298525","errorInfo":null}
[Info]2018/02/19 12:23:16 acsessd /api/status.json
[Info]2018/02/19 12:23:16 {"hostname":"ksc-1x-dhcp-172-29-194-195.kwansei.ac.jp","hostid":"18d901f1-4a03-3ff1-ae34-c26b2732f13c","virtualizationSystem":"","total":8589934592,"available":2162733056,"usedPercent":74.82247352600098,"diskIO":[{"name":"disk0","ioTime":1304119,"weightedIO":0}],"cpu":[{"cpu":"cpu0","user":3991.1640625,"system":2240.046875,"idle":15201.546875,"nice":0,"iowait":0,"irq":0,"softirq":0,"steal":0,"guest":0,"guestNice":0,"stolen":0},{"cpu":"cpu1","user":2407.1796875,"system":983.9453125,"idle":18040.8125,"nice":0,"iowait":0,"irq":0,"softirq":0,"steal":0,"guest":0,"guestNice":0,"stolen":0},{"cpu":"cpu2","user":3876.6796875,"system":1971.3203125,"idle":15583.9375,"nice":0,"iowait":0,"irq":0,"softirq":0,"steal":0,"guest":0,"guestNice":0,"stolen":0},{"cpu":"cpu3","user":2442.2265625,"system":997.0078125,"idle":17992.6953125,"nice":0,"iowait":0,"irq":0,"softirq":0,"steal":0,"guest":0,"guestNice":0,"stolen":0}],"time":"2018-02-19 12:23:16.129415 +0900 JST m=+2505.363578011","errorInfo":null}
[Info]2018/02/19 12:23:16 acsessd /api/status.json
[Info]2018/02/19 12:23:16 {"hostname":"ksc-1x-dhcp-172-29-194-195.kwansei.ac.jp","hostid":"18d901f1-4a03-3ff1-ae34-c26b2732f13c","virtualizationSystem":"","total":8589934592,"available":2162372608,"usedPercent":74.82666969299316,"diskIO":[{"name":"disk0","ioTime":1304126,"weightedIO":0}],"cpu":[{"cpu":"cpu0","user":3991.2109375,"system":2240.0625,"idle":15201.8671875,"nice":0,"iowait":0,"irq":0,"softirq":0,"steal":0,"guest":0,"guestNice":0,"stolen":0},{"cpu":"cpu1","user":2407.1875,"system":983.9453125,"idle":18041.1875,"nice":0,"iowait":0,"irq":0,"softirq":0,"steal":0,"guest":0,"guestNice":0,"stolen":0},{"cpu":"cpu2","user":3876.7421875,"system":1971.3515625,"idle":15584.234375,"nice":0,"iowait":0,"irq":0,"softirq":0,"steal":0,"guest":0,"guestNice":0,"stolen":0},{"cpu":"cpu3","user":2442.25,"system":997.015625,"idle":17993.0625,"nice":0,"iowait":0,"irq":0,"softirq":0,"steal":0,"guest":0,"guestNice":0,"stolen":0}],"time":"2018-02-19 12:23:16.631942 +0900 JST m=+2505.866104073","errorInfo":null}
[Info]2018/02/19 12:23:17 acsessd /api/status.json
[Info]2018/02/19 12:23:17 {"hostname":"ksc-1x-dhcp-172-29-194-195.kwansei.ac.jp","hostid":"18d901f1-4a03-3ff1-ae34-c26b2732f13c","virtualizationSystem":"","total":8589934592,"available":2162499584,"usedPercent":74.82519149780273,"diskIO":[{"name":"disk0","ioTime":1304126,"weightedIO":0}],"cpu":[{"cpu":"cpu0","user":3991.28125,"system":2240.078125,"idle":15202.171875,"nice":0,"iowait":0,"irq":0,"softirq":0,"steal":0,"guest":0,"guestNice":0,"stolen":0},{"cpu":"cpu1","user":2407.203125,"system":983.953125,"idle":18041.5625,"nice":0,"iowait":0,"irq":0,"softirq":0,"steal":0,"guest":0,"guestNice":0,"stolen":0},{"cpu":"cpu2","user":3876.796875,"system":1971.375,"idle":15584.5546875,"nice":0,"iowait":0,"irq":0,"softirq":0,"steal":0,"guest":0,"guestNice":0,"stolen":0},{"cpu":"cpu3","user":2442.2578125,"system":997.0234375,"idle":17993.4375,"nice":0,"iowait":0,"irq":0,"softirq":0,"steal":0,"guest":0,"guestNice":0,"stolen":0}],"time":"2018-02-19 12:23:17.132446 +0900 JST m=+2506.366607649","errorInfo":null}
[Info]2018/02/19 12:23:17 acsessd /api/status.json
[Info]2018/02/19 12:23:17 {"hostname":"ksc-1x-dhcp-172-29-194-195.kwansei.ac.jp","hostid":"18d901f1-4a03-3ff1-ae34-c26b2732f13c","virtualizationSystem":"","total":8589934592,"available":2161684480,"usedPercent":74.83468055725098,"diskIO":[{"name":"disk0","ioTime":1304126,"weightedIO":0}],"cpu":[{"cpu":"cpu0","user":3991.328125,"system":2240.1015625,"idle":15202.5,"nice":0,"iowait":0,"irq":0,"softirq":0,"steal":0,"guest":0,"guestNice":0,"stolen":0},{"cpu":"cpu1","user":2407.2109375,"system":983.9609375,"idle":18041.9453125,"nice":0,"iowait":0,"irq":0,"softirq":0,"steal":0,"guest":0,"guestNice":0,"stolen":0},{"cpu":"cpu2","user":3876.8515625,"system":1971.3984375,"idle":15584.8671875,"nice":0,"iowait":0,"irq":0,"softirq":0,"steal":0,"guest":0,"guestNice":0,"stolen":0},{"cpu":"cpu3","user":2442.2734375,"system":997.03125,"idle":17993.8046875,"nice":0,"iowait":0,"irq":0,"softirq":0,"steal":0,"guest":0,"guestNice":0,"stolen":0}],"time":"2018-02-19 12:23:17.636128 +0900 JST m=+2506.870288537","errorInfo":null}
[Info]2018/02/19 12:23:18 acsessd /api/status.json
[Info]2018/02/19 12:23:18 {"hostname":"ksc-1x-dhcp-172-29-194-195.kwansei.ac.jp","hostid":"18d901f1-4a03-3ff1-ae34-c26b2732f13c","virtualizationSystem":"","total":8589934592,"available":2153312256,"usedPercent":74.9321460723877,"diskIO":[{"name":"disk0","ioTime":1304134,"weightedIO":0}],"cpu":[{"cpu":"cpu0","user":3991.390625,"system":2240.1171875,"idle":15202.8203125,"nice":0,"iowait":0,"irq":0,"softirq":0,"steal":0,"guest":0,"guestNice":0,"stolen":0},{"cpu":"cpu1","user":2407.234375,"system":983.9765625,"idle":18042.296875,"nice":0,"iowait":0,"irq":0,"softirq":0,"steal":0,"guest":0,"guestNice":0,"stolen":0},{"cpu":"cpu2","user":3876.921875,"system":1971.4140625,"idle":15585.1796875,"nice":0,"iowait":0,"irq":0,"softirq":0,"steal":0,"guest":0,"guestNice":0,"stolen":0},{"cpu":"cpu3","user":2442.296875,"system":997.046875,"idle":17994.171875,"nice":0,"iowait":0,"irq":0,"softirq":0,"steal":0,"guest":0,"guestNice":0,"stolen":0}],"time":"2018-02-19 12:23:18.149678 +0900 JST m=+2507.383837503","errorInfo":null}
[Info]2018/02/19 12:23:18 acsessd /api/status.json
[Info]2018/02/19 12:23:18 {"hostname":"ksc-1x-dhcp-172-29-194-195.kwansei.ac.jp","hostid":"18d901f1-4a03-3ff1-ae34-c26b2732f13c","virtualizationSystem":"","total":8589934592,"available":2141601792,"usedPercent":75.06847381591797,"diskIO":[{"name":"disk0","ioTime":1304143,"weightedIO":0}],"cpu":[{"cpu":"cpu0","user":3991.6171875,"system":2240.171875,"idle":15202.9296875,"nice":0,"iowait":0,"irq":0,"softirq":0,"steal":0,"guest":0,"guestNice":0,"stolen":0},{"cpu":"cpu1","user":2407.2734375,"system":983.9921875,"idle":18042.640625,"nice":0,"iowait":0,"irq":0,"softirq":0,"steal":0,"guest":0,"guestNice":0,"stolen":0},{"cpu":"cpu2","user":3877.046875,"system":1971.4765625,"idle":15585.3828125,"nice":0,"iowait":0,"irq":0,"softirq":0,"steal":0,"guest":0,"guestNice":0,"stolen":0},{"cpu":"cpu3","user":2442.3203125,"system":997.0703125,"idle":17994.515625,"nice":0,"iowait":0,"irq":0,"softirq":0,"steal":0,"guest":0,"guestNice":0,"stolen":0}],"time":"2018-02-19 12:23:18.648755 +0900 JST m=+2507.882913704","errorInfo":null}
[Info]2018/02/19 12:23:19 acsessd /api/status.json
[Info]2018/02/19 12:23:19 {"hostname":"ksc-1x-dhcp-172-29-194-195.kwansei.ac.jp","hostid":"18d901f1-4a03-3ff1-ae34-c26b2732f13c","virtualizationSystem":"","total":8589934592,"available":2129457152,"usedPercent":75.2098560333252,"diskIO":[{"name":"disk0","ioTime":1304151,"weightedIO":0}],"cpu":[{"cpu":"cpu0","user":3991.734375,"system":2240.234375,"idle":15203.1640625,"nice":0,"iowait":0,"irq":0,"softirq":0,"steal":0,"guest":0,"guestNice":0,"stolen":0},{"cpu":"cpu1","user":2407.328125,"system":984.0234375,"idle":18042.96875,"nice":0,"iowait":0,"irq":0,"softirq":0,"steal":0,"guest":0,"guestNice":0,"stolen":0},{"cpu":"cpu2","user":3877.1328125,"system":1971.53125,"idle":15585.65625,"nice":0,"iowait":0,"irq":0,"softirq":0,"steal":0,"guest":0,"guestNice":0,"stolen":0},{"cpu":"cpu3","user":2442.3671875,"system":997.1015625,"idle":17994.84375,"nice":0,"iowait":0,"irq":0,"softirq":0,"steal":0,"guest":0,"guestNice":0,"stolen":0}],"time":"2018-02-19 12:23:19.177489 +0900 JST m=+2508.411646040","errorInfo":null}
[Info]2018/02/19 12:23:19 acsessd /api/status.json
[Info]2018/02/19 12:23:19 {"hostname":"ksc-1x-dhcp-172-29-194-195.kwansei.ac.jp","hostid":"18d901f1-4a03-3ff1-ae34-c26b2732f13c","virtualizationSystem":"","total":8589934592,"available":2083606528,"usedPercent":75.74362754821777,"diskIO":[{"name":"disk0","ioTime":1304151,"weightedIO":0}],"cpu":[{"cpu":"cpu0","user":3992.0703125,"system":2240.2734375,"idle":15203.1875,"nice":0,"iowait":0,"irq":0,"softirq":0,"steal":0,"guest":0,"guestNice":0,"stolen":0},{"cpu":"cpu1","user":2407.5078125,"system":984.078125,"idle":18043.1328125,"nice":0,"iowait":0,"irq":0,"softirq":0,"steal":0,"guest":0,"guestNice":0,"stolen":0},{"cpu":"cpu2","user":3877.4609375,"system":1971.5859375,"idle":15585.671875,"nice":0,"iowait":0,"irq":0,"softirq":0,"steal":0,"guest":0,"guestNice":0,"stolen":0},{"cpu":"cpu3","user":2442.5390625,"system":997.15625,"idle":17995.015625,"nice":0,"iowait":0,"irq":0,"softirq":0,"steal":0,"guest":0,"guestNice":0,"stolen":0}],"time":"2018-02-19 12:23:19.689348 +0900 JST m=+2508.923503692","errorInfo":null}
[Info]2018/02/19 12:23:20 acsessd /api/status.json
[Info]2018/02/19 12:23:20 {"hostname":"ksc-1x-dhcp-172-29-194-195.kwansei.ac.jp","hostid":"18d901f1-4a03-3ff1-ae34-c26b2732f13c","virtualizationSystem":"","total":8589934592,"available":2095517696,"usedPercent":75.6049633026123,"diskIO":[{"name":"disk0","ioTime":1304151,"weightedIO":0}],"cpu":[{"cpu":"cpu0","user":3992.3203125,"system":2240.3046875,"idle":15203.28125,"nice":0,"iowait":0,"irq":0,"softirq":0,"steal":0,"guest":0,"guestNice":0,"stolen":0},{"cpu":"cpu1","user":2407.625,"system":984.1015625,"idle":18043.375,"nice":0,"iowait":0,"irq":0,"softirq":0,"steal":0,"guest":0,"guestNice":0,"stolen":0},{"cpu":"cpu2","user":3877.703125,"system":1971.6171875,"idle":15585.7734375,"nice":0,"iowait":0,"irq":0,"softirq":0,"steal":0,"guest":0,"guestNice":0,"stolen":0},{"cpu":"cpu3","user":2442.65625,"system":997.1875,"idle":17995.2578125,"nice":0,"iowait":0,"irq":0,"softirq":0,"steal":0,"guest":0,"guestNice":0,"stolen":0}],"time":"2018-02-19 12:23:20.170248 +0900 JST m=+2509.404403392","errorInfo":null}
[Info]2018/02/19 12:23:20 acsessd /api/status.json
[Info]2018/02/19 12:23:20 {"hostname":"ksc-1x-dhcp-172-29-194-195.kwansei.ac.jp","hostid":"18d901f1-4a03-3ff1-ae34-c26b2732f13c","virtualizationSystem":"","total":8589934592,"available":2095345664,"usedPercent":75.60696601867676,"diskIO":[{"name":"disk0","ioTime":1304151,"weightedIO":0}],"cpu":[{"cpu":"cpu0","user":3992.5078125,"system":2240.3359375,"idle":15203.4375,"nice":0,"iowait":0,"irq":0,"softirq":0,"steal":0,"guest":0,"guestNice":0,"stolen":0},{"cpu":"cpu1","user":2407.6953125,"system":984.1171875,"idle":18043.65625,"nice":0,"iowait":0,"irq":0,"softirq":0,"steal":0,"guest":0,"guestNice":0,"stolen":0},{"cpu":"cpu2","user":3877.890625,"system":1971.640625,"idle":15585.9375,"nice":0,"iowait":0,"irq":0,"softirq":0,"steal":0,"guest":0,"guestNice":0,"stolen":0},{"cpu":"cpu3","user":2442.7265625,"system":997.1953125,"idle":17995.546875,"nice":0,"iowait":0,"irq":0,"softirq":0,"steal":0,"guest":0,"guestNice":0,"stolen":0}],"time":"2018-02-19 12:23:20.652166 +0900 JST m=+2509.886320049","errorInfo":null}
[Info]2018/02/19 12:23:21 acsessd /api/status.json
[Info]2018/02/19 12:23:21 {"hostname":"ksc-1x-dhcp-172-29-194-195.kwansei.ac.jp","hostid":"18d901f1-4a03-3ff1-ae34-c26b2732f13c","virtualizationSystem":"","total":8589934592,"available":2092429312,"usedPercent":75.64091682434082,"diskIO":[{"name":"disk0","ioTime":1304160,"weightedIO":0}],"cpu":[{"cpu":"cpu0","user":3992.7109375,"system":2240.3671875,"idle":15203.6015625,"nice":0,"iowait":0,"irq":0,"softirq":0,"steal":0,"guest":0,"guestNice":0,"stolen":0},{"cpu":"cpu1","user":2407.7578125,"system":984.125,"idle":18043.9765625,"nice":0,"iowait":0,"irq":0,"softirq":0,"steal":0,"guest":0,"guestNice":0,"stolen":0},{"cpu":"cpu2","user":3878.0859375,"system":1971.671875,"idle":15586.1015625,"nice":0,"iowait":0,"irq":0,"softirq":0,"steal":0,"guest":0,"guestNice":0,"stolen":0},{"cpu":"cpu3","user":2442.78125,"system":997.2109375,"idle":17995.8671875,"nice":0,"iowait":0,"irq":0,"softirq":0,"steal":0,"guest":0,"guestNice":0,"stolen":0}],"time":"2018-02-19 12:23:21.152636 +0900 JST m=+2510.386789400","errorInfo":null}
[Info]2018/02/19 12:23:21 acsessd /api/status.json
[Info]2018/02/19 12:23:21 {"hostname":"ksc-1x-dhcp-172-29-194-195.kwansei.ac.jp","hostid":"18d901f1-4a03-3ff1-ae34-c26b2732f13c","virtualizationSystem":"","total":8589934592,"available":2091782144,"usedPercent":75.64845085144043,"diskIO":[{"name":"disk0","ioTime":1304160,"weightedIO":0}],"cpu":[{"cpu":"cpu0","user":3992.90625,"system":2240.3984375,"idle":15203.7578125,"nice":0,"iowait":0,"irq":0,"softirq":0,"steal":0,"guest":0,"guestNice":0,"stolen":0},{"cpu":"cpu1","user":2407.8046875,"system":984.1484375,"idle":18044.296875,"nice":0,"iowait":0,"irq":0,"softirq":0,"steal":0,"guest":0,"guestNice":0,"stolen":0},{"cpu":"cpu2","user":3878.3125,"system":1971.7109375,"idle":15586.234375,"nice":0,"iowait":0,"irq":0,"softirq":0,"steal":0,"guest":0,"guestNice":0,"stolen":0},{"cpu":"cpu3","user":2442.828125,"system":997.2265625,"idle":17996.203125,"nice":0,"iowait":0,"irq":0,"softirq":0,"steal":0,"guest":0,"guestNice":0,"stolen":0}],"time":"2018-02-19 12:23:21.653583 +0900 JST m=+2510.887734983","errorInfo":null}
[Info]2018/02/19 12:23:22 acsessd /api/status.json
[Info]2018/02/19 12:23:22 {"hostname":"ksc-1x-dhcp-172-29-194-195.kwansei.ac.jp","hostid":"18d901f1-4a03-3ff1-ae34-c26b2732f13c","virtualizationSystem":"","total":8589934592,"available":2079744000,"usedPercent":75.78859329223633,"diskIO":[{"name":"disk0","ioTime":1304160,"weightedIO":0}],"cpu":[{"cpu":"cpu0","user":3993.09375,"system":2240.4296875,"idle":15203.953125,"nice":0,"iowait":0,"irq":0,"softirq":0,"steal":0,"guest":0,"guestNice":0,"stolen":0},{"cpu":"cpu1","user":2407.90625,"system":984.1640625,"idle":18044.5859375,"nice":0,"iowait":0,"irq":0,"softirq":0,"steal":0,"guest":0,"guestNice":0,"stolen":0},{"cpu":"cpu2","user":3878.515625,"system":1971.734375,"idle":15586.4140625,"nice":0,"iowait":0,"irq":0,"softirq":0,"steal":0,"guest":0,"guestNice":0,"stolen":0},{"cpu":"cpu3","user":2442.921875,"system":997.2421875,"idle":17996.4921875,"nice":0,"iowait":0,"irq":0,"softirq":0,"steal":0,"guest":0,"guestNice":0,"stolen":0}],"time":"2018-02-19 12:23:22.172364 +0900 JST m=+2511.406515789","errorInfo":null}
[Info]2018/02/19 12:23:22 acsessd /api/status.json
[Info]2018/02/19 12:23:22 {"hostname":"ksc-1x-dhcp-172-29-194-195.kwansei.ac.jp","hostid":"18d901f1-4a03-3ff1-ae34-c26b2732f13c","virtualizationSystem":"","total":8589934592,"available":2060632064,"usedPercent":76.0110855102539,"diskIO":[{"name":"disk0","ioTime":1304160,"weightedIO":0}],"cpu":[{"cpu":"cpu0","user":3993.3984375,"system":2240.4453125,"idle":15204.015625,"nice":0,"iowait":0,"irq":0,"softirq":0,"steal":0,"guest":0,"guestNice":0,"stolen":0},{"cpu":"cpu1","user":2407.9921875,"system":984.1796875,"idle":18044.8671875,"nice":0,"iowait":0,"irq":0,"softirq":0,"steal":0,"guest":0,"guestNice":0,"stolen":0},{"cpu":"cpu2","user":3878.734375,"system":1971.75,"idle":15586.5546875,"nice":0,"iowait":0,"irq":0,"softirq":0,"steal":0,"guest":0,"guestNice":0,"stolen":0},{"cpu":"cpu3","user":2442.9921875,"system":997.25,"idle":17996.796875,"nice":0,"iowait":0,"irq":0,"softirq":0,"steal":0,"guest":0,"guestNice":0,"stolen":0}],"time":"2018-02-19 12:23:22.663609 +0900 JST m=+2511.897759508","errorInfo":null}
[Info]2018/02/19 12:23:23 acsessd /api/status.json
[Info]2018/02/19 12:23:23 {"hostname":"ksc-1x-dhcp-172-29-194-195.kwansei.ac.jp","hostid":"18d901f1-4a03-3ff1-ae34-c26b2732f13c","virtualizationSystem":"","total":8589934592,"available":2060292096,"usedPercent":76.01504325866699,"diskIO":[{"name":"disk0","ioTime":1304160,"weightedIO":0}],"cpu":[{"cpu":"cpu0","user":3993.6171875,"system":2240.4453125,"idle":15204.1875,"nice":0,"iowait":0,"irq":0,"softirq":0,"steal":0,"guest":0,"guestNice":0,"stolen":0},{"cpu":"cpu1","user":2408.0234375,"system":984.1875,"idle":18045.2265625,"nice":0,"iowait":0,"irq":0,"softirq":0,"steal":0,"guest":0,"guestNice":0,"stolen":0},{"cpu":"cpu2","user":3878.9609375,"system":1971.78125,"idle":15586.703125,"nice":0,"iowait":0,"irq":0,"softirq":0,"steal":0,"guest":0,"guestNice":0,"stolen":0},{"cpu":"cpu3","user":2443.0234375,"system":997.2734375,"idle":17997.140625,"nice":0,"iowait":0,"irq":0,"softirq":0,"steal":0,"guest":0,"guestNice":0,"stolen":0}],"time":"2018-02-19 12:23:23.168672 +0900 JST m=+2512.402821595","errorInfo":null}
[Info]2018/02/19 12:23:23 acsessd /api/status.json
[Info]2018/02/19 12:23:23 {"hostname":"ksc-1x-dhcp-172-29-194-195.kwansei.ac.jp","hostid":"18d901f1-4a03-3ff1-ae34-c26b2732f13c","virtualizationSystem":"","total":8589934592,"available":2060173312,"usedPercent":76.01642608642578,"diskIO":[{"name":"disk0","ioTime":1304160,"weightedIO":0}],"cpu":[{"cpu":"cpu0","user":3993.78125,"system":2240.5,"idle":15204.359375,"nice":0,"iowait":0,"irq":0,"softirq":0,"steal":0,"guest":0,"guestNice":0,"stolen":0},{"cpu":"cpu1","user":2408.0703125,"system":984.21875,"idle":18045.5390625,"nice":0,"iowait":0,"irq":0,"softirq":0,"steal":0,"guest":0,"guestNice":0,"stolen":0},{"cpu":"cpu2","user":3879.265625,"system":1971.796875,"idle":15586.765625,"nice":0,"iowait":0,"irq":0,"softirq":0,"steal":0,"guest":0,"guestNice":0,"stolen":0},{"cpu":"cpu3","user":2443.0625,"system":997.296875,"idle":17997.46875,"nice":0,"iowait":0,"irq":0,"softirq":0,"steal":0,"guest":0,"guestNice":0,"stolen":0}],"time":"2018-02-19 12:23:23.674504 +0900 JST m=+2512.908652836","errorInfo":null}
[Info]2018/02/19 12:23:24 acsessd /api/status.json
[Info]2018/02/19 12:23:24 {"hostname":"ksc-1x-dhcp-172-29-194-195.kwansei.ac.jp","hostid":"18d901f1-4a03-3ff1-ae34-c26b2732f13c","virtualizationSystem":"","total":8589934592,"available":2059522048,"usedPercent":76.02400779724121,"diskIO":[{"name":"disk0","ioTime":1304168,"weightedIO":0}],"cpu":[{"cpu":"cpu0","user":3994,"system":2240.59375,"idle":15204.453125,"nice":0,"iowait":0,"irq":0,"softirq":0,"steal":0,"guest":0,"guestNice":0,"stolen":0},{"cpu":"cpu1","user":2408.1640625,"system":984.3125,"idle":18045.7578125,"nice":0,"iowait":0,"irq":0,"softirq":0,"steal":0,"guest":0,"guestNice":0,"stolen":0},{"cpu":"cpu2","user":3879.5234375,"system":1971.84375,"idle":15586.859375,"nice":0,"iowait":0,"irq":0,"softirq":0,"steal":0,"guest":0,"guestNice":0,"stolen":0},{"cpu":"cpu3","user":2443.1484375,"system":997.3671875,"idle":17997.7109375,"nice":0,"iowait":0,"irq":0,"softirq":0,"steal":0,"guest":0,"guestNice":0,"stolen":0}],"time":"2018-02-19 12:23:24.184048 +0900 JST m=+2513.418196089","errorInfo":null}
[Info]2018/02/19 12:23:24 acsessd /api/status.json
[Info]2018/02/19 12:23:24 {"hostname":"ksc-1x-dhcp-172-29-194-195.kwansei.ac.jp","hostid":"18d901f1-4a03-3ff1-ae34-c26b2732f13c","virtualizationSystem":"","total":8589934592,"available":2059616256,"usedPercent":76.02291107177734,"diskIO":[{"name":"disk0","ioTime":1304168,"weightedIO":0}],"cpu":[{"cpu":"cpu0","user":3994.1484375,"system":2240.640625,"idle":15204.6328125,"nice":0,"iowait":0,"irq":0,"softirq":0,"steal":0,"guest":0,"guestNice":0,"stolen":0},{"cpu":"cpu1","user":2408.2265625,"system":984.34375,"idle":18046.046875,"nice":0,"iowait":0,"irq":0,"softirq":0,"steal":0,"guest":0,"guestNice":0,"stolen":0},{"cpu":"cpu2","user":3879.796875,"system":1971.859375,"idle":15586.953125,"nice":0,"iowait":0,"irq":0,"softirq":0,"steal":0,"guest":0,"guestNice":0,"stolen":0},{"cpu":"cpu3","user":2443.21875,"system":997.375,"idle":17998.015625,"nice":0,"iowait":0,"irq":0,"softirq":0,"steal":0,"guest":0,"guestNice":0,"stolen":0}],"time":"2018-02-19 12:23:24.66935 +0900 JST m=+2513.903496898","errorInfo":null}
[Info]2018/02/19 12:23:25 acsessd /api/status.json
[Info]2018/02/19 12:23:25 {"hostname":"ksc-1x-dhcp-172-29-194-195.kwansei.ac.jp","hostid":"18d901f1-4a03-3ff1-ae34-c26b2732f13c","virtualizationSystem":"","total":8589934592,"available":2058854400,"usedPercent":76.03178024291992,"diskIO":[{"name":"disk0","ioTime":1304168,"weightedIO":0}],"cpu":[{"cpu":"cpu0","user":3994.40625,"system":2240.6484375,"idle":15204.7578125,"nice":0,"iowait":0,"irq":0,"softirq":0,"steal":0,"guest":0,"guestNice":0,"stolen":0},{"cpu":"cpu1","user":2408.2734375,"system":984.3515625,"idle":18046.3828125,"nice":0,"iowait":0,"irq":0,"softirq":0,"steal":0,"guest":0,"guestNice":0,"stolen":0},{"cpu":"cpu2","user":3879.953125,"system":1971.875,"idle":15587.171875,"nice":0,"iowait":0,"irq":0,"softirq":0,"steal":0,"guest":0,"guestNice":0,"stolen":0},{"cpu":"cpu3","user":2443.265625,"system":997.3984375,"idle":17998.34375,"nice":0,"iowait":0,"irq":0,"softirq":0,"steal":0,"guest":0,"guestNice":0,"stolen":0}],"time":"2018-02-19 12:23:25.174421 +0900 JST m=+2514.408566515","errorInfo":null}
[Info]2018/02/19 12:23:25 acsessd /api/status.json
[Info]2018/02/19 12:23:25 {"hostname":"ksc-1x-dhcp-172-29-194-195.kwansei.ac.jp","hostid":"18d901f1-4a03-3ff1-ae34-c26b2732f13c","virtualizationSystem":"","total":8589934592,"available":2058661888,"usedPercent":76.03402137756348,"diskIO":[{"name":"disk0","ioTime":1304184,"weightedIO":0}],"cpu":[{"cpu":"cpu0","user":3994.59375,"system":2240.6875,"idle":15204.9296875,"nice":0,"iowait":0,"irq":0,"softirq":0,"steal":0,"guest":0,"guestNice":0,"stolen":0},{"cpu":"cpu1","user":2408.34375,"system":984.3671875,"idle":18046.6796875,"nice":0,"iowait":0,"irq":0,"softirq":0,"steal":0,"guest":0,"guestNice":0,"stolen":0},{"cpu":"cpu2","user":3880.1875,"system":1971.8828125,"idle":15587.3203125,"nice":0,"iowait":0,"irq":0,"softirq":0,"steal":0,"guest":0,"guestNice":0,"stolen":0},{"cpu":"cpu3","user":2443.3125,"system":997.40625,"idle":17998.671875,"nice":0,"iowait":0,"irq":0,"softirq":0,"steal":0,"guest":0,"guestNice":0,"stolen":0}],"time":"2018-02-19 12:23:25.673257 +0900 JST m=+2514.907401396","errorInfo":null}
[Info]2018/02/19 12:23:26 acsessd /api/status.json
[Info]2018/02/19 12:23:26 {"hostname":"ksc-1x-dhcp-172-29-194-195.kwansei.ac.jp","hostid":"18d901f1-4a03-3ff1-ae34-c26b2732f13c","virtualizationSystem":"","total":8589934592,"available":2057961472,"usedPercent":76.04217529296875,"diskIO":[{"name":"disk0","ioTime":1304184,"weightedIO":0}],"cpu":[{"cpu":"cpu0","user":3994.7734375,"system":2240.703125,"idle":15205.1171875,"nice":0,"iowait":0,"irq":0,"softirq":0,"steal":0,"guest":0,"guestNice":0,"stolen":0},{"cpu":"cpu1","user":2408.3984375,"system":984.3828125,"idle":18047.0078125,"nice":0,"iowait":0,"irq":0,"softirq":0,"steal":0,"guest":0,"guestNice":0,"stolen":0},{"cpu":"cpu2","user":3880.484375,"system":1971.890625,"idle":15587.40625,"nice":0,"iowait":0,"irq":0,"softirq":0,"steal":0,"guest":0,"guestNice":0,"stolen":0},{"cpu":"cpu3","user":2443.375,"system":997.421875,"idle":17998.9921875,"nice":0,"iowait":0,"irq":0,"softirq":0,"steal":0,"guest":0,"guestNice":0,"stolen":0}],"time":"2018-02-19 12:23:26.177898 +0900 JST m=+2515.412041341","errorInfo":null}
[Info]2018/02/19 12:23:26 acsessd /api/status.json
[Info]2018/02/19 12:23:26 {"hostname":"ksc-1x-dhcp-172-29-194-195.kwansei.ac.jp","hostid":"18d901f1-4a03-3ff1-ae34-c26b2732f13c","virtualizationSystem":"","total":8589934592,"available":2057768960,"usedPercent":76.0444164276123,"diskIO":[{"name":"disk0","ioTime":1304192,"weightedIO":0}],"cpu":[{"cpu":"cpu0","user":3994.9765625,"system":2240.71875,"idle":15205.296875,"nice":0,"iowait":0,"irq":0,"softirq":0,"steal":0,"guest":0,"guestNice":0,"stolen":0},{"cpu":"cpu1","user":2408.4296875,"system":984.3984375,"idle":18047.3515625,"nice":0,"iowait":0,"irq":0,"softirq":0,"steal":0,"guest":0,"guestNice":0,"stolen":0},{"cpu":"cpu2","user":3880.75,"system":1971.90625,"idle":15587.53125,"nice":0,"iowait":0,"irq":0,"softirq":0,"steal":0,"guest":0,"guestNice":0,"stolen":0},{"cpu":"cpu3","user":2443.40625,"system":997.4296875,"idle":17999.34375,"nice":0,"iowait":0,"irq":0,"softirq":0,"steal":0,"guest":0,"guestNice":0,"stolen":0}],"time":"2018-02-19 12:23:26.681533 +0900 JST m=+2515.915675279","errorInfo":null}
[Info]2018/02/19 12:23:27 acsessd /api/status.json
[Info]2018/02/19 12:23:27 {"hostname":"ksc-1x-dhcp-172-29-194-195.kwansei.ac.jp","hostid":"18d901f1-4a03-3ff1-ae34-c26b2732f13c","virtualizationSystem":"","total":8589934592,"available":2057400320,"usedPercent":76.04870796203613,"diskIO":[{"name":"disk0","ioTime":1304192,"weightedIO":0}],"cpu":[{"cpu":"cpu0","user":3995.234375,"system":2240.7421875,"idle":15205.4140625,"nice":0,"iowait":0,"irq":0,"softirq":0,"steal":0,"guest":0,"guestNice":0,"stolen":0},{"cpu":"cpu1","user":2408.4765625,"system":984.4140625,"idle":18047.6875,"nice":0,"iowait":0,"irq":0,"softirq":0,"steal":0,"guest":0,"guestNice":0,"stolen":0},{"cpu":"cpu2","user":3880.9375,"system":1971.90625,"idle":15587.7265625,"nice":0,"iowait":0,"irq":0,"softirq":0,"steal":0,"guest":0,"guestNice":0,"stolen":0},{"cpu":"cpu3","user":2443.4375,"system":997.4375,"idle":17999.6953125,"nice":0,"iowait":0,"irq":0,"softirq":0,"steal":0,"guest":0,"guestNice":0,"stolen":0}],"time":"2018-02-19 12:23:27.183638 +0900 JST m=+2516.417780188","errorInfo":null}
[Info]2018/02/19 12:23:27 acsessd /api/status.json
[Info]2018/02/19 12:23:27 {"hostname":"ksc-1x-dhcp-172-29-194-195.kwansei.ac.jp","hostid":"18d901f1-4a03-3ff1-ae34-c26b2732f13c","virtualizationSystem":"","total":8589934592,"available":2057560064,"usedPercent":76.04684829711914,"diskIO":[{"name":"disk0","ioTime":1304192,"weightedIO":0}],"cpu":[{"cpu":"cpu0","user":3995.375,"system":2240.765625,"idle":15205.6328125,"nice":0,"iowait":0,"irq":0,"softirq":0,"steal":0,"guest":0,"guestNice":0,"stolen":0},{"cpu":"cpu1","user":2408.5078125,"system":984.4375,"idle":18048.0234375,"nice":0,"iowait":0,"irq":0,"softirq":0,"steal":0,"guest":0,"guestNice":0,"stolen":0},{"cpu":"cpu2","user":3881.2421875,"system":1971.9140625,"idle":15587.8125,"nice":0,"iowait":0,"irq":0,"softirq":0,"steal":0,"guest":0,"guestNice":0,"stolen":0},{"cpu":"cpu3","user":2443.484375,"system":997.4453125,"idle":18000.03125,"nice":0,"iowait":0,"irq":0,"softirq":0,"steal":0,"guest":0,"guestNice":0,"stolen":0}],"time":"2018-02-19 12:23:27.683935 +0900 JST m=+2516.918075529","errorInfo":null}
[Info]2018/02/19 12:23:28 acsessd /api/status.json
[Info]2018/02/19 12:23:28 {"hostname":"ksc-1x-dhcp-172-29-194-195.kwansei.ac.jp","hostid":"18d901f1-4a03-3ff1-ae34-c26b2732f13c","virtualizationSystem":"","total":8589934592,"available":2057175040,"usedPercent":76.05133056640625,"diskIO":[{"name":"disk0","ioTime":1304192,"weightedIO":0}],"cpu":[{"cpu":"cpu0","user":3995.65625,"system":2240.78125,"idle":15205.734375,"nice":0,"iowait":0,"irq":0,"softirq":0,"steal":0,"guest":0,"guestNice":0,"stolen":0},{"cpu":"cpu1","user":2408.5390625,"system":984.4453125,"idle":18048.3671875,"nice":0,"iowait":0,"irq":0,"softirq":0,"steal":0,"guest":0,"guestNice":0,"stolen":0},{"cpu":"cpu2","user":3881.4140625,"system":1971.921875,"idle":15588.0234375,"nice":0,"iowait":0,"irq":0,"softirq":0,"steal":0,"guest":0,"guestNice":0,"stolen":0},{"cpu":"cpu3","user":2443.5234375,"system":997.453125,"idle":18000.3828125,"nice":0,"iowait":0,"irq":0,"softirq":0,"steal":0,"guest":0,"guestNice":0,"stolen":0}],"time":"2018-02-19 12:23:28.191615 +0900 JST m=+2517.425754756","errorInfo":null}
[Info]2018/02/19 12:23:28 acsessd /api/status.json
[Info]2018/02/19 12:23:28 {"hostname":"ksc-1x-dhcp-172-29-194-195.kwansei.ac.jp","hostid":"18d901f1-4a03-3ff1-ae34-c26b2732f13c","virtualizationSystem":"","total":8589934592,"available":2056466432,"usedPercent":76.05957984924316,"diskIO":[{"name":"disk0","ioTime":1304192,"weightedIO":0}],"cpu":[{"cpu":"cpu0","user":3995.8203125,"system":2240.8359375,"idle":15205.9140625,"nice":0,"iowait":0,"irq":0,"softirq":0,"steal":0,"guest":0,"guestNice":0,"stolen":0},{"cpu":"cpu1","user":2408.59375,"system":984.46875,"idle":18048.6953125,"nice":0,"iowait":0,"irq":0,"softirq":0,"steal":0,"guest":0,"guestNice":0,"stolen":0},{"cpu":"cpu2","user":3881.6875,"system":1971.9453125,"idle":15588.125,"nice":0,"iowait":0,"irq":0,"softirq":0,"steal":0,"guest":0,"guestNice":0,"stolen":0},{"cpu":"cpu3","user":2443.59375,"system":997.46875,"idle":18000.6875,"nice":0,"iowait":0,"irq":0,"softirq":0,"steal":0,"guest":0,"guestNice":0,"stolen":0}],"time":"2018-02-19 12:23:28.695475 +0900 JST m=+2517.929614407","errorInfo":null}
[Info]2018/02/19 12:23:29 acsessd /api/status.json
[Info]2018/02/19 12:23:29 {"hostname":"ksc-1x-dhcp-172-29-194-195.kwansei.ac.jp","hostid":"18d901f1-4a03-3ff1-ae34-c26b2732f13c","virtualizationSystem":"","total":8589934592,"available":2049564672,"usedPercent":76.13992691040039,"diskIO":[{"name":"disk0","ioTime":1304192,"weightedIO":0}],"cpu":[{"cpu":"cpu0","user":3996.0625,"system":2240.890625,"idle":15206.0078125,"nice":0,"iowait":0,"irq":0,"softirq":0,"steal":0,"guest":0,"guestNice":0,"stolen":0},{"cpu":"cpu1","user":2408.6640625,"system":984.4921875,"idle":18048.9921875,"nice":0,"iowait":0,"irq":0,"softirq":0,"steal":0,"guest":0,"guestNice":0,"stolen":0},{"cpu":"cpu2","user":3881.8828125,"system":1971.9921875,"idle":15588.2734375,"nice":0,"iowait":0,"irq":0,"softirq":0,"steal":0,"guest":0,"guestNice":0,"stolen":0},{"cpu":"cpu3","user":2443.640625,"system":997.4921875,"idle":18001.0078125,"nice":0,"iowait":0,"irq":0,"softirq":0,"steal":0,"guest":0,"guestNice":0,"stolen":0}],"time":"2018-02-19 12:23:29.198573 +0900 JST m=+2518.432711055","errorInfo":null}
[Info]2018/02/19 12:23:29 acsessd /api/status.json
[Info]2018/02/19 12:23:29 {"hostname":"ksc-1x-dhcp-172-29-194-195.kwansei.ac.jp","hostid":"18d901f1-4a03-3ff1-ae34-c26b2732f13c","virtualizationSystem":"","total":8589934592,"available":2063634432,"usedPercent":75.97613334655762,"diskIO":[{"name":"disk0","ioTime":1304192,"weightedIO":0}],"cpu":[{"cpu":"cpu0","user":3996.3671875,"system":2240.9375,"idle":15206.0546875,"nice":0,"iowait":0,"irq":0,"softirq":0,"steal":0,"guest":0,"guestNice":0,"stolen":0},{"cpu":"cpu1","user":2408.8125,"system":984.53125,"idle":18049.2109375,"nice":0,"iowait":0,"irq":0,"softirq":0,"steal":0,"guest":0,"guestNice":0,"stolen":0},{"cpu":"cpu2","user":3882.203125,"system":1972.0390625,"idle":15588.3125,"nice":0,"iowait":0,"irq":0,"softirq":0,"steal":0,"guest":0,"guestNice":0,"stolen":0},{"cpu":"cpu3","user":2443.796875,"system":997.5390625,"idle":18001.2109375,"nice":0,"iowait":0,"irq":0,"softirq":0,"steal":0,"guest":0,"guestNice":0,"stolen":0}],"time":"2018-02-19 12:23:29.71958 +0900 JST m=+2518.953716476","errorInfo":null}
[Info]2018/02/19 12:23:30 acsessd /api/status.json
[Info]2018/02/19 12:23:30 {"hostname":"ksc-1x-dhcp-172-29-194-195.kwansei.ac.jp","hostid":"18d901f1-4a03-3ff1-ae34-c26b2732f13c","virtualizationSystem":"","total":8589934592,"available":2073903104,"usedPercent":75.8565902709961,"diskIO":[{"name":"disk0","ioTime":1304192,"weightedIO":0}],"cpu":[{"cpu":"cpu0","user":3996.640625,"system":2240.9765625,"idle":15206.125,"nice":0,"iowait":0,"irq":0,"softirq":0,"steal":0,"guest":0,"guestNice":0,"stolen":0},{"cpu":"cpu1","user":2408.921875,"system":984.546875,"idle":18049.46875,"nice":0,"iowait":0,"irq":0,"softirq":0,"steal":0,"guest":0,"guestNice":0,"stolen":0},{"cpu":"cpu2","user":3882.46875,"system":1972.0703125,"idle":15588.3984375,"nice":0,"iowait":0,"irq":0,"softirq":0,"steal":0,"guest":0,"guestNice":0,"stolen":0},{"cpu":"cpu3","user":2443.9296875,"system":997.5546875,"idle":18001.4453125,"nice":0,"iowait":0,"irq":0,"softirq":0,"steal":0,"guest":0,"guestNice":0,"stolen":0}],"time":"2018-02-19 12:23:30.20663 +0900 JST m=+2519.440765928","errorInfo":null}
[Info]2018/02/19 12:23:30 acsessd /api/status.json
[Info]2018/02/19 12:23:30 {"hostname":"ksc-1x-dhcp-172-29-194-195.kwansei.ac.jp","hostid":"18d901f1-4a03-3ff1-ae34-c26b2732f13c","virtualizationSystem":"","total":8589934592,"available":2073911296,"usedPercent":75.85649490356445,"diskIO":[{"name":"disk0","ioTime":1304192,"weightedIO":0}],"cpu":[{"cpu":"cpu0","user":3996.859375,"system":2241.0078125,"idle":15206.265625,"nice":0,"iowait":0,"irq":0,"softirq":0,"steal":0,"guest":0,"guestNice":0,"stolen":0},{"cpu":"cpu1","user":2408.953125,"system":984.5625,"idle":18049.8046875,"nice":0,"iowait":0,"irq":0,"softirq":0,"steal":0,"guest":0,"guestNice":0,"stolen":0},{"cpu":"cpu2","user":3882.671875,"system":1972.1015625,"idle":15588.5546875,"nice":0,"iowait":0,"irq":0,"softirq":0,"steal":0,"guest":0,"guestNice":0,"stolen":0},{"cpu":"cpu3","user":2443.9765625,"system":997.578125,"idle":18001.765625,"nice":0,"iowait":0,"irq":0,"softirq":0,"steal":0,"guest":0,"guestNice":0,"stolen":0}],"time":"2018-02-19 12:23:30.706456 +0900 JST m=+2519.940591098","errorInfo":null}
[Info]2018/02/19 12:23:31 acsessd /api/status.json
[Info]2018/02/19 12:23:31 {"hostname":"ksc-1x-dhcp-172-29-194-195.kwansei.ac.jp","hostid":"18d901f1-4a03-3ff1-ae34-c26b2732f13c","virtualizationSystem":"","total":8589934592,"available":2066169856,"usedPercent":75.94661712646484,"diskIO":[{"name":"disk0","ioTime":1304216,"weightedIO":0}],"cpu":[{"cpu":"cpu0","user":3997.0546875,"system":2241.0546875,"idle":15206.4453125,"nice":0,"iowait":0,"irq":0,"softirq":0,"steal":0,"guest":0,"guestNice":0,"stolen":0},{"cpu":"cpu1","user":2409.0390625,"system":984.59375,"idle":18050.1015625,"nice":0,"iowait":0,"irq":0,"softirq":0,"steal":0,"guest":0,"guestNice":0,"stolen":0},{"cpu":"cpu2","user":3882.8671875,"system":1972.1328125,"idle":15588.734375,"nice":0,"iowait":0,"irq":0,"softirq":0,"steal":0,"guest":0,"guestNice":0,"stolen":0},{"cpu":"cpu3","user":2444.0703125,"system":997.609375,"idle":18002.046875,"nice":0,"iowait":0,"irq":0,"softirq":0,"steal":0,"guest":0,"guestNice":0,"stolen":0}],"time":"2018-02-19 12:23:31.22838 +0900 JST m=+2520.462514128","errorInfo":null}
[Info]2018/02/19 12:23:31 acsessd /api/status.json
[Info]2018/02/19 12:23:31 {"hostname":"ksc-1x-dhcp-172-29-194-195.kwansei.ac.jp","hostid":"18d901f1-4a03-3ff1-ae34-c26b2732f13c","virtualizationSystem":"","total":8589934592,"available":2043772928,"usedPercent":76.20735168457031,"diskIO":[{"name":"disk0","ioTime":1304238,"weightedIO":0}],"cpu":[{"cpu":"cpu0","user":3997.328125,"system":2241.1015625,"idle":15206.5,"nice":0,"iowait":0,"irq":0,"softirq":0,"steal":0,"guest":0,"guestNice":0,"stolen":0},{"cpu":"cpu1","user":2409.15625,"system":984.6171875,"idle":18050.3359375,"nice":0,"iowait":0,"irq":0,"softirq":0,"steal":0,"guest":0,"guestNice":0,"stolen":0},{"cpu":"cpu2","user":3883.171875,"system":1972.171875,"idle":15588.7734375,"nice":0,"iowait":0,"irq":0,"softirq":0,"steal":0,"guest":0,"guestNice":0,"stolen":0},{"cpu":"cpu3","user":2444.1640625,"system":997.6328125,"idle":18002.3125,"nice":0,"iowait":0,"irq":0,"softirq":0,"steal":0,"guest":0,"guestNice":0,"stolen":0}],"time":"2018-02-19 12:23:31.715697 +0900 JST m=+2520.949829520","errorInfo":null}
[Info]2018/02/19 12:23:32 acsessd /api/status.json
[Info]2018/02/19 12:23:32 {"hostname":"ksc-1x-dhcp-172-29-194-195.kwansei.ac.jp","hostid":"18d901f1-4a03-3ff1-ae34-c26b2732f13c","virtualizationSystem":"","total":8589934592,"available":2034339840,"usedPercent":76.31716728210449,"diskIO":[{"name":"disk0","ioTime":1304243,"weightedIO":0}],"cpu":[{"cpu":"cpu0","user":3997.5234375,"system":2241.125,"idle":15206.6796875,"nice":0,"iowait":0,"irq":0,"softirq":0,"steal":0,"guest":0,"guestNice":0,"stolen":0},{"cpu":"cpu1","user":2409.2265625,"system":984.6484375,"idle":18050.640625,"nice":0,"iowait":0,"irq":0,"softirq":0,"steal":0,"guest":0,"guestNice":0,"stolen":0},{"cpu":"cpu2","user":3883.359375,"system":1972.1953125,"idle":15588.9609375,"nice":0,"iowait":0,"irq":0,"softirq":0,"steal":0,"guest":0,"guestNice":0,"stolen":0},{"cpu":"cpu3","user":2444.234375,"system":997.65625,"idle":18002.6171875,"nice":0,"iowait":0,"irq":0,"softirq":0,"steal":0,"guest":0,"guestNice":0,"stolen":0}],"time":"2018-02-19 12:23:32.232557 +0900 JST m=+2521.466689119","errorInfo":null}
[Info]2018/02/19 12:23:32 acsessd /api/status.json
[Info]2018/02/19 12:23:32 {"hostname":"ksc-1x-dhcp-172-29-194-195.kwansei.ac.jp","hostid":"18d901f1-4a03-3ff1-ae34-c26b2732f13c","virtualizationSystem":"","total":8589934592,"available":2031300608,"usedPercent":76.35254859924316,"diskIO":[{"name":"disk0","ioTime":1304243,"weightedIO":0}],"cpu":[{"cpu":"cpu0","user":3997.65625,"system":2241.1484375,"idle":15206.90625,"nice":0,"iowait":0,"irq":0,"softirq":0,"steal":0,"guest":0,"guestNice":0,"stolen":0},{"cpu":"cpu1","user":2409.25,"system":984.65625,"idle":18050.984375,"nice":0,"iowait":0,"irq":0,"softirq":0,"steal":0,"guest":0,"guestNice":0,"stolen":0},{"cpu":"cpu2","user":3883.6171875,"system":1972.2109375,"idle":15589.0625,"nice":0,"iowait":0,"irq":0,"softirq":0,"steal":0,"guest":0,"guestNice":0,"stolen":0},{"cpu":"cpu3","user":2444.265625,"system":997.671875,"idle":18002.953125,"nice":0,"iowait":0,"irq":0,"softirq":0,"steal":0,"guest":0,"guestNice":0,"stolen":0}],"time":"2018-02-19 12:23:32.714181 +0900 JST m=+2521.948312306","errorInfo":null}
[Info]2018/02/19 12:23:33 acsessd /api/status.json
[Info]2018/02/19 12:23:33 {"hostname":"ksc-1x-dhcp-172-29-194-195.kwansei.ac.jp","hostid":"18d901f1-4a03-3ff1-ae34-c26b2732f13c","virtualizationSystem":"","total":8589934592,"available":2030387200,"usedPercent":76.3631820678711,"diskIO":[{"name":"disk0","ioTime":1304243,"weightedIO":0}],"cpu":[{"cpu":"cpu0","user":3997.7421875,"system":2241.171875,"idle":15207.1875,"nice":0,"iowait":0,"irq":0,"softirq":0,"steal":0,"guest":0,"guestNice":0,"stolen":0},{"cpu":"cpu1","user":2409.265625,"system":984.671875,"idle":18051.34375,"nice":0,"iowait":0,"irq":0,"softirq":0,"steal":0,"guest":0,"guestNice":0,"stolen":0},{"cpu":"cpu2","user":3883.9609375,"system":1972.2109375,"idle":15589.109375,"nice":0,"iowait":0,"irq":0,"softirq":0,"steal":0,"guest":0,"guestNice":0,"stolen":0},{"cpu":"cpu3","user":2444.2734375,"system":997.671875,"idle":18003.3359375,"nice":0,"iowait":0,"irq":0,"softirq":0,"steal":0,"guest":0,"guestNice":0,"stolen":0}],"time":"2018-02-19 12:23:33.216422 +0900 JST m=+2522.450552662","errorInfo":null}
[Info]2018/02/19 12:23:33 acsessd /api/status.json
[Info]2018/02/19 12:23:33 {"hostname":"ksc-1x-dhcp-172-29-194-195.kwansei.ac.jp","hostid":"18d901f1-4a03-3ff1-ae34-c26b2732f13c","virtualizationSystem":"","total":8589934592,"available":2030899200,"usedPercent":76.35722160339355,"diskIO":[{"name":"disk0","ioTime":1304263,"weightedIO":0}],"cpu":[{"cpu":"cpu0","user":3997.953125,"system":2241.234375,"idle":15207.3125,"nice":0,"iowait":0,"irq":0,"softirq":0,"steal":0,"guest":0,"guestNice":0,"stolen":0},{"cpu":"cpu1","user":2409.296875,"system":984.71875,"idle":18051.671875,"nice":0,"iowait":0,"irq":0,"softirq":0,"steal":0,"guest":0,"guestNice":0,"stolen":0},{"cpu":"cpu2","user":3884.203125,"system":1972.2734375,"idle":15589.2109375,"nice":0,"iowait":0,"irq":0,"softirq":0,"steal":0,"guest":0,"guestNice":0,"stolen":0},{"cpu":"cpu3","user":2444.296875,"system":997.7265625,"idle":18003.6640625,"nice":0,"iowait":0,"irq":0,"softirq":0,"steal":0,"guest":0,"guestNice":0,"stolen":0}],"time":"2018-02-19 12:23:33.725946 +0900 JST m=+2522.960075594","errorInfo":null}
[Info]2018/02/19 12:23:34 acsessd /api/status.json
[Info]2018/02/19 12:23:34 {"hostname":"ksc-1x-dhcp-172-29-194-195.kwansei.ac.jp","hostid":"18d901f1-4a03-3ff1-ae34-c26b2732f13c","virtualizationSystem":"","total":8589934592,"available":2030100480,"usedPercent":76.36651992797852,"diskIO":[{"name":"disk0","ioTime":1304263,"weightedIO":0}],"cpu":[{"cpu":"cpu0","user":3998.1171875,"system":2241.28125,"idle":15207.484375,"nice":0,"iowait":0,"irq":0,"softirq":0,"steal":0,"guest":0,"guestNice":0,"stolen":0},{"cpu":"cpu1","user":2409.34375,"system":984.7421875,"idle":18051.984375,"nice":0,"iowait":0,"irq":0,"softirq":0,"steal":0,"guest":0,"guestNice":0,"stolen":0},{"cpu":"cpu2","user":3884.4765625,"system":1972.3125,"idle":15589.2890625,"nice":0,"iowait":0,"irq":0,"softirq":0,"steal":0,"guest":0,"guestNice":0,"stolen":0},{"cpu":"cpu3","user":2444.328125,"system":997.75,"idle":18003.9921875,"nice":0,"iowait":0,"irq":0,"softirq":0,"steal":0,"guest":0,"guestNice":0,"stolen":0}],"time":"2018-02-19 12:23:34.223293 +0900 JST m=+2523.457421598","errorInfo":null}
[Info]2018/02/19 12:23:34 acsessd /api/status.json
[Info]2018/02/19 12:23:34 {"hostname":"ksc-1x-dhcp-172-29-194-195.kwansei.ac.jp","hostid":"18d901f1-4a03-3ff1-ae34-c26b2732f13c","virtualizationSystem":"","total":8589934592,"available":2030100480,"usedPercent":76.36651992797852,"diskIO":[{"name":"disk0","ioTime":1304263,"weightedIO":0}],"cpu":[{"cpu":"cpu0","user":3998.328125,"system":2241.3125,"idle":15207.625,"nice":0,"iowait":0,"irq":0,"softirq":0,"steal":0,"guest":0,"guestNice":0,"stolen":0},{"cpu":"cpu1","user":2409.3984375,"system":984.7578125,"idle":18052.3046875,"nice":0,"iowait":0,"irq":0,"softirq":0,"steal":0,"guest":0,"guestNice":0,"stolen":0},{"cpu":"cpu2","user":3884.7109375,"system":1972.328125,"idle":15589.421875,"nice":0,"iowait":0,"irq":0,"softirq":0,"steal":0,"guest":0,"guestNice":0,"stolen":0},{"cpu":"cpu3","user":2444.359375,"system":997.765625,"idle":18004.328125,"nice":0,"iowait":0,"irq":0,"softirq":0,"steal":0,"guest":0,"guestNice":0,"stolen":0}],"time":"2018-02-19 12:23:34.720024 +0900 JST m=+2523.954150785","errorInfo":null}
[Info]2018/02/19 12:23:35 acsessd /api/status.json
[Info]2018/02/19 12:23:35 {"hostname":"ksc-1x-dhcp-172-29-194-195.kwansei.ac.jp","hostid":"18d901f1-4a03-3ff1-ae34-c26b2732f13c","virtualizationSystem":"","total":8589934592,"available":2030346240,"usedPercent":76.3636589050293,"diskIO":[{"name":"disk0","ioTime":1304263,"weightedIO":0}],"cpu":[{"cpu":"cpu0","user":3998.5078125,"system":2241.328125,"idle":15207.8359375,"nice":0,"iowait":0,"irq":0,"softirq":0,"steal":0,"guest":0,"guestNice":0,"stolen":0},{"cpu":"cpu1","user":2409.421875,"system":984.765625,"idle":18052.6640625,"nice":0,"iowait":0,"irq":0,"softirq":0,"steal":0,"guest":0,"guestNice":0,"stolen":0},{"cpu":"cpu2","user":3884.96875,"system":1972.3515625,"idle":15589.5390625,"nice":0,"iowait":0,"irq":0,"softirq":0,"steal":0,"guest":0,"guestNice":0,"stolen":0},{"cpu":"cpu3","user":2444.3671875,"system":997.7734375,"idle":18004.7109375,"nice":0,"iowait":0,"irq":0,"softirq":0,"steal":0,"guest":0,"guestNice":0,"stolen":0}],"time":"2018-02-19 12:23:35.225279 +0900 JST m=+2524.459405536","errorInfo":null}
[Info]2018/02/19 12:23:35 acsessd /api/status.json
[Info]2018/02/19 12:23:35 {"hostname":"ksc-1x-dhcp-172-29-194-195.kwansei.ac.jp","hostid":"18d901f1-4a03-3ff1-ae34-c26b2732f13c","virtualizationSystem":"","total":8589934592,"available":2029957120,"usedPercent":76.36818885803223,"diskIO":[{"name":"disk0","ioTime":1304263,"weightedIO":0}],"cpu":[{"cpu":"cpu0","user":3998.75,"system":2241.3515625,"idle":15207.953125,"nice":0,"iowait":0,"irq":0,"softirq":0,"steal":0,"guest":0,"guestNice":0,"stolen":0},{"cpu":"cpu1","user":2409.4296875,"system":984.78125,"idle":18053.0390625,"nice":0,"iowait":0,"irq":0,"softirq":0,"steal":0,"guest":0,"guestNice":0,"stolen":0},{"cpu":"cpu2","user":3885.1484375,"system":1972.3515625,"idle":15589.7421875,"nice":0,"iowait":0,"irq":0,"softirq":0,"steal":0,"guest":0,"guestNice":0,"stolen":0},{"cpu":"cpu3","user":2444.3828125,"system":997.78125,"idle":18005.0859375,"nice":0,"iowait":0,"irq":0,"softirq":0,"steal":0,"guest":0,"guestNice":0,"stolen":0}],"time":"2018-02-19 12:23:35.728155 +0900 JST m=+2524.962280559","errorInfo":null}
[Info]2018/02/19 12:23:36 acsessd /api/status.json
[Info]2018/02/19 12:23:36 {"hostname":"ksc-1x-dhcp-172-29-194-195.kwansei.ac.jp","hostid":"18d901f1-4a03-3ff1-ae34-c26b2732f13c","virtualizationSystem":"","total":8589934592,"available":2030120960,"usedPercent":76.36628150939941,"diskIO":[{"name":"disk0","ioTime":1304263,"weightedIO":0}],"cpu":[{"cpu":"cpu0","user":3999.0390625,"system":2241.3515625,"idle":15208.0546875,"nice":0,"iowait":0,"irq":0,"softirq":0,"steal":0,"guest":0,"guestNice":0,"stolen":0},{"cpu":"cpu1","user":2409.4375,"system":984.78125,"idle":18053.421875,"nice":0,"iowait":0,"irq":0,"softirq":0,"steal":0,"guest":0,"guestNice":0,"stolen":0},{"cpu":"cpu2","user":3885.2890625,"system":1972.3671875,"idle":15589.984375,"nice":0,"iowait":0,"irq":0,"softirq":0,"steal":0,"guest":0,"guestNice":0,"stolen":0},{"cpu":"cpu3","user":2444.390625,"system":997.796875,"idle":18005.4453125,"nice":0,"iowait":0,"irq":0,"softirq":0,"steal":0,"guest":0,"guestNice":0,"stolen":0}],"time":"2018-02-19 12:23:36.229878 +0900 JST m=+2525.464002455","errorInfo":null}
[Info]2018/02/19 12:23:36 acsessd /api/status.json
[Info]2018/02/19 12:23:36 {"hostname":"ksc-1x-dhcp-172-29-194-195.kwansei.ac.jp","hostid":"18d901f1-4a03-3ff1-ae34-c26b2732f13c","virtualizationSystem":"","total":8589934592,"available":2029735936,"usedPercent":76.37076377868652,"diskIO":[{"name":"disk0","ioTime":1304263,"weightedIO":0}],"cpu":[{"cpu":"cpu0","user":3999.15625,"system":2241.3671875,"idle":15208.3203125,"nice":0,"iowait":0,"irq":0,"softirq":0,"steal":0,"guest":0,"guestNice":0,"stolen":0},{"cpu":"cpu1","user":2409.46875,"system":984.7890625,"idle":18053.7734375,"nice":0,"iowait":0,"irq":0,"softirq":0,"steal":0,"guest":0,"guestNice":0,"stolen":0},{"cpu":"cpu2","user":3885.578125,"system":1972.390625,"idle":15590.0703125,"nice":0,"iowait":0,"irq":0,"softirq":0,"steal":0,"guest":0,"guestNice":0,"stolen":0},{"cpu":"cpu3","user":2444.421875,"system":997.8125,"idle":18005.796875,"nice":0,"iowait":0,"irq":0,"softirq":0,"steal":0,"guest":0,"guestNice":0,"stolen":0}],"time":"2018-02-19 12:23:36.736609 +0900 JST m=+2525.970732359","errorInfo":null}
[Info]2018/02/19 12:23:37 acsessd /api/status.json
[Info]2018/02/19 12:23:37 {"hostname":"ksc-1x-dhcp-172-29-194-195.kwansei.ac.jp","hostid":"18d901f1-4a03-3ff1-ae34-c26b2732f13c","virtualizationSystem":"","total":8589934592,"available":2030284800,"usedPercent":76.3643741607666,"diskIO":[{"name":"disk0","ioTime":1304263,"weightedIO":0}],"cpu":[{"cpu":"cpu0","user":3999.4140625,"system":2241.3984375,"idle":15208.4296875,"nice":0,"iowait":0,"irq":0,"softirq":0,"steal":0,"guest":0,"guestNice":0,"stolen":0},{"cpu":"cpu1","user":2409.4921875,"system":984.8125,"idle":18054.125,"nice":0,"iowait":0,"irq":0,"softirq":0,"steal":0,"guest":0,"guestNice":0,"stolen":0},{"cpu":"cpu2","user":3885.75,"system":1972.390625,"idle":15590.2890625,"nice":0,"iowait":0,"irq":0,"softirq":0,"steal":0,"guest":0,"guestNice":0,"stolen":0},{"cpu":"cpu3","user":2444.4375,"system":997.828125,"idle":18006.15625,"nice":0,"iowait":0,"irq":0,"softirq":0,"steal":0,"guest":0,"guestNice":0,"stolen":0}],"time":"2018-02-19 12:23:37.24362 +0900 JST m=+2526.477742281","errorInfo":null}
[Info]2018/02/19 12:23:37 acsessd /api/status.json
[Info]2018/02/19 12:23:37 {"hostname":"ksc-1x-dhcp-172-29-194-195.kwansei.ac.jp","hostid":"18d901f1-4a03-3ff1-ae34-c26b2732f13c","virtualizationSystem":"","total":8589934592,"available":2030620672,"usedPercent":76.36046409606934,"diskIO":[{"name":"disk0","ioTime":1304263,"weightedIO":0}],"cpu":[{"cpu":"cpu0","user":3999.5546875,"system":2241.46875,"idle":15208.6171875,"nice":0,"iowait":0,"irq":0,"softirq":0,"steal":0,"guest":0,"guestNice":0,"stolen":0},{"cpu":"cpu1","user":2409.5234375,"system":984.84375,"idle":18054.453125,"nice":0,"iowait":0,"irq":0,"softirq":0,"steal":0,"guest":0,"guestNice":0,"stolen":0},{"cpu":"cpu2","user":3886.0546875,"system":1972.4140625,"idle":15590.3515625,"nice":0,"iowait":0,"irq":0,"softirq":0,"steal":0,"guest":0,"guestNice":0,"stolen":0},{"cpu":"cpu3","user":2444.46875,"system":997.859375,"idle":18006.5,"nice":0,"iowait":0,"irq":0,"softirq":0,"steal":0,"guest":0,"guestNice":0,"stolen":0}],"time":"2018-02-19 12:23:37.746224 +0900 JST m=+2526.980345670","errorInfo":null}
[Info]2018/02/19 12:23:38 acsessd /api/status.json
[Info]2018/02/19 12:23:38 {"hostname":"ksc-1x-dhcp-172-29-194-195.kwansei.ac.jp","hostid":"18d901f1-4a03-3ff1-ae34-c26b2732f13c","virtualizationSystem":"","total":8589934592,"available":2029137920,"usedPercent":76.37772560119629,"diskIO":[{"name":"disk0","ioTime":1304263,"weightedIO":0}],"cpu":[{"cpu":"cpu0","user":3999.8359375,"system":2241.5,"idle":15208.6875,"nice":0,"iowait":0,"irq":0,"softirq":0,"steal":0,"guest":0,"guestNice":0,"stolen":0},{"cpu":"cpu1","user":2409.578125,"system":984.875,"idle":18054.765625,"nice":0,"iowait":0,"irq":0,"softirq":0,"steal":0,"guest":0,"guestNice":0,"stolen":0},{"cpu":"cpu2","user":3886.2421875,"system":1972.453125,"idle":15590.515625,"nice":0,"iowait":0,"irq":0,"softirq":0,"steal":0,"guest":0,"guestNice":0,"stolen":0},{"cpu":"cpu3","user":2444.5078125,"system":997.875,"idle":18006.828125,"nice":0,"iowait":0,"irq":0,"softirq":0,"steal":0,"guest":0,"guestNice":0,"stolen":0}],"time":"2018-02-19 12:23:38.246364 +0900 JST m=+2527.480484888","errorInfo":null}
[Info]2018/02/19 12:23:38 acsessd /api/status.json
[Info]2018/02/19 12:23:38 {"hostname":"ksc-1x-dhcp-172-29-194-195.kwansei.ac.jp","hostid":"18d901f1-4a03-3ff1-ae34-c26b2732f13c","virtualizationSystem":"","total":8589934592,"available":2028843008,"usedPercent":76.38115882873535,"diskIO":[{"name":"disk0","ioTime":1304271,"weightedIO":0}],"cpu":[{"cpu":"cpu0","user":4000.0625,"system":2241.5234375,"idle":15208.8359375,"nice":0,"iowait":0,"irq":0,"softirq":0,"steal":0,"guest":0,"guestNice":0,"stolen":0},{"cpu":"cpu1","user":2409.6015625,"system":984.890625,"idle":18055.1171875,"nice":0,"iowait":0,"irq":0,"softirq":0,"steal":0,"guest":0,"guestNice":0,"stolen":0},{"cpu":"cpu2","user":3886.46875,"system":1972.4609375,"idle":15590.6796875,"nice":0,"iowait":0,"irq":0,"softirq":0,"steal":0,"guest":0,"guestNice":0,"stolen":0},{"cpu":"cpu3","user":2444.53125,"system":997.8828125,"idle":18007.1875,"nice":0,"iowait":0,"irq":0,"softirq":0,"steal":0,"guest":0,"guestNice":0,"stolen":0}],"time":"2018-02-19 12:23:38.74612 +0900 JST m=+2527.980239975","errorInfo":null}
[Info]2018/02/19 12:23:39 acsessd /api/status.json
[Info]2018/02/19 12:23:39 {"hostname":"ksc-1x-dhcp-172-29-194-195.kwansei.ac.jp","hostid":"18d901f1-4a03-3ff1-ae34-c26b2732f13c","virtualizationSystem":"","total":8589934592,"available":2028867584,"usedPercent":76.38087272644043,"diskIO":[{"name":"disk0","ioTime":1304271,"weightedIO":0}],"cpu":[{"cpu":"cpu0","user":4000.2265625,"system":2241.546875,"idle":15209.0390625,"nice":0,"iowait":0,"irq":0,"softirq":0,"steal":0,"guest":0,"guestNice":0,"stolen":0},{"cpu":"cpu1","user":2409.6328125,"system":984.8984375,"idle":18055.46875,"nice":0,"iowait":0,"irq":0,"softirq":0,"steal":0,"guest":0,"guestNice":0,"stolen":0},{"cpu":"cpu2","user":3886.7109375,"system":1972.4765625,"idle":15590.8125,"nice":0,"iowait":0,"irq":0,"softirq":0,"steal":0,"guest":0,"guestNice":0,"stolen":0},{"cpu":"cpu3","user":2444.5625,"system":997.90625,"idle":18007.53125,"nice":0,"iowait":0,"irq":0,"softirq":0,"steal":0,"guest":0,"guestNice":0,"stolen":0}],"time":"2018-02-19 12:23:39.249529 +0900 JST m=+2528.483647755","errorInfo":null}
[Info]2018/02/19 12:23:39 acsessd /api/status.json
[Info]2018/02/19 12:23:39 {"hostname":"ksc-1x-dhcp-172-29-194-195.kwansei.ac.jp","hostid":"18d901f1-4a03-3ff1-ae34-c26b2732f13c","virtualizationSystem":"","total":8589934592,"available":2028060672,"usedPercent":76.39026641845703,"diskIO":[{"name":"disk0","ioTime":1304286,"weightedIO":0}],"cpu":[{"cpu":"cpu0","user":4000.46875,"system":2241.546875,"idle":15209.1875,"nice":0,"iowait":0,"irq":0,"softirq":0,"steal":0,"guest":0,"guestNice":0,"stolen":0},{"cpu":"cpu1","user":2409.65625,"system":984.90625,"idle":18055.828125,"nice":0,"iowait":0,"irq":0,"softirq":0,"steal":0,"guest":0,"guestNice":0,"stolen":0},{"cpu":"cpu2","user":3886.859375,"system":1972.5078125,"idle":15591.03125,"nice":0,"iowait":0,"irq":0,"softirq":0,"steal":0,"guest":0,"guestNice":0,"stolen":0},{"cpu":"cpu3","user":2444.6171875,"system":997.921875,"idle":18007.859375,"nice":0,"iowait":0,"irq":0,"softirq":0,"steal":0,"guest":0,"guestNice":0,"stolen":0}],"time":"2018-02-19 12:23:39.754714 +0900 JST m=+2528.988831710","errorInfo":null}
[Info]2018/02/19 12:23:40 acsessd /api/status.json
[Info]2018/02/19 12:23:40 {"hostname":"ksc-1x-dhcp-172-29-194-195.kwansei.ac.jp","hostid":"18d901f1-4a03-3ff1-ae34-c26b2732f13c","virtualizationSystem":"","total":8589934592,"available":2021957632,"usedPercent":76.4613151550293,"diskIO":[{"name":"disk0","ioTime":1304286,"weightedIO":0}],"cpu":[{"cpu":"cpu0","user":4000.5,"system":2241.5703125,"idle":15209.53125,"nice":0,"iowait":0,"irq":0,"softirq":0,"steal":0,"guest":0,"guestNice":0,"stolen":0},{"cpu":"cpu1","user":2409.671875,"system":984.921875,"idle":18056.1875,"nice":0,"iowait":0,"irq":0,"softirq":0,"steal":0,"guest":0,"guestNice":0,"stolen":0},{"cpu":"cpu2","user":3887.234375,"system":1972.515625,"idle":15591.0390625,"nice":0,"iowait":0,"irq":0,"softirq":0,"steal":0,"guest":0,"guestNice":0,"stolen":0},{"cpu":"cpu3","user":2444.625,"system":997.921875,"idle":18008.234375,"nice":0,"iowait":0,"irq":0,"softirq":0,"steal":0,"guest":0,"guestNice":0,"stolen":0}],"time":"2018-02-19 12:23:40.258383 +0900 JST m=+2529.492500051","errorInfo":null}
[Info]2018/02/19 12:23:40 acsessd /api/status.json
[Info]2018/02/19 12:23:40 {"hostname":"ksc-1x-dhcp-172-29-194-195.kwansei.ac.jp","hostid":"18d901f1-4a03-3ff1-ae34-c26b2732f13c","virtualizationSystem":"","total":8589934592,"available":2054504448,"usedPercent":76.0824203491211,"diskIO":[{"name":"disk0","ioTime":1304286,"weightedIO":0}],"cpu":[{"cpu":"cpu0","user":4000.765625,"system":2241.59375,"idle":15209.65625,"nice":0,"iowait":0,"irq":0,"softirq":0,"steal":0,"guest":0,"guestNice":0,"stolen":0},{"cpu":"cpu1","user":2409.7734375,"system":984.953125,"idle":18056.46875,"nice":0,"iowait":0,"irq":0,"softirq":0,"steal":0,"guest":0,"guestNice":0,"stolen":0},{"cpu":"cpu2","user":3887.5703125,"system":1972.546875,"idle":15591.0859375,"nice":0,"iowait":0,"irq":0,"softirq":0,"steal":0,"guest":0,"guestNice":0,"stolen":0},{"cpu":"cpu3","user":2444.7109375,"system":997.953125,"idle":18008.53125,"nice":0,"iowait":0,"irq":0,"softirq":0,"steal":0,"guest":0,"guestNice":0,"stolen":0}],"time":"2018-02-19 12:23:40.78481 +0900 JST m=+2530.018925009","errorInfo":null}
[Info]2018/02/19 12:23:41 acsessd /api/status.json
[Info]2018/02/19 12:23:41 {"hostname":"ksc-1x-dhcp-172-29-194-195.kwansei.ac.jp","hostid":"18d901f1-4a03-3ff1-ae34-c26b2732f13c","virtualizationSystem":"","total":8589934592,"available":2033766400,"usedPercent":76.32384300231934,"diskIO":[{"name":"disk0","ioTime":1304286,"weightedIO":0}],"cpu":[{"cpu":"cpu0","user":4001,"system":2241.6171875,"idle":15209.7734375,"nice":0,"iowait":0,"irq":0,"softirq":0,"steal":0,"guest":0,"guestNice":0,"stolen":0},{"cpu":"cpu1","user":2409.8359375,"system":984.96875,"idle":18056.7734375,"nice":0,"iowait":0,"irq":0,"softirq":0,"steal":0,"guest":0,"guestNice":0,"stolen":0},{"cpu":"cpu2","user":3887.796875,"system":1972.578125,"idle":15591.203125,"nice":0,"iowait":0,"irq":0,"softirq":0,"steal":0,"guest":0,"guestNice":0,"stolen":0},{"cpu":"cpu3","user":2444.765625,"system":997.96875,"idle":18008.84375,"nice":0,"iowait":0,"irq":0,"softirq":0,"steal":0,"guest":0,"guestNice":0,"stolen":0}],"time":"2018-02-19 12:23:41.26533 +0900 JST m=+2530.499444353","errorInfo":null}
[Info]2018/02/19 12:23:41 acsessd /api/status.json
[Info]2018/02/19 12:23:41 {"hostname":"ksc-1x-dhcp-172-29-194-195.kwansei.ac.jp","hostid":"18d901f1-4a03-3ff1-ae34-c26b2732f13c","virtualizationSystem":"","total":8589934592,"available":2033479680,"usedPercent":76.32718086242676,"diskIO":[{"name":"disk0","ioTime":1304286,"weightedIO":0}],"cpu":[{"cpu":"cpu0","user":4001.171875,"system":2241.640625,"idle":15209.9609375,"nice":0,"iowait":0,"irq":0,"softirq":0,"steal":0,"guest":0,"guestNice":0,"stolen":0},{"cpu":"cpu1","user":2409.890625,"system":984.984375,"idle":18057.09375,"nice":0,"iowait":0,"irq":0,"softirq":0,"steal":0,"guest":0,"guestNice":0,"stolen":0},{"cpu":"cpu2","user":3887.9609375,"system":1972.6015625,"idle":15591.40625,"nice":0,"iowait":0,"irq":0,"softirq":0,"steal":0,"guest":0,"guestNice":0,"stolen":0},{"cpu":"cpu3","user":2444.8203125,"system":997.9765625,"idle":18009.1640625,"nice":0,"iowait":0,"irq":0,"softirq":0,"steal":0,"guest":0,"guestNice":0,"stolen":0}],"time":"2018-02-19 12:23:41.768329 +0900 JST m=+2531.002442344","errorInfo":null}
[Info]2018/02/19 12:23:42 acsessd /api/status.json
[Info]2018/02/19 12:23:42 {"hostname":"ksc-1x-dhcp-172-29-194-195.kwansei.ac.jp","hostid":"18d901f1-4a03-3ff1-ae34-c26b2732f13c","virtualizationSystem":"","total":8589934592,"available":2022146048,"usedPercent":76.45912170410156,"diskIO":[{"name":"disk0","ioTime":1304293,"weightedIO":0}],"cpu":[{"cpu":"cpu0","user":4001.359375,"system":2241.6875,"idle":15210.140625,"nice":0,"iowait":0,"irq":0,"softirq":0,"steal":0,"guest":0,"guestNice":0,"stolen":0},{"cpu":"cpu1","user":2409.96875,"system":985.015625,"idle":18057.3828125,"nice":0,"iowait":0,"irq":0,"softirq":0,"steal":0,"guest":0,"guestNice":0,"stolen":0},{"cpu":"cpu2","user":3888.1640625,"system":1972.6328125,"idle":15591.578125,"nice":0,"iowait":0,"irq":0,"softirq":0,"steal":0,"guest":0,"guestNice":0,"stolen":0},{"cpu":"cpu3","user":2444.90625,"system":998.0078125,"idle":18009.4609375,"nice":0,"iowait":0,"irq":0,"softirq":0,"steal":0,"guest":0,"guestNice":0,"stolen":0}],"time":"2018-02-19 12:23:42.287761 +0900 JST m=+2531.521874114","errorInfo":null}
[Info]2018/02/19 12:23:42 acsessd /api/status.json
[Info]2018/02/19 12:23:42 {"hostname":"ksc-1x-dhcp-172-29-194-195.kwansei.ac.jp","hostid":"18d901f1-4a03-3ff1-ae34-c26b2732f13c","virtualizationSystem":"","total":8589934592,"available":2011783168,"usedPercent":76.57976150512695,"diskIO":[{"name":"disk0","ioTime":1304293,"weightedIO":0}],"cpu":[{"cpu":"cpu0","user":4001.640625,"system":2241.734375,"idle":15210.1875,"nice":0,"iowait":0,"irq":0,"softirq":0,"steal":0,"guest":0,"guestNice":0,"stolen":0},{"cpu":"cpu1","user":2410.046875,"system":985.0625,"idle":18057.640625,"nice":0,"iowait":0,"irq":0,"softirq":0,"steal":0,"guest":0,"guestNice":0,"stolen":0},{"cpu":"cpu2","user":3888.4921875,"system":1972.65625,"idle":15591.6015625,"nice":0,"iowait":0,"irq":0,"softirq":0,"steal":0,"guest":0,"guestNice":0,"stolen":0},{"cpu":"cpu3","user":2444.9765625,"system":998.078125,"idle":18009.6953125,"nice":0,"iowait":0,"irq":0,"softirq":0,"steal":0,"guest":0,"guestNice":0,"stolen":0}],"time":"2018-02-19 12:23:42.775327 +0900 JST m=+2532.009439201","errorInfo":null}
[Info]2018/02/19 12:23:43 acsessd /api/status.json
[Info]2018/02/19 12:23:43 {"hostname":"ksc-1x-dhcp-172-29-194-195.kwansei.ac.jp","hostid":"18d901f1-4a03-3ff1-ae34-c26b2732f13c","virtualizationSystem":"","total":8589934592,"available":2002714624,"usedPercent":76.68533325195312,"diskIO":[{"name":"disk0","ioTime":1304293,"weightedIO":0}],"cpu":[{"cpu":"cpu0","user":4001.84375,"system":2241.796875,"idle":15210.3359375,"nice":0,"iowait":0,"irq":0,"softirq":0,"steal":0,"guest":0,"guestNice":0,"stolen":0},{"cpu":"cpu1","user":2410.15625,"system":985.1015625,"idle":18057.90625,"nice":0,"iowait":0,"irq":0,"softirq":0,"steal":0,"guest":0,"guestNice":0,"stolen":0},{"cpu":"cpu2","user":3888.703125,"system":1972.7109375,"idle":15591.7578125,"nice":0,"iowait":0,"irq":0,"softirq":0,"steal":0,"guest":0,"guestNice":0,"stolen":0},{"cpu":"cpu3","user":2445.0703125,"system":998.1171875,"idle":18009.96875,"nice":0,"iowait":0,"irq":0,"softirq":0,"steal":0,"guest":0,"guestNice":0,"stolen":0}],"time":"2018-02-19 12:23:43.298658 +0900 JST m=+2532.532768855","errorInfo":null}
[Info]2018/02/19 12:23:43 acsessd /api/status.json
[Info]2018/02/19 12:23:43 {"hostname":"ksc-1x-dhcp-172-29-194-195.kwansei.ac.jp","hostid":"18d901f1-4a03-3ff1-ae34-c26b2732f13c","virtualizationSystem":"","total":8589934592,"available":1998073856,"usedPercent":76.73935890197754,"diskIO":[{"name":"disk0","ioTime":1304302,"weightedIO":0}],"cpu":[{"cpu":"cpu0","user":4001.96875,"system":2241.828125,"idle":15210.5625,"nice":0,"iowait":0,"irq":0,"softirq":0,"steal":0,"guest":0,"guestNice":0,"stolen":0},{"cpu":"cpu1","user":2410.1875,"system":985.1171875,"idle":18058.234375,"nice":0,"iowait":0,"irq":0,"softirq":0,"steal":0,"guest":0,"guestNice":0,"stolen":0},{"cpu":"cpu2","user":3889.0078125,"system":1972.71875,"idle":15591.8125,"nice":0,"iowait":0,"irq":0,"softirq":0,"steal":0,"guest":0,"guestNice":0,"stolen":0},{"cpu":"cpu3","user":2445.1015625,"system":998.125,"idle":18010.3046875,"nice":0,"iowait":0,"irq":0,"softirq":0,"steal":0,"guest":0,"guestNice":0,"stolen":0}],"time":"2018-02-19 12:23:43.778031 +0900 JST m=+2533.012140581","errorInfo":null}
[Info]2018/02/19 12:23:44 acsessd /api/status.json
[Info]2018/02/19 12:23:44 {"hostname":"ksc-1x-dhcp-172-29-194-195.kwansei.ac.jp","hostid":"18d901f1-4a03-3ff1-ae34-c26b2732f13c","virtualizationSystem":"","total":8589934592,"available":2038902784,"usedPercent":76.26404762268066,"diskIO":[{"name":"disk0","ioTime":1304302,"weightedIO":0}],"cpu":[{"cpu":"cpu0","user":4002.1328125,"system":2241.8359375,"idle":15210.765625,"nice":0,"iowait":0,"irq":0,"softirq":0,"steal":0,"guest":0,"guestNice":0,"stolen":0},{"cpu":"cpu1","user":2410.21875,"system":985.125,"idle":18058.5859375,"nice":0,"iowait":0,"irq":0,"softirq":0,"steal":0,"guest":0,"guestNice":0,"stolen":0},{"cpu":"cpu2","user":3889.265625,"system":1972.75,"idle":15591.9140625,"nice":0,"iowait":0,"irq":0,"softirq":0,"steal":0,"guest":0,"guestNice":0,"stolen":0},{"cpu":"cpu3","user":2445.140625,"system":998.1484375,"idle":18010.6328125,"nice":0,"iowait":0,"irq":0,"softirq":0,"steal":0,"guest":0,"guestNice":0,"stolen":0}],"time":"2018-02-19 12:23:44.281983 +0900 JST m=+2533.516091995","errorInfo":null}
[Info]2018/02/19 12:23:44 acsessd /api/status.json
[Info]2018/02/19 12:23:44 {"hostname":"ksc-1x-dhcp-172-29-194-195.kwansei.ac.jp","hostid":"18d901f1-4a03-3ff1-ae34-c26b2732f13c","virtualizationSystem":"","total":8589934592,"available":2038583296,"usedPercent":76.26776695251465,"diskIO":[{"name":"disk0","ioTime":1304302,"weightedIO":0}],"cpu":[{"cpu":"cpu0","user":4002.234375,"system":2241.8515625,"idle":15211.046875,"nice":0,"iowait":0,"irq":0,"softirq":0,"steal":0,"guest":0,"guestNice":0,"stolen":0},{"cpu":"cpu1","user":2410.25,"system":985.1484375,"idle":18058.921875,"nice":0,"iowait":0,"irq":0,"softirq":0,"steal":0,"guest":0,"guestNice":0,"stolen":0},{"cpu":"cpu2","user":3889.59375,"system":1972.7578125,"idle":15591.9765625,"nice":0,"iowait":0,"irq":0,"softirq":0,"steal":0,"guest":0,"guestNice":0,"stolen":0},{"cpu":"cpu3","user":2445.1640625,"system":998.15625,"idle":18011,"nice":0,"iowait":0,"irq":0,"softirq":0,"steal":0,"guest":0,"guestNice":0,"stolen":0}],"time":"2018-02-19 12:23:44.784745 +0900 JST m=+2534.018853340","errorInfo":null}
[Info]2018/02/19 12:23:45 acsessd /api/status.json
[Info]2018/02/19 12:23:45 {"hostname":"ksc-1x-dhcp-172-29-194-195.kwansei.ac.jp","hostid":"18d901f1-4a03-3ff1-ae34-c26b2732f13c","virtualizationSystem":"","total":8589934592,"available":2038747136,"usedPercent":76.26585960388184,"diskIO":[{"name":"disk0","ioTime":1304302,"weightedIO":0}],"cpu":[{"cpu":"cpu0","user":4002.34375,"system":2241.8671875,"idle":15211.3203125,"nice":0,"iowait":0,"irq":0,"softirq":0,"steal":0,"guest":0,"guestNice":0,"stolen":0},{"cpu":"cpu1","user":2410.265625,"system":985.15625,"idle":18059.296875,"nice":0,"iowait":0,"irq":0,"softirq":0,"steal":0,"guest":0,"guestNice":0,"stolen":0},{"cpu":"cpu2","user":3889.9140625,"system":1972.7734375,"idle":15592.03125,"nice":0,"iowait":0,"irq":0,"softirq":0,"steal":0,"guest":0,"guestNice":0,"stolen":0},{"cpu":"cpu3","user":2445.1796875,"system":998.1640625,"idle":18011.375,"nice":0,"iowait":0,"irq":0,"softirq":0,"steal":0,"guest":0,"guestNice":0,"stolen":0}],"time":"2018-02-19 12:23:45.289389 +0900 JST m=+2534.523495801","errorInfo":null}
[Info]2018/02/19 12:23:45 acsessd /api/status.json
[Info]2018/02/19 12:23:45 {"hostname":"ksc-1x-dhcp-172-29-194-195.kwansei.ac.jp","hostid":"18d901f1-4a03-3ff1-ae34-c26b2732f13c","virtualizationSystem":"","total":8589934592,"available":2038382592,"usedPercent":76.27010345458984,"diskIO":[{"name":"disk0","ioTime":1304302,"weightedIO":0}],"cpu":[{"cpu":"cpu0","user":4002.65625,"system":2241.8828125,"idle":15211.390625,"nice":0,"iowait":0,"irq":0,"softirq":0,"steal":0,"guest":0,"guestNice":0,"stolen":0},{"cpu":"cpu1","user":2410.28125,"system":985.171875,"idle":18059.6640625,"nice":0,"iowait":0,"irq":0,"softirq":0,"steal":0,"guest":0,"guestNice":0,"stolen":0},{"cpu":"cpu2","user":3890.03125,"system":1972.7890625,"idle":15592.2890625,"nice":0,"iowait":0,"irq":0,"softirq":0,"steal":0,"guest":0,"guestNice":0,"stolen":0},{"cpu":"cpu3","user":2445.1953125,"system":998.171875,"idle":18011.7421875,"nice":0,"iowait":0,"irq":0,"softirq":0,"steal":0,"guest":0,"guestNice":0,"stolen":0}],"time":"2018-02-19 12:23:45.793875 +0900 JST m=+2535.027981259","errorInfo":null}
[Info]2018/02/19 12:23:46 acsessd /api/status.json
[Info]2018/02/19 12:23:46 {"hostname":"ksc-1x-dhcp-172-29-194-195.kwansei.ac.jp","hostid":"18d901f1-4a03-3ff1-ae34-c26b2732f13c","virtualizationSystem":"","total":8589934592,"available":2038120448,"usedPercent":76.27315521240234,"diskIO":[{"name":"disk0","ioTime":1304302,"weightedIO":0}],"cpu":[{"cpu":"cpu0","user":4003.0078125,"system":2241.8828125,"idle":15211.421875,"nice":0,"iowait":0,"irq":0,"softirq":0,"steal":0,"guest":0,"guestNice":0,"stolen":0},{"cpu":"cpu1","user":2410.296875,"system":985.171875,"idle":18060.03125,"nice":0,"iowait":0,"irq":0,"softirq":0,"steal":0,"guest":0,"guestNice":0,"stolen":0},{"cpu":"cpu2","user":3890.09375,"system":1972.8203125,"idle":15592.59375,"nice":0,"iowait":0,"irq":0,"softirq":0,"steal":0,"guest":0,"guestNice":0,"stolen":0},{"cpu":"cpu3","user":2445.2265625,"system":998.1796875,"idle":18012.1015625,"nice":0,"iowait":0,"irq":0,"softirq":0,"steal":0,"guest":0,"guestNice":0,"stolen":0}],"time":"2018-02-19 12:23:46.299992 +0900 JST m=+2535.534096713","errorInfo":null}
[Info]2018/02/19 12:23:46 acsessd /api/status.json
[Info]2018/02/19 12:23:46 {"hostname":"ksc-1x-dhcp-172-29-194-195.kwansei.ac.jp","hostid":"18d901f1-4a03-3ff1-ae34-c26b2732f13c","virtualizationSystem":"","total":8589934592,"available":2037473280,"usedPercent":76.28068923950195,"diskIO":[{"name":"disk0","ioTime":1304302,"weightedIO":0}],"cpu":[{"cpu":"cpu0","user":4003.3828125,"system":2241.890625,"idle":15211.4453125,"nice":0,"iowait":0,"irq":0,"softirq":0,"steal":0,"guest":0,"guestNice":0,"stolen":0},{"cpu":"cpu1","user":2410.328125,"system":985.1796875,"idle":18060.3984375,"nice":0,"iowait":0,"irq":0,"softirq":0,"steal":0,"guest":0,"guestNice":0,"stolen":0},{"cpu":"cpu2","user":3890.1328125,"system":1972.84375,"idle":15592.9296875,"nice":0,"iowait":0,"irq":0,"softirq":0,"steal":0,"guest":0,"guestNice":0,"stolen":0},{"cpu":"cpu3","user":2445.2578125,"system":998.1953125,"idle":18012.453125,"nice":0,"iowait":0,"irq":0,"softirq":0,"steal":0,"guest":0,"guestNice":0,"stolen":0}],"time":"2018-02-19 12:23:46.807222 +0900 JST m=+2536.041325939","errorInfo":null}
[Info]2018/02/19 12:23:47 acsessd /api/status.json
[Info]2018/02/19 12:23:47 {"hostname":"ksc-1x-dhcp-172-29-194-195.kwansei.ac.jp","hostid":"18d901f1-4a03-3ff1-ae34-c26b2732f13c","virtualizationSystem":"","total":8589934592,"available":2038497280,"usedPercent":76.26876831054688,"diskIO":[{"name":"disk0","ioTime":1304302,"weightedIO":0}],"cpu":[{"cpu":"cpu0","user":4003.703125,"system":2241.921875,"idle":15211.5078125,"nice":0,"iowait":0,"irq":0,"softirq":0,"steal":0,"guest":0,"guestNice":0,"stolen":0},{"cpu":"cpu1","user":2410.390625,"system":985.21875,"idle":18060.703125,"nice":0,"iowait":0,"irq":0,"softirq":0,"steal":0,"guest":0,"guestNice":0,"stolen":0},{"cpu":"cpu2","user":3890.265625,"system":1972.890625,"idle":15593.1640625,"nice":0,"iowait":0,"irq":0,"softirq":0,"steal":0,"guest":0,"guestNice":0,"stolen":0},{"cpu":"cpu3","user":2445.328125,"system":998.2265625,"idle":18012.7578125,"nice":0,"iowait":0,"irq":0,"softirq":0,"steal":0,"guest":0,"guestNice":0,"stolen":0}],"time":"2018-02-19 12:23:47.333152 +0900 JST m=+2536.567254868","errorInfo":null}
[Info]2018/02/19 12:23:47 acsessd /api/status.json
[Info]2018/02/19 12:23:47 {"hostname":"ksc-1x-dhcp-172-29-194-195.kwansei.ac.jp","hostid":"18d901f1-4a03-3ff1-ae34-c26b2732f13c","virtualizationSystem":"","total":8589934592,"available":2038079488,"usedPercent":76.27363204956055,"diskIO":[{"name":"disk0","ioTime":1304302,"weightedIO":0}],"cpu":[{"cpu":"cpu0","user":4003.921875,"system":2241.96875,"idle":15211.625,"nice":0,"iowait":0,"irq":0,"softirq":0,"steal":0,"guest":0,"guestNice":0,"stolen":0},{"cpu":"cpu1","user":2410.4921875,"system":985.2578125,"idle":18060.9453125,"nice":0,"iowait":0,"irq":0,"softirq":0,"steal":0,"guest":0,"guestNice":0,"stolen":0},{"cpu":"cpu2","user":3890.484375,"system":1972.9453125,"idle":15593.2734375,"nice":0,"iowait":0,"irq":0,"softirq":0,"steal":0,"guest":0,"guestNice":0,"stolen":0},{"cpu":"cpu3","user":2445.4140625,"system":998.28125,"idle":18013.0078125,"nice":0,"iowait":0,"irq":0,"softirq":0,"steal":0,"guest":0,"guestNice":0,"stolen":0}],"time":"2018-02-19 12:23:47.832226 +0900 JST m=+2537.066327832","errorInfo":null}
[Info]2018/02/19 12:23:48 acsessd /api/status.json
[Info]2018/02/19 12:23:48 {"hostname":"ksc-1x-dhcp-172-29-194-195.kwansei.ac.jp","hostid":"18d901f1-4a03-3ff1-ae34-c26b2732f13c","virtualizationSystem":"","total":8589934592,"available":1977331712,"usedPercent":76.9808292388916,"diskIO":[{"name":"disk0","ioTime":1304302,"weightedIO":0}],"cpu":[{"cpu":"cpu0","user":4004.1171875,"system":2242.046875,"idle":15211.734375,"nice":0,"iowait":0,"irq":0,"softirq":0,"steal":0,"guest":0,"guestNice":0,"stolen":0},{"cpu":"cpu1","user":2410.6484375,"system":985.328125,"idle":18061.1171875,"nice":0,"iowait":0,"irq":0,"softirq":0,"steal":0,"guest":0,"guestNice":0,"stolen":0},{"cpu":"cpu2","user":3890.703125,"system":1973,"idle":15593.390625,"nice":0,"iowait":0,"irq":0,"softirq":0,"steal":0,"guest":0,"guestNice":0,"stolen":0},{"cpu":"cpu3","user":2445.53125,"system":998.328125,"idle":18013.2265625,"nice":0,"iowait":0,"irq":0,"softirq":0,"steal":0,"guest":0,"guestNice":0,"stolen":0}],"time":"2018-02-19 12:23:48.325905 +0900 JST m=+2537.560006621","errorInfo":null}
[Info]2018/02/19 12:23:48 acsessd /api/status.json
[Info]2018/02/19 12:23:48 {"hostname":"ksc-1x-dhcp-172-29-194-195.kwansei.ac.jp","hostid":"18d901f1-4a03-3ff1-ae34-c26b2732f13c","virtualizationSystem":"","total":8589934592,"available":2063790080,"usedPercent":75.97432136535645,"diskIO":[{"name":"disk0","ioTime":1304315,"weightedIO":0}],"cpu":[{"cpu":"cpu0","user":4004.3984375,"system":2242.109375,"idle":15211.8203125,"nice":0,"iowait":0,"irq":0,"softirq":0,"steal":0,"guest":0,"guestNice":0,"stolen":0},{"cpu":"cpu1","user":2410.859375,"system":985.3828125,"idle":18061.2734375,"nice":0,"iowait":0,"irq":0,"softirq":0,"steal":0,"guest":0,"guestNice":0,"stolen":0},{"cpu":"cpu2","user":3890.96875,"system":1973.0546875,"idle":15593.5,"nice":0,"iowait":0,"irq":0,"softirq":0,"steal":0,"guest":0,"guestNice":0,"stolen":0},{"cpu":"cpu3","user":2445.734375,"system":998.3828125,"idle":18013.390625,"nice":0,"iowait":0,"irq":0,"softirq":0,"steal":0,"guest":0,"guestNice":0,"stolen":0}],"time":"2018-02-19 12:23:48.869444 +0900 JST m=+2538.103544050","errorInfo":null}
[Info]2018/02/19 12:23:49 acsessd /api/status.json
[Info]2018/02/19 12:23:49 {"hostname":"ksc-1x-dhcp-172-29-194-195.kwansei.ac.jp","hostid":"18d901f1-4a03-3ff1-ae34-c26b2732f13c","virtualizationSystem":"","total":8589934592,"available":2062991360,"usedPercent":75.9836196899414,"diskIO":[{"name":"disk0","ioTime":1304340,"weightedIO":0}],"cpu":[{"cpu":"cpu0","user":4004.578125,"system":2242.1640625,"idle":15211.9375,"nice":0,"iowait":0,"irq":0,"softirq":0,"steal":0,"guest":0,"guestNice":0,"stolen":0},{"cpu":"cpu1","user":2410.9609375,"system":985.4140625,"idle":18061.4921875,"nice":0,"iowait":0,"irq":0,"softirq":0,"steal":0,"guest":0,"guestNice":0,"stolen":0},{"cpu":"cpu2","user":3891.1640625,"system":1973.09375,"idle":15593.6171875,"nice":0,"iowait":0,"irq":0,"softirq":0,"steal":0,"guest":0,"guestNice":0,"stolen":0},{"cpu":"cpu3","user":2445.8359375,"system":998.4296875,"idle":18013.6015625,"nice":0,"iowait":0,"irq":0,"softirq":0,"steal":0,"guest":0,"guestNice":0,"stolen":0}],"time":"2018-02-19 12:23:49.322914 +0900 JST m=+2538.557013544","errorInfo":null}
[Info]2018/02/19 12:23:49 acsessd /api/status.json
[Info]2018/02/19 12:23:49 {"hostname":"ksc-1x-dhcp-172-29-194-195.kwansei.ac.jp","hostid":"18d901f1-4a03-3ff1-ae34-c26b2732f13c","virtualizationSystem":"","total":8589934592,"available":2062286848,"usedPercent":75.9918212890625,"diskIO":[{"name":"disk0","ioTime":1304349,"weightedIO":0}],"cpu":[{"cpu":"cpu0","user":4004.7890625,"system":2242.1875,"idle":15212.09375,"nice":0,"iowait":0,"irq":0,"softirq":0,"steal":0,"guest":0,"guestNice":0,"stolen":0},{"cpu":"cpu1","user":2411,"system":985.4296875,"idle":18061.828125,"nice":0,"iowait":0,"irq":0,"softirq":0,"steal":0,"guest":0,"guestNice":0,"stolen":0},{"cpu":"cpu2","user":3891.3515625,"system":1973.109375,"idle":15593.796875,"nice":0,"iowait":0,"irq":0,"softirq":0,"steal":0,"guest":0,"guestNice":0,"stolen":0},{"cpu":"cpu3","user":2445.8828125,"system":998.4375,"idle":18013.9296875,"nice":0,"iowait":0,"irq":0,"softirq":0,"steal":0,"guest":0,"guestNice":0,"stolen":0}],"time":"2018-02-19 12:23:49.819518 +0900 JST m=+2539.053616140","errorInfo":null}
[Info]2018/02/19 12:23:50 acsessd /api/status.json
[Info]2018/02/19 12:23:50 {"hostname":"ksc-1x-dhcp-172-29-194-195.kwansei.ac.jp","hostid":"18d901f1-4a03-3ff1-ae34-c26b2732f13c","virtualizationSystem":"","total":8589934592,"available":2061979648,"usedPercent":75.99539756774902,"diskIO":[{"name":"disk0","ioTime":1304356,"weightedIO":0}],"cpu":[{"cpu":"cpu0","user":4004.9765625,"system":2242.203125,"idle":15212.2890625,"nice":0,"iowait":0,"irq":0,"softirq":0,"steal":0,"guest":0,"guestNice":0,"stolen":0},{"cpu":"cpu1","user":2411.0234375,"system":985.4375,"idle":18062.1875,"nice":0,"iowait":0,"irq":0,"softirq":0,"steal":0,"guest":0,"guestNice":0,"stolen":0},{"cpu":"cpu2","user":3891.59375,"system":1973.1328125,"idle":15593.9296875,"nice":0,"iowait":0,"irq":0,"softirq":0,"steal":0,"guest":0,"guestNice":0,"stolen":0},{"cpu":"cpu3","user":2445.9140625,"system":998.453125,"idle":18014.28125,"nice":0,"iowait":0,"irq":0,"softirq":0,"steal":0,"guest":0,"guestNice":0,"stolen":0}],"time":"2018-02-19 12:23:50.32542 +0900 JST m=+2539.559516738","errorInfo":null}
[Info]2018/02/19 12:23:50 acsessd /api/status.json
[Info]2018/02/19 12:23:50 {"hostname":"ksc-1x-dhcp-172-29-194-195.kwansei.ac.jp","hostid":"18d901f1-4a03-3ff1-ae34-c26b2732f13c","virtualizationSystem":"","total":8589934592,"available":2062548992,"usedPercent":75.98876953125,"diskIO":[{"name":"disk0","ioTime":1304379,"weightedIO":0}],"cpu":[{"cpu":"cpu0","user":4005.21875,"system":2242.25,"idle":15212.3984375,"nice":0,"iowait":0,"irq":0,"softirq":0,"steal":0,"guest":0,"guestNice":0,"stolen":0},{"cpu":"cpu1","user":2411.125,"system":985.4609375,"idle":18062.4609375,"nice":0,"iowait":0,"irq":0,"softirq":0,"steal":0,"guest":0,"guestNice":0,"stolen":0},{"cpu":"cpu2","user":3891.8046875,"system":1973.1640625,"idle":15594.09375,"nice":0,"iowait":0,"irq":0,"softirq":0,"steal":0,"guest":0,"guestNice":0,"stolen":0},{"cpu":"cpu3","user":2446.0078125,"system":998.484375,"idle":18014.5625,"nice":0,"iowait":0,"irq":0,"softirq":0,"steal":0,"guest":0,"guestNice":0,"stolen":0}],"time":"2018-02-19 12:23:50.836268 +0900 JST m=+2540.070364337","errorInfo":null}
[Info]2018/02/19 12:23:51 acsessd /api/status.json
[Info]2018/02/19 12:23:51 {"hostname":"ksc-1x-dhcp-172-29-194-195.kwansei.ac.jp","hostid":"18d901f1-4a03-3ff1-ae34-c26b2732f13c","virtualizationSystem":"","total":8589934592,"available":2062217216,"usedPercent":75.99263191223145,"diskIO":[{"name":"disk0","ioTime":1304394,"weightedIO":0}],"cpu":[{"cpu":"cpu0","user":4005.3671875,"system":2242.28125,"idle":15212.6015625,"nice":0,"iowait":0,"irq":0,"softirq":0,"steal":0,"guest":0,"guestNice":0,"stolen":0},{"cpu":"cpu1","user":2411.171875,"system":985.484375,"idle":18062.78125,"nice":0,"iowait":0,"irq":0,"softirq":0,"steal":0,"guest":0,"guestNice":0,"stolen":0},{"cpu":"cpu2","user":3892.046875,"system":1973.171875,"idle":15594.21875,"nice":0,"iowait":0,"irq":0,"softirq":0,"steal":0,"guest":0,"guestNice":0,"stolen":0},{"cpu":"cpu3","user":2446.078125,"system":998.4921875,"idle":18014.8671875,"nice":0,"iowait":0,"irq":0,"softirq":0,"steal":0,"guest":0,"guestNice":0,"stolen":0}],"time":"2018-02-19 12:23:51.330348 +0900 JST m=+2540.564443100","errorInfo":null}
[Info]2018/02/19 12:23:51 acsessd /api/status.json
[Info]2018/02/19 12:23:51 {"hostname":"ksc-1x-dhcp-172-29-194-195.kwansei.ac.jp","hostid":"18d901f1-4a03-3ff1-ae34-c26b2732f13c","virtualizationSystem":"","total":8589934592,"available":2060660736,"usedPercent":76.01075172424316,"diskIO":[{"name":"disk0","ioTime":1304409,"weightedIO":0}],"cpu":[{"cpu":"cpu0","user":4005.5390625,"system":2242.3046875,"idle":15212.7890625,"nice":0,"iowait":0,"irq":0,"softirq":0,"steal":0,"guest":0,"guestNice":0,"stolen":0},{"cpu":"cpu1","user":2411.2265625,"system":985.5,"idle":18063.09375,"nice":0,"iowait":0,"irq":0,"softirq":0,"steal":0,"guest":0,"guestNice":0,"stolen":0},{"cpu":"cpu2","user":3892.3203125,"system":1973.1953125,"idle":15594.3125,"nice":0,"iowait":0,"irq":0,"softirq":0,"steal":0,"guest":0,"guestNice":0,"stolen":0},{"cpu":"cpu3","user":2446.1328125,"system":998.5078125,"idle":18015.1875,"nice":0,"iowait":0,"irq":0,"softirq":0,"steal":0,"guest":0,"guestNice":0,"stolen":0}],"time":"2018-02-19 12:23:51.829733 +0900 JST m=+2541.063827560","errorInfo":null}
[Info]2018/02/19 12:23:52 acsessd /api/status.json
[Info]2018/02/19 12:23:52 {"hostname":"ksc-1x-dhcp-172-29-194-195.kwansei.ac.jp","hostid":"18d901f1-4a03-3ff1-ae34-c26b2732f13c","virtualizationSystem":"","total":8589934592,"available":2062303232,"usedPercent":75.99163055419922,"diskIO":[{"name":"disk0","ioTime":1304440,"weightedIO":0}],"cpu":[{"cpu":"cpu0","user":4005.7890625,"system":2242.390625,"idle":15212.859375,"nice":0,"iowait":0,"irq":0,"softirq":0,"steal":0,"guest":0,"guestNice":0,"stolen":0},{"cpu":"cpu1","user":2411.390625,"system":985.578125,"idle":18063.2578125,"nice":0,"iowait":0,"irq":0,"softirq":0,"steal":0,"guest":0,"guestNice":0,"stolen":0},{"cpu":"cpu2","user":3892.5625,"system":1973.296875,"idle":15594.375,"nice":0,"iowait":0,"irq":0,"softirq":0,"steal":0,"guest":0,"guestNice":0,"stolen":0},{"cpu":"cpu3","user":2446.3046875,"system":998.5703125,"idle":18015.34375,"nice":0,"iowait":0,"irq":0,"softirq":0,"steal":0,"guest":0,"guestNice":0,"stolen":0}],"time":"2018-02-19 12:23:52.342985 +0900 JST m=+2541.577078734","errorInfo":null}
[Info]2018/02/19 12:23:52 acsessd /api/status.json
[Info]2018/02/19 12:23:52 {"hostname":"ksc-1x-dhcp-172-29-194-195.kwansei.ac.jp","hostid":"18d901f1-4a03-3ff1-ae34-c26b2732f13c","virtualizationSystem":"","total":8589934592,"available":2062843904,"usedPercent":75.98533630371094,"diskIO":[{"name":"disk0","ioTime":1304464,"weightedIO":0}],"cpu":[{"cpu":"cpu0","user":4006.0078125,"system":2242.5078125,"idle":15212.953125,"nice":0,"iowait":0,"irq":0,"softirq":0,"steal":0,"guest":0,"guestNice":0,"stolen":0},{"cpu":"cpu1","user":2411.5625,"system":985.6640625,"idle":18063.4296875,"nice":0,"iowait":0,"irq":0,"softirq":0,"steal":0,"guest":0,"guestNice":0,"stolen":0},{"cpu":"cpu2","user":3892.8125,"system":1973.390625,"idle":15594.4453125,"nice":0,"iowait":0,"irq":0,"softirq":0,"steal":0,"guest":0,"guestNice":0,"stolen":0},{"cpu":"cpu3","user":2446.484375,"system":998.65625,"idle":18015.5078125,"nice":0,"iowait":0,"irq":0,"softirq":0,"steal":0,"guest":0,"guestNice":0,"stolen":0}],"time":"2018-02-19 12:23:52.885852 +0900 JST m=+2542.119943738","errorInfo":null}
[Info]2018/02/19 12:23:53 acsessd /api/status.json
[Info]2018/02/19 12:23:53 {"hostname":"ksc-1x-dhcp-172-29-194-195.kwansei.ac.jp","hostid":"18d901f1-4a03-3ff1-ae34-c26b2732f13c","virtualizationSystem":"","total":8589934592,"available":2049339392,"usedPercent":76.14254951477051,"diskIO":[{"name":"disk0","ioTime":1304505,"weightedIO":0}],"cpu":[{"cpu":"cpu0","user":4006.328125,"system":2242.609375,"idle":15212.9765625,"nice":0,"iowait":0,"irq":0,"softirq":0,"steal":0,"guest":0,"guestNice":0,"stolen":0},{"cpu":"cpu1","user":2411.828125,"system":985.75,"idle":18063.5234375,"nice":0,"iowait":0,"irq":0,"softirq":0,"steal":0,"guest":0,"guestNice":0,"stolen":0},{"cpu":"cpu2","user":3893.1328125,"system":1973.484375,"idle":15594.484375,"nice":0,"iowait":0,"irq":0,"softirq":0,"steal":0,"guest":0,"guestNice":0,"stolen":0},{"cpu":"cpu3","user":2446.7421875,"system":998.7578125,"idle":18015.59375,"nice":0,"iowait":0,"irq":0,"softirq":0,"steal":0,"guest":0,"guestNice":0,"stolen":0}],"time":"2018-02-19 12:23:53.453589 +0900 JST m=+2542.687679797","errorInfo":null}
[Info]2018/02/19 12:23:53 acsessd /api/status.json
[Info]2018/02/19 12:23:53 {"hostname":"ksc-1x-dhcp-172-29-194-195.kwansei.ac.jp","hostid":"18d901f1-4a03-3ff1-ae34-c26b2732f13c","virtualizationSystem":"","total":8589934592,"available":2048704512,"usedPercent":76.14994049072266,"diskIO":[{"name":"disk0","ioTime":1304509,"weightedIO":0}],"cpu":[{"cpu":"cpu0","user":4006.4921875,"system":2242.6953125,"idle":15213.0390625,"nice":0,"iowait":0,"irq":0,"softirq":0,"steal":0,"guest":0,"guestNice":0,"stolen":0},{"cpu":"cpu1","user":2411.9296875,"system":985.796875,"idle":18063.6796875,"nice":0,"iowait":0,"irq":0,"softirq":0,"steal":0,"guest":0,"guestNice":0,"stolen":0},{"cpu":"cpu2","user":3893.3125,"system":1973.5546875,"idle":15594.546875,"nice":0,"iowait":0,"irq":0,"softirq":0,"steal":0,"guest":0,"guestNice":0,"stolen":0},{"cpu":"cpu3","user":2446.859375,"system":998.8125,"idle":18015.7421875,"nice":0,"iowait":0,"irq":0,"softirq":0,"steal":0,"guest":0,"guestNice":0,"stolen":0}],"time":"2018-02-19 12:23:53.858227 +0900 JST m=+2543.092317173","errorInfo":null}
[Info]2018/02/19 12:23:54 acsessd /api/status.json
[Info]2018/02/19 12:23:54 {"hostname":"ksc-1x-dhcp-172-29-194-195.kwansei.ac.jp","hostid":"18d901f1-4a03-3ff1-ae34-c26b2732f13c","virtualizationSystem":"","total":8589934592,"available":2031366144,"usedPercent":76.35178565979004,"diskIO":[{"name":"disk0","ioTime":1304517,"weightedIO":0}],"cpu":[{"cpu":"cpu0","user":4006.7421875,"system":2242.78125,"idle":15213.109375,"nice":0,"iowait":0,"irq":0,"softirq":0,"steal":0,"guest":0,"guestNice":0,"stolen":0},{"cpu":"cpu1","user":2412.09375,"system":985.84375,"idle":18063.875,"nice":0,"iowait":0,"irq":0,"softirq":0,"steal":0,"guest":0,"guestNice":0,"stolen":0},{"cpu":"cpu2","user":3893.578125,"system":1973.6171875,"idle":15594.625,"nice":0,"iowait":0,"irq":0,"softirq":0,"steal":0,"guest":0,"guestNice":0,"stolen":0},{"cpu":"cpu3","user":2447.015625,"system":998.859375,"idle":18015.9296875,"nice":0,"iowait":0,"irq":0,"softirq":0,"steal":0,"guest":0,"guestNice":0,"stolen":0}],"time":"2018-02-19 12:23:54.374306 +0900 JST m=+2543.608394759","errorInfo":null}
[Info]2018/02/19 12:23:54 acsessd /api/status.json
[Info]2018/02/19 12:23:54 {"hostname":"ksc-1x-dhcp-172-29-194-195.kwansei.ac.jp","hostid":"18d901f1-4a03-3ff1-ae34-c26b2732f13c","virtualizationSystem":"","total":8589934592,"available":2024640512,"usedPercent":76.43008232116699,"diskIO":[{"name":"disk0","ioTime":1304532,"weightedIO":0}],"cpu":[{"cpu":"cpu0","user":4006.984375,"system":2242.8359375,"idle":15213.1875,"nice":0,"iowait":0,"irq":0,"softirq":0,"steal":0,"guest":0,"guestNice":0,"stolen":0},{"cpu":"cpu1","user":2412.171875,"system":985.8828125,"idle":18064.140625,"nice":0,"iowait":0,"irq":0,"softirq":0,"steal":0,"guest":0,"guestNice":0,"stolen":0},{"cpu":"cpu2","user":3893.8203125,"system":1973.671875,"idle":15594.703125,"nice":0,"iowait":0,"irq":0,"softirq":0,"steal":0,"guest":0,"guestNice":0,"stolen":0},{"cpu":"cpu3","user":2447.1015625,"system":998.8984375,"idle":18016.1953125,"nice":0,"iowait":0,"irq":0,"softirq":0,"steal":0,"guest":0,"guestNice":0,"stolen":0}],"time":"2018-02-19 12:23:54.856077 +0900 JST m=+2544.090165105","errorInfo":null}
[Info]2018/02/19 12:23:55 acsessd /api/status.json
[Info]2018/02/19 12:23:55 {"hostname":"ksc-1x-dhcp-172-29-194-195.kwansei.ac.jp","hostid":"18d901f1-4a03-3ff1-ae34-c26b2732f13c","virtualizationSystem":"","total":8589934592,"available":2055790592,"usedPercent":76.06744766235352,"diskIO":[{"name":"disk0","ioTime":1304545,"weightedIO":0}],"cpu":[{"cpu":"cpu0","user":4007.1640625,"system":2242.921875,"idle":15213.3125,"nice":0,"iowait":0,"irq":0,"softirq":0,"steal":0,"guest":0,"guestNice":0,"stolen":0},{"cpu":"cpu1","user":2412.265625,"system":985.921875,"idle":18064.40625,"nice":0,"iowait":0,"irq":0,"softirq":0,"steal":0,"guest":0,"guestNice":0,"stolen":0},{"cpu":"cpu2","user":3894.0078125,"system":1973.75,"idle":15594.8359375,"nice":0,"iowait":0,"irq":0,"softirq":0,"steal":0,"guest":0,"guestNice":0,"stolen":0},{"cpu":"cpu3","user":2447.203125,"system":998.9296875,"idle":18016.4609375,"nice":0,"iowait":0,"irq":0,"softirq":0,"steal":0,"guest":0,"guestNice":0,"stolen":0}],"time":"2018-02-19 12:23:55.366507 +0900 JST m=+2544.600594564","errorInfo":null}
[Info]2018/02/19 12:23:55 acsessd /api/status.json
[Info]2018/02/19 12:23:55 {"hostname":"ksc-1x-dhcp-172-29-194-195.kwansei.ac.jp","hostid":"18d901f1-4a03-3ff1-ae34-c26b2732f13c","virtualizationSystem":"","total":8589934592,"available":2055127040,"usedPercent":76.0751724243164,"diskIO":[{"name":"disk0","ioTime":1304545,"weightedIO":0}],"cpu":[{"cpu":"cpu0","user":4007.3515625,"system":2242.984375,"idle":15213.4453125,"nice":0,"iowait":0,"irq":0,"softirq":0,"steal":0,"guest":0,"guestNice":0,"stolen":0},{"cpu":"cpu1","user":2412.3203125,"system":985.9375,"idle":18064.7109375,"nice":0,"iowait":0,"irq":0,"softirq":0,"steal":0,"guest":0,"guestNice":0,"stolen":0},{"cpu":"cpu2","user":3894.1875,"system":1973.8046875,"idle":15594.984375,"nice":0,"iowait":0,"irq":0,"softirq":0,"steal":0,"guest":0,"guestNice":0,"stolen":0},{"cpu":"cpu3","user":2447.25,"system":998.9453125,"idle":18016.7734375,"nice":0,"iowait":0,"irq":0,"softirq":0,"steal":0,"guest":0,"guestNice":0,"stolen":0}],"time":"2018-02-19 12:23:55.852 +0900 JST m=+2545.086086846","errorInfo":null}
[Info]2018/02/19 12:23:56 acsessd /api/status.json
[Info]2018/02/19 12:23:56 {"hostname":"ksc-1x-dhcp-172-29-194-195.kwansei.ac.jp","hostid":"18d901f1-4a03-3ff1-ae34-c26b2732f13c","virtualizationSystem":"","total":8589934592,"available":2058887168,"usedPercent":76.03139877319336,"diskIO":[{"name":"disk0","ioTime":1304561,"weightedIO":0}],"cpu":[{"cpu":"cpu0","user":4007.5625,"system":2243.015625,"idle":15213.59375,"nice":0,"iowait":0,"irq":0,"softirq":0,"steal":0,"guest":0,"guestNice":0,"stolen":0},{"cpu":"cpu1","user":2412.4140625,"system":985.953125,"idle":18065,"nice":0,"iowait":0,"irq":0,"softirq":0,"steal":0,"guest":0,"guestNice":0,"stolen":0},{"cpu":"cpu2","user":3894.3828125,"system":1973.8515625,"idle":15595.125,"nice":0,"iowait":0,"irq":0,"softirq":0,"steal":0,"guest":0,"guestNice":0,"stolen":0},{"cpu":"cpu3","user":2447.328125,"system":998.9609375,"idle":18017.0703125,"nice":0,"iowait":0,"irq":0,"softirq":0,"steal":0,"guest":0,"guestNice":0,"stolen":0}],"time":"2018-02-19 12:23:56.355464 +0900 JST m=+2545.589549888","errorInfo":null}
[Info]2018/02/19 12:23:56 acsessd /api/status.json
[Info]2018/02/19 12:23:56 {"hostname":"ksc-1x-dhcp-172-29-194-195.kwansei.ac.jp","hostid":"18d901f1-4a03-3ff1-ae34-c26b2732f13c","virtualizationSystem":"","total":8589934592,"available":2065006592,"usedPercent":75.96015930175781,"diskIO":[{"name":"disk0","ioTime":1304578,"weightedIO":0}],"cpu":[{"cpu":"cpu0","user":4007.7578125,"system":2243.046875,"idle":15213.7578125,"nice":0,"iowait":0,"irq":0,"softirq":0,"steal":0,"guest":0,"guestNice":0,"stolen":0},{"cpu":"cpu1","user":2412.46875,"system":985.96875,"idle":18065.3125,"nice":0,"iowait":0,"irq":0,"softirq":0,"steal":0,"guest":0,"guestNice":0,"stolen":0},{"cpu":"cpu2","user":3894.6015625,"system":1973.8828125,"idle":15595.28125,"nice":0,"iowait":0,"irq":0,"softirq":0,"steal":0,"guest":0,"guestNice":0,"stolen":0},{"cpu":"cpu3","user":2447.4296875,"system":998.984375,"idle":18017.3515625,"nice":0,"iowait":0,"irq":0,"softirq":0,"steal":0,"guest":0,"guestNice":0,"stolen":0}],"time":"2018-02-19 12:23:56.863455 +0900 JST m=+2546.097539326","errorInfo":null}
[Info]2018/02/19 12:23:57 acsessd /api/status.json
[Info]2018/02/19 12:23:57 {"hostname":"ksc-1x-dhcp-172-29-194-195.kwansei.ac.jp","hostid":"18d901f1-4a03-3ff1-ae34-c26b2732f13c","virtualizationSystem":"","total":8589934592,"available":2065305600,"usedPercent":75.95667839050293,"diskIO":[{"name":"disk0","ioTime":1304586,"weightedIO":0}],"cpu":[{"cpu":"cpu0","user":4007.984375,"system":2243.0859375,"idle":15213.9140625,"nice":0,"iowait":0,"irq":0,"softirq":0,"steal":0,"guest":0,"guestNice":0,"stolen":0},{"cpu":"cpu1","user":2412.5234375,"system":986.0078125,"idle":18065.6328125,"nice":0,"iowait":0,"irq":0,"softirq":0,"steal":0,"guest":0,"guestNice":0,"stolen":0},{"cpu":"cpu2","user":3894.8515625,"system":1973.921875,"idle":15595.390625,"nice":0,"iowait":0,"irq":0,"softirq":0,"steal":0,"guest":0,"guestNice":0,"stolen":0},{"cpu":"cpu3","user":2447.484375,"system":999.0078125,"idle":18017.671875,"nice":0,"iowait":0,"irq":0,"softirq":0,"steal":0,"guest":0,"guestNice":0,"stolen":0}],"time":"2018-02-19 12:23:57.380357 +0900 JST m=+2546.614441047","errorInfo":null}
[Info]2018/02/19 12:23:57 acsessd /api/status.json
[Info]2018/02/19 12:23:57 {"hostname":"ksc-1x-dhcp-172-29-194-195.kwansei.ac.jp","hostid":"18d901f1-4a03-3ff1-ae34-c26b2732f13c","virtualizationSystem":"","total":8589934592,"available":2063273984,"usedPercent":75.9803295135498,"diskIO":[{"name":"disk0","ioTime":1304609,"weightedIO":0}],"cpu":[{"cpu":"cpu0","user":4008.2109375,"system":2243.1484375,"idle":15214.015625,"nice":0,"iowait":0,"irq":0,"softirq":0,"steal":0,"guest":0,"guestNice":0,"stolen":0},{"cpu":"cpu1","user":2412.609375,"system":986.0703125,"idle":18065.8828125,"nice":0,"iowait":0,"irq":0,"softirq":0,"steal":0,"guest":0,"guestNice":0,"stolen":0},{"cpu":"cpu2","user":3895.1015625,"system":1973.9609375,"idle":15595.5,"nice":0,"iowait":0,"irq":0,"softirq":0,"steal":0,"guest":0,"guestNice":0,"stolen":0},{"cpu":"cpu3","user":2447.578125,"system":999.0625,"idle":18017.9140625,"nice":0,"iowait":0,"irq":0,"softirq":0,"steal":0,"guest":0,"guestNice":0,"stolen":0}],"time":"2018-02-19 12:23:57.884284 +0900 JST m=+2547.118367014","errorInfo":null}
[Info]2018/02/19 12:23:58 acsessd /api/status.json
[Info]2018/02/19 12:23:58 {"hostname":"ksc-1x-dhcp-172-29-194-195.kwansei.ac.jp","hostid":"18d901f1-4a03-3ff1-ae34-c26b2732f13c","virtualizationSystem":"","total":8589934592,"available":2063273984,"usedPercent":75.9803295135498,"diskIO":[{"name":"disk0","ioTime":1304609,"weightedIO":0}],"cpu":[{"cpu":"cpu0","user":4008.484375,"system":2243.1875,"idle":15214.09375,"nice":0,"iowait":0,"irq":0,"softirq":0,"steal":0,"guest":0,"guestNice":0,"stolen":0},{"cpu":"cpu1","user":2412.6875,"system":986.1015625,"idle":18066.1484375,"nice":0,"iowait":0,"irq":0,"softirq":0,"steal":0,"guest":0,"guestNice":0,"stolen":0},{"cpu":"cpu2","user":3895.3203125,"system":1973.9921875,"idle":15595.640625,"nice":0,"iowait":0,"irq":0,"softirq":0,"steal":0,"guest":0,"guestNice":0,"stolen":0},{"cpu":"cpu3","user":2447.6640625,"system":999.09375,"idle":18018.1796875,"nice":0,"iowait":0,"irq":0,"softirq":0,"steal":0,"guest":0,"guestNice":0,"stolen":0}],"time":"2018-02-19 12:23:58.377899 +0900 JST m=+2547.611980885","errorInfo":null}
[Info]2018/02/19 12:23:58 acsessd /api/status.json
[Info]2018/02/19 12:23:58 {"hostname":"ksc-1x-dhcp-172-29-194-195.kwansei.ac.jp","hostid":"18d901f1-4a03-3ff1-ae34-c26b2732f13c","virtualizationSystem":"","total":8589934592,"available":2062282752,"usedPercent":75.99186897277832,"diskIO":[{"name":"disk0","ioTime":1304609,"weightedIO":0}],"cpu":[{"cpu":"cpu0","user":4008.703125,"system":2243.1953125,"idle":15214.234375,"nice":0,"iowait":0,"irq":0,"softirq":0,"steal":0,"guest":0,"guestNice":0,"stolen":0},{"cpu":"cpu1","user":2412.7109375,"system":986.109375,"idle":18066.5,"nice":0,"iowait":0,"irq":0,"softirq":0,"steal":0,"guest":0,"guestNice":0,"stolen":0},{"cpu":"cpu2","user":3895.515625,"system":1974.015625,"idle":15595.796875,"nice":0,"iowait":0,"irq":0,"softirq":0,"steal":0,"guest":0,"guestNice":0,"stolen":0},{"cpu":"cpu3","user":2447.7109375,"system":999.1171875,"idle":18018.5,"nice":0,"iowait":0,"irq":0,"softirq":0,"steal":0,"guest":0,"guestNice":0,"stolen":0}],"time":"2018-02-19 12:23:58.867739 +0900 JST m=+2548.101819741","errorInfo":null}
[Info]2018/02/19 12:23:59 acsessd /api/status.json
[Info]2018/02/19 12:23:59 {"hostname":"ksc-1x-dhcp-172-29-194-195.kwansei.ac.jp","hostid":"18d901f1-4a03-3ff1-ae34-c26b2732f13c","virtualizationSystem":"","total":8589934592,"available":2062045184,"usedPercent":75.9946346282959,"diskIO":[{"name":"disk0","ioTime":1304609,"weightedIO":0}],"cpu":[{"cpu":"cpu0","user":4008.8671875,"system":2243.234375,"idle":15214.4453125,"nice":0,"iowait":0,"irq":0,"softirq":0,"steal":0,"guest":0,"guestNice":0,"stolen":0},{"cpu":"cpu1","user":2412.84375,"system":986.1328125,"idle":18066.75,"nice":0,"iowait":0,"irq":0,"softirq":0,"steal":0,"guest":0,"guestNice":0,"stolen":0},{"cpu":"cpu2","user":3895.8046875,"system":1974.046875,"idle":15595.875,"nice":0,"iowait":0,"irq":0,"softirq":0,"steal":0,"guest":0,"guestNice":0,"stolen":0},{"cpu":"cpu3","user":2447.8046875,"system":999.1484375,"idle":18018.7734375,"nice":0,"iowait":0,"irq":0,"softirq":0,"steal":0,"guest":0,"guestNice":0,"stolen":0}],"time":"2018-02-19 12:23:59.384345 +0900 JST m=+2548.618424527","errorInfo":null}
[Info]2018/02/19 12:23:59 acsessd /api/status.json
[Info]2018/02/19 12:23:59 {"hostname":"ksc-1x-dhcp-172-29-194-195.kwansei.ac.jp","hostid":"18d901f1-4a03-3ff1-ae34-c26b2732f13c","virtualizationSystem":"","total":8589934592,"available":2059812864,"usedPercent":76.02062225341797,"diskIO":[{"name":"disk0","ioTime":1304617,"weightedIO":0}],"cpu":[{"cpu":"cpu0","user":4009.0625,"system":2243.2578125,"idle":15214.6015625,"nice":0,"iowait":0,"irq":0,"softirq":0,"steal":0,"guest":0,"guestNice":0,"stolen":0},{"cpu":"cpu1","user":2412.90625,"system":986.15625,"idle":18067.046875,"nice":0,"iowait":0,"irq":0,"softirq":0,"steal":0,"guest":0,"guestNice":0,"stolen":0},{"cpu":"cpu2","user":3896.0234375,"system":1974.078125,"idle":15596.015625,"nice":0,"iowait":0,"irq":0,"softirq":0,"steal":0,"guest":0,"guestNice":0,"stolen":0},{"cpu":"cpu3","user":2447.875,"system":999.1640625,"idle":18019.0703125,"nice":0,"iowait":0,"irq":0,"softirq":0,"steal":0,"guest":0,"guestNice":0,"stolen":0}],"time":"2018-02-19 12:23:59.877323 +0900 JST m=+2549.111402165","errorInfo":null}
[Info]2018/02/19 12:24:00 acsessd /api/status.json
[Info]2018/02/19 12:24:00 {"hostname":"ksc-1x-dhcp-172-29-194-195.kwansei.ac.jp","hostid":"18d901f1-4a03-3ff1-ae34-c26b2732f13c","virtualizationSystem":"","total":8589934592,"available":2056077312,"usedPercent":76.0641098022461,"diskIO":[{"name":"disk0","ioTime":1304652,"weightedIO":0}],"cpu":[{"cpu":"cpu0","user":4009.328125,"system":2243.3515625,"idle":15214.6953125,"nice":0,"iowait":0,"irq":0,"softirq":0,"steal":0,"guest":0,"guestNice":0,"stolen":0},{"cpu":"cpu1","user":2413.1640625,"system":986.2265625,"idle":18067.171875,"nice":0,"iowait":0,"irq":0,"softirq":0,"steal":0,"guest":0,"guestNice":0,"stolen":0},{"cpu":"cpu2","user":3896.34375,"system":1974.15625,"idle":15596.0625,"nice":0,"iowait":0,"irq":0,"softirq":0,"steal":0,"guest":0,"guestNice":0,"stolen":0},{"cpu":"cpu3","user":2448.1015625,"system":999.25,"idle":18019.2109375,"nice":0,"iowait":0,"irq":0,"softirq":0,"steal":0,"guest":0,"guestNice":0,"stolen":0}],"time":"2018-02-19 12:24:00.450401 +0900 JST m=+2549.684479319","errorInfo":null}
[Info]2018/02/19 12:24:00 acsessd /api/status.json
[Info]2018/02/19 12:24:00 {"hostname":"ksc-1x-dhcp-172-29-194-195.kwansei.ac.jp","hostid":"18d901f1-4a03-3ff1-ae34-c26b2732f13c","virtualizationSystem":"","total":8589934592,"available":2032119808,"usedPercent":76.3430118560791,"diskIO":[{"name":"disk0","ioTime":1304682,"weightedIO":0}],"cpu":[{"cpu":"cpu0","user":4009.609375,"system":2243.4609375,"idle":15214.703125,"nice":0,"iowait":0,"irq":0,"softirq":0,"steal":0,"guest":0,"guestNice":0,"stolen":0},{"cpu":"cpu1","user":2413.4296875,"system":986.34375,"idle":18067.1796875,"nice":0,"iowait":0,"irq":0,"softirq":0,"steal":0,"guest":0,"guestNice":0,"stolen":0},{"cpu":"cpu2","user":3896.6328125,"system":1974.265625,"idle":15596.0625,"nice":0,"iowait":0,"irq":0,"softirq":0,"steal":0,"guest":0,"guestNice":0,"stolen":0},{"cpu":"cpu3","user":2448.3828125,"system":999.359375,"idle":18019.21875,"nice":0,"iowait":0,"irq":0,"softirq":0,"steal":0,"guest":0,"guestNice":0,"stolen":0}],"time":"2018-02-19 12:24:00.958943 +0900 JST m=+2550.193019593","errorInfo":null}
[Info]2018/02/19 12:24:01 acsessd /api/status.json
[Info]2018/02/19 12:24:01 {"hostname":"ksc-1x-dhcp-172-29-194-195.kwansei.ac.jp","hostid":"18d901f1-4a03-3ff1-ae34-c26b2732f13c","virtualizationSystem":"","total":8589934592,"available":2034892800,"usedPercent":76.31072998046875,"diskIO":[{"name":"disk0","ioTime":1304700,"weightedIO":0}],"cpu":[{"cpu":"cpu0","user":4009.8671875,"system":2243.515625,"idle":15214.7578125,"nice":0,"iowait":0,"irq":0,"softirq":0,"steal":0,"guest":0,"guestNice":0,"stolen":0},{"cpu":"cpu1","user":2413.6640625,"system":986.3984375,"idle":18067.2578125,"nice":0,"iowait":0,"irq":0,"softirq":0,"steal":0,"guest":0,"guestNice":0,"stolen":0},{"cpu":"cpu2","user":3896.9140625,"system":1974.3125,"idle":15596.109375,"nice":0,"iowait":0,"irq":0,"softirq":0,"steal":0,"guest":0,"guestNice":0,"stolen":0},{"cpu":"cpu3","user":2448.6171875,"system":999.4140625,"idle":18019.296875,"nice":0,"iowait":0,"irq":0,"softirq":0,"steal":0,"guest":0,"guestNice":0,"stolen":0}],"time":"2018-02-19 12:24:01.426482 +0900 JST m=+2550.660557615","errorInfo":null}
[Info]2018/02/19 12:24:01 acsessd /api/status.json
[Info]2018/02/19 12:24:01 {"hostname":"ksc-1x-dhcp-172-29-194-195.kwansei.ac.jp","hostid":"18d901f1-4a03-3ff1-ae34-c26b2732f13c","virtualizationSystem":"","total":8589934592,"available":2035224576,"usedPercent":76.3068675994873,"diskIO":[{"name":"disk0","ioTime":1304717,"weightedIO":0}],"cpu":[{"cpu":"cpu0","user":4010.0390625,"system":2243.5546875,"idle":15214.90625,"nice":0,"iowait":0,"irq":0,"softirq":0,"steal":0,"guest":0,"guestNice":0,"stolen":0},{"cpu":"cpu1","user":2413.734375,"system":986.421875,"idle":18067.53125,"nice":0,"iowait":0,"irq":0,"softirq":0,"steal":0,"guest":0,"guestNice":0,"stolen":0},{"cpu":"cpu2","user":3897.125,"system":1974.3359375,"idle":15596.21875,"nice":0,"iowait":0,"irq":0,"softirq":0,"steal":0,"guest":0,"guestNice":0,"stolen":0},{"cpu":"cpu3","user":2448.6953125,"system":999.4375,"idle":18019.5546875,"nice":0,"iowait":0,"irq":0,"softirq":0,"steal":0,"guest":0,"guestNice":0,"stolen":0}],"time":"2018-02-19 12:24:01.887881 +0900 JST m=+2551.121955808","errorInfo":null}
[Info]2018/02/19 12:24:02 acsessd /api/status.json
[Info]2018/02/19 12:24:02 {"hostname":"ksc-1x-dhcp-172-29-194-195.kwansei.ac.jp","hostid":"18d901f1-4a03-3ff1-ae34-c26b2732f13c","virtualizationSystem":"","total":8589934592,"available":2032832512,"usedPercent":76.33471488952637,"diskIO":[{"name":"disk0","ioTime":1304732,"weightedIO":0}],"cpu":[{"cpu":"cpu0","user":4010.25,"system":2243.6015625,"idle":15215.0390625,"nice":0,"iowait":0,"irq":0,"softirq":0,"steal":0,"guest":0,"guestNice":0,"stolen":0},{"cpu":"cpu1","user":2413.828125,"system":986.453125,"idle":18067.8046875,"nice":0,"iowait":0,"irq":0,"softirq":0,"steal":0,"guest":0,"guestNice":0,"stolen":0},{"cpu":"cpu2","user":3897.3359375,"system":1974.3828125,"idle":15596.3515625,"nice":0,"iowait":0,"irq":0,"softirq":0,"steal":0,"guest":0,"guestNice":0,"stolen":0},{"cpu":"cpu3","user":2448.78125,"system":999.46875,"idle":18019.828125,"nice":0,"iowait":0,"irq":0,"softirq":0,"steal":0,"guest":0,"guestNice":0,"stolen":0}],"time":"2018-02-19 12:24:02.391933 +0900 JST m=+2551.626006897","errorInfo":null}
[Info]2018/02/19 12:24:02 acsessd /api/status.json
[Info]2018/02/19 12:24:02 {"hostname":"ksc-1x-dhcp-172-29-194-195.kwansei.ac.jp","hostid":"18d901f1-4a03-3ff1-ae34-c26b2732f13c","virtualizationSystem":"","total":8589934592,"available":2032836608,"usedPercent":76.33466720581055,"diskIO":[{"name":"disk0","ioTime":1304756,"weightedIO":0}],"cpu":[{"cpu":"cpu0","user":4010.515625,"system":2243.6328125,"idle":15215.140625,"nice":0,"iowait":0,"irq":0,"softirq":0,"steal":0,"guest":0,"guestNice":0,"stolen":0},{"cpu":"cpu1","user":2413.890625,"system":986.4765625,"idle":18068.1015625,"nice":0,"iowait":0,"irq":0,"softirq":0,"steal":0,"guest":0,"guestNice":0,"stolen":0},{"cpu":"cpu2","user":3897.5078125,"system":1974.46875,"idle":15596.5,"nice":0,"iowait":0,"irq":0,"softirq":0,"steal":0,"guest":0,"guestNice":0,"stolen":0},{"cpu":"cpu3","user":2448.828125,"system":999.5078125,"idle":18020.1328125,"nice":0,"iowait":0,"irq":0,"softirq":0,"steal":0,"guest":0,"guestNice":0,"stolen":0}],"time":"2018-02-19 12:24:02.89572 +0900 JST m=+2552.129792675","errorInfo":null}
[Info]2018/02/19 12:24:03 acsessd /api/status.json
[Info]2018/02/19 12:24:03 {"hostname":"ksc-1x-dhcp-172-29-194-195.kwansei.ac.jp","hostid":"18d901f1-4a03-3ff1-ae34-c26b2732f13c","virtualizationSystem":"","total":8589934592,"available":2042892288,"usedPercent":76.21760368347168,"diskIO":[{"name":"disk0","ioTime":1304796,"weightedIO":0}],"cpu":[{"cpu":"cpu0","user":4010.7734375,"system":2243.6953125,"idle":15215.25,"nice":0,"iowait":0,"irq":0,"softirq":0,"steal":0,"guest":0,"guestNice":0,"stolen":0},{"cpu":"cpu1","user":2414.1171875,"system":986.53125,"idle":18068.2578125,"nice":0,"iowait":0,"irq":0,"softirq":0,"steal":0,"guest":0,"guestNice":0,"stolen":0},{"cpu":"cpu2","user":3897.828125,"system":1974.53125,"idle":15596.546875,"nice":0,"iowait":0,"irq":0,"softirq":0,"steal":0,"guest":0,"guestNice":0,"stolen":0},{"cpu":"cpu3","user":2449.015625,"system":999.5703125,"idle":18020.3125,"nice":0,"iowait":0,"irq":0,"softirq":0,"steal":0,"guest":0,"guestNice":0,"stolen":0}],"time":"2018-02-19 12:24:03.452142 +0900 JST m=+2552.686214366","errorInfo":null}
[Info]2018/02/19 12:24:03 acsessd /api/status.json
[Info]2018/02/19 12:24:03 {"hostname":"ksc-1x-dhcp-172-29-194-195.kwansei.ac.jp","hostid":"18d901f1-4a03-3ff1-ae34-c26b2732f13c","virtualizationSystem":"","total":8589934592,"available":2038804480,"usedPercent":76.26519203186035,"diskIO":[{"name":"disk0","ioTime":1304834,"weightedIO":0}],"cpu":[{"cpu":"cpu0","user":4011.046875,"system":2243.75,"idle":15215.2890625,"nice":0,"iowait":0,"irq":0,"softirq":0,"steal":0,"guest":0,"guestNice":0,"stolen":0},{"cpu":"cpu1","user":2414.28125,"system":986.6015625,"idle":18068.390625,"nice":0,"iowait":0,"irq":0,"softirq":0,"steal":0,"guest":0,"guestNice":0,"stolen":0},{"cpu":"cpu2","user":3898.1015625,"system":1974.578125,"idle":15596.59375,"nice":0,"iowait":0,"irq":0,"softirq":0,"steal":0,"guest":0,"guestNice":0,"stolen":0},{"cpu":"cpu3","user":2449.2265625,"system":999.625,"idle":18020.4296875,"nice":0,"iowait":0,"irq":0,"softirq":0,"steal":0,"guest":0,"guestNice":0,"stolen":0}],"time":"2018-02-19 12:24:03.922251 +0900 JST m=+2553.156322013","errorInfo":null}
[Info]2018/02/19 12:24:04 acsessd /api/status.json
[Info]2018/02/19 12:24:04 {"hostname":"ksc-1x-dhcp-172-29-194-195.kwansei.ac.jp","hostid":"18d901f1-4a03-3ff1-ae34-c26b2732f13c","virtualizationSystem":"","total":8589934592,"available":2031550464,"usedPercent":76.34963989257812,"diskIO":[{"name":"disk0","ioTime":1304845,"weightedIO":0}],"cpu":[{"cpu":"cpu0","user":4011.3046875,"system":2243.828125,"idle":15215.3359375,"nice":0,"iowait":0,"irq":0,"softirq":0,"steal":0,"guest":0,"guestNice":0,"stolen":0},{"cpu":"cpu1","user":2414.5234375,"system":986.6640625,"idle":18068.484375,"nice":0,"iowait":0,"irq":0,"softirq":0,"steal":0,"guest":0,"guestNice":0,"stolen":0},{"cpu":"cpu2","user":3898.3828125,"system":1974.65625,"idle":15596.6328125,"nice":0,"iowait":0,"irq":0,"softirq":0,"steal":0,"guest":0,"guestNice":0,"stolen":0},{"cpu":"cpu3","user":2449.4609375,"system":999.6796875,"idle":18020.5234375,"nice":0,"iowait":0,"irq":0,"softirq":0,"steal":0,"guest":0,"guestNice":0,"stolen":0}],"time":"2018-02-19 12:24:04.423619 +0900 JST m=+2553.657688869","errorInfo":null}
[Info]2018/02/19 12:24:04 acsessd /api/status.json
[Info]2018/02/19 12:24:04 {"hostname":"ksc-1x-dhcp-172-29-194-195.kwansei.ac.jp","hostid":"18d901f1-4a03-3ff1-ae34-c26b2732f13c","virtualizationSystem":"","total":8589934592,"available":2023895040,"usedPercent":76.43876075744629,"diskIO":[{"name":"disk0","ioTime":1304865,"weightedIO":0}],"cpu":[{"cpu":"cpu0","user":4011.5703125,"system":2243.8671875,"idle":15215.421875,"nice":0,"iowait":0,"irq":0,"softirq":0,"steal":0,"guest":0,"guestNice":0,"stolen":0},{"cpu":"cpu1","user":2414.6875,"system":986.6953125,"idle":18068.6640625,"nice":0,"iowait":0,"irq":0,"softirq":0,"steal":0,"guest":0,"guestNice":0,"stolen":0},{"cpu":"cpu2","user":3898.6328125,"system":1974.6953125,"idle":15596.7265625,"nice":0,"iowait":0,"irq":0,"softirq":0,"steal":0,"guest":0,"guestNice":0,"stolen":0},{"cpu":"cpu3","user":2449.640625,"system":999.71875,"idle":18020.6875,"nice":0,"iowait":0,"irq":0,"softirq":0,"steal":0,"guest":0,"guestNice":0,"stolen":0}],"time":"2018-02-19 12:24:04.908072 +0900 JST m=+2554.142141031","errorInfo":null}
[Info]2018/02/19 12:24:05 acsessd /api/status.json
[Info]2018/02/19 12:24:05 {"hostname":"ksc-1x-dhcp-172-29-194-195.kwansei.ac.jp","hostid":"18d901f1-4a03-3ff1-ae34-c26b2732f13c","virtualizationSystem":"","total":8589934592,"available":2038718464,"usedPercent":76.26619338989258,"diskIO":[{"name":"disk0","ioTime":1304866,"weightedIO":0}],"cpu":[{"cpu":"cpu0","user":4011.828125,"system":2243.9296875,"idle":15215.484375,"nice":0,"iowait":0,"irq":0,"softirq":0,"steal":0,"guest":0,"guestNice":0,"stolen":0},{"cpu":"cpu1","user":2414.828125,"system":986.7421875,"idle":18068.859375,"nice":0,"iowait":0,"irq":0,"softirq":0,"steal":0,"guest":0,"guestNice":0,"stolen":0},{"cpu":"cpu2","user":3898.828125,"system":1974.7578125,"idle":15596.84375,"nice":0,"iowait":0,"irq":0,"softirq":0,"steal":0,"guest":0,"guestNice":0,"stolen":0},{"cpu":"cpu3","user":2449.765625,"system":999.7890625,"idle":18020.875,"nice":0,"iowait":0,"irq":0,"softirq":0,"steal":0,"guest":0,"guestNice":0,"stolen":0}],"time":"2018-02-19 12:24:05.403226 +0900 JST m=+2554.637294246","errorInfo":null}
[Info]2018/02/19 12:24:05 acsessd /api/status.json
[Info]2018/02/19 12:24:05 {"hostname":"ksc-1x-dhcp-172-29-194-195.kwansei.ac.jp","hostid":"18d901f1-4a03-3ff1-ae34-c26b2732f13c","virtualizationSystem":"","total":8589934592,"available":2039123968,"usedPercent":76.26147270202637,"diskIO":[{"name":"disk0","ioTime":1304882,"weightedIO":0}],"cpu":[{"cpu":"cpu0","user":4011.921875,"system":2243.953125,"idle":15215.75,"nice":0,"iowait":0,"irq":0,"softirq":0,"steal":0,"guest":0,"guestNice":0,"stolen":0},{"cpu":"cpu1","user":2414.8515625,"system":986.765625,"idle":18069.1953125,"nice":0,"iowait":0,"irq":0,"softirq":0,"steal":0,"guest":0,"guestNice":0,"stolen":0},{"cpu":"cpu2","user":3899.125,"system":1974.7890625,"idle":15596.8984375,"nice":0,"iowait":0,"irq":0,"softirq":0,"steal":0,"guest":0,"guestNice":0,"stolen":0},{"cpu":"cpu3","user":2449.7890625,"system":999.796875,"idle":18021.2265625,"nice":0,"iowait":0,"irq":0,"softirq":0,"steal":0,"guest":0,"guestNice":0,"stolen":0}],"time":"2018-02-19 12:24:05.897285 +0900 JST m=+2555.131352545","errorInfo":null}
[Info]2018/02/19 12:24:06 acsessd /api/status.json
[Info]2018/02/19 12:24:06 {"hostname":"ksc-1x-dhcp-172-29-194-195.kwansei.ac.jp","hostid":"18d901f1-4a03-3ff1-ae34-c26b2732f13c","virtualizationSystem":"","total":8589934592,"available":2039406592,"usedPercent":76.25818252563477,"diskIO":[{"name":"disk0","ioTime":1304882,"weightedIO":0}],"cpu":[{"cpu":"cpu0","user":4012.203125,"system":2243.9609375,"idle":15215.859375,"nice":0,"iowait":0,"irq":0,"softirq":0,"steal":0,"guest":0,"guestNice":0,"stolen":0},{"cpu":"cpu1","user":2414.875,"system":986.7734375,"idle":18069.5625,"nice":0,"iowait":0,"irq":0,"softirq":0,"steal":0,"guest":0,"guestNice":0,"stolen":0},{"cpu":"cpu2","user":3899.265625,"system":1974.8125,"idle":15597.140625,"nice":0,"iowait":0,"irq":0,"softirq":0,"steal":0,"guest":0,"guestNice":0,"stolen":0},{"cpu":"cpu3","user":2449.8125,"system":999.8125,"idle":18021.5859375,"nice":0,"iowait":0,"irq":0,"softirq":0,"steal":0,"guest":0,"guestNice":0,"stolen":0}],"time":"2018-02-19 12:24:06.403434 +0900 JST m=+2555.637500740","errorInfo":null}
[Info]2018/02/19 12:24:06 acsessd /api/status.json
[Info]2018/02/19 12:24:06 {"hostname":"ksc-1x-dhcp-172-29-194-195.kwansei.ac.jp","hostid":"18d901f1-4a03-3ff1-ae34-c26b2732f13c","virtualizationSystem":"","total":8589934592,"available":2038091776,"usedPercent":76.27348899841309,"diskIO":[{"name":"disk0","ioTime":1304901,"weightedIO":0}],"cpu":[{"cpu":"cpu0","user":4012.390625,"system":2243.96875,"idle":15216.0703125,"nice":0,"iowait":0,"irq":0,"softirq":0,"steal":0,"guest":0,"guestNice":0,"stolen":0},{"cpu":"cpu1","user":2414.90625,"system":986.78125,"idle":18069.9296875,"nice":0,"iowait":0,"irq":0,"softirq":0,"steal":0,"guest":0,"guestNice":0,"stolen":0},{"cpu":"cpu2","user":3899.5,"system":1974.84375,"idle":15597.2734375,"nice":0,"iowait":0,"irq":0,"softirq":0,"steal":0,"guest":0,"guestNice":0,"stolen":0},{"cpu":"cpu3","user":2449.8515625,"system":999.8359375,"idle":18021.9296875,"nice":0,"iowait":0,"irq":0,"softirq":0,"steal":0,"guest":0,"guestNice":0,"stolen":0}],"time":"2018-02-19 12:24:06.923294 +0900 JST m=+2556.157359373","errorInfo":null}
[Info]2018/02/19 12:24:07 acsessd /api/status.json
[Info]2018/02/19 12:24:07 {"hostname":"ksc-1x-dhcp-172-29-194-195.kwansei.ac.jp","hostid":"18d901f1-4a03-3ff1-ae34-c26b2732f13c","virtualizationSystem":"","total":8589934592,"available":2012999680,"usedPercent":76.56559944152832,"diskIO":[{"name":"disk0","ioTime":1304911,"weightedIO":0}],"cpu":[{"cpu":"cpu0","user":4012.6875,"system":2243.9921875,"idle":15216.1484375,"nice":0,"iowait":0,"irq":0,"softirq":0,"steal":0,"guest":0,"guestNice":0,"stolen":0},{"cpu":"cpu1","user":2414.9765625,"system":986.8203125,"idle":18070.2109375,"nice":0,"iowait":0,"irq":0,"softirq":0,"steal":0,"guest":0,"guestNice":0,"stolen":0},{"cpu":"cpu2","user":3899.7265625,"system":1974.8984375,"idle":15597.390625,"nice":0,"iowait":0,"irq":0,"softirq":0,"steal":0,"guest":0,"guestNice":0,"stolen":0},{"cpu":"cpu3","user":2449.9453125,"system":999.8828125,"idle":18022.1875,"nice":0,"iowait":0,"irq":0,"softirq":0,"steal":0,"guest":0,"guestNice":0,"stolen":0}],"time":"2018-02-19 12:24:07.429134 +0900 JST m=+2556.663198728","errorInfo":null}
[Info]2018/02/19 12:24:07 acsessd /api/status.json
[Info]2018/02/19 12:24:07 {"hostname":"ksc-1x-dhcp-172-29-194-195.kwansei.ac.jp","hostid":"18d901f1-4a03-3ff1-ae34-c26b2732f13c","virtualizationSystem":"","total":8589934592,"available":2017120256,"usedPercent":76.51762962341309,"diskIO":[{"name":"disk0","ioTime":1304911,"weightedIO":0}],"cpu":[{"cpu":"cpu0","user":4012.9921875,"system":2244.03125,"idle":15216.1796875,"nice":0,"iowait":0,"irq":0,"softirq":0,"steal":0,"guest":0,"guestNice":0,"stolen":0},{"cpu":"cpu1","user":2415.0859375,"system":986.859375,"idle":18070.4453125,"nice":0,"iowait":0,"irq":0,"softirq":0,"steal":0,"guest":0,"guestNice":0,"stolen":0},{"cpu":"cpu2","user":3900.015625,"system":1974.953125,"idle":15597.4296875,"nice":0,"iowait":0,"irq":0,"softirq":0,"steal":0,"guest":0,"guestNice":0,"stolen":0},{"cpu":"cpu3","user":2450.0390625,"system":999.9296875,"idle":18022.421875,"nice":0,"iowait":0,"irq":0,"softirq":0,"steal":0,"guest":0,"guestNice":0,"stolen":0}],"time":"2018-02-19 12:24:07.913947 +0900 JST m=+2557.148009863","errorInfo":null}
[Info]2018/02/19 12:24:08 acsessd /api/status.json
[Info]2018/02/19 12:24:08 {"hostname":"ksc-1x-dhcp-172-29-194-195.kwansei.ac.jp","hostid":"18d901f1-4a03-3ff1-ae34-c26b2732f13c","virtualizationSystem":"","total":8589934592,"available":1997520896,"usedPercent":76.74579620361328,"diskIO":[{"name":"disk0","ioTime":1304919,"weightedIO":0}],"cpu":[{"cpu":"cpu0","user":4013.296875,"system":2244.0625,"idle":15216.2421875,"nice":0,"iowait":0,"irq":0,"softirq":0,"steal":0,"guest":0,"guestNice":0,"stolen":0},{"cpu":"cpu1","user":2415.1796875,"system":986.9140625,"idle":18070.703125,"nice":0,"iowait":0,"irq":0,"softirq":0,"steal":0,"guest":0,"guestNice":0,"stolen":0},{"cpu":"cpu2","user":3900.234375,"system":1975.0078125,"idle":15597.5546875,"nice":0,"iowait":0,"irq":0,"softirq":0,"steal":0,"guest":0,"guestNice":0,"stolen":0},{"cpu":"cpu3","user":2450.1640625,"system":999.9765625,"idle":18022.65625,"nice":0,"iowait":0,"irq":0,"softirq":0,"steal":0,"guest":0,"guestNice":0,"stolen":0}],"time":"2018-02-19 12:24:08.428253 +0900 JST m=+2557.662315116","errorInfo":null}
[Info]2018/02/19 12:24:08 acsessd /api/status.json
[Info]2018/02/19 12:24:08 {"hostname":"ksc-1x-dhcp-172-29-194-195.kwansei.ac.jp","hostid":"18d901f1-4a03-3ff1-ae34-c26b2732f13c","virtualizationSystem":"","total":8589934592,"available":1990819840,"usedPercent":76.82380676269531,"diskIO":[{"name":"disk0","ioTime":1304927,"weightedIO":0}],"cpu":[{"cpu":"cpu0","user":4013.5078125,"system":2244.1015625,"idle":15216.375,"nice":0,"iowait":0,"irq":0,"softirq":0,"steal":0,"guest":0,"guestNice":0,"stolen":0},{"cpu":"cpu1","user":2415.3046875,"system":986.9375,"idle":18070.9375,"nice":0,"iowait":0,"irq":0,"softirq":0,"steal":0,"guest":0,"guestNice":0,"stolen":0},{"cpu":"cpu2","user":3900.484375,"system":1975.03125,"idle":15597.6640625,"nice":0,"iowait":0,"irq":0,"softirq":0,"steal":0,"guest":0,"guestNice":0,"stolen":0},{"cpu":"cpu3","user":2450.2734375,"system":999.9921875,"idle":18022.90625,"nice":0,"iowait":0,"irq":0,"softirq":0,"steal":0,"guest":0,"guestNice":0,"stolen":0}],"time":"2018-02-19 12:24:08.912984 +0900 JST m=+2558.147045770","errorInfo":null}
[Info]2018/02/19 12:24:09 acsessd /api/status.json
[Info]2018/02/19 12:24:09 {"hostname":"ksc-1x-dhcp-172-29-194-195.kwansei.ac.jp","hostid":"18d901f1-4a03-3ff1-ae34-c26b2732f13c","virtualizationSystem":"","total":8589934592,"available":1981157376,"usedPercent":76.93629264831543,"diskIO":[{"name":"disk0","ioTime":1304927,"weightedIO":0}],"cpu":[{"cpu":"cpu0","user":4013.6953125,"system":2244.140625,"idle":15216.546875,"nice":0,"iowait":0,"irq":0,"softirq":0,"steal":0,"guest":0,"guestNice":0,"stolen":0},{"cpu":"cpu1","user":2415.3671875,"system":986.953125,"idle":18071.2421875,"nice":0,"iowait":0,"irq":0,"softirq":0,"steal":0,"guest":0,"guestNice":0,"stolen":0},{"cpu":"cpu2","user":3900.671875,"system":1975.0625,"idle":15597.8359375,"nice":0,"iowait":0,"irq":0,"softirq":0,"steal":0,"guest":0,"guestNice":0,"stolen":0},{"cpu":"cpu3","user":2450.328125,"system":1000.0078125,"idle":18023.2265625,"nice":0,"iowait":0,"irq":0,"softirq":0,"steal":0,"guest":0,"guestNice":0,"stolen":0}],"time":"2018-02-19 12:24:09.412718 +0900 JST m=+2558.646778301","errorInfo":null}
[Info]2018/02/19 12:24:09 acsessd /api/status.json
[Info]2018/02/19 12:24:09 {"hostname":"ksc-1x-dhcp-172-29-194-195.kwansei.ac.jp","hostid":"18d901f1-4a03-3ff1-ae34-c26b2732f13c","virtualizationSystem":"","total":8589934592,"available":2028957696,"usedPercent":76.37982368469238,"diskIO":[{"name":"disk0","ioTime":1304927,"weightedIO":0}],"cpu":[{"cpu":"cpu0","user":4013.8515625,"system":2244.171875,"idle":15216.75,"nice":0,"iowait":0,"irq":0,"softirq":0,"steal":0,"guest":0,"guestNice":0,"stolen":0},{"cpu":"cpu1","user":2415.4296875,"system":986.9609375,"idle":18071.5625,"nice":0,"iowait":0,"irq":0,"softirq":0,"steal":0,"guest":0,"guestNice":0,"stolen":0},{"cpu":"cpu2","user":3900.84375,"system":1975.09375,"idle":15598.0234375,"nice":0,"iowait":0,"irq":0,"softirq":0,"steal":0,"guest":0,"guestNice":0,"stolen":0},{"cpu":"cpu3","user":2450.390625,"system":1000.0234375,"idle":18023.546875,"nice":0,"iowait":0,"irq":0,"softirq":0,"steal":0,"guest":0,"guestNice":0,"stolen":0}],"time":"2018-02-19 12:24:09.913403 +0900 JST m=+2559.147462068","errorInfo":null}
[Info]2018/02/19 12:24:10 acsessd /api/status.json
[Info]2018/02/19 12:24:10 {"hostname":"ksc-1x-dhcp-172-29-194-195.kwansei.ac.jp","hostid":"18d901f1-4a03-3ff1-ae34-c26b2732f13c","virtualizationSystem":"","total":8589934592,"available":2023256064,"usedPercent":76.44619941711426,"diskIO":[{"name":"disk0","ioTime":1304927,"weightedIO":0}],"cpu":[{"cpu":"cpu0","user":4014.0625,"system":2244.2109375,"idle":15216.8984375,"nice":0,"iowait":0,"irq":0,"softirq":0,"steal":0,"guest":0,"guestNice":0,"stolen":0},{"cpu":"cpu1","user":2415.5390625,"system":986.984375,"idle":18071.8359375,"nice":0,"iowait":0,"irq":0,"softirq":0,"steal":0,"guest":0,"guestNice":0,"stolen":0},{"cpu":"cpu2","user":3901.0625,"system":1975.125,"idle":15598.1640625,"nice":0,"iowait":0,"irq":0,"softirq":0,"steal":0,"guest":0,"guestNice":0,"stolen":0},{"cpu":"cpu3","user":2450.46875,"system":1000.046875,"idle":18023.84375,"nice":0,"iowait":0,"irq":0,"softirq":0,"steal":0,"guest":0,"guestNice":0,"stolen":0}],"time":"2018-02-19 12:24:10.431285 +0900 JST m=+2559.665343281","errorInfo":null}
[Info]2018/02/19 12:24:10 acsessd /api/status.json
[Info]2018/02/19 12:24:10 {"hostname":"ksc-1x-dhcp-172-29-194-195.kwansei.ac.jp","hostid":"18d901f1-4a03-3ff1-ae34-c26b2732f13c","virtualizationSystem":"","total":8589934592,"available":2018013184,"usedPercent":76.50723457336426,"diskIO":[{"name":"disk0","ioTime":1304934,"weightedIO":0}],"cpu":[{"cpu":"cpu0","user":4014.2265625,"system":2244.2421875,"idle":15217.09375,"nice":0,"iowait":0,"irq":0,"softirq":0,"steal":0,"guest":0,"guestNice":0,"stolen":0},{"cpu":"cpu1","user":2415.6328125,"system":987,"idle":18072.125,"nice":0,"iowait":0,"irq":0,"softirq":0,"steal":0,"guest":0,"guestNice":0,"stolen":0},{"cpu":"cpu2","user":3901.28125,"system":1975.1484375,"idle":15598.3203125,"nice":0,"iowait":0,"irq":0,"softirq":0,"steal":0,"guest":0,"guestNice":0,"stolen":0},{"cpu":"cpu3","user":2450.53125,"system":1000.0625,"idle":18024.15625,"nice":0,"iowait":0,"irq":0,"softirq":0,"steal":0,"guest":0,"guestNice":0,"stolen":0}],"time":"2018-02-19 12:24:10.934171 +0900 JST m=+2560.168228150","errorInfo":null}
[Info]2018/02/19 12:24:11 acsessd /api/status.json
[Info]2018/02/19 12:24:11 {"hostname":"ksc-1x-dhcp-172-29-194-195.kwansei.ac.jp","hostid":"18d901f1-4a03-3ff1-ae34-c26b2732f13c","virtualizationSystem":"","total":8589934592,"available":2017955840,"usedPercent":76.50790214538574,"diskIO":[{"name":"disk0","ioTime":1304953,"weightedIO":0}],"cpu":[{"cpu":"cpu0","user":4014.421875,"system":2244.265625,"idle":15217.2578125,"nice":0,"iowait":0,"irq":0,"softirq":0,"steal":0,"guest":0,"guestNice":0,"stolen":0},{"cpu":"cpu1","user":2415.703125,"system":987.015625,"idle":18072.421875,"nice":0,"iowait":0,"irq":0,"softirq":0,"steal":0,"guest":0,"guestNice":0,"stolen":0},{"cpu":"cpu2","user":3901.484375,"system":1975.1796875,"idle":15598.4765625,"nice":0,"iowait":0,"irq":0,"softirq":0,"steal":0,"guest":0,"guestNice":0,"stolen":0},{"cpu":"cpu3","user":2450.6015625,"system":1000.078125,"idle":18024.453125,"nice":0,"iowait":0,"irq":0,"softirq":0,"steal":0,"guest":0,"guestNice":0,"stolen":0}],"time":"2018-02-19 12:24:11.423653 +0900 JST m=+2560.657709493","errorInfo":null}
[Info]2018/02/19 12:24:11 acsessd /api/status.json
[Info]2018/02/19 12:24:11 {"hostname":"ksc-1x-dhcp-172-29-194-195.kwansei.ac.jp","hostid":"18d901f1-4a03-3ff1-ae34-c26b2732f13c","virtualizationSystem":"","total":8589934592,"available":2017730560,"usedPercent":76.51052474975586,"diskIO":[{"name":"disk0","ioTime":1304953,"weightedIO":0}],"cpu":[{"cpu":"cpu0","user":4014.6171875,"system":2244.2890625,"idle":15217.4375,"nice":0,"iowait":0,"irq":0,"softirq":0,"steal":0,"guest":0,"guestNice":0,"stolen":0},{"cpu":"cpu1","user":2415.71875,"system":987.03125,"idle":18072.7734375,"nice":0,"iowait":0,"irq":0,"softirq":0,"steal":0,"guest":0,"guestNice":0,"stolen":0},{"cpu":"cpu2","user":3901.703125,"system":1975.1875,"idle":15598.640625,"nice":0,"iowait":0,"irq":0,"softirq":0,"steal":0,"guest":0,"guestNice":0,"stolen":0},{"cpu":"cpu3","user":2450.6328125,"system":1000.09375,"idle":18024.8046875,"nice":0,"iowait":0,"irq":0,"softirq":0,"steal":0,"guest":0,"guestNice":0,"stolen":0}],"time":"2018-02-19 12:24:11.925902 +0900 JST m=+2561.159957958","errorInfo":null}
[Info]2018/02/19 12:24:12 acsessd /api/status.json
[Info]2018/02/19 12:24:12 {"hostname":"ksc-1x-dhcp-172-29-194-195.kwansei.ac.jp","hostid":"18d901f1-4a03-3ff1-ae34-c26b2732f13c","virtualizationSystem":"","total":8589934592,"available":2006061056,"usedPercent":76.64637565612793,"diskIO":[{"name":"disk0","ioTime":1304961,"weightedIO":0}],"cpu":[{"cpu":"cpu0","user":4014.8359375,"system":2244.328125,"idle":15217.578125,"nice":0,"iowait":0,"irq":0,"softirq":0,"steal":0,"guest":0,"guestNice":0,"stolen":0},{"cpu":"cpu1","user":2415.8359375,"system":987.0703125,"idle":18073.0234375,"nice":0,"iowait":0,"irq":0,"softirq":0,"steal":0,"guest":0,"guestNice":0,"stolen":0},{"cpu":"cpu2","user":3901.953125,"system":1975.25,"idle":15598.734375,"nice":0,"iowait":0,"irq":0,"softirq":0,"steal":0,"guest":0,"guestNice":0,"stolen":0},{"cpu":"cpu3","user":2450.7578125,"system":1000.140625,"idle":18025.03125,"nice":0,"iowait":0,"irq":0,"softirq":0,"steal":0,"guest":0,"guestNice":0,"stolen":0}],"time":"2018-02-19 12:24:12.443255 +0900 JST m=+2561.677309815","errorInfo":null}
[Info]2018/02/19 12:24:12 acsessd /api/status.json
[Info]2018/02/19 12:24:12 {"hostname":"ksc-1x-dhcp-172-29-194-195.kwansei.ac.jp","hostid":"18d901f1-4a03-3ff1-ae34-c26b2732f13c","virtualizationSystem":"","total":8589934592,"available":2003951616,"usedPercent":76.67093276977539,"diskIO":[{"name":"disk0","ioTime":1304969,"weightedIO":0}],"cpu":[{"cpu":"cpu0","user":4015.0625,"system":2244.3671875,"idle":15217.6953125,"nice":0,"iowait":0,"irq":0,"softirq":0,"steal":0,"guest":0,"guestNice":0,"stolen":0},{"cpu":"cpu1","user":2415.9140625,"system":987.1171875,"idle":18073.2890625,"nice":0,"iowait":0,"irq":0,"softirq":0,"steal":0,"guest":0,"guestNice":0,"stolen":0},{"cpu":"cpu2","user":3902.15625,"system":1975.296875,"idle":15598.8671875,"nice":0,"iowait":0,"irq":0,"softirq":0,"steal":0,"guest":0,"guestNice":0,"stolen":0},{"cpu":"cpu3","user":2450.84375,"system":1000.1796875,"idle":18025.2890625,"nice":0,"iowait":0,"irq":0,"softirq":0,"steal":0,"guest":0,"guestNice":0,"stolen":0}],"time":"2018-02-19 12:24:12.931734 +0900 JST m=+2562.165787761","errorInfo":null}
[Info]2018/02/19 12:24:13 acsessd /api/status.json
[Info]2018/02/19 12:24:13 {"hostname":"ksc-1x-dhcp-172-29-194-195.kwansei.ac.jp","hostid":"18d901f1-4a03-3ff1-ae34-c26b2732f13c","virtualizationSystem":"","total":8589934592,"available":2002780160,"usedPercent":76.6845703125,"diskIO":[{"name":"disk0","ioTime":1304969,"weightedIO":0}],"cpu":[{"cpu":"cpu0","user":4015.2734375,"system":2244.421875,"idle":15217.828125,"nice":0,"iowait":0,"irq":0,"softirq":0,"steal":0,"guest":0,"guestNice":0,"stolen":0},{"cpu":"cpu1","user":2416.0078125,"system":987.1640625,"idle":18073.5390625,"nice":0,"iowait":0,"irq":0,"softirq":0,"steal":0,"guest":0,"guestNice":0,"stolen":0},{"cpu":"cpu2","user":3902.4140625,"system":1975.328125,"idle":15598.96875,"nice":0,"iowait":0,"irq":0,"softirq":0,"steal":0,"guest":0,"guestNice":0,"stolen":0},{"cpu":"cpu3","user":2450.9453125,"system":1000.2265625,"idle":18025.5390625,"nice":0,"iowait":0,"irq":0,"softirq":0,"steal":0,"guest":0,"guestNice":0,"stolen":0}],"time":"2018-02-19 12:24:13.442012 +0900 JST m=+2562.676064827","errorInfo":null}
[Info]2018/02/19 12:24:13 acsessd /api/status.json
[Info]2018/02/19 12:24:13 {"hostname":"ksc-1x-dhcp-172-29-194-195.kwansei.ac.jp","hostid":"18d901f1-4a03-3ff1-ae34-c26b2732f13c","virtualizationSystem":"","total":8589934592,"available":2002669568,"usedPercent":76.68585777282715,"diskIO":[{"name":"disk0","ioTime":1304977,"weightedIO":0}],"cpu":[{"cpu":"cpu0","user":4015.4453125,"system":2244.4765625,"idle":15217.984375,"nice":0,"iowait":0,"irq":0,"softirq":0,"steal":0,"guest":0,"guestNice":0,"stolen":0},{"cpu":"cpu1","user":2416.0859375,"system":987.1953125,"idle":18073.8203125,"nice":0,"iowait":0,"irq":0,"softirq":0,"steal":0,"guest":0,"guestNice":0,"stolen":0},{"cpu":"cpu2","user":3902.671875,"system":1975.3515625,"idle":15599.078125,"nice":0,"iowait":0,"irq":0,"softirq":0,"steal":0,"guest":0,"guestNice":0,"stolen":0},{"cpu":"cpu3","user":2451.03125,"system":1000.2421875,"idle":18025.828125,"nice":0,"iowait":0,"irq":0,"softirq":0,"steal":0,"guest":0,"guestNice":0,"stolen":0}],"time":"2018-02-19 12:24:13.934993 +0900 JST m=+2563.169044694","errorInfo":null}
[Info]2018/02/19 12:24:14 acsessd /api/status.json
[Info]2018/02/19 12:24:14 {"hostname":"ksc-1x-dhcp-172-29-194-195.kwansei.ac.jp","hostid":"18d901f1-4a03-3ff1-ae34-c26b2732f13c","virtualizationSystem":"","total":8589934592,"available":2002993152,"usedPercent":76.68209075927734,"diskIO":[{"name":"disk0","ioTime":1304977,"weightedIO":0}],"cpu":[{"cpu":"cpu0","user":4015.6953125,"system":2244.515625,"idle":15218.09375,"nice":0,"iowait":0,"irq":0,"softirq":0,"steal":0,"guest":0,"guestNice":0,"stolen":0},{"cpu":"cpu1","user":2416.1171875,"system":987.203125,"idle":18074.171875,"nice":0,"iowait":0,"irq":0,"softirq":0,"steal":0,"guest":0,"guestNice":0,"stolen":0},{"cpu":"cpu2","user":3902.8515625,"system":1975.359375,"idle":15599.28125,"nice":0,"iowait":0,"irq":0,"softirq":0,"steal":0,"guest":0,"guestNice":0,"stolen":0},{"cpu":"cpu3","user":2451.0390625,"system":1000.25,"idle":18026.1953125,"nice":0,"iowait":0,"irq":0,"softirq":0,"steal":0,"guest":0,"guestNice":0,"stolen":0}],"time":"2018-02-19 12:24:14.437193 +0900 JST m=+2563.671244105","errorInfo":null}
[Info]2018/02/19 12:24:14 acsessd /api/status.json
[Info]2018/02/19 12:24:14 {"hostname":"ksc-1x-dhcp-172-29-194-195.kwansei.ac.jp","hostid":"18d901f1-4a03-3ff1-ae34-c26b2732f13c","virtualizationSystem":"","total":8589934592,"available":2002395136,"usedPercent":76.68905258178711,"diskIO":[{"name":"disk0","ioTime":1304985,"weightedIO":0}],"cpu":[{"cpu":"cpu0","user":4015.9140625,"system":2244.546875,"idle":15218.28125,"nice":0,"iowait":0,"irq":0,"softirq":0,"steal":0,"guest":0,"guestNice":0,"stolen":0},{"cpu":"cpu1","user":2416.2109375,"system":987.2421875,"idle":18074.4765625,"nice":0,"iowait":0,"irq":0,"softirq":0,"steal":0,"guest":0,"guestNice":0,"stolen":0},{"cpu":"cpu2","user":3903.1015625,"system":1975.390625,"idle":15599.4375,"nice":0,"iowait":0,"irq":0,"softirq":0,"steal":0,"guest":0,"guestNice":0,"stolen":0},{"cpu":"cpu3","user":2451.1328125,"system":1000.2734375,"idle":18026.515625,"nice":0,"iowait":0,"irq":0,"softirq":0,"steal":0,"guest":0,"guestNice":0,"stolen":0}],"time":"2018-02-19 12:24:14.995371 +0900 JST m=+2564.229420835","errorInfo":null}
[Info]2018/02/19 12:24:15 acsessd /api/status.json
[Info]2018/02/19 12:24:15 {"hostname":"ksc-1x-dhcp-172-29-194-195.kwansei.ac.jp","hostid":"18d901f1-4a03-3ff1-ae34-c26b2732f13c","virtualizationSystem":"","total":8589934592,"available":2029916160,"usedPercent":76.36866569519043,"diskIO":[{"name":"disk0","ioTime":1305003,"weightedIO":0}],"cpu":[{"cpu":"cpu0","user":4016.1875,"system":2244.6015625,"idle":15218.375,"nice":0,"iowait":0,"irq":0,"softirq":0,"steal":0,"guest":0,"guestNice":0,"stolen":0},{"cpu":"cpu1","user":2416.375,"system":987.296875,"idle":18074.6796875,"nice":0,"iowait":0,"irq":0,"softirq":0,"steal":0,"guest":0,"guestNice":0,"stolen":0},{"cpu":"cpu2","user":3903.3671875,"system":1975.4453125,"idle":15599.5390625,"nice":0,"iowait":0,"irq":0,"softirq":0,"steal":0,"guest":0,"guestNice":0,"stolen":0},{"cpu":"cpu3","user":2451.2734375,"system":1000.3515625,"idle":18026.71875,"nice":0,"iowait":0,"irq":0,"softirq":0,"steal":0,"guest":0,"guestNice":0,"stolen":0}],"time":"2018-02-19 12:24:15.534801 +0900 JST m=+2564.768849189","errorInfo":null}
[Info]2018/02/19 12:24:15 acsessd /api/status.json
[Info]2018/02/19 12:24:15 {"hostname":"ksc-1x-dhcp-172-29-194-195.kwansei.ac.jp","hostid":"18d901f1-4a03-3ff1-ae34-c26b2732f13c","virtualizationSystem":"","total":8589934592,"available":2030780416,"usedPercent":76.35860443115234,"diskIO":[{"name":"disk0","ioTime":1305019,"weightedIO":0}],"cpu":[{"cpu":"cpu0","user":4016.359375,"system":2244.6171875,"idle":15218.515625,"nice":0,"iowait":0,"irq":0,"softirq":0,"steal":0,"guest":0,"guestNice":0,"stolen":0},{"cpu":"cpu1","user":2416.4140625,"system":987.3125,"idle":18074.953125,"nice":0,"iowait":0,"irq":0,"softirq":0,"steal":0,"guest":0,"guestNice":0,"stolen":0},{"cpu":"cpu2","user":3903.5390625,"system":1975.4765625,"idle":15599.6640625,"nice":0,"iowait":0,"irq":0,"softirq":0,"steal":0,"guest":0,"guestNice":0,"stolen":0},{"cpu":"cpu3","user":2451.296875,"system":1000.3671875,"idle":18027.0078125,"nice":0,"iowait":0,"irq":0,"softirq":0,"steal":0,"guest":0,"guestNice":0,"stolen":0}],"time":"2018-02-19 12:24:15.957201 +0900 JST m=+2565.191249339","errorInfo":null}
[Info]2018/02/19 12:24:16 acsessd /api/status.json
[Info]2018/02/19 12:24:16 {"hostname":"ksc-1x-dhcp-172-29-194-195.kwansei.ac.jp","hostid":"18d901f1-4a03-3ff1-ae34-c26b2732f13c","virtualizationSystem":"","total":8589934592,"available":2022395904,"usedPercent":76.45621299743652,"diskIO":[{"name":"disk0","ioTime":1305027,"weightedIO":0}],"cpu":[{"cpu":"cpu0","user":4016.6328125,"system":2244.6484375,"idle":15218.65625,"nice":0,"iowait":0,"irq":0,"softirq":0,"steal":0,"guest":0,"guestNice":0,"stolen":0},{"cpu":"cpu1","user":2416.5078125,"system":987.3515625,"idle":18075.2734375,"nice":0,"iowait":0,"irq":0,"softirq":0,"steal":0,"guest":0,"guestNice":0,"stolen":0},{"cpu":"cpu2","user":3903.78125,"system":1975.5234375,"idle":15599.8203125,"nice":0,"iowait":0,"irq":0,"softirq":0,"steal":0,"guest":0,"guestNice":0,"stolen":0},{"cpu":"cpu3","user":2451.3984375,"system":1000.40625,"idle":18027.3125,"nice":0,"iowait":0,"irq":0,"softirq":0,"steal":0,"guest":0,"guestNice":0,"stolen":0}],"time":"2018-02-19 12:24:16.529687 +0900 JST m=+2565.763733737","errorInfo":null}
[Info]2018/02/19 12:24:16 acsessd /api/status.json
[Info]2018/02/19 12:24:16 {"hostname":"ksc-1x-dhcp-172-29-194-195.kwansei.ac.jp","hostid":"18d901f1-4a03-3ff1-ae34-c26b2732f13c","virtualizationSystem":"","total":8589934592,"available":2022121472,"usedPercent":76.45940780639648,"diskIO":[{"name":"disk0","ioTime":1305042,"weightedIO":0}],"cpu":[{"cpu":"cpu0","user":4016.765625,"system":2244.6875,"idle":15218.8203125,"nice":0,"iowait":0,"irq":0,"softirq":0,"steal":0,"guest":0,"guestNice":0,"stolen":0},{"cpu":"cpu1","user":2416.5390625,"system":987.3671875,"idle":18075.5546875,"nice":0,"iowait":0,"irq":0,"softirq":0,"steal":0,"guest":0,"guestNice":0,"stolen":0},{"cpu":"cpu2","user":3904.0078125,"system":1975.5234375,"idle":15599.921875,"nice":0,"iowait":0,"irq":0,"softirq":0,"steal":0,"guest":0,"guestNice":0,"stolen":0},{"cpu":"cpu3","user":2451.4375,"system":1000.4140625,"idle":18027.609375,"nice":0,"iowait":0,"irq":0,"softirq":0,"steal":0,"guest":0,"guestNice":0,"stolen":0}],"time":"2018-02-19 12:24:16.956816 +0900 JST m=+2566.190861943","errorInfo":null}
[Info]2018/02/19 12:24:17 acsessd /api/status.json
[Info]2018/02/19 12:24:17 {"hostname":"ksc-1x-dhcp-172-29-194-195.kwansei.ac.jp","hostid":"18d901f1-4a03-3ff1-ae34-c26b2732f13c","virtualizationSystem":"","total":8589934592,"available":2022060032,"usedPercent":76.46012306213379,"diskIO":[{"name":"disk0","ioTime":1305042,"weightedIO":0}],"cpu":[{"cpu":"cpu0","user":4016.9609375,"system":2244.71875,"idle":15218.984375,"nice":0,"iowait":0,"irq":0,"softirq":0,"steal":0,"guest":0,"guestNice":0,"stolen":0},{"cpu":"cpu1","user":2416.5859375,"system":987.3984375,"idle":18075.875,"nice":0,"iowait":0,"irq":0,"softirq":0,"steal":0,"guest":0,"guestNice":0,"stolen":0},{"cpu":"cpu2","user":3904.25,"system":1975.578125,"idle":15600.03125,"nice":0,"iowait":0,"irq":0,"softirq":0,"steal":0,"guest":0,"guestNice":0,"stolen":0},{"cpu":"cpu3","user":2451.5078125,"system":1000.4375,"idle":18027.9140625,"nice":0,"iowait":0,"irq":0,"softirq":0,"steal":0,"guest":0,"guestNice":0,"stolen":0}],"time":"2018-02-19 12:24:17.470335 +0900 JST m=+2566.704380106","errorInfo":null}
[Info]2018/02/19 12:24:17 acsessd /api/status.json
[Info]2018/02/19 12:24:17 {"hostname":"ksc-1x-dhcp-172-29-194-195.kwansei.ac.jp","hostid":"18d901f1-4a03-3ff1-ae34-c26b2732f13c","virtualizationSystem":"","total":8589934592,"available":2022375424,"usedPercent":76.45645141601562,"diskIO":[{"name":"disk0","ioTime":1305042,"weightedIO":0}],"cpu":[{"cpu":"cpu0","user":4017.1796875,"system":2244.765625,"idle":15219.109375,"nice":0,"iowait":0,"irq":0,"softirq":0,"steal":0,"guest":0,"guestNice":0,"stolen":0},{"cpu":"cpu1","user":2416.6015625,"system":987.421875,"idle":18076.234375,"nice":0,"iowait":0,"irq":0,"softirq":0,"steal":0,"guest":0,"guestNice":0,"stolen":0},{"cpu":"cpu2","user":3904.484375,"system":1975.6171875,"idle":15600.140625,"nice":0,"iowait":0,"irq":0,"softirq":0,"steal":0,"guest":0,"guestNice":0,"stolen":0},{"cpu":"cpu3","user":2451.53125,"system":1000.46875,"idle":18028.25,"nice":0,"iowait":0,"irq":0,"softirq":0,"steal":0,"guest":0,"guestNice":0,"stolen":0}],"time":"2018-02-19 12:24:17.969671 +0900 JST m=+2567.203715109","errorInfo":null}
[Info]2018/02/19 12:24:18 acsessd /api/status.json
[Info]2018/02/19 12:24:18 {"hostname":"ksc-1x-dhcp-172-29-194-195.kwansei.ac.jp","hostid":"18d901f1-4a03-3ff1-ae34-c26b2732f13c","virtualizationSystem":"","total":8589934592,"available":2022039552,"usedPercent":76.46036148071289,"diskIO":[{"name":"disk0","ioTime":1305050,"weightedIO":0}],"cpu":[{"cpu":"cpu0","user":4017.375,"system":2244.8125,"idle":15219.2734375,"nice":0,"iowait":0,"irq":0,"softirq":0,"steal":0,"guest":0,"guestNice":0,"stolen":0},{"cpu":"cpu1","user":2416.6796875,"system":987.4375,"idle":18076.5234375,"nice":0,"iowait":0,"irq":0,"softirq":0,"steal":0,"guest":0,"guestNice":0,"stolen":0},{"cpu":"cpu2","user":3904.7421875,"system":1975.65625,"idle":15600.2578125,"nice":0,"iowait":0,"irq":0,"softirq":0,"steal":0,"guest":0,"guestNice":0,"stolen":0},{"cpu":"cpu3","user":2451.5859375,"system":1000.484375,"idle":18028.5703125,"nice":0,"iowait":0,"irq":0,"softirq":0,"steal":0,"guest":0,"guestNice":0,"stolen":0}],"time":"2018-02-19 12:24:18.474392 +0900 JST m=+2567.708435034","errorInfo":null}
[Info]2018/02/19 12:24:18 acsessd /api/status.json
[Info]2018/02/19 12:24:18 {"hostname":"ksc-1x-dhcp-172-29-194-195.kwansei.ac.jp","hostid":"18d901f1-4a03-3ff1-ae34-c26b2732f13c","virtualizationSystem":"","total":8589934592,"available":2022514688,"usedPercent":76.45483016967773,"diskIO":[{"name":"disk0","ioTime":1305051,"weightedIO":0}],"cpu":[{"cpu":"cpu0","user":4017.5625,"system":2244.828125,"idle":15219.453125,"nice":0,"iowait":0,"irq":0,"softirq":0,"steal":0,"guest":0,"guestNice":0,"stolen":0},{"cpu":"cpu1","user":2416.703125,"system":987.4609375,"idle":18076.875,"nice":0,"iowait":0,"irq":0,"softirq":0,"steal":0,"guest":0,"guestNice":0,"stolen":0},{"cpu":"cpu2","user":3904.96875,"system":1975.6640625,"idle":15600.3984375,"nice":0,"iowait":0,"irq":0,"softirq":0,"steal":0,"guest":0,"guestNice":0,"stolen":0},{"cpu":"cpu3","user":2451.6015625,"system":1000.4921875,"idle":18028.9296875,"nice":0,"iowait":0,"irq":0,"softirq":0,"steal":0,"guest":0,"guestNice":0,"stolen":0}],"time":"2018-02-19 12:24:18.969557 +0900 JST m=+2568.203599384","errorInfo":null}
[Info]2018/02/19 12:24:19 acsessd /api/status.json
[Info]2018/02/19 12:24:19 {"hostname":"ksc-1x-dhcp-172-29-194-195.kwansei.ac.jp","hostid":"18d901f1-4a03-3ff1-ae34-c26b2732f13c","virtualizationSystem":"","total":8589934592,"available":2022846464,"usedPercent":76.45096778869629,"diskIO":[{"name":"disk0","ioTime":1305051,"weightedIO":0}],"cpu":[{"cpu":"cpu0","user":4017.734375,"system":2244.8515625,"idle":15219.65625,"nice":0,"iowait":0,"irq":0,"softirq":0,"steal":0,"guest":0,"guestNice":0,"stolen":0},{"cpu":"cpu1","user":2416.71875,"system":987.4765625,"idle":18077.2265625,"nice":0,"iowait":0,"irq":0,"softirq":0,"steal":0,"guest":0,"guestNice":0,"stolen":0},{"cpu":"cpu2","user":3905.2421875,"system":1975.671875,"idle":15600.5078125,"nice":0,"iowait":0,"irq":0,"softirq":0,"steal":0,"guest":0,"guestNice":0,"stolen":0},{"cpu":"cpu3","user":2451.6171875,"system":1000.5078125,"idle":18029.3046875,"nice":0,"iowait":0,"irq":0,"softirq":0,"steal":0,"guest":0,"guestNice":0,"stolen":0}],"time":"2018-02-19 12:24:19.473313 +0900 JST m=+2568.707353747","errorInfo":null}
[Info]2018/02/19 12:24:19 acsessd /api/status.json
[Info]2018/02/19 12:24:19 {"hostname":"ksc-1x-dhcp-172-29-194-195.kwansei.ac.jp","hostid":"18d901f1-4a03-3ff1-ae34-c26b2732f13c","virtualizationSystem":"","total":8589934592,"available":2023849984,"usedPercent":76.43928527832031,"diskIO":[{"name":"disk0","ioTime":1305051,"weightedIO":0}],"cpu":[{"cpu":"cpu0","user":4017.9765625,"system":2244.8515625,"idle":15219.8046875,"nice":0,"iowait":0,"irq":0,"softirq":0,"steal":0,"guest":0,"guestNice":0,"stolen":0},{"cpu":"cpu1","user":2416.7421875,"system":987.484375,"idle":18077.6015625,"nice":0,"iowait":0,"irq":0,"softirq":0,"steal":0,"guest":0,"guestNice":0,"stolen":0},{"cpu":"cpu2","user":3905.421875,"system":1975.703125,"idle":15600.6953125,"nice":0,"iowait":0,"irq":0,"softirq":0,"steal":0,"guest":0,"guestNice":0,"stolen":0},{"cpu":"cpu3","user":2451.6484375,"system":1000.515625,"idle":18029.6484375,"nice":0,"iowait":0,"irq":0,"softirq":0,"steal":0,"guest":0,"guestNice":0,"stolen":0}],"time":"2018-02-19 12:24:19.982102 +0900 JST m=+2569.216142077","errorInfo":null}
[Info]2018/02/19 12:24:20 acsessd /api/status.json
[Info]2018/02/19 12:24:20 {"hostname":"ksc-1x-dhcp-172-29-194-195.kwansei.ac.jp","hostid":"18d901f1-4a03-3ff1-ae34-c26b2732f13c","virtualizationSystem":"","total":8589934592,"available":2002485248,"usedPercent":76.68800354003906,"diskIO":[{"name":"disk0","ioTime":1305051,"weightedIO":0}],"cpu":[{"cpu":"cpu0","user":4018.203125,"system":2244.859375,"idle":15219.9609375,"nice":0,"iowait":0,"irq":0,"softirq":0,"steal":0,"guest":0,"guestNice":0,"stolen":0},{"cpu":"cpu1","user":2416.7578125,"system":987.4921875,"idle":18077.9609375,"nice":0,"iowait":0,"irq":0,"softirq":0,"steal":0,"guest":0,"guestNice":0,"stolen":0},{"cpu":"cpu2","user":3905.6015625,"system":1975.7265625,"idle":15600.8828125,"nice":0,"iowait":0,"irq":0,"softirq":0,"steal":0,"guest":0,"guestNice":0,"stolen":0},{"cpu":"cpu3","user":2451.671875,"system":1000.5390625,"idle":18030,"nice":0,"iowait":0,"irq":0,"softirq":0,"steal":0,"guest":0,"guestNice":0,"stolen":0}],"time":"2018-02-19 12:24:20.480594 +0900 JST m=+2569.714633366","errorInfo":null}
[Info]2018/02/19 12:24:20 acsessd /api/status.json
[Info]2018/02/19 12:24:20 {"hostname":"ksc-1x-dhcp-172-29-194-195.kwansei.ac.jp","hostid":"18d901f1-4a03-3ff1-ae34-c26b2732f13c","virtualizationSystem":"","total":8589934592,"available":1986191360,"usedPercent":76.87768936157227,"diskIO":[{"name":"disk0","ioTime":1305051,"weightedIO":0}],"cpu":[{"cpu":"cpu0","user":4018.5390625,"system":2244.890625,"idle":15219.9921875,"nice":0,"iowait":0,"irq":0,"softirq":0,"steal":0,"guest":0,"guestNice":0,"stolen":0},{"cpu":"cpu1","user":2416.8203125,"system":987.5078125,"idle":18078.2890625,"nice":0,"iowait":0,"irq":0,"softirq":0,"steal":0,"guest":0,"guestNice":0,"stolen":0},{"cpu":"cpu2","user":3905.7421875,"system":1975.75,"idle":15601.1328125,"nice":0,"iowait":0,"irq":0,"softirq":0,"steal":0,"guest":0,"guestNice":0,"stolen":0},{"cpu":"cpu3","user":2451.7265625,"system":1000.5625,"idle":18030.328125,"nice":0,"iowait":0,"irq":0,"softirq":0,"steal":0,"guest":0,"guestNice":0,"stolen":0}],"time":"2018-02-19 12:24:20.999617 +0900 JST m=+2570.233655174","errorInfo":null}
[Info]2018/02/19 12:24:21 acsessd /api/status.json
[Info]2018/02/19 12:24:21 {"hostname":"ksc-1x-dhcp-172-29-194-195.kwansei.ac.jp","hostid":"18d901f1-4a03-3ff1-ae34-c26b2732f13c","virtualizationSystem":"","total":8589934592,"available":2005766144,"usedPercent":76.64980888366699,"diskIO":[{"name":"disk0","ioTime":1305060,"weightedIO":0}],"cpu":[{"cpu":"cpu0","user":4018.8203125,"system":2244.9296875,"idle":15220.0703125,"nice":0,"iowait":0,"irq":0,"softirq":0,"steal":0,"guest":0,"guestNice":0,"stolen":0},{"cpu":"cpu1","user":2416.96875,"system":987.53125,"idle":18078.5078125,"nice":0,"iowait":0,"irq":0,"softirq":0,"steal":0,"guest":0,"guestNice":0,"stolen":0},{"cpu":"cpu2","user":3906.0859375,"system":1975.765625,"idle":15601.1640625,"nice":0,"iowait":0,"irq":0,"softirq":0,"steal":0,"guest":0,"guestNice":0,"stolen":0},{"cpu":"cpu3","user":2451.828125,"system":1000.6015625,"idle":18030.578125,"nice":0,"iowait":0,"irq":0,"softirq":0,"steal":0,"guest":0,"guestNice":0,"stolen":0}],"time":"2018-02-19 12:24:21.504138 +0900 JST m=+2570.738175649","errorInfo":null}
[Info]2018/02/19 12:24:21 acsessd /api/status.json
[Info]2018/02/19 12:24:21 {"hostname":"ksc-1x-dhcp-172-29-194-195.kwansei.ac.jp","hostid":"18d901f1-4a03-3ff1-ae34-c26b2732f13c","virtualizationSystem":"","total":8589934592,"available":2026528768,"usedPercent":76.40810012817383,"diskIO":[{"name":"disk0","ioTime":1305067,"weightedIO":0}],"cpu":[{"cpu":"cpu0","user":4019.1015625,"system":2244.9609375,"idle":15220.140625,"nice":0,"iowait":0,"irq":0,"softirq":0,"steal":0,"guest":0,"guestNice":0,"stolen":0},{"cpu":"cpu1","user":2417.0625,"system":987.546875,"idle":18078.78125,"nice":0,"iowait":0,"irq":0,"softirq":0,"steal":0,"guest":0,"guestNice":0,"stolen":0},{"cpu":"cpu2","user":3906.375,"system":1975.8046875,"idle":15601.2109375,"nice":0,"iowait":0,"irq":0,"softirq":0,"steal":0,"guest":0,"guestNice":0,"stolen":0},{"cpu":"cpu3","user":2451.921875,"system":1000.609375,"idle":18030.8515625,"nice":0,"iowait":0,"irq":0,"softirq":0,"steal":0,"guest":0,"guestNice":0,"stolen":0}],"time":"2018-02-19 12:24:21.984249 +0900 JST m=+2571.218284991","errorInfo":null}
[Info]2018/02/19 12:24:22 acsessd /api/status.json
[Info]2018/02/19 12:24:22 {"hostname":"ksc-1x-dhcp-172-29-194-195.kwansei.ac.jp","hostid":"18d901f1-4a03-3ff1-ae34-c26b2732f13c","virtualizationSystem":"","total":8589934592,"available":2018381824,"usedPercent":76.50294303894043,"diskIO":[{"name":"disk0","ioTime":1305067,"weightedIO":0}],"cpu":[{"cpu":"cpu0","user":4019.2890625,"system":2245.0078125,"idle":15220.296875,"nice":0,"iowait":0,"irq":0,"softirq":0,"steal":0,"guest":0,"guestNice":0,"stolen":0},{"cpu":"cpu1","user":2417.1015625,"system":987.5859375,"idle":18079.09375,"nice":0,"iowait":0,"irq":0,"softirq":0,"steal":0,"guest":0,"guestNice":0,"stolen":0},{"cpu":"cpu2","user":3906.59375,"system":1975.8515625,"idle":15601.3359375,"nice":0,"iowait":0,"irq":0,"softirq":0,"steal":0,"guest":0,"guestNice":0,"stolen":0},{"cpu":"cpu3","user":2451.96875,"system":1000.6328125,"idle":18031.171875,"nice":0,"iowait":0,"irq":0,"softirq":0,"steal":0,"guest":0,"guestNice":0,"stolen":0}],"time":"2018-02-19 12:24:22.488999 +0900 JST m=+2571.723034119","errorInfo":null}
[Info]2018/02/19 12:24:22 acsessd /api/status.json
[Info]2018/02/19 12:24:22 {"hostname":"ksc-1x-dhcp-172-29-194-195.kwansei.ac.jp","hostid":"18d901f1-4a03-3ff1-ae34-c26b2732f13c","virtualizationSystem":"","total":8589934592,"available":2018295808,"usedPercent":76.50394439697266,"diskIO":[{"name":"disk0","ioTime":1305090,"weightedIO":0}],"cpu":[{"cpu":"cpu0","user":4019.484375,"system":2245.0625,"idle":15220.4375,"nice":0,"iowait":0,"irq":0,"softirq":0,"steal":0,"guest":0,"guestNice":0,"stolen":0},{"cpu":"cpu1","user":2417.203125,"system":987.625,"idle":18079.3515625,"nice":0,"iowait":0,"irq":0,"softirq":0,"steal":0,"guest":0,"guestNice":0,"stolen":0},{"cpu":"cpu2","user":3906.796875,"system":1975.8984375,"idle":15601.4765625,"nice":0,"iowait":0,"irq":0,"softirq":0,"steal":0,"guest":0,"guestNice":0,"stolen":0},{"cpu":"cpu3","user":2452.0625,"system":1000.671875,"idle":18031.4375,"nice":0,"iowait":0,"irq":0,"softirq":0,"steal":0,"guest":0,"guestNice":0,"stolen":0}],"time":"2018-02-19 12:24:22.99003 +0900 JST m=+2572.224064695","errorInfo":null}
[Info]2018/02/19 12:24:23 acsessd /api/status.json
[Info]2018/02/19 12:24:23 {"hostname":"ksc-1x-dhcp-172-29-194-195.kwansei.ac.jp","hostid":"18d901f1-4a03-3ff1-ae34-c26b2732f13c","virtualizationSystem":"","total":8589934592,"available":2018451456,"usedPercent":76.50213241577148,"diskIO":[{"name":"disk0","ioTime":1305090,"weightedIO":0}],"cpu":[{"cpu":"cpu0","user":4019.6796875,"system":2245.1015625,"idle":15220.6015625,"nice":0,"iowait":0,"irq":0,"softirq":0,"steal":0,"guest":0,"guestNice":0,"stolen":0},{"cpu":"cpu1","user":2417.2890625,"system":987.6484375,"idle":18079.625,"nice":0,"iowait":0,"irq":0,"softirq":0,"steal":0,"guest":0,"guestNice":0,"stolen":0},{"cpu":"cpu2","user":3906.96875,"system":1975.96875,"idle":15601.6328125,"nice":0,"iowait":0,"irq":0,"softirq":0,"steal":0,"guest":0,"guestNice":0,"stolen":0},{"cpu":"cpu3","user":2452.140625,"system":1000.6953125,"idle":18031.7265625,"nice":0,"iowait":0,"irq":0,"softirq":0,"steal":0,"guest":0,"guestNice":0,"stolen":0}],"time":"2018-02-19 12:24:23.497337 +0900 JST m=+2572.731370917","errorInfo":null}
[Info]2018/02/19 12:24:23 acsessd /api/status.json
[Info]2018/02/19 12:24:23 {"hostname":"ksc-1x-dhcp-172-29-194-195.kwansei.ac.jp","hostid":"18d901f1-4a03-3ff1-ae34-c26b2732f13c","virtualizationSystem":"","total":8589934592,"available":2017705984,"usedPercent":76.51081085205078,"diskIO":[{"name":"disk0","ioTime":1305098,"weightedIO":0}],"cpu":[{"cpu":"cpu0","user":4019.8359375,"system":2245.1328125,"idle":15220.7890625,"nice":0,"iowait":0,"irq":0,"softirq":0,"steal":0,"guest":0,"guestNice":0,"stolen":0},{"cpu":"cpu1","user":2417.375,"system":987.6640625,"idle":18079.9140625,"nice":0,"iowait":0,"irq":0,"softirq":0,"steal":0,"guest":0,"guestNice":0,"stolen":0},{"cpu":"cpu2","user":3907.1484375,"system":1976,"idle":15601.8046875,"nice":0,"iowait":0,"irq":0,"softirq":0,"steal":0,"guest":0,"guestNice":0,"stolen":0},{"cpu":"cpu3","user":2452.203125,"system":1000.71875,"idle":18032.03125,"nice":0,"iowait":0,"irq":0,"softirq":0,"steal":0,"guest":0,"guestNice":0,"stolen":0}],"time":"2018-02-19 12:24:23.990013 +0900 JST m=+2573.224045992","errorInfo":null}
[Info]2018/02/19 12:24:24 acsessd /api/status.json
[Info]2018/02/19 12:24:24 {"hostname":"ksc-1x-dhcp-172-29-194-195.kwansei.ac.jp","hostid":"18d901f1-4a03-3ff1-ae34-c26b2732f13c","virtualizationSystem":"","total":8589934592,"available":2017681408,"usedPercent":76.5110969543457,"diskIO":[{"name":"disk0","ioTime":1305107,"weightedIO":0}],"cpu":[{"cpu":"cpu0","user":4020.0703125,"system":2245.1953125,"idle":15220.890625,"nice":0,"iowait":0,"irq":0,"softirq":0,"steal":0,"guest":0,"guestNice":0,"stolen":0},{"cpu":"cpu1","user":2417.4296875,"system":987.6953125,"idle":18080.21875,"nice":0,"iowait":0,"irq":0,"softirq":0,"steal":0,"guest":0,"guestNice":0,"stolen":0},{"cpu":"cpu2","user":3907.375,"system":1976.0546875,"idle":15601.9140625,"nice":0,"iowait":0,"irq":0,"softirq":0,"steal":0,"guest":0,"guestNice":0,"stolen":0},{"cpu":"cpu3","user":2452.2421875,"system":1000.765625,"idle":18032.328125,"nice":0,"iowait":0,"irq":0,"softirq":0,"steal":0,"guest":0,"guestNice":0,"stolen":0}],"time":"2018-02-19 12:24:24.490036 +0900 JST m=+2573.724067218","errorInfo":null}
[Info]2018/02/19 12:24:24 acsessd /api/status.json
[Info]2018/02/19 12:24:24 {"hostname":"ksc-1x-dhcp-172-29-194-195.kwansei.ac.jp","hostid":"18d901f1-4a03-3ff1-ae34-c26b2732f13c","virtualizationSystem":"","total":8589934592,"available":2017845248,"usedPercent":76.50918960571289,"diskIO":[{"name":"disk0","ioTime":1305107,"weightedIO":0}],"cpu":[{"cpu":"cpu0","user":4020.2578125,"system":2245.2265625,"idle":15221.0703125,"nice":0,"iowait":0,"irq":0,"softirq":0,"steal":0,"guest":0,"guestNice":0,"stolen":0},{"cpu":"cpu1","user":2417.46875,"system":987.7109375,"idle":18080.5546875,"nice":0,"iowait":0,"irq":0,"softirq":0,"steal":0,"guest":0,"guestNice":0,"stolen":0},{"cpu":"cpu2","user":3907.6015625,"system":1976.0625,"idle":15602.078125,"nice":0,"iowait":0,"irq":0,"softirq":0,"steal":0,"guest":0,"guestNice":0,"stolen":0},{"cpu":"cpu3","user":2452.265625,"system":1000.7734375,"idle":18032.703125,"nice":0,"iowait":0,"irq":0,"softirq":0,"steal":0,"guest":0,"guestNice":0,"stolen":0}],"time":"2018-02-19 12:24:24.994182 +0900 JST m=+2574.228213050","errorInfo":null}
[Info]2018/02/19 12:24:25 acsessd /api/status.json
[Info]2018/02/19 12:24:25 {"hostname":"ksc-1x-dhcp-172-29-194-195.kwansei.ac.jp","hostid":"18d901f1-4a03-3ff1-ae34-c26b2732f13c","virtualizationSystem":"","total":8589934592,"available":2017095680,"usedPercent":76.51791572570801,"diskIO":[{"name":"disk0","ioTime":1305116,"weightedIO":0}],"cpu":[{"cpu":"cpu0","user":4020.453125,"system":2245.2421875,"idle":15221.2578125,"nice":0,"iowait":0,"irq":0,"softirq":0,"steal":0,"guest":0,"guestNice":0,"stolen":0},{"cpu":"cpu1","user":2417.4765625,"system":987.71875,"idle":18080.9296875,"nice":0,"iowait":0,"irq":0,"softirq":0,"steal":0,"guest":0,"guestNice":0,"stolen":0},{"cpu":"cpu2","user":3907.828125,"system":1976.0703125,"idle":15602.234375,"nice":0,"iowait":0,"irq":0,"softirq":0,"steal":0,"guest":0,"guestNice":0,"stolen":0},{"cpu":"cpu3","user":2452.296875,"system":1000.7890625,"idle":18033.046875,"nice":0,"iowait":0,"irq":0,"softirq":0,"steal":0,"guest":0,"guestNice":0,"stolen":0}],"time":"2018-02-19 12:24:25.501196 +0900 JST m=+2574.735225469","errorInfo":null}
[Info]2018/02/19 12:24:25 acsessd /api/status.json
[Info]2018/02/19 12:24:26 {"hostname":"ksc-1x-dhcp-172-29-194-195.kwansei.ac.jp","hostid":"18d901f1-4a03-3ff1-ae34-c26b2732f13c","virtualizationSystem":"","total":8589934592,"available":2017787904,"usedPercent":76.50985717773438,"diskIO":[{"name":"disk0","ioTime":1305116,"weightedIO":0}],"cpu":[{"cpu":"cpu0","user":4020.734375,"system":2245.2421875,"idle":15221.359375,"nice":0,"iowait":0,"irq":0,"softirq":0,"steal":0,"guest":0,"guestNice":0,"stolen":0},{"cpu":"cpu1","user":2417.5,"system":987.7265625,"idle":18081.3046875,"nice":0,"iowait":0,"irq":0,"softirq":0,"steal":0,"guest":0,"guestNice":0,"stolen":0},{"cpu":"cpu2","user":3907.953125,"system":1976.0859375,"idle":15602.484375,"nice":0,"iowait":0,"irq":0,"softirq":0,"steal":0,"guest":0,"guestNice":0,"stolen":0},{"cpu":"cpu3","user":2452.3125,"system":1000.8125,"idle":18033.40625,"nice":0,"iowait":0,"irq":0,"softirq":0,"steal":0,"guest":0,"guestNice":0,"stolen":0}],"time":"2018-02-19 12:24:26.003793 +0900 JST m=+2575.237821452","errorInfo":null}
[Info]2018/02/19 12:24:26 acsessd /api/status.json
[Info]2018/02/19 12:24:26 {"hostname":"ksc-1x-dhcp-172-29-194-195.kwansei.ac.jp","hostid":"18d901f1-4a03-3ff1-ae34-c26b2732f13c","virtualizationSystem":"","total":8589934592,"available":2017927168,"usedPercent":76.50823593139648,"diskIO":[{"name":"disk0","ioTime":1305116,"weightedIO":0}],"cpu":[{"cpu":"cpu0","user":4020.8671875,"system":2245.265625,"idle":15221.6015625,"nice":0,"iowait":0,"irq":0,"softirq":0,"steal":0,"guest":0,"guestNice":0,"stolen":0},{"cpu":"cpu1","user":2417.515625,"system":987.734375,"idle":18081.671875,"nice":0,"iowait":0,"irq":0,"softirq":0,"steal":0,"guest":0,"guestNice":0,"stolen":0},{"cpu":"cpu2","user":3908.25,"system":1976.09375,"idle":15602.5859375,"nice":0,"iowait":0,"irq":0,"softirq":0,"steal":0,"guest":0,"guestNice":0,"stolen":0},{"cpu":"cpu3","user":2452.328125,"system":1000.8203125,"idle":18033.765625,"nice":0,"iowait":0,"irq":0,"softirq":0,"steal":0,"guest":0,"guestNice":0,"stolen":0}],"time":"2018-02-19 12:24:26.513408 +0900 JST m=+2575.747435748","errorInfo":null}
[Info]2018/02/19 12:24:26 acsessd /api/status.json
[Info]2018/02/19 12:24:27 {"hostname":"ksc-1x-dhcp-172-29-194-195.kwansei.ac.jp","hostid":"18d901f1-4a03-3ff1-ae34-c26b2732f13c","virtualizationSystem":"","total":8589934592,"available":2017333248,"usedPercent":76.51515007019043,"diskIO":[{"name":"disk0","ioTime":1305124,"weightedIO":0}],"cpu":[{"cpu":"cpu0","user":4020.9921875,"system":2245.3046875,"idle":15221.8359375,"nice":0,"iowait":0,"irq":0,"softirq":0,"steal":0,"guest":0,"guestNice":0,"stolen":0},{"cpu":"cpu1","user":2417.546875,"system":987.75,"idle":18082.015625,"nice":0,"iowait":0,"irq":0,"softirq":0,"steal":0,"guest":0,"guestNice":0,"stolen":0},{"cpu":"cpu2","user":3908.5390625,"system":1976.1015625,"idle":15602.671875,"nice":0,"iowait":0,"irq":0,"softirq":0,"steal":0,"guest":0,"guestNice":0,"stolen":0},{"cpu":"cpu3","user":2452.359375,"system":1000.828125,"idle":18034.125,"nice":0,"iowait":0,"irq":0,"softirq":0,"steal":0,"guest":0,"guestNice":0,"stolen":0}],"time":"2018-02-19 12:24:27.012117 +0900 JST m=+2576.246143938","errorInfo":null}
[Info]2018/02/19 12:24:27 acsessd /api/status.json
[Info]2018/02/19 12:24:27 {"hostname":"ksc-1x-dhcp-172-29-194-195.kwansei.ac.jp","hostid":"18d901f1-4a03-3ff1-ae34-c26b2732f13c","virtualizationSystem":"","total":8589934592,"available":2016833536,"usedPercent":76.52096748352051,"diskIO":[{"name":"disk0","ioTime":1305132,"weightedIO":0}],"cpu":[{"cpu":"cpu0","user":4021.3359375,"system":2245.3125,"idle":15221.875,"nice":0,"iowait":0,"irq":0,"softirq":0,"steal":0,"guest":0,"guestNice":0,"stolen":0},{"cpu":"cpu1","user":2417.5625,"system":987.765625,"idle":18082.3828125,"nice":0,"iowait":0,"irq":0,"softirq":0,"steal":0,"guest":0,"guestNice":0,"stolen":0},{"cpu":"cpu2","user":3908.6796875,"system":1976.1640625,"idle":15602.875,"nice":0,"iowait":0,"irq":0,"softirq":0,"steal":0,"guest":0,"guestNice":0,"stolen":0},{"cpu":"cpu3","user":2452.3828125,"system":1000.8671875,"idle":18034.4609375,"nice":0,"iowait":0,"irq":0,"softirq":0,"steal":0,"guest":0,"guestNice":0,"stolen":0}],"time":"2018-02-19 12:24:27.525945 +0900 JST m=+2576.759970737","errorInfo":null}
[Info]2018/02/19 12:24:27 acsessd /api/status.json
[Info]2018/02/19 12:24:28 {"hostname":"ksc-1x-dhcp-172-29-194-195.kwansei.ac.jp","hostid":"18d901f1-4a03-3ff1-ae34-c26b2732f13c","virtualizationSystem":"","total":8589934592,"available":2016083968,"usedPercent":76.52969360351562,"diskIO":[{"name":"disk0","ioTime":1305132,"weightedIO":0}],"cpu":[{"cpu":"cpu0","user":4021.4765625,"system":2245.3671875,"idle":15222.0703125,"nice":0,"iowait":0,"irq":0,"softirq":0,"steal":0,"guest":0,"guestNice":0,"stolen":0},{"cpu":"cpu1","user":2417.5859375,"system":987.8125,"idle":18082.7109375,"nice":0,"iowait":0,"irq":0,"softirq":0,"steal":0,"guest":0,"guestNice":0,"stolen":0},{"cpu":"cpu2","user":3908.9765625,"system":1976.1796875,"idle":15602.9453125,"nice":0,"iowait":0,"irq":0,"softirq":0,"steal":0,"guest":0,"guestNice":0,"stolen":0},{"cpu":"cpu3","user":2452.40625,"system":1000.8984375,"idle":18034.796875,"nice":0,"iowait":0,"irq":0,"softirq":0,"steal":0,"guest":0,"guestNice":0,"stolen":0}],"time":"2018-02-19 12:24:28.024062 +0900 JST m=+2577.258087013","errorInfo":null}
[Info]2018/02/19 12:24:28 acsessd /api/status.json
[Info]2018/02/19 12:24:28 {"hostname":"ksc-1x-dhcp-172-29-194-195.kwansei.ac.jp","hostid":"18d901f1-4a03-3ff1-ae34-c26b2732f13c","virtualizationSystem":"","total":8589934592,"available":2016153600,"usedPercent":76.52888298034668,"diskIO":[{"name":"disk0","ioTime":1305132,"weightedIO":0}],"cpu":[{"cpu":"cpu0","user":4021.71875,"system":2245.40625,"idle":15222.1953125,"nice":0,"iowait":0,"irq":0,"softirq":0,"steal":0,"guest":0,"guestNice":0,"stolen":0},{"cpu":"cpu1","user":2417.6640625,"system":987.8359375,"idle":18083,"nice":0,"iowait":0,"irq":0,"softirq":0,"steal":0,"guest":0,"guestNice":0,"stolen":0},{"cpu":"cpu2","user":3909.2265625,"system":1976.203125,"idle":15603.0625,"nice":0,"iowait":0,"irq":0,"softirq":0,"steal":0,"guest":0,"guestNice":0,"stolen":0},{"cpu":"cpu3","user":2452.4765625,"system":1000.9140625,"idle":18035.109375,"nice":0,"iowait":0,"irq":0,"softirq":0,"steal":0,"guest":0,"guestNice":0,"stolen":0}],"time":"2018-02-19 12:24:28.528725 +0900 JST m=+2577.762748608","errorInfo":null}
[Info]2018/02/19 12:24:28 acsessd /api/status.json
[Info]2018/02/19 12:24:29 {"hostname":"ksc-1x-dhcp-172-29-194-195.kwansei.ac.jp","hostid":"18d901f1-4a03-3ff1-ae34-c26b2732f13c","virtualizationSystem":"","total":8589934592,"available":2015846400,"usedPercent":76.5324592590332,"diskIO":[{"name":"disk0","ioTime":1305132,"weightedIO":0}],"cpu":[{"cpu":"cpu0","user":4021.9375,"system":2245.40625,"idle":15222.3515625,"nice":0,"iowait":0,"irq":0,"softirq":0,"steal":0,"guest":0,"guestNice":0,"stolen":0},{"cpu":"cpu1","user":2417.6796875,"system":987.84375,"idle":18083.359375,"nice":0,"iowait":0,"irq":0,"softirq":0,"steal":0,"guest":0,"guestNice":0,"stolen":0},{"cpu":"cpu2","user":3909.40625,"system":1976.234375,"idle":15603.25,"nice":0,"iowait":0,"irq":0,"softirq":0,"steal":0,"guest":0,"guestNice":0,"stolen":0},{"cpu":"cpu3","user":2452.5234375,"system":1000.9296875,"idle":18035.4296875,"nice":0,"iowait":0,"irq":0,"softirq":0,"steal":0,"guest":0,"guestNice":0,"stolen":0}],"time":"2018-02-19 12:24:29.025661 +0900 JST m=+2578.259684376","errorInfo":null}
[Info]2018/02/19 12:24:29 acsessd /api/status.json
[Info]2018/02/19 12:24:29 {"hostname":"ksc-1x-dhcp-172-29-194-195.kwansei.ac.jp","hostid":"18d901f1-4a03-3ff1-ae34-c26b2732f13c","virtualizationSystem":"","total":8589934592,"available":2016362496,"usedPercent":76.52645111083984,"diskIO":[{"name":"disk0","ioTime":1305132,"weightedIO":0}],"cpu":[{"cpu":"cpu0","user":4022.1875,"system":2245.4140625,"idle":15222.4921875,"nice":0,"iowait":0,"irq":0,"softirq":0,"steal":0,"guest":0,"guestNice":0,"stolen":0},{"cpu":"cpu1","user":2417.7109375,"system":987.84375,"idle":18083.7265625,"nice":0,"iowait":0,"irq":0,"softirq":0,"steal":0,"guest":0,"guestNice":0,"stolen":0},{"cpu":"cpu2","user":3909.59375,"system":1976.2578125,"idle":15603.4296875,"nice":0,"iowait":0,"irq":0,"softirq":0,"steal":0,"guest":0,"guestNice":0,"stolen":0},{"cpu":"cpu3","user":2452.5625,"system":1000.9453125,"idle":18035.7734375,"nice":0,"iowait":0,"irq":0,"softirq":0,"steal":0,"guest":0,"guestNice":0,"stolen":0}],"time":"2018-02-19 12:24:29.529349 +0900 JST m=+2578.763370522","errorInfo":null}
[Info]2018/02/19 12:24:29 acsessd /api/status.json
[Info]2018/02/19 12:24:30 {"hostname":"ksc-1x-dhcp-172-29-194-195.kwansei.ac.jp","hostid":"18d901f1-4a03-3ff1-ae34-c26b2732f13c","virtualizationSystem":"","total":8589934592,"available":2016579584,"usedPercent":76.52392387390137,"diskIO":[{"name":"disk0","ioTime":1305132,"weightedIO":0}],"cpu":[{"cpu":"cpu0","user":4022.40625,"system":2245.4375,"idle":15222.65625,"nice":0,"iowait":0,"irq":0,"softirq":0,"steal":0,"guest":0,"guestNice":0,"stolen":0},{"cpu":"cpu1","user":2417.734375,"system":987.859375,"idle":18084.0859375,"nice":0,"iowait":0,"irq":0,"softirq":0,"steal":0,"guest":0,"guestNice":0,"stolen":0},{"cpu":"cpu2","user":3909.8125,"system":1976.265625,"idle":15603.609375,"nice":0,"iowait":0,"irq":0,"softirq":0,"steal":0,"guest":0,"guestNice":0,"stolen":0},{"cpu":"cpu3","user":2452.578125,"system":1000.953125,"idle":18036.1484375,"nice":0,"iowait":0,"irq":0,"softirq":0,"steal":0,"guest":0,"guestNice":0,"stolen":0}],"time":"2018-02-19 12:24:30.042864 +0900 JST m=+2579.276884728","errorInfo":null}
[Info]2018/02/19 12:24:30 acsessd /api/status.json
[Info]2018/02/19 12:24:30 {"hostname":"ksc-1x-dhcp-172-29-194-195.kwansei.ac.jp","hostid":"18d901f1-4a03-3ff1-ae34-c26b2732f13c","virtualizationSystem":"","total":8589934592,"available":2016448512,"usedPercent":76.52544975280762,"diskIO":[{"name":"disk0","ioTime":1305132,"weightedIO":0}],"cpu":[{"cpu":"cpu0","user":4022.71875,"system":2245.4453125,"idle":15222.7265625,"nice":0,"iowait":0,"irq":0,"softirq":0,"steal":0,"guest":0,"guestNice":0,"stolen":0},{"cpu":"cpu1","user":2417.765625,"system":987.875,"idle":18084.4296875,"nice":0,"iowait":0,"irq":0,"softirq":0,"steal":0,"guest":0,"guestNice":0,"stolen":0},{"cpu":"cpu2","user":3909.8984375,"system":1976.2890625,"idle":15603.8828125,"nice":0,"iowait":0,"irq":0,"softirq":0,"steal":0,"guest":0,"guestNice":0,"stolen":0},{"cpu":"cpu3","user":2452.609375,"system":1000.984375,"idle":18036.4765625,"nice":0,"iowait":0,"irq":0,"softirq":0,"steal":0,"guest":0,"guestNice":0,"stolen":0}],"time":"2018-02-19 12:24:30.541669 +0900 JST m=+2579.775688702","errorInfo":null}
[Info]2018/02/19 12:24:30 acsessd /api/status.json
[Info]2018/02/19 12:24:31 {"hostname":"ksc-1x-dhcp-172-29-194-195.kwansei.ac.jp","hostid":"18d901f1-4a03-3ff1-ae34-c26b2732f13c","virtualizationSystem":"","total":8589934592,"available":2016133120,"usedPercent":76.52912139892578,"diskIO":[{"name":"disk0","ioTime":1305132,"weightedIO":0}],"cpu":[{"cpu":"cpu0","user":4022.9765625,"system":2245.46875,"idle":15222.8359375,"nice":0,"iowait":0,"irq":0,"softirq":0,"steal":0,"guest":0,"guestNice":0,"stolen":0},{"cpu":"cpu1","user":2417.78125,"system":987.890625,"idle":18084.7890625,"nice":0,"iowait":0,"irq":0,"softirq":0,"steal":0,"guest":0,"guestNice":0,"stolen":0},{"cpu":"cpu2","user":3910.0625,"system":1976.2890625,"idle":15604.109375,"nice":0,"iowait":0,"irq":0,"softirq":0,"steal":0,"guest":0,"guestNice":0,"stolen":0},{"cpu":"cpu3","user":2452.625,"system":1000.984375,"idle":18036.84375,"nice":0,"iowait":0,"irq":0,"softirq":0,"steal":0,"guest":0,"guestNice":0,"stolen":0}],"time":"2018-02-19 12:24:31.044555 +0900 JST m=+2580.278573646","errorInfo":null}
[Info]2018/02/19 12:24:31 acsessd /api/status.json
[Info]2018/02/19 12:24:31 {"hostname":"ksc-1x-dhcp-172-29-194-195.kwansei.ac.jp","hostid":"18d901f1-4a03-3ff1-ae34-c26b2732f13c","virtualizationSystem":"","total":8589934592,"available":2016067584,"usedPercent":76.5298843383789,"diskIO":[{"name":"disk0","ioTime":1305132,"weightedIO":0}],"cpu":[{"cpu":"cpu0","user":4023.125,"system":2245.484375,"idle":15223.0546875,"nice":0,"iowait":0,"irq":0,"softirq":0,"steal":0,"guest":0,"guestNice":0,"stolen":0},{"cpu":"cpu1","user":2417.796875,"system":987.8984375,"idle":18085.15625,"nice":0,"iowait":0,"irq":0,"softirq":0,"steal":0,"guest":0,"guestNice":0,"stolen":0},{"cpu":"cpu2","user":3910.34375,"system":1976.3046875,"idle":15604.2109375,"nice":0,"iowait":0,"irq":0,"softirq":0,"steal":0,"guest":0,"guestNice":0,"stolen":0},{"cpu":"cpu3","user":2452.640625,"system":1001,"idle":18037.2109375,"nice":0,"iowait":0,"irq":0,"softirq":0,"steal":0,"guest":0,"guestNice":0,"stolen":0}],"time":"2018-02-19 12:24:31.543341 +0900 JST m=+2580.777358922","errorInfo":null}
[Info]2018/02/19 12:24:31 acsessd /api/status.json
[Info]2018/02/19 12:24:32 {"hostname":"ksc-1x-dhcp-172-29-194-195.kwansei.ac.jp","hostid":"18d901f1-4a03-3ff1-ae34-c26b2732f13c","virtualizationSystem":"","total":8589934592,"available":2016223232,"usedPercent":76.52807235717773,"diskIO":[{"name":"disk0","ioTime":1305132,"weightedIO":0}],"cpu":[{"cpu":"cpu0","user":4023.2734375,"system":2245.5078125,"idle":15223.28125,"nice":0,"iowait":0,"irq":0,"softirq":0,"steal":0,"guest":0,"guestNice":0,"stolen":0},{"cpu":"cpu1","user":2417.8125,"system":987.9140625,"idle":18085.5234375,"nice":0,"iowait":0,"irq":0,"softirq":0,"steal":0,"guest":0,"guestNice":0,"stolen":0},{"cpu":"cpu2","user":3910.6015625,"system":1976.3046875,"idle":15604.34375,"nice":0,"iowait":0,"irq":0,"softirq":0,"steal":0,"guest":0,"guestNice":0,"stolen":0},{"cpu":"cpu3","user":2452.65625,"system":1001.0078125,"idle":18037.5859375,"nice":0,"iowait":0,"irq":0,"softirq":0,"steal":0,"guest":0,"guestNice":0,"stolen":0}],"time":"2018-02-19 12:24:32.047316 +0900 JST m=+2581.281333084","errorInfo":null}
[Info]2018/02/19 12:24:32 acsessd /api/status.json
[Info]2018/02/19 12:24:32 {"hostname":"ksc-1x-dhcp-172-29-194-195.kwansei.ac.jp","hostid":"18d901f1-4a03-3ff1-ae34-c26b2732f13c","virtualizationSystem":"","total":8589934592,"available":2016268288,"usedPercent":76.52754783630371,"diskIO":[{"name":"disk0","ioTime":1305132,"weightedIO":0}],"cpu":[{"cpu":"cpu0","user":4023.390625,"system":2245.5703125,"idle":15223.4921875,"nice":0,"iowait":0,"irq":0,"softirq":0,"steal":0,"guest":0,"guestNice":0,"stolen":0},{"cpu":"cpu1","user":2417.859375,"system":987.9296875,"idle":18085.8515625,"nice":0,"iowait":0,"irq":0,"softirq":0,"steal":0,"guest":0,"guestNice":0,"stolen":0},{"cpu":"cpu2","user":3910.890625,"system":1976.3359375,"idle":15604.421875,"nice":0,"iowait":0,"irq":0,"softirq":0,"steal":0,"guest":0,"guestNice":0,"stolen":0},{"cpu":"cpu3","user":2452.6875,"system":1001.0234375,"idle":18037.9296875,"nice":0,"iowait":0,"irq":0,"softirq":0,"steal":0,"guest":0,"guestNice":0,"stolen":0}],"time":"2018-02-19 12:24:32.555903 +0900 JST m=+2581.789919460","errorInfo":null}
[Info]2018/02/19 12:24:33 acsessd /api/status.json
[Info]2018/02/19 12:24:33 {"hostname":"ksc-1x-dhcp-172-29-194-195.kwansei.ac.jp","hostid":"18d901f1-4a03-3ff1-ae34-c26b2732f13c","virtualizationSystem":"","total":8589934592,"available":2015535104,"usedPercent":76.53608322143555,"diskIO":[{"name":"disk0","ioTime":1305132,"weightedIO":0}],"cpu":[{"cpu":"cpu0","user":4023.5859375,"system":2245.625,"idle":15223.640625,"nice":0,"iowait":0,"irq":0,"softirq":0,"steal":0,"guest":0,"guestNice":0,"stolen":0},{"cpu":"cpu1","user":2417.8984375,"system":987.9609375,"idle":18086.1875,"nice":0,"iowait":0,"irq":0,"softirq":0,"steal":0,"guest":0,"guestNice":0,"stolen":0},{"cpu":"cpu2","user":3911.125,"system":1976.375,"idle":15604.5390625,"nice":0,"iowait":0,"irq":0,"softirq":0,"steal":0,"guest":0,"guestNice":0,"stolen":0},{"cpu":"cpu3","user":2452.703125,"system":1001.046875,"idle":18038.2890625,"nice":0,"iowait":0,"irq":0,"softirq":0,"steal":0,"guest":0,"guestNice":0,"stolen":0}],"time":"2018-02-19 12:24:33.059703 +0900 JST m=+2582.293717714","errorInfo":null}
[Info]2018/02/19 12:24:33 acsessd /api/status.json
[Info]2018/02/19 12:24:33 {"hostname":"ksc-1x-dhcp-172-29-194-195.kwansei.ac.jp","hostid":"18d901f1-4a03-3ff1-ae34-c26b2732f13c","virtualizationSystem":"","total":8589934592,"available":2016223232,"usedPercent":76.52807235717773,"diskIO":[{"name":"disk0","ioTime":1305178,"weightedIO":0}],"cpu":[{"cpu":"cpu0","user":4023.84375,"system":2245.65625,"idle":15223.7578125,"nice":0,"iowait":0,"irq":0,"softirq":0,"steal":0,"guest":0,"guestNice":0,"stolen":0},{"cpu":"cpu1","user":2417.9609375,"system":987.9921875,"idle":18086.4921875,"nice":0,"iowait":0,"irq":0,"softirq":0,"steal":0,"guest":0,"guestNice":0,"stolen":0},{"cpu":"cpu2","user":3911.34375,"system":1976.421875,"idle":15604.6796875,"nice":0,"iowait":0,"irq":0,"softirq":0,"steal":0,"guest":0,"guestNice":0,"stolen":0},{"cpu":"cpu3","user":2452.765625,"system":1001.0703125,"idle":18038.609375,"nice":0,"iowait":0,"irq":0,"softirq":0,"steal":0,"guest":0,"guestNice":0,"stolen":0}],"time":"2018-02-19 12:24:33.578018 +0900 JST m=+2582.812032166","errorInfo":null}
[Info]2018/02/19 12:24:34 acsessd /api/status.json
[Info]2018/02/19 12:24:34 {"hostname":"ksc-1x-dhcp-172-29-194-195.kwansei.ac.jp","hostid":"18d901f1-4a03-3ff1-ae34-c26b2732f13c","virtualizationSystem":"","total":8589934592,"available":2000674816,"usedPercent":76.70907974243164,"diskIO":[{"name":"disk0","ioTime":1305178,"weightedIO":0}],"cpu":[{"cpu":"cpu0","user":4024.0625,"system":2245.6640625,"idle":15223.90625,"nice":0,"iowait":0,"irq":0,"softirq":0,"steal":0,"guest":0,"guestNice":0,"stolen":0},{"cpu":"cpu1","user":2417.9765625,"system":988,"idle":18086.84375,"nice":0,"iowait":0,"irq":0,"softirq":0,"steal":0,"guest":0,"guestNice":0,"stolen":0},{"cpu":"cpu2","user":3911.53125,"system":1976.4375,"idle":15604.8515625,"nice":0,"iowait":0,"irq":0,"softirq":0,"steal":0,"guest":0,"guestNice":0,"stolen":0},{"cpu":"cpu3","user":2452.7734375,"system":1001.0859375,"idle":18038.96875,"nice":0,"iowait":0,"irq":0,"softirq":0,"steal":0,"guest":0,"guestNice":0,"stolen":0}],"time":"2018-02-19 12:24:34.064302 +0900 JST m=+2583.298314801","errorInfo":null}
[Info]2018/02/19 12:24:34 acsessd /api/status.json
[Info]2018/02/19 12:24:34 {"hostname":"ksc-1x-dhcp-172-29-194-195.kwansei.ac.jp","hostid":"18d901f1-4a03-3ff1-ae34-c26b2732f13c","virtualizationSystem":"","total":8589934592,"available":2030374912,"usedPercent":76.36332511901855,"diskIO":[{"name":"disk0","ioTime":1305178,"weightedIO":0}],"cpu":[{"cpu":"cpu0","user":4024.1875,"system":2245.6953125,"idle":15224.140625,"nice":0,"iowait":0,"irq":0,"softirq":0,"steal":0,"guest":0,"guestNice":0,"stolen":0},{"cpu":"cpu1","user":2418,"system":988.0078125,"idle":18087.2109375,"nice":0,"iowait":0,"irq":0,"softirq":0,"steal":0,"guest":0,"guestNice":0,"stolen":0},{"cpu":"cpu2","user":3911.59375,"system":1976.453125,"idle":15605.171875,"nice":0,"iowait":0,"irq":0,"softirq":0,"steal":0,"guest":0,"guestNice":0,"stolen":0},{"cpu":"cpu3","user":2452.8046875,"system":1001.0859375,"idle":18039.3203125,"nice":0,"iowait":0,"irq":0,"softirq":0,"steal":0,"guest":0,"guestNice":0,"stolen":0}],"time":"2018-02-19 12:24:34.564629 +0900 JST m=+2583.798641132","errorInfo":null}
[Info]2018/02/19 12:24:35 acsessd /api/status.json
[Info]2018/02/19 12:24:35 {"hostname":"ksc-1x-dhcp-172-29-194-195.kwansei.ac.jp","hostid":"18d901f1-4a03-3ff1-ae34-c26b2732f13c","virtualizationSystem":"","total":8589934592,"available":2031120384,"usedPercent":76.35464668273926,"diskIO":[{"name":"disk0","ioTime":1305178,"weightedIO":0}],"cpu":[{"cpu":"cpu0","user":4024.3203125,"system":2245.71875,"idle":15224.390625,"nice":0,"iowait":0,"irq":0,"softirq":0,"steal":0,"guest":0,"guestNice":0,"stolen":0},{"cpu":"cpu1","user":2418.015625,"system":988.0234375,"idle":18087.578125,"nice":0,"iowait":0,"irq":0,"softirq":0,"steal":0,"guest":0,"guestNice":0,"stolen":0},{"cpu":"cpu2","user":3911.6328125,"system":1976.46875,"idle":15605.5234375,"nice":0,"iowait":0,"irq":0,"softirq":0,"steal":0,"guest":0,"guestNice":0,"stolen":0},{"cpu":"cpu3","user":2452.828125,"system":1001.1015625,"idle":18039.6875,"nice":0,"iowait":0,"irq":0,"softirq":0,"steal":0,"guest":0,"guestNice":0,"stolen":0}],"time":"2018-02-19 12:24:35.078569 +0900 JST m=+2584.312579907","errorInfo":null}
[Info]2018/02/19 12:24:35 acsessd /api/status.json
[Info]2018/02/19 12:24:35 {"hostname":"ksc-1x-dhcp-172-29-194-195.kwansei.ac.jp","hostid":"18d901f1-4a03-3ff1-ae34-c26b2732f13c","virtualizationSystem":"","total":8589934592,"available":2031398912,"usedPercent":76.35140419006348,"diskIO":[{"name":"disk0","ioTime":1305178,"weightedIO":0}],"cpu":[{"cpu":"cpu0","user":4024.359375,"system":2245.7578125,"idle":15224.703125,"nice":0,"iowait":0,"irq":0,"softirq":0,"steal":0,"guest":0,"guestNice":0,"stolen":0},{"cpu":"cpu1","user":2418.0234375,"system":988.03125,"idle":18087.9453125,"nice":0,"iowait":0,"irq":0,"softirq":0,"steal":0,"guest":0,"guestNice":0,"stolen":0},{"cpu":"cpu2","user":3911.6640625,"system":1976.4921875,"idle":15605.8515625,"nice":0,"iowait":0,"irq":0,"softirq":0,"steal":0,"guest":0,"guestNice":0,"stolen":0},{"cpu":"cpu3","user":2452.8359375,"system":1001.109375,"idle":18040.0546875,"nice":0,"iowait":0,"irq":0,"softirq":0,"steal":0,"guest":0,"guestNice":0,"stolen":0}],"time":"2018-02-19 12:24:35.575134 +0900 JST m=+2584.809143914","errorInfo":null}
[Info]2018/02/19 12:24:36 acsessd /api/status.json
[Info]2018/02/19 12:24:36 {"hostname":"ksc-1x-dhcp-172-29-194-195.kwansei.ac.jp","hostid":"18d901f1-4a03-3ff1-ae34-c26b2732f13c","virtualizationSystem":"","total":8589934592,"available":2031005696,"usedPercent":76.35598182678223,"diskIO":[{"name":"disk0","ioTime":1305178,"weightedIO":0}],"cpu":[{"cpu":"cpu0","user":4024.40625,"system":2245.7890625,"idle":15225.0234375,"nice":0,"iowait":0,"irq":0,"softirq":0,"steal":0,"guest":0,"guestNice":0,"stolen":0},{"cpu":"cpu1","user":2418.03125,"system":988.0390625,"idle":18088.328125,"nice":0,"iowait":0,"irq":0,"softirq":0,"steal":0,"guest":0,"guestNice":0,"stolen":0},{"cpu":"cpu2","user":3911.6796875,"system":1976.5,"idle":15606.21875,"nice":0,"iowait":0,"irq":0,"softirq":0,"steal":0,"guest":0,"guestNice":0,"stolen":0},{"cpu":"cpu3","user":2452.8515625,"system":1001.1171875,"idle":18040.4296875,"nice":0,"iowait":0,"irq":0,"softirq":0,"steal":0,"guest":0,"guestNice":0,"stolen":0}],"time":"2018-02-19 12:24:36.080958 +0900 JST m=+2585.314967295","errorInfo":null}
[Info]2018/02/19 12:24:36 acsessd /api/status.json
[Info]2018/02/19 12:24:36 {"hostname":"ksc-1x-dhcp-172-29-194-195.kwansei.ac.jp","hostid":"18d901f1-4a03-3ff1-ae34-c26b2732f13c","virtualizationSystem":"","total":8589934592,"available":2031218688,"usedPercent":76.35350227355957,"diskIO":[{"name":"disk0","ioTime":1305178,"weightedIO":0}],"cpu":[{"cpu":"cpu0","user":4024.4296875,"system":2245.8046875,"idle":15225.375,"nice":0,"iowait":0,"irq":0,"softirq":0,"steal":0,"guest":0,"guestNice":0,"stolen":0},{"cpu":"cpu1","user":2418.046875,"system":988.046875,"idle":18088.703125,"nice":0,"iowait":0,"irq":0,"softirq":0,"steal":0,"guest":0,"guestNice":0,"stolen":0},{"cpu":"cpu2","user":3911.7109375,"system":1976.53125,"idle":15606.5546875,"nice":0,"iowait":0,"irq":0,"softirq":0,"steal":0,"guest":0,"guestNice":0,"stolen":0},{"cpu":"cpu3","user":2452.859375,"system":1001.125,"idle":18040.8125,"nice":0,"iowait":0,"irq":0,"softirq":0,"steal":0,"guest":0,"guestNice":0,"stolen":0}],"time":"2018-02-19 12:24:36.587423 +0900 JST m=+2585.821431173","errorInfo":null}
[Info]2018/02/19 12:24:37 acsessd /api/status.json
[Info]2018/02/19 12:24:37 {"hostname":"ksc-1x-dhcp-172-29-194-195.kwansei.ac.jp","hostid":"18d901f1-4a03-3ff1-ae34-c26b2732f13c","virtualizationSystem":"","total":8589934592,"available":2031271936,"usedPercent":76.3528823852539,"diskIO":[{"name":"disk0","ioTime":1305178,"weightedIO":0}],"cpu":[{"cpu":"cpu0","user":4024.4765625,"system":2245.8359375,"idle":15225.6875,"nice":0,"iowait":0,"irq":0,"softirq":0,"steal":0,"guest":0,"guestNice":0,"stolen":0},{"cpu":"cpu1","user":2418.046875,"system":988.046875,"idle":18089.0859375,"nice":0,"iowait":0,"irq":0,"softirq":0,"steal":0,"guest":0,"guestNice":0,"stolen":0},{"cpu":"cpu2","user":3911.71875,"system":1976.546875,"idle":15606.921875,"nice":0,"iowait":0,"irq":0,"softirq":0,"steal":0,"guest":0,"guestNice":0,"stolen":0},{"cpu":"cpu3","user":2452.875,"system":1001.125,"idle":18041.1796875,"nice":0,"iowait":0,"irq":0,"softirq":0,"steal":0,"guest":0,"guestNice":0,"stolen":0}],"time":"2018-02-19 12:24:37.085877 +0900 JST m=+2586.319884182","errorInfo":null}
[Info]2018/02/19 12:24:37 acsessd /api/status.json
[Info]2018/02/19 12:24:37 {"hostname":"ksc-1x-dhcp-172-29-194-195.kwansei.ac.jp","hostid":"18d901f1-4a03-3ff1-ae34-c26b2732f13c","virtualizationSystem":"","total":8589934592,"available":2031013888,"usedPercent":76.35588645935059,"diskIO":[{"name":"disk0","ioTime":1305178,"weightedIO":0}],"cpu":[{"cpu":"cpu0","user":4024.53125,"system":2245.890625,"idle":15225.96875,"nice":0,"iowait":0,"irq":0,"softirq":0,"steal":0,"guest":0,"guestNice":0,"stolen":0},{"cpu":"cpu1","user":2418.0546875,"system":988.0625,"idle":18089.4609375,"nice":0,"iowait":0,"irq":0,"softirq":0,"steal":0,"guest":0,"guestNice":0,"stolen":0},{"cpu":"cpu2","user":3911.765625,"system":1976.609375,"idle":15607.2109375,"nice":0,"iowait":0,"irq":0,"softirq":0,"steal":0,"guest":0,"guestNice":0,"stolen":0},{"cpu":"cpu3","user":2452.8828125,"system":1001.1328125,"idle":18041.5625,"nice":0,"iowait":0,"irq":0,"softirq":0,"steal":0,"guest":0,"guestNice":0,"stolen":0}],"time":"2018-02-19 12:24:37.592745 +0900 JST m=+2586.826751134","errorInfo":null}
[Info]2018/02/19 12:24:38 acsessd /api/status.json
[Info]2018/02/19 12:24:38 {"hostname":"ksc-1x-dhcp-172-29-194-195.kwansei.ac.jp","hostid":"18d901f1-4a03-3ff1-ae34-c26b2732f13c","virtualizationSystem":"","total":8589934592,"available":2031210496,"usedPercent":76.35359764099121,"diskIO":[{"name":"disk0","ioTime":1305178,"weightedIO":0}],"cpu":[{"cpu":"cpu0","user":4024.5703125,"system":2245.9453125,"idle":15226.2734375,"nice":0,"iowait":0,"irq":0,"softirq":0,"steal":0,"guest":0,"guestNice":0,"stolen":0},{"cpu":"cpu1","user":2418.0625,"system":988.0703125,"idle":18089.84375,"nice":0,"iowait":0,"irq":0,"softirq":0,"steal":0,"guest":0,"guestNice":0,"stolen":0},{"cpu":"cpu2","user":3911.8203125,"system":1976.6796875,"idle":15607.4765625,"nice":0,"iowait":0,"irq":0,"softirq":0,"steal":0,"guest":0,"guestNice":0,"stolen":0},{"cpu":"cpu3","user":2452.890625,"system":1001.1484375,"idle":18041.9375,"nice":0,"iowait":0,"irq":0,"softirq":0,"steal":0,"guest":0,"guestNice":0,"stolen":0}],"time":"2018-02-19 12:24:38.094216 +0900 JST m=+2587.328221558","errorInfo":null}
[Info]2018/02/19 12:24:38 acsessd /api/status.json
[Info]2018/02/19 12:24:38 {"hostname":"ksc-1x-dhcp-172-29-194-195.kwansei.ac.jp","hostid":"18d901f1-4a03-3ff1-ae34-c26b2732f13c","virtualizationSystem":"","total":8589934592,"available":2030956544,"usedPercent":76.35655403137207,"diskIO":[{"name":"disk0","ioTime":1305178,"weightedIO":0}],"cpu":[{"cpu":"cpu0","user":4024.6171875,"system":2246,"idle":15226.5546875,"nice":0,"iowait":0,"irq":0,"softirq":0,"steal":0,"guest":0,"guestNice":0,"stolen":0},{"cpu":"cpu1","user":2418.0703125,"system":988.078125,"idle":18090.21875,"nice":0,"iowait":0,"irq":0,"softirq":0,"steal":0,"guest":0,"guestNice":0,"stolen":0},{"cpu":"cpu2","user":3911.859375,"system":1976.7421875,"idle":15607.765625,"nice":0,"iowait":0,"irq":0,"softirq":0,"steal":0,"guest":0,"guestNice":0,"stolen":0},{"cpu":"cpu3","user":2452.8984375,"system":1001.15625,"idle":18042.3125,"nice":0,"iowait":0,"irq":0,"softirq":0,"steal":0,"guest":0,"guestNice":0,"stolen":0}],"time":"2018-02-19 12:24:38.595743 +0900 JST m=+2587.829747193","errorInfo":null}
[Info]2018/02/19 12:24:39 acsessd /api/status.json
[Info]2018/02/19 12:24:39 {"hostname":"ksc-1x-dhcp-172-29-194-195.kwansei.ac.jp","hostid":"18d901f1-4a03-3ff1-ae34-c26b2732f13c","virtualizationSystem":"","total":8589934592,"available":2031489024,"usedPercent":76.35035514831543,"diskIO":[{"name":"disk0","ioTime":1305178,"weightedIO":0}],"cpu":[{"cpu":"cpu0","user":4024.6953125,"system":2246.03125,"idle":15226.84375,"nice":0,"iowait":0,"irq":0,"softirq":0,"steal":0,"guest":0,"guestNice":0,"stolen":0},{"cpu":"cpu1","user":2418.09375,"system":988.0859375,"idle":18090.5703125,"nice":0,"iowait":0,"irq":0,"softirq":0,"steal":0,"guest":0,"guestNice":0,"stolen":0},{"cpu":"cpu2","user":3911.9375,"system":1976.765625,"idle":15608.0546875,"nice":0,"iowait":0,"irq":0,"softirq":0,"steal":0,"guest":0,"guestNice":0,"stolen":0},{"cpu":"cpu3","user":2452.921875,"system":1001.1640625,"idle":18042.671875,"nice":0,"iowait":0,"irq":0,"softirq":0,"steal":0,"guest":0,"guestNice":0,"stolen":0}],"time":"2018-02-19 12:24:39.101069 +0900 JST m=+2588.335072789","errorInfo":null}
[Info]2018/02/19 12:24:39 acsessd /api/status.json
[Info]2018/02/19 12:24:39 {"hostname":"ksc-1x-dhcp-172-29-194-195.kwansei.ac.jp","hostid":"18d901f1-4a03-3ff1-ae34-c26b2732f13c","virtualizationSystem":"","total":8589934592,"available":2031710208,"usedPercent":76.34778022766113,"diskIO":[{"name":"disk0","ioTime":1305187,"weightedIO":0}],"cpu":[{"cpu":"cpu0","user":4024.7265625,"system":2246.046875,"idle":15227.1875,"nice":0,"iowait":0,"irq":0,"softirq":0,"steal":0,"guest":0,"guestNice":0,"stolen":0},{"cpu":"cpu1","user":2418.1015625,"system":988.09375,"idle":18090.9609375,"nice":0,"iowait":0,"irq":0,"softirq":0,"steal":0,"guest":0,"guestNice":0,"stolen":0},{"cpu":"cpu2","user":3911.96875,"system":1976.7890625,"idle":15608.390625,"nice":0,"iowait":0,"irq":0,"softirq":0,"steal":0,"guest":0,"guestNice":0,"stolen":0},{"cpu":"cpu3","user":2452.9296875,"system":1001.1796875,"idle":18043.0390625,"nice":0,"iowait":0,"irq":0,"softirq":0,"steal":0,"guest":0,"guestNice":0,"stolen":0}],"time":"2018-02-19 12:24:39.604995 +0900 JST m=+2588.838997871","errorInfo":null}
[Info]2018/02/19 12:24:40 acsessd /api/status.json
[Info]2018/02/19 12:24:40 {"hostname":"ksc-1x-dhcp-172-29-194-195.kwansei.ac.jp","hostid":"18d901f1-4a03-3ff1-ae34-c26b2732f13c","virtualizationSystem":"","total":8589934592,"available":2030497792,"usedPercent":76.36189460754395,"diskIO":[{"name":"disk0","ioTime":1305187,"weightedIO":0}],"cpu":[{"cpu":"cpu0","user":4024.765625,"system":2246.078125,"idle":15227.5234375,"nice":0,"iowait":0,"irq":0,"softirq":0,"steal":0,"guest":0,"guestNice":0,"stolen":0},{"cpu":"cpu1","user":2418.109375,"system":988.1015625,"idle":18091.3359375,"nice":0,"iowait":0,"irq":0,"softirq":0,"steal":0,"guest":0,"guestNice":0,"stolen":0},{"cpu":"cpu2","user":3911.9921875,"system":1976.8203125,"idle":15608.75,"nice":0,"iowait":0,"irq":0,"softirq":0,"steal":0,"guest":0,"guestNice":0,"stolen":0},{"cpu":"cpu3","user":2452.9453125,"system":1001.1875,"idle":18043.4140625,"nice":0,"iowait":0,"irq":0,"softirq":0,"steal":0,"guest":0,"guestNice":0,"stolen":0}],"time":"2018-02-19 12:24:40.118988 +0900 JST m=+2589.352988748","errorInfo":null}
[Info]2018/02/19 12:24:40 acsessd /api/status.json
[Info]2018/02/19 12:24:40 {"hostname":"ksc-1x-dhcp-172-29-194-195.kwansei.ac.jp","hostid":"18d901f1-4a03-3ff1-ae34-c26b2732f13c","virtualizationSystem":"","total":8589934592,"available":2013364224,"usedPercent":76.56135559082031,"diskIO":[{"name":"disk0","ioTime":1305187,"weightedIO":0}],"cpu":[{"cpu":"cpu0","user":4024.875,"system":2246.1328125,"idle":15227.7421875,"nice":0,"iowait":0,"irq":0,"softirq":0,"steal":0,"guest":0,"guestNice":0,"stolen":0},{"cpu":"cpu1","user":2418.171875,"system":988.125,"idle":18091.640625,"nice":0,"iowait":0,"irq":0,"softirq":0,"steal":0,"guest":0,"guestNice":0,"stolen":0},{"cpu":"cpu2","user":3912.09375,"system":1976.8828125,"idle":15608.96875,"nice":0,"iowait":0,"irq":0,"softirq":0,"steal":0,"guest":0,"guestNice":0,"stolen":0},{"cpu":"cpu3","user":2453,"system":1001.21875,"idle":18043.71875,"nice":0,"iowait":0,"irq":0,"softirq":0,"steal":0,"guest":0,"guestNice":0,"stolen":0}],"time":"2018-02-19 12:24:40.609381 +0900 JST m=+2589.843381373","errorInfo":null}
[Info]2018/02/19 12:24:41 acsessd /api/status.json
[Info]2018/02/19 12:24:41 {"hostname":"ksc-1x-dhcp-172-29-194-195.kwansei.ac.jp","hostid":"18d901f1-4a03-3ff1-ae34-c26b2732f13c","virtualizationSystem":"","total":8589934592,"available":2016985088,"usedPercent":76.51920318603516,"diskIO":[{"name":"disk0","ioTime":1305187,"weightedIO":0}],"cpu":[{"cpu":"cpu0","user":4024.9453125,"system":2246.171875,"idle":15228.0234375,"nice":0,"iowait":0,"irq":0,"softirq":0,"steal":0,"guest":0,"guestNice":0,"stolen":0},{"cpu":"cpu1","user":2418.2109375,"system":988.140625,"idle":18091.9765625,"nice":0,"iowait":0,"irq":0,"softirq":0,"steal":0,"guest":0,"guestNice":0,"stolen":0},{"cpu":"cpu2","user":3912.140625,"system":1976.9140625,"idle":15609.28125,"nice":0,"iowait":0,"irq":0,"softirq":0,"steal":0,"guest":0,"guestNice":0,"stolen":0},{"cpu":"cpu3","user":2453.0234375,"system":1001.2265625,"idle":18044.0703125,"nice":0,"iowait":0,"irq":0,"softirq":0,"steal":0,"guest":0,"guestNice":0,"stolen":0}],"time":"2018-02-19 12:24:41.11147 +0900 JST m=+2590.345469842","errorInfo":null}
[Info]2018/02/19 12:24:41 acsessd /api/status.json
[Info]2018/02/19 12:24:41 {"hostname":"ksc-1x-dhcp-172-29-194-195.kwansei.ac.jp","hostid":"18d901f1-4a03-3ff1-ae34-c26b2732f13c","virtualizationSystem":"","total":8589934592,"available":2019655680,"usedPercent":76.48811340332031,"diskIO":[{"name":"disk0","ioTime":1305187,"weightedIO":0}],"cpu":[{"cpu":"cpu0","user":4025.0703125,"system":2246.21875,"idle":15228.25,"nice":0,"iowait":0,"irq":0,"softirq":0,"steal":0,"guest":0,"guestNice":0,"stolen":0},{"cpu":"cpu1","user":2418.265625,"system":988.1640625,"idle":18092.296875,"nice":0,"iowait":0,"irq":0,"softirq":0,"steal":0,"guest":0,"guestNice":0,"stolen":0},{"cpu":"cpu2","user":3912.25,"system":1976.9609375,"idle":15609.5234375,"nice":0,"iowait":0,"irq":0,"softirq":0,"steal":0,"guest":0,"guestNice":0,"stolen":0},{"cpu":"cpu3","user":2453.0703125,"system":1001.2578125,"idle":18044.3984375,"nice":0,"iowait":0,"irq":0,"softirq":0,"steal":0,"guest":0,"guestNice":0,"stolen":0}],"time":"2018-02-19 12:24:41.622488 +0900 JST m=+2590.856487013","errorInfo":null}
[Info]2018/02/19 12:24:42 acsessd /api/status.json
[Info]2018/02/19 12:24:42 {"hostname":"ksc-1x-dhcp-172-29-194-195.kwansei.ac.jp","hostid":"18d901f1-4a03-3ff1-ae34-c26b2732f13c","virtualizationSystem":"","total":8589934592,"available":2019446784,"usedPercent":76.49054527282715,"diskIO":[{"name":"disk0","ioTime":1305187,"weightedIO":0}],"cpu":[{"cpu":"cpu0","user":4025.15625,"system":2246.265625,"idle":15228.5078125,"nice":0,"iowait":0,"irq":0,"softirq":0,"steal":0,"guest":0,"guestNice":0,"stolen":0},{"cpu":"cpu1","user":2418.296875,"system":988.1796875,"idle":18092.640625,"nice":0,"iowait":0,"irq":0,"softirq":0,"steal":0,"guest":0,"guestNice":0,"stolen":0},{"cpu":"cpu2","user":3912.3359375,"system":1977,"idle":15609.78125,"nice":0,"iowait":0,"irq":0,"softirq":0,"steal":0,"guest":0,"guestNice":0,"stolen":0},{"cpu":"cpu3","user":2453.1171875,"system":1001.2734375,"idle":18044.7265625,"nice":0,"iowait":0,"irq":0,"softirq":0,"steal":0,"guest":0,"guestNice":0,"stolen":0}],"time":"2018-02-19 12:24:42.119162 +0900 JST m=+2591.353159975","errorInfo":null}
[Info]2018/02/19 12:24:42 acsessd /api/status.json
[Info]2018/02/19 12:24:42 {"hostname":"ksc-1x-dhcp-172-29-194-195.kwansei.ac.jp","hostid":"18d901f1-4a03-3ff1-ae34-c26b2732f13c","virtualizationSystem":"","total":8589934592,"available":2019446784,"usedPercent":76.49054527282715,"diskIO":[{"name":"disk0","ioTime":1305195,"weightedIO":0}],"cpu":[{"cpu":"cpu0","user":4025.21875,"system":2246.34375,"idle":15228.7578125,"nice":0,"iowait":0,"irq":0,"softirq":0,"steal":0,"guest":0,"guestNice":0,"stolen":0},{"cpu":"cpu1","user":2418.328125,"system":988.203125,"idle":18092.9765625,"nice":0,"iowait":0,"irq":0,"softirq":0,"steal":0,"guest":0,"guestNice":0,"stolen":0},{"cpu":"cpu2","user":3912.40625,"system":1977.0703125,"idle":15610.03125,"nice":0,"iowait":0,"irq":0,"softirq":0,"steal":0,"guest":0,"guestNice":0,"stolen":0},{"cpu":"cpu3","user":2453.1484375,"system":1001.3046875,"idle":18045.0546875,"nice":0,"iowait":0,"irq":0,"softirq":0,"steal":0,"guest":0,"guestNice":0,"stolen":0}],"time":"2018-02-19 12:24:42.619506 +0900 JST m=+2591.853502729","errorInfo":null}
[Info]2018/02/19 12:24:43 acsessd /api/status.json
[Info]2018/02/19 12:24:43 {"hostname":"ksc-1x-dhcp-172-29-194-195.kwansei.ac.jp","hostid":"18d901f1-4a03-3ff1-ae34-c26b2732f13c","virtualizationSystem":"","total":8589934592,"available":2019401728,"usedPercent":76.49106979370117,"diskIO":[{"name":"disk0","ioTime":1305195,"weightedIO":0}],"cpu":[{"cpu":"cpu0","user":4025.296875,"system":2246.421875,"idle":15228.9921875,"nice":0,"iowait":0,"irq":0,"softirq":0,"steal":0,"guest":0,"guestNice":0,"stolen":0},{"cpu":"cpu1","user":2418.3515625,"system":988.2265625,"idle":18093.3203125,"nice":0,"iowait":0,"irq":0,"softirq":0,"steal":0,"guest":0,"guestNice":0,"stolen":0},{"cpu":"cpu2","user":3912.46875,"system":1977.125,"idle":15610.3046875,"nice":0,"iowait":0,"irq":0,"softirq":0,"steal":0,"guest":0,"guestNice":0,"stolen":0},{"cpu":"cpu3","user":2453.171875,"system":1001.328125,"idle":18045.3984375,"nice":0,"iowait":0,"irq":0,"softirq":0,"steal":0,"guest":0,"guestNice":0,"stolen":0}],"time":"2018-02-19 12:24:43.117254 +0900 JST m=+2592.351249871","errorInfo":null}
[Info]2018/02/19 12:24:43 acsessd /api/status.json
[Info]2018/02/19 12:24:43 {"hostname":"ksc-1x-dhcp-172-29-194-195.kwansei.ac.jp","hostid":"18d901f1-4a03-3ff1-ae34-c26b2732f13c","virtualizationSystem":"","total":8589934592,"available":2019176448,"usedPercent":76.49369239807129,"diskIO":[{"name":"disk0","ioTime":1305195,"weightedIO":0}],"cpu":[{"cpu":"cpu0","user":4025.3671875,"system":2246.46875,"idle":15229.265625,"nice":0,"iowait":0,"irq":0,"softirq":0,"steal":0,"guest":0,"guestNice":0,"stolen":0},{"cpu":"cpu1","user":2418.3671875,"system":988.2421875,"idle":18093.671875,"nice":0,"iowait":0,"irq":0,"softirq":0,"steal":0,"guest":0,"guestNice":0,"stolen":0},{"cpu":"cpu2","user":3912.53125,"system":1977.203125,"idle":15610.5625,"nice":0,"iowait":0,"irq":0,"softirq":0,"steal":0,"guest":0,"guestNice":0,"stolen":0},{"cpu":"cpu3","user":2453.203125,"system":1001.3359375,"idle":18045.75,"nice":0,"iowait":0,"irq":0,"softirq":0,"steal":0,"guest":0,"guestNice":0,"stolen":0}],"time":"2018-02-19 12:24:43.619282 +0900 JST m=+2592.853276978","errorInfo":null}
[Info]2018/02/19 12:24:44 acsessd /api/status.json
[Info]2018/02/19 12:24:44 {"hostname":"ksc-1x-dhcp-172-29-194-195.kwansei.ac.jp","hostid":"18d901f1-4a03-3ff1-ae34-c26b2732f13c","virtualizationSystem":"","total":8589934592,"available":2019344384,"usedPercent":76.49173736572266,"diskIO":[{"name":"disk0","ioTime":1305195,"weightedIO":0}],"cpu":[{"cpu":"cpu0","user":4025.4375,"system":2246.5,"idle":15229.5546875,"nice":0,"iowait":0,"irq":0,"softirq":0,"steal":0,"guest":0,"guestNice":0,"stolen":0},{"cpu":"cpu1","user":2418.3984375,"system":988.2578125,"idle":18094.0234375,"nice":0,"iowait":0,"irq":0,"softirq":0,"steal":0,"guest":0,"guestNice":0,"stolen":0},{"cpu":"cpu2","user":3912.6015625,"system":1977.234375,"idle":15610.84375,"nice":0,"iowait":0,"irq":0,"softirq":0,"steal":0,"guest":0,"guestNice":0,"stolen":0},{"cpu":"cpu3","user":2453.2265625,"system":1001.3515625,"idle":18046.1015625,"nice":0,"iowait":0,"irq":0,"softirq":0,"steal":0,"guest":0,"guestNice":0,"stolen":0}],"time":"2018-02-19 12:24:44.122034 +0900 JST m=+2593.356027596","errorInfo":null}
[Info]2018/02/19 12:24:44 acsessd /api/status.json
[Info]2018/02/19 12:24:44 {"hostname":"ksc-1x-dhcp-172-29-194-195.kwansei.ac.jp","hostid":"18d901f1-4a03-3ff1-ae34-c26b2732f13c","virtualizationSystem":"","total":8589934592,"available":2018836480,"usedPercent":76.49765014648438,"diskIO":[{"name":"disk0","ioTime":1305195,"weightedIO":0}],"cpu":[{"cpu":"cpu0","user":4025.4765625,"system":2246.515625,"idle":15229.890625,"nice":0,"iowait":0,"irq":0,"softirq":0,"steal":0,"guest":0,"guestNice":0,"stolen":0},{"cpu":"cpu1","user":2418.3984375,"system":988.265625,"idle":18094.40625,"nice":0,"iowait":0,"irq":0,"softirq":0,"steal":0,"guest":0,"guestNice":0,"stolen":0},{"cpu":"cpu2","user":3912.6171875,"system":1977.265625,"idle":15611.1953125,"nice":0,"iowait":0,"irq":0,"softirq":0,"steal":0,"guest":0,"guestNice":0,"stolen":0},{"cpu":"cpu3","user":2453.2421875,"system":1001.3515625,"idle":18046.4765625,"nice":0,"iowait":0,"irq":0,"softirq":0,"steal":0,"guest":0,"guestNice":0,"stolen":0}],"time":"2018-02-19 12:24:44.623022 +0900 JST m=+2593.857014489","errorInfo":null}
[Info]2018/02/19 12:24:45 acsessd /api/status.json
[Info]2018/02/19 12:24:45 {"hostname":"ksc-1x-dhcp-172-29-194-195.kwansei.ac.jp","hostid":"18d901f1-4a03-3ff1-ae34-c26b2732f13c","virtualizationSystem":"","total":8589934592,"available":2018934784,"usedPercent":76.49650573730469,"diskIO":[{"name":"disk0","ioTime":1305195,"weightedIO":0}],"cpu":[{"cpu":"cpu0","user":4025.5,"system":2246.546875,"idle":15230.234375,"nice":0,"iowait":0,"irq":0,"softirq":0,"steal":0,"guest":0,"guestNice":0,"stolen":0},{"cpu":"cpu1","user":2418.40625,"system":988.265625,"idle":18094.796875,"nice":0,"iowait":0,"irq":0,"softirq":0,"steal":0,"guest":0,"guestNice":0,"stolen":0},{"cpu":"cpu2","user":3912.640625,"system":1977.2734375,"idle":15611.5546875,"nice":0,"iowait":0,"irq":0,"softirq":0,"steal":0,"guest":0,"guestNice":0,"stolen":0},{"cpu":"cpu3","user":2453.25,"system":1001.359375,"idle":18046.8515625,"nice":0,"iowait":0,"irq":0,"softirq":0,"steal":0,"guest":0,"guestNice":0,"stolen":0}],"time":"2018-02-19 12:24:45.12969 +0900 JST m=+2594.363681883","errorInfo":null}
[Info]2018/02/19 12:24:45 acsessd /api/status.json
[Info]2018/02/19 12:24:45 {"hostname":"ksc-1x-dhcp-172-29-194-195.kwansei.ac.jp","hostid":"18d901f1-4a03-3ff1-ae34-c26b2732f13c","virtualizationSystem":"","total":8589934592,"available":2033352704,"usedPercent":76.32865905761719,"diskIO":[{"name":"disk0","ioTime":1305195,"weightedIO":0}],"cpu":[{"cpu":"cpu0","user":4025.5234375,"system":2246.5703125,"idle":15230.578125,"nice":0,"iowait":0,"irq":0,"softirq":0,"steal":0,"guest":0,"guestNice":0,"stolen":0},{"cpu":"cpu1","user":2418.4140625,"system":988.2734375,"idle":18095.171875,"nice":0,"iowait":0,"irq":0,"softirq":0,"steal":0,"guest":0,"guestNice":0,"stolen":0},{"cpu":"cpu2","user":3912.671875,"system":1977.3046875,"idle":15611.8828125,"nice":0,"iowait":0,"irq":0,"softirq":0,"steal":0,"guest":0,"guestNice":0,"stolen":0},{"cpu":"cpu3","user":2453.2578125,"system":1001.359375,"idle":18047.234375,"nice":0,"iowait":0,"irq":0,"softirq":0,"steal":0,"guest":0,"guestNice":0,"stolen":0}],"time":"2018-02-19 12:24:45.629114 +0900 JST m=+2594.863104655","errorInfo":null}
[Info]2018/02/19 12:24:46 acsessd /api/status.json
[Info]2018/02/19 12:24:46 {"hostname":"ksc-1x-dhcp-172-29-194-195.kwansei.ac.jp","hostid":"18d901f1-4a03-3ff1-ae34-c26b2732f13c","virtualizationSystem":"","total":8589934592,"available":2025795584,"usedPercent":76.41663551330566,"diskIO":[{"name":"disk0","ioTime":1305195,"weightedIO":0}],"cpu":[{"cpu":"cpu0","user":4025.546875,"system":2246.59375,"idle":15230.9296875,"nice":0,"iowait":0,"irq":0,"softirq":0,"steal":0,"guest":0,"guestNice":0,"stolen":0},{"cpu":"cpu1","user":2418.4375,"system":988.28125,"idle":18095.546875,"nice":0,"iowait":0,"irq":0,"softirq":0,"steal":0,"guest":0,"guestNice":0,"stolen":0},{"cpu":"cpu2","user":3912.7265625,"system":1977.3203125,"idle":15612.21875,"nice":0,"iowait":0,"irq":0,"softirq":0,"steal":0,"guest":0,"guestNice":0,"stolen":0},{"cpu":"cpu3","user":2453.265625,"system":1001.3828125,"idle":18047.609375,"nice":0,"iowait":0,"irq":0,"softirq":0,"steal":0,"guest":0,"guestNice":0,"stolen":0}],"time":"2018-02-19 12:24:46.144869 +0900 JST m=+2595.378858522","errorInfo":null}
[Info]2018/02/19 12:24:46 acsessd /api/status.json
[Info]2018/02/19 12:24:46 {"hostname":"ksc-1x-dhcp-172-29-194-195.kwansei.ac.jp","hostid":"18d901f1-4a03-3ff1-ae34-c26b2732f13c","virtualizationSystem":"","total":8589934592,"available":2009075712,"usedPercent":76.61128044128418,"diskIO":[{"name":"disk0","ioTime":1305195,"weightedIO":0}],"cpu":[{"cpu":"cpu0","user":4025.671875,"system":2246.6171875,"idle":15231.171875,"nice":0,"iowait":0,"irq":0,"softirq":0,"steal":0,"guest":0,"guestNice":0,"stolen":0},{"cpu":"cpu1","user":2418.4375,"system":988.28125,"idle":18095.9296875,"nice":0,"iowait":0,"irq":0,"softirq":0,"steal":0,"guest":0,"guestNice":0,"stolen":0},{"cpu":"cpu2","user":3912.9296875,"system":1977.3515625,"idle":15612.3671875,"nice":0,"iowait":0,"irq":0,"softirq":0,"steal":0,"guest":0,"guestNice":0,"stolen":0},{"cpu":"cpu3","user":2453.2734375,"system":1001.3828125,"idle":18047.9921875,"nice":0,"iowait":0,"irq":0,"softirq":0,"steal":0,"guest":0,"guestNice":0,"stolen":0}],"time":"2018-02-19 12:24:46.64041 +0900 JST m=+2595.874398591","errorInfo":null}
[Info]2018/02/19 12:24:47 acsessd /api/status.json
[Info]2018/02/19 12:24:47 {"hostname":"ksc-1x-dhcp-172-29-194-195.kwansei.ac.jp","hostid":"18d901f1-4a03-3ff1-ae34-c26b2732f13c","virtualizationSystem":"","total":8589934592,"available":1993617408,"usedPercent":76.79123878479004,"diskIO":[{"name":"disk0","ioTime":1305195,"weightedIO":0}],"cpu":[{"cpu":"cpu0","user":4025.75,"system":2246.6328125,"idle":15231.4921875,"nice":0,"iowait":0,"irq":0,"softirq":0,"steal":0,"guest":0,"guestNice":0,"stolen":0},{"cpu":"cpu1","user":2418.46875,"system":988.296875,"idle":18096.2890625,"nice":0,"iowait":0,"irq":0,"softirq":0,"steal":0,"guest":0,"guestNice":0,"stolen":0},{"cpu":"cpu2","user":3912.9765625,"system":1977.3828125,"idle":15612.703125,"nice":0,"iowait":0,"irq":0,"softirq":0,"steal":0,"guest":0,"guestNice":0,"stolen":0},{"cpu":"cpu3","user":2453.3125,"system":1001.3984375,"idle":18048.34375,"nice":0,"iowait":0,"irq":0,"softirq":0,"steal":0,"guest":0,"guestNice":0,"stolen":0}],"time":"2018-02-19 12:24:47.168183 +0900 JST m=+2596.402170908","errorInfo":null}
[Info]2018/02/19 12:24:47 acsessd /api/status.json
[Info]2018/02/19 12:24:47 {"hostname":"ksc-1x-dhcp-172-29-194-195.kwansei.ac.jp","hostid":"18d901f1-4a03-3ff1-ae34-c26b2732f13c","virtualizationSystem":"","total":8589934592,"available":1943855104,"usedPercent":77.37054824829102,"diskIO":[{"name":"disk0","ioTime":1305195,"weightedIO":0}],"cpu":[{"cpu":"cpu0","user":4026.0703125,"system":2246.6953125,"idle":15231.515625,"nice":0,"iowait":0,"irq":0,"softirq":0,"steal":0,"guest":0,"guestNice":0,"stolen":0},{"cpu":"cpu1","user":2418.640625,"system":988.34375,"idle":18096.4765625,"nice":0,"iowait":0,"irq":0,"softirq":0,"steal":0,"guest":0,"guestNice":0,"stolen":0},{"cpu":"cpu2","user":3913.296875,"system":1977.4375,"idle":15612.7265625,"nice":0,"iowait":0,"irq":0,"softirq":0,"steal":0,"guest":0,"guestNice":0,"stolen":0},{"cpu":"cpu3","user":2453.4921875,"system":1001.4609375,"idle":18048.5078125,"nice":0,"iowait":0,"irq":0,"softirq":0,"steal":0,"guest":0,"guestNice":0,"stolen":0}],"time":"2018-02-19 12:24:47.681459 +0900 JST m=+2596.915445424","errorInfo":null}
[Info]2018/02/19 12:24:48 acsessd /api/status.json
[Info]2018/02/19 12:24:48 {"hostname":"ksc-1x-dhcp-172-29-194-195.kwansei.ac.jp","hostid":"18d901f1-4a03-3ff1-ae34-c26b2732f13c","virtualizationSystem":"","total":8589934592,"available":1952583680,"usedPercent":77.26893424987793,"diskIO":[{"name":"disk0","ioTime":1305195,"weightedIO":0}],"cpu":[{"cpu":"cpu0","user":4026.3359375,"system":2246.7578125,"idle":15231.5625,"nice":0,"iowait":0,"irq":0,"softirq":0,"steal":0,"guest":0,"guestNice":0,"stolen":0},{"cpu":"cpu1","user":2418.8203125,"system":988.390625,"idle":18096.6328125,"nice":0,"iowait":0,"irq":0,"softirq":0,"steal":0,"guest":0,"guestNice":0,"stolen":0},{"cpu":"cpu2","user":3913.5546875,"system":1977.5078125,"idle":15612.78125,"nice":0,"iowait":0,"irq":0,"softirq":0,"steal":0,"guest":0,"guestNice":0,"stolen":0},{"cpu":"cpu3","user":2453.6796875,"system":1001.515625,"idle":18048.6484375,"nice":0,"iowait":0,"irq":0,"softirq":0,"steal":0,"guest":0,"guestNice":0,"stolen":0}],"time":"2018-02-19 12:24:48.166982 +0900 JST m=+2597.400967735","errorInfo":null}
[Info]2018/02/19 12:24:48 acsessd /api/status.json
[Info]2018/02/19 12:24:48 {"hostname":"ksc-1x-dhcp-172-29-194-195.kwansei.ac.jp","hostid":"18d901f1-4a03-3ff1-ae34-c26b2732f13c","virtualizationSystem":"","total":8589934592,"available":1953161216,"usedPercent":77.26221084594727,"diskIO":[{"name":"disk0","ioTime":1305195,"weightedIO":0}],"cpu":[{"cpu":"cpu0","user":4026.5234375,"system":2246.8125,"idle":15231.703125,"nice":0,"iowait":0,"irq":0,"softirq":0,"steal":0,"guest":0,"guestNice":0,"stolen":0},{"cpu":"cpu1","user":2418.90625,"system":988.4296875,"idle":18096.8828125,"nice":0,"iowait":0,"irq":0,"softirq":0,"steal":0,"guest":0,"guestNice":0,"stolen":0},{"cpu":"cpu2","user":3913.71875,"system":1977.5703125,"idle":15612.9375,"nice":0,"iowait":0,"irq":0,"softirq":0,"steal":0,"guest":0,"guestNice":0,"stolen":0},{"cpu":"cpu3","user":2453.765625,"system":1001.5546875,"idle":18048.90625,"nice":0,"iowait":0,"irq":0,"softirq":0,"steal":0,"guest":0,"guestNice":0,"stolen":0}],"time":"2018-02-19 12:24:48.653906 +0900 JST m=+2597.887890794","errorInfo":null}
[Info]2018/02/19 12:24:49 acsessd /api/status.json
[Info]2018/02/19 12:24:49 {"hostname":"ksc-1x-dhcp-172-29-194-195.kwansei.ac.jp","hostid":"18d901f1-4a03-3ff1-ae34-c26b2732f13c","virtualizationSystem":"","total":8589934592,"available":1938673664,"usedPercent":77.43086814880371,"diskIO":[{"name":"disk0","ioTime":1305195,"weightedIO":0}],"cpu":[{"cpu":"cpu0","user":4026.765625,"system":2246.859375,"idle":15231.828125,"nice":0,"iowait":0,"irq":0,"softirq":0,"steal":0,"guest":0,"guestNice":0,"stolen":0},{"cpu":"cpu1","user":2419.0546875,"system":988.46875,"idle":18097.1171875,"nice":0,"iowait":0,"irq":0,"softirq":0,"steal":0,"guest":0,"guestNice":0,"stolen":0},{"cpu":"cpu2","user":3913.9609375,"system":1977.609375,"idle":15613.0703125,"nice":0,"iowait":0,"irq":0,"softirq":0,"steal":0,"guest":0,"guestNice":0,"stolen":0},{"cpu":"cpu3","user":2453.8984375,"system":1001.6015625,"idle":18049.140625,"nice":0,"iowait":0,"irq":0,"softirq":0,"steal":0,"guest":0,"guestNice":0,"stolen":0}],"time":"2018-02-19 12:24:49.187534 +0900 JST m=+2598.421518389","errorInfo":null}
[Info]2018/02/19 12:24:49 acsessd /api/status.json
[Info]2018/02/19 12:24:49 {"hostname":"ksc-1x-dhcp-172-29-194-195.kwansei.ac.jp","hostid":"18d901f1-4a03-3ff1-ae34-c26b2732f13c","virtualizationSystem":"","total":8589934592,"available":1928605696,"usedPercent":77.54807472229004,"diskIO":[{"name":"disk0","ioTime":1305195,"weightedIO":0}],"cpu":[{"cpu":"cpu0","user":4027.046875,"system":2246.8984375,"idle":15231.875,"nice":0,"iowait":0,"irq":0,"softirq":0,"steal":0,"guest":0,"guestNice":0,"stolen":0},{"cpu":"cpu1","user":2419.140625,"system":988.4921875,"idle":18097.3671875,"nice":0,"iowait":0,"irq":0,"softirq":0,"steal":0,"guest":0,"guestNice":0,"stolen":0},{"cpu":"cpu2","user":3914.265625,"system":1977.6328125,"idle":15613.1015625,"nice":0,"iowait":0,"irq":0,"softirq":0,"steal":0,"guest":0,"guestNice":0,"stolen":0},{"cpu":"cpu3","user":2453.9921875,"system":1001.6171875,"idle":18049.390625,"nice":0,"iowait":0,"irq":0,"softirq":0,"steal":0,"guest":0,"guestNice":0,"stolen":0}],"time":"2018-02-19 12:24:49.653104 +0900 JST m=+2598.887087434","errorInfo":null}
[Info]2018/02/19 12:24:50 acsessd /api/status.json
[Info]2018/02/19 12:24:50 {"hostname":"ksc-1x-dhcp-172-29-194-195.kwansei.ac.jp","hostid":"18d901f1-4a03-3ff1-ae34-c26b2732f13c","virtualizationSystem":"","total":8589934592,"available":1915895808,"usedPercent":77.69603729248047,"diskIO":[{"name":"disk0","ioTime":1305195,"weightedIO":0}],"cpu":[{"cpu":"cpu0","user":4027.265625,"system":2246.9375,"idle":15232.03125,"nice":0,"iowait":0,"irq":0,"softirq":0,"steal":0,"guest":0,"guestNice":0,"stolen":0},{"cpu":"cpu1","user":2419.265625,"system":988.53125,"idle":18097.625,"nice":0,"iowait":0,"irq":0,"softirq":0,"steal":0,"guest":0,"guestNice":0,"stolen":0},{"cpu":"cpu2","user":3914.484375,"system":1977.6640625,"idle":15613.2734375,"nice":0,"iowait":0,"irq":0,"softirq":0,"steal":0,"guest":0,"guestNice":0,"stolen":0},{"cpu":"cpu3","user":2454.109375,"system":1001.6484375,"idle":18049.6640625,"nice":0,"iowait":0,"irq":0,"softirq":0,"steal":0,"guest":0,"guestNice":0,"stolen":0}],"time":"2018-02-19 12:24:50.187151 +0900 JST m=+2599.421133560","errorInfo":null}
[Info]2018/02/19 12:24:50 acsessd /api/status.json
[Info]2018/02/19 12:24:50 {"hostname":"ksc-1x-dhcp-172-29-194-195.kwansei.ac.jp","hostid":"18d901f1-4a03-3ff1-ae34-c26b2732f13c","virtualizationSystem":"","total":8589934592,"available":1899192320,"usedPercent":77.8904914855957,"diskIO":[{"name":"disk0","ioTime":1305222,"weightedIO":0}],"cpu":[{"cpu":"cpu0","user":4027.4609375,"system":2247.015625,"idle":15232.1328125,"nice":0,"iowait":0,"irq":0,"softirq":0,"steal":0,"guest":0,"guestNice":0,"stolen":0},{"cpu":"cpu1","user":2419.3984375,"system":988.578125,"idle":18097.828125,"nice":0,"iowait":0,"irq":0,"softirq":0,"steal":0,"guest":0,"guestNice":0,"stolen":0},{"cpu":"cpu2","user":3914.671875,"system":1977.734375,"idle":15613.390625,"nice":0,"iowait":0,"irq":0,"softirq":0,"steal":0,"guest":0,"guestNice":0,"stolen":0},{"cpu":"cpu3","user":2454.234375,"system":1001.703125,"idle":18049.859375,"nice":0,"iowait":0,"irq":0,"softirq":0,"steal":0,"guest":0,"guestNice":0,"stolen":0}],"time":"2018-02-19 12:24:50.66841 +0900 JST m=+2599.902390959","errorInfo":null}
[Info]2018/02/19 12:24:51 acsessd /api/status.json
[Info]2018/02/19 12:24:51 {"hostname":"ksc-1x-dhcp-172-29-194-195.kwansei.ac.jp","hostid":"18d901f1-4a03-3ff1-ae34-c26b2732f13c","virtualizationSystem":"","total":8589934592,"available":1895129088,"usedPercent":77.93779373168945,"diskIO":[{"name":"disk0","ioTime":1305255,"weightedIO":0}],"cpu":[{"cpu":"cpu0","user":4027.7265625,"system":2247.0703125,"idle":15232.2265625,"nice":0,"iowait":0,"irq":0,"softirq":0,"steal":0,"guest":0,"guestNice":0,"stolen":0},{"cpu":"cpu1","user":2419.53125,"system":988.6171875,"idle":18098.0625,"nice":0,"iowait":0,"irq":0,"softirq":0,"steal":0,"guest":0,"guestNice":0,"stolen":0},{"cpu":"cpu2","user":3914.953125,"system":1977.7890625,"idle":15613.4765625,"nice":0,"iowait":0,"irq":0,"softirq":0,"steal":0,"guest":0,"guestNice":0,"stolen":0},{"cpu":"cpu3","user":2454.390625,"system":1001.734375,"idle":18050.0859375,"nice":0,"iowait":0,"irq":0,"softirq":0,"steal":0,"guest":0,"guestNice":0,"stolen":0}],"time":"2018-02-19 12:24:51.200274 +0900 JST m=+2600.434254770","errorInfo":null}
[Info]2018/02/19 12:24:51 acsessd /api/status.json
[Info]2018/02/19 12:24:51 {"hostname":"ksc-1x-dhcp-172-29-194-195.kwansei.ac.jp","hostid":"18d901f1-4a03-3ff1-ae34-c26b2732f13c","virtualizationSystem":"","total":8589934592,"available":1886425088,"usedPercent":78.03912162780762,"diskIO":[{"name":"disk0","ioTime":1305284,"weightedIO":0}],"cpu":[{"cpu":"cpu0","user":4027.921875,"system":2247.109375,"idle":15232.359375,"nice":0,"iowait":0,"irq":0,"softirq":0,"steal":0,"guest":0,"guestNice":0,"stolen":0},{"cpu":"cpu1","user":2419.578125,"system":988.640625,"idle":18098.359375,"nice":0,"iowait":0,"irq":0,"softirq":0,"steal":0,"guest":0,"guestNice":0,"stolen":0},{"cpu":"cpu2","user":3915.2109375,"system":1977.8125,"idle":15613.546875,"nice":0,"iowait":0,"irq":0,"softirq":0,"steal":0,"guest":0,"guestNice":0,"stolen":0},{"cpu":"cpu3","user":2454.4453125,"system":1001.75,"idle":18050.3828125,"nice":0,"iowait":0,"irq":0,"softirq":0,"steal":0,"guest":0,"guestNice":0,"stolen":0}],"time":"2018-02-19 12:24:51.67041 +0900 JST m=+2600.904389812","errorInfo":null}
[Info]2018/02/19 12:24:52 acsessd /api/status.json
[Info]2018/02/19 12:24:52 {"hostname":"ksc-1x-dhcp-172-29-194-195.kwansei.ac.jp","hostid":"18d901f1-4a03-3ff1-ae34-c26b2732f13c","virtualizationSystem":"","total":8589934592,"available":1883926528,"usedPercent":78.06820869445801,"diskIO":[{"name":"disk0","ioTime":1305327,"weightedIO":0}],"cpu":[{"cpu":"cpu0","user":4028.203125,"system":2247.1484375,"idle":15232.4375,"nice":0,"iowait":0,"irq":0,"softirq":0,"steal":0,"guest":0,"guestNice":0,"stolen":0},{"cpu":"cpu1","user":2419.625,"system":988.6640625,"idle":18098.6875,"nice":0,"iowait":0,"irq":0,"softirq":0,"steal":0,"guest":0,"guestNice":0,"stolen":0},{"cpu":"cpu2","user":3915.46875,"system":1977.8515625,"idle":15613.6484375,"nice":0,"iowait":0,"irq":0,"softirq":0,"steal":0,"guest":0,"guestNice":0,"stolen":0},{"cpu":"cpu3","user":2454.484375,"system":1001.78125,"idle":18050.703125,"nice":0,"iowait":0,"irq":0,"softirq":0,"steal":0,"guest":0,"guestNice":0,"stolen":0}],"time":"2018-02-19 12:24:52.177468 +0900 JST m=+2601.411446231","errorInfo":null}
[Info]2018/02/19 12:24:52 acsessd /api/status.json
[Info]2018/02/19 12:24:52 {"hostname":"ksc-1x-dhcp-172-29-194-195.kwansei.ac.jp","hostid":"18d901f1-4a03-3ff1-ae34-c26b2732f13c","virtualizationSystem":"","total":8589934592,"available":1884397568,"usedPercent":78.06272506713867,"diskIO":[{"name":"disk0","ioTime":1305357,"weightedIO":0}],"cpu":[{"cpu":"cpu0","user":4028.5,"system":2247.171875,"idle":15232.5078125,"nice":0,"iowait":0,"irq":0,"softirq":0,"steal":0,"guest":0,"guestNice":0,"stolen":0},{"cpu":"cpu1","user":2419.6875,"system":988.71875,"idle":18098.96875,"nice":0,"iowait":0,"irq":0,"softirq":0,"steal":0,"guest":0,"guestNice":0,"stolen":0},{"cpu":"cpu2","user":3915.7109375,"system":1977.90625,"idle":15613.75,"nice":0,"iowait":0,"irq":0,"softirq":0,"steal":0,"guest":0,"guestNice":0,"stolen":0},{"cpu":"cpu3","user":2454.546875,"system":1001.8515625,"idle":18050.9765625,"nice":0,"iowait":0,"irq":0,"softirq":0,"steal":0,"guest":0,"guestNice":0,"stolen":0}],"time":"2018-02-19 12:24:52.681994 +0900 JST m=+2601.915971314","errorInfo":null}
[Info]2018/02/19 12:24:53 acsessd /api/status.json
[Info]2018/02/19 12:24:53 {"hostname":"ksc-1x-dhcp-172-29-194-195.kwansei.ac.jp","hostid":"18d901f1-4a03-3ff1-ae34-c26b2732f13c","virtualizationSystem":"","total":8589934592,"available":1877336064,"usedPercent":78.14493179321289,"diskIO":[{"name":"disk0","ioTime":1305391,"weightedIO":0}],"cpu":[{"cpu":"cpu0","user":4028.7890625,"system":2247.2109375,"idle":15232.5703125,"nice":0,"iowait":0,"irq":0,"softirq":0,"steal":0,"guest":0,"guestNice":0,"stolen":0},{"cpu":"cpu1","user":2419.75,"system":988.7578125,"idle":18099.25,"nice":0,"iowait":0,"irq":0,"softirq":0,"steal":0,"guest":0,"guestNice":0,"stolen":0},{"cpu":"cpu2","user":3915.953125,"system":1977.9609375,"idle":15613.84375,"nice":0,"iowait":0,"irq":0,"softirq":0,"steal":0,"guest":0,"guestNice":0,"stolen":0},{"cpu":"cpu3","user":2454.625,"system":1001.90625,"idle":18051.2265625,"nice":0,"iowait":0,"irq":0,"softirq":0,"steal":0,"guest":0,"guestNice":0,"stolen":0}],"time":"2018-02-19 12:24:53.179557 +0900 JST m=+2602.413532794","errorInfo":null}
[Info]2018/02/19 12:24:53 acsessd /api/status.json
[Info]2018/02/19 12:24:53 {"hostname":"ksc-1x-dhcp-172-29-194-195.kwansei.ac.jp","hostid":"18d901f1-4a03-3ff1-ae34-c26b2732f13c","virtualizationSystem":"","total":8589934592,"available":1875345408,"usedPercent":78.16810607910156,"diskIO":[{"name":"disk0","ioTime":1305421,"weightedIO":0}],"cpu":[{"cpu":"cpu0","user":4029.125,"system":2247.2421875,"idle":15232.609375,"nice":0,"iowait":0,"irq":0,"softirq":0,"steal":0,"guest":0,"guestNice":0,"stolen":0},{"cpu":"cpu1","user":2419.8515625,"system":988.796875,"idle":18099.515625,"nice":0,"iowait":0,"irq":0,"softirq":0,"steal":0,"guest":0,"guestNice":0,"stolen":0},{"cpu":"cpu2","user":3916.1953125,"system":1978.015625,"idle":15613.953125,"nice":0,"iowait":0,"irq":0,"softirq":0,"steal":0,"guest":0,"guestNice":0,"stolen":0},{"cpu":"cpu3","user":2454.7421875,"system":1001.953125,"idle":18051.4609375,"nice":0,"iowait":0,"irq":0,"softirq":0,"steal":0,"guest":0,"guestNice":0,"stolen":0}],"time":"2018-02-19 12:24:53.693351 +0900 JST m=+2602.927326602","errorInfo":null}
[Info]2018/02/19 12:24:54 acsessd /api/status.json
[Info]2018/02/19 12:24:54 {"hostname":"ksc-1x-dhcp-172-29-194-195.kwansei.ac.jp","hostid":"18d901f1-4a03-3ff1-ae34-c26b2732f13c","virtualizationSystem":"","total":8589934592,"available":1895485440,"usedPercent":77.93364524841309,"diskIO":[{"name":"disk0","ioTime":1305428,"weightedIO":0}],"cpu":[{"cpu":"cpu0","user":4029.3828125,"system":2247.2890625,"idle":15232.6875,"nice":0,"iowait":0,"irq":0,"softirq":0,"steal":0,"guest":0,"guestNice":0,"stolen":0},{"cpu":"cpu1","user":2419.984375,"system":988.84375,"idle":18099.71875,"nice":0,"iowait":0,"irq":0,"softirq":0,"steal":0,"guest":0,"guestNice":0,"stolen":0},{"cpu":"cpu2","user":3916.4609375,"system":1978.0546875,"idle":15614.03125,"nice":0,"iowait":0,"irq":0,"softirq":0,"steal":0,"guest":0,"guestNice":0,"stolen":0},{"cpu":"cpu3","user":2454.8515625,"system":1001.9921875,"idle":18051.703125,"nice":0,"iowait":0,"irq":0,"softirq":0,"steal":0,"guest":0,"guestNice":0,"stolen":0}],"time":"2018-02-19 12:24:54.189721 +0900 JST m=+2603.423694997","errorInfo":null}
[Info]2018/02/19 12:24:54 acsessd /api/status.json
[Info]2018/02/19 12:24:54 {"hostname":"ksc-1x-dhcp-172-29-194-195.kwansei.ac.jp","hostid":"18d901f1-4a03-3ff1-ae34-c26b2732f13c","virtualizationSystem":"","total":8589934592,"available":1885229056,"usedPercent":78.05304527282715,"diskIO":[{"name":"disk0","ioTime":1305428,"weightedIO":0}],"cpu":[{"cpu":"cpu0","user":4029.6171875,"system":2247.328125,"idle":15232.8046875,"nice":0,"iowait":0,"irq":0,"softirq":0,"steal":0,"guest":0,"guestNice":0,"stolen":0},{"cpu":"cpu1","user":2420.0859375,"system":988.8828125,"idle":18099.96875,"nice":0,"iowait":0,"irq":0,"softirq":0,"steal":0,"guest":0,"guestNice":0,"stolen":0},{"cpu":"cpu2","user":3916.703125,"system":1978.09375,"idle":15614.140625,"nice":0,"iowait":0,"irq":0,"softirq":0,"steal":0,"guest":0,"guestNice":0,"stolen":0},{"cpu":"cpu3","user":2454.96875,"system":1002.0234375,"idle":18051.9453125,"nice":0,"iowait":0,"irq":0,"softirq":0,"steal":0,"guest":0,"guestNice":0,"stolen":0}],"time":"2018-02-19 12:24:54.689965 +0900 JST m=+2603.923938539","errorInfo":null}
[Info]2018/02/19 12:24:55 acsessd /api/status.json
[Info]2018/02/19 12:24:55 {"hostname":"ksc-1x-dhcp-172-29-194-195.kwansei.ac.jp","hostid":"18d901f1-4a03-3ff1-ae34-c26b2732f13c","virtualizationSystem":"","total":8589934592,"available":1861275648,"usedPercent":78.33189964294434,"diskIO":[{"name":"disk0","ioTime":1305428,"weightedIO":0}],"cpu":[{"cpu":"cpu0","user":4029.828125,"system":2247.3671875,"idle":15232.9375,"nice":0,"iowait":0,"irq":0,"softirq":0,"steal":0,"guest":0,"guestNice":0,"stolen":0},{"cpu":"cpu1","user":2420.1796875,"system":988.90625,"idle":18100.234375,"nice":0,"iowait":0,"irq":0,"softirq":0,"steal":0,"guest":0,"guestNice":0,"stolen":0},{"cpu":"cpu2","user":3916.921875,"system":1978.1328125,"idle":15614.265625,"nice":0,"iowait":0,"irq":0,"softirq":0,"steal":0,"guest":0,"guestNice":0,"stolen":0},{"cpu":"cpu3","user":2455.0625,"system":1002.046875,"idle":18052.203125,"nice":0,"iowait":0,"irq":0,"softirq":0,"steal":0,"guest":0,"guestNice":0,"stolen":0}],"time":"2018-02-19 12:24:55.18124 +0900 JST m=+2604.415212163","errorInfo":null}
[Info]2018/02/19 12:24:55 acsessd /api/status.json
[Info]2018/02/19 12:24:55 {"hostname":"ksc-1x-dhcp-172-29-194-195.kwansei.ac.jp","hostid":"18d901f1-4a03-3ff1-ae34-c26b2732f13c","virtualizationSystem":"","total":8589934592,"available":1860792320,"usedPercent":78.33752632141113,"diskIO":[{"name":"disk0","ioTime":1305428,"weightedIO":0}],"cpu":[{"cpu":"cpu0","user":4030.046875,"system":2247.390625,"idle":15233.078125,"nice":0,"iowait":0,"irq":0,"softirq":0,"steal":0,"guest":0,"guestNice":0,"stolen":0},{"cpu":"cpu1","user":2420.2578125,"system":988.9296875,"idle":18100.515625,"nice":0,"iowait":0,"irq":0,"softirq":0,"steal":0,"guest":0,"guestNice":0,"stolen":0},{"cpu":"cpu2","user":3917.1015625,"system":1978.1640625,"idle":15614.4453125,"nice":0,"iowait":0,"irq":0,"softirq":0,"steal":0,"guest":0,"guestNice":0,"stolen":0},{"cpu":"cpu3","user":2455.171875,"system":1002.078125,"idle":18052.4609375,"nice":0,"iowait":0,"irq":0,"softirq":0,"steal":0,"guest":0,"guestNice":0,"stolen":0}],"time":"2018-02-19 12:24:55.67824 +0900 JST m=+2604.912211578","errorInfo":null}
[Info]2018/02/19 12:24:56 acsessd /api/status.json
[Info]2018/02/19 12:24:56 {"hostname":"ksc-1x-dhcp-172-29-194-195.kwansei.ac.jp","hostid":"18d901f1-4a03-3ff1-ae34-c26b2732f13c","virtualizationSystem":"","total":8589934592,"available":1860521984,"usedPercent":78.34067344665527,"diskIO":[{"name":"disk0","ioTime":1305436,"weightedIO":0}],"cpu":[{"cpu":"cpu0","user":4030.2890625,"system":2247.4609375,"idle":15233.171875,"nice":0,"iowait":0,"irq":0,"softirq":0,"steal":0,"guest":0,"guestNice":0,"stolen":0},{"cpu":"cpu1","user":2420.3671875,"system":988.9765625,"idle":18100.765625,"nice":0,"iowait":0,"irq":0,"softirq":0,"steal":0,"guest":0,"guestNice":0,"stolen":0},{"cpu":"cpu2","user":3917.3125,"system":1978.2578125,"idle":15614.53125,"nice":0,"iowait":0,"irq":0,"softirq":0,"steal":0,"guest":0,"guestNice":0,"stolen":0},{"cpu":"cpu3","user":2455.2890625,"system":1002.109375,"idle":18052.703125,"nice":0,"iowait":0,"irq":0,"softirq":0,"steal":0,"guest":0,"guestNice":0,"stolen":0}],"time":"2018-02-19 12:24:56.187757 +0900 JST m=+2605.421727482","errorInfo":null}
[Info]2018/02/19 12:24:56 acsessd /api/status.json
[Info]2018/02/19 12:24:56 {"hostname":"ksc-1x-dhcp-172-29-194-195.kwansei.ac.jp","hostid":"18d901f1-4a03-3ff1-ae34-c26b2732f13c","virtualizationSystem":"","total":8589934592,"available":1859768320,"usedPercent":78.34944725036621,"diskIO":[{"name":"disk0","ioTime":1305436,"weightedIO":0}],"cpu":[{"cpu":"cpu0","user":4030.4296875,"system":2247.546875,"idle":15233.34375,"nice":0,"iowait":0,"irq":0,"softirq":0,"steal":0,"guest":0,"guestNice":0,"stolen":0},{"cpu":"cpu1","user":2420.4453125,"system":989.015625,"idle":18101.046875,"nice":0,"iowait":0,"irq":0,"softirq":0,"steal":0,"guest":0,"guestNice":0,"stolen":0},{"cpu":"cpu2","user":3917.6171875,"system":1978.296875,"idle":15614.59375,"nice":0,"iowait":0,"irq":0,"softirq":0,"steal":0,"guest":0,"guestNice":0,"stolen":0},{"cpu":"cpu3","user":2455.375,"system":1002.171875,"idle":18052.96875,"nice":0,"iowait":0,"irq":0,"softirq":0,"steal":0,"guest":0,"guestNice":0,"stolen":0}],"time":"2018-02-19 12:24:56.703481 +0900 JST m=+2605.937450156","errorInfo":null}
[Info]2018/02/19 12:24:57 acsessd /api/status.json
[Info]2018/02/19 12:24:57 {"hostname":"ksc-1x-dhcp-172-29-194-195.kwansei.ac.jp","hostid":"18d901f1-4a03-3ff1-ae34-c26b2732f13c","virtualizationSystem":"","total":8589934592,"available":2036756480,"usedPercent":76.28903388977051,"diskIO":[{"name":"disk0","ioTime":1305436,"weightedIO":0}],"cpu":[{"cpu":"cpu0","user":4030.640625,"system":2247.65625,"idle":15233.4140625,"nice":0,"iowait":0,"irq":0,"softirq":0,"steal":0,"guest":0,"guestNice":0,"stolen":0},{"cpu":"cpu1","user":2420.6015625,"system":989.0859375,"idle":18101.2109375,"nice":0,"iowait":0,"irq":0,"softirq":0,"steal":0,"guest":0,"guestNice":0,"stolen":0},{"cpu":"cpu2","user":3917.8515625,"system":1978.375,"idle":15614.6796875,"nice":0,"iowait":0,"irq":0,"softirq":0,"steal":0,"guest":0,"guestNice":0,"stolen":0},{"cpu":"cpu3","user":2455.5234375,"system":1002.21875,"idle":18053.1484375,"nice":0,"iowait":0,"irq":0,"softirq":0,"steal":0,"guest":0,"guestNice":0,"stolen":0}],"time":"2018-02-19 12:24:57.198932 +0900 JST m=+2606.432901097","errorInfo":null}
[Info]2018/02/19 12:24:57 acsessd /api/status.json
[Info]2018/02/19 12:24:57 {"hostname":"ksc-1x-dhcp-172-29-194-195.kwansei.ac.jp","hostid":"18d901f1-4a03-3ff1-ae34-c26b2732f13c","virtualizationSystem":"","total":8589934592,"available":2027094016,"usedPercent":76.40151977539062,"diskIO":[{"name":"disk0","ioTime":1305436,"weightedIO":0}],"cpu":[{"cpu":"cpu0","user":4030.8515625,"system":2247.75,"idle":15233.4921875,"nice":0,"iowait":0,"irq":0,"softirq":0,"steal":0,"guest":0,"guestNice":0,"stolen":0},{"cpu":"cpu1","user":2420.6953125,"system":989.140625,"idle":18101.4453125,"nice":0,"iowait":0,"irq":0,"softirq":0,"steal":0,"guest":0,"guestNice":0,"stolen":0},{"cpu":"cpu2","user":3918.0546875,"system":1978.4609375,"idle":15614.7734375,"nice":0,"iowait":0,"irq":0,"softirq":0,"steal":0,"guest":0,"guestNice":0,"stolen":0},{"cpu":"cpu3","user":2455.6328125,"system":1002.28125,"idle":18053.375,"nice":0,"iowait":0,"irq":0,"softirq":0,"steal":0,"guest":0,"guestNice":0,"stolen":0}],"time":"2018-02-19 12:24:57.6926 +0900 JST m=+2606.926567442","errorInfo":null}
[Info]2018/02/19 12:24:58 acsessd /api/status.json
[Info]2018/02/19 12:24:58 {"hostname":"ksc-1x-dhcp-172-29-194-195.kwansei.ac.jp","hostid":"18d901f1-4a03-3ff1-ae34-c26b2732f13c","virtualizationSystem":"","total":8589934592,"available":2026450944,"usedPercent":76.40900611877441,"diskIO":[{"name":"disk0","ioTime":1305436,"weightedIO":0}],"cpu":[{"cpu":"cpu0","user":4031.0546875,"system":2247.828125,"idle":15233.609375,"nice":0,"iowait":0,"irq":0,"softirq":0,"steal":0,"guest":0,"guestNice":0,"stolen":0},{"cpu":"cpu1","user":2420.78125,"system":989.1796875,"idle":18101.7109375,"nice":0,"iowait":0,"irq":0,"softirq":0,"steal":0,"guest":0,"guestNice":0,"stolen":0},{"cpu":"cpu2","user":3918.25,"system":1978.5390625,"idle":15614.8828125,"nice":0,"iowait":0,"irq":0,"softirq":0,"steal":0,"guest":0,"guestNice":0,"stolen":0},{"cpu":"cpu3","user":2455.7421875,"system":1002.3203125,"idle":18053.609375,"nice":0,"iowait":0,"irq":0,"softirq":0,"steal":0,"guest":0,"guestNice":0,"stolen":0}],"time":"2018-02-19 12:24:58.195586 +0900 JST m=+2607.429553202","errorInfo":null}
[Info]2018/02/19 12:24:58 acsessd /api/status.json
[Info]2018/02/19 12:24:58 {"hostname":"ksc-1x-dhcp-172-29-194-195.kwansei.ac.jp","hostid":"18d901f1-4a03-3ff1-ae34-c26b2732f13c","virtualizationSystem":"","total":8589934592,"available":2027220992,"usedPercent":76.4000415802002,"diskIO":[{"name":"disk0","ioTime":1305436,"weightedIO":0}],"cpu":[{"cpu":"cpu0","user":4031.2890625,"system":2247.8828125,"idle":15233.7109375,"nice":0,"iowait":0,"irq":0,"softirq":0,"steal":0,"guest":0,"guestNice":0,"stolen":0},{"cpu":"cpu1","user":2420.84375,"system":989.21875,"idle":18102.0078125,"nice":0,"iowait":0,"irq":0,"softirq":0,"steal":0,"guest":0,"guestNice":0,"stolen":0},{"cpu":"cpu2","user":3918.453125,"system":1978.6171875,"idle":15615.0078125,"nice":0,"iowait":0,"irq":0,"softirq":0,"steal":0,"guest":0,"guestNice":0,"stolen":0},{"cpu":"cpu3","user":2455.8203125,"system":1002.359375,"idle":18053.890625,"nice":0,"iowait":0,"irq":0,"softirq":0,"steal":0,"guest":0,"guestNice":0,"stolen":0}],"time":"2018-02-19 12:24:58.700981 +0900 JST m=+2607.934946505","errorInfo":null}
[Info]2018/02/19 12:24:59 acsessd /api/status.json
[Info]2018/02/19 12:24:59 {"hostname":"ksc-1x-dhcp-172-29-194-195.kwansei.ac.jp","hostid":"18d901f1-4a03-3ff1-ae34-c26b2732f13c","virtualizationSystem":"","total":8589934592,"available":2026643456,"usedPercent":76.40676498413086,"diskIO":[{"name":"disk0","ioTime":1305453,"weightedIO":0}],"cpu":[{"cpu":"cpu0","user":4031.5078125,"system":2247.9453125,"idle":15233.8203125,"nice":0,"iowait":0,"irq":0,"softirq":0,"steal":0,"guest":0,"guestNice":0,"stolen":0},{"cpu":"cpu1","user":2420.96875,"system":989.25,"idle":18102.2421875,"nice":0,"iowait":0,"irq":0,"softirq":0,"steal":0,"guest":0,"guestNice":0,"stolen":0},{"cpu":"cpu2","user":3918.6640625,"system":1978.71875,"idle":15615.078125,"nice":0,"iowait":0,"irq":0,"softirq":0,"steal":0,"guest":0,"guestNice":0,"stolen":0},{"cpu":"cpu3","user":2455.9453125,"system":1002.3828125,"idle":18054.125,"nice":0,"iowait":0,"irq":0,"softirq":0,"steal":0,"guest":0,"guestNice":0,"stolen":0}],"time":"2018-02-19 12:24:59.195255 +0900 JST m=+2608.429219609","errorInfo":null}
[Info]2018/02/19 12:24:59 acsessd /api/status.json
[Info]2018/02/19 12:24:59 {"hostname":"ksc-1x-dhcp-172-29-194-195.kwansei.ac.jp","hostid":"18d901f1-4a03-3ff1-ae34-c26b2732f13c","virtualizationSystem":"","total":8589934592,"available":2026250240,"usedPercent":76.41134262084961,"diskIO":[{"name":"disk0","ioTime":1305461,"weightedIO":0}],"cpu":[{"cpu":"cpu0","user":4031.7890625,"system":2247.9921875,"idle":15233.921875,"nice":0,"iowait":0,"irq":0,"softirq":0,"steal":0,"guest":0,"guestNice":0,"stolen":0},{"cpu":"cpu1","user":2421.0859375,"system":989.2890625,"idle":18102.5078125,"nice":0,"iowait":0,"irq":0,"softirq":0,"steal":0,"guest":0,"guestNice":0,"stolen":0},{"cpu":"cpu2","user":3918.8671875,"system":1978.796875,"idle":15615.2265625,"nice":0,"iowait":0,"irq":0,"softirq":0,"steal":0,"guest":0,"guestNice":0,"stolen":0},{"cpu":"cpu3","user":2456.0625,"system":1002.4296875,"idle":18054.390625,"nice":0,"iowait":0,"irq":0,"softirq":0,"steal":0,"guest":0,"guestNice":0,"stolen":0}],"time":"2018-02-19 12:24:59.745108 +0900 JST m=+2608.979071926","errorInfo":null}
[Info]2018/02/19 12:25:00 acsessd /api/status.json
[Info]2018/02/19 12:25:00 {"hostname":"ksc-1x-dhcp-172-29-194-195.kwansei.ac.jp","hostid":"18d901f1-4a03-3ff1-ae34-c26b2732f13c","virtualizationSystem":"","total":8589934592,"available":2025742336,"usedPercent":76.41725540161133,"diskIO":[{"name":"disk0","ioTime":1305461,"weightedIO":0}],"cpu":[{"cpu":"cpu0","user":4031.9921875,"system":2248.03125,"idle":15234.0625,"nice":0,"iowait":0,"irq":0,"softirq":0,"steal":0,"guest":0,"guestNice":0,"stolen":0},{"cpu":"cpu1","user":2421.1875,"system":989.3203125,"idle":18102.75,"nice":0,"iowait":0,"irq":0,"softirq":0,"steal":0,"guest":0,"guestNice":0,"stolen":0},{"cpu":"cpu2","user":3919.0703125,"system":1978.8359375,"idle":15615.3671875,"nice":0,"iowait":0,"irq":0,"softirq":0,"steal":0,"guest":0,"guestNice":0,"stolen":0},{"cpu":"cpu3","user":2456.171875,"system":1002.453125,"idle":18054.640625,"nice":0,"iowait":0,"irq":0,"softirq":0,"steal":0,"guest":0,"guestNice":0,"stolen":0}],"time":"2018-02-19 12:25:00.234383 +0900 JST m=+2609.468345971","errorInfo":null}
[Info]2018/02/19 12:25:00 acsessd /api/status.json
[Info]2018/02/19 12:25:00 {"hostname":"ksc-1x-dhcp-172-29-194-195.kwansei.ac.jp","hostid":"18d901f1-4a03-3ff1-ae34-c26b2732f13c","virtualizationSystem":"","total":8589934592,"available":2039803904,"usedPercent":76.2535572052002,"diskIO":[{"name":"disk0","ioTime":1305461,"weightedIO":0}],"cpu":[{"cpu":"cpu0","user":4032.1640625,"system":2248.0625,"idle":15234.21875,"nice":0,"iowait":0,"irq":0,"softirq":0,"steal":0,"guest":0,"guestNice":0,"stolen":0},{"cpu":"cpu1","user":2421.2421875,"system":989.3359375,"idle":18103.046875,"nice":0,"iowait":0,"irq":0,"softirq":0,"steal":0,"guest":0,"guestNice":0,"stolen":0},{"cpu":"cpu2","user":3919.2578125,"system":1978.859375,"idle":15615.515625,"nice":0,"iowait":0,"irq":0,"softirq":0,"steal":0,"guest":0,"guestNice":0,"stolen":0},{"cpu":"cpu3","user":2456.2421875,"system":1002.46875,"idle":18054.921875,"nice":0,"iowait":0,"irq":0,"softirq":0,"steal":0,"guest":0,"guestNice":0,"stolen":0}],"time":"2018-02-19 12:25:00.69798 +0900 JST m=+2609.931942119","errorInfo":null}
[Info]2018/02/19 12:25:01 acsessd /api/status.json
[Info]2018/02/19 12:25:01 {"hostname":"ksc-1x-dhcp-172-29-194-195.kwansei.ac.jp","hostid":"18d901f1-4a03-3ff1-ae34-c26b2732f13c","virtualizationSystem":"","total":8589934592,"available":2039504896,"usedPercent":76.25703811645508,"diskIO":[{"name":"disk0","ioTime":1305461,"weightedIO":0}],"cpu":[{"cpu":"cpu0","user":4032.375,"system":2248.0859375,"idle":15234.375,"nice":0,"iowait":0,"irq":0,"softirq":0,"steal":0,"guest":0,"guestNice":0,"stolen":0},{"cpu":"cpu1","user":2421.28125,"system":989.359375,"idle":18103.3828125,"nice":0,"iowait":0,"irq":0,"softirq":0,"steal":0,"guest":0,"guestNice":0,"stolen":0},{"cpu":"cpu2","user":3919.46875,"system":1978.875,"idle":15615.6875,"nice":0,"iowait":0,"irq":0,"softirq":0,"steal":0,"guest":0,"guestNice":0,"stolen":0},{"cpu":"cpu3","user":2456.296875,"system":1002.484375,"idle":18055.2421875,"nice":0,"iowait":0,"irq":0,"softirq":0,"steal":0,"guest":0,"guestNice":0,"stolen":0}],"time":"2018-02-19 12:25:01.203085 +0900 JST m=+2610.437045587","errorInfo":null}
[Info]2018/02/19 12:25:01 acsessd /api/status.json
[Info]2018/02/19 12:25:01 {"hostname":"ksc-1x-dhcp-172-29-194-195.kwansei.ac.jp","hostid":"18d901f1-4a03-3ff1-ae34-c26b2732f13c","virtualizationSystem":"","total":8589934592,"available":2040156160,"usedPercent":76.24945640563965,"diskIO":[{"name":"disk0","ioTime":1305461,"weightedIO":0}],"cpu":[{"cpu":"cpu0","user":4032.703125,"system":2248.0859375,"idle":15234.4375,"nice":0,"iowait":0,"irq":0,"softirq":0,"steal":0,"guest":0,"guestNice":0,"stolen":0},{"cpu":"cpu1","user":2421.296875,"system":989.3671875,"idle":18103.7421875,"nice":0,"iowait":0,"irq":0,"softirq":0,"steal":0,"guest":0,"guestNice":0,"stolen":0},{"cpu":"cpu2","user":3919.5390625,"system":1978.90625,"idle":15615.96875,"nice":0,"iowait":0,"irq":0,"softirq":0,"steal":0,"guest":0,"guestNice":0,"stolen":0},{"cpu":"cpu3","user":2456.328125,"system":1002.4921875,"idle":18055.59375,"nice":0,"iowait":0,"irq":0,"softirq":0,"steal":0,"guest":0,"guestNice":0,"stolen":0}],"time":"2018-02-19 12:25:01.698526 +0900 JST m=+2610.932486194","errorInfo":null}
[Info]2018/02/19 12:25:02 acsessd /api/status.json
[Info]2018/02/19 12:25:02 {"hostname":"ksc-1x-dhcp-172-29-194-195.kwansei.ac.jp","hostid":"18d901f1-4a03-3ff1-ae34-c26b2732f13c","virtualizationSystem":"","total":8589934592,"available":2109517824,"usedPercent":75.44198036193848,"diskIO":[{"name":"disk0","ioTime":1305461,"weightedIO":0}],"cpu":[{"cpu":"cpu0","user":4032.9765625,"system":2248.125,"idle":15234.5234375,"nice":0,"iowait":0,"irq":0,"softirq":0,"steal":0,"guest":0,"guestNice":0,"stolen":0},{"cpu":"cpu1","user":2421.3515625,"system":989.3984375,"idle":18104.0625,"nice":0,"iowait":0,"irq":0,"softirq":0,"steal":0,"guest":0,"guestNice":0,"stolen":0},{"cpu":"cpu2","user":3919.6640625,"system":1978.9453125,"idle":15616.203125,"nice":0,"iowait":0,"irq":0,"softirq":0,"steal":0,"guest":0,"guestNice":0,"stolen":0},{"cpu":"cpu3","user":2456.3515625,"system":1002.5234375,"idle":18055.9296875,"nice":0,"iowait":0,"irq":0,"softirq":0,"steal":0,"guest":0,"guestNice":0,"stolen":0}],"time":"2018-02-19 12:25:02.209626 +0900 JST m=+2611.443584563","errorInfo":null}
[Info]2018/02/19 12:25:02 acsessd /api/status.json
[Info]2018/02/19 12:25:02 {"hostname":"ksc-1x-dhcp-172-29-194-195.kwansei.ac.jp","hostid":"18d901f1-4a03-3ff1-ae34-c26b2732f13c","virtualizationSystem":"","total":8589934592,"available":2087469056,"usedPercent":75.69866180419922,"diskIO":[{"name":"disk0","ioTime":1305461,"weightedIO":0}],"cpu":[{"cpu":"cpu0","user":4033.1328125,"system":2248.2578125,"idle":15234.625,"nice":0,"iowait":0,"irq":0,"softirq":0,"steal":0,"guest":0,"guestNice":0,"stolen":0},{"cpu":"cpu1","user":2421.4375,"system":989.4375,"idle":18104.328125,"nice":0,"iowait":0,"irq":0,"softirq":0,"steal":0,"guest":0,"guestNice":0,"stolen":0},{"cpu":"cpu2","user":3919.875,"system":1979.0546875,"idle":15616.2734375,"nice":0,"iowait":0,"irq":0,"softirq":0,"steal":0,"guest":0,"guestNice":0,"stolen":0},{"cpu":"cpu3","user":2456.421875,"system":1002.5625,"idle":18056.21875,"nice":0,"iowait":0,"irq":0,"softirq":0,"steal":0,"guest":0,"guestNice":0,"stolen":0}],"time":"2018-02-19 12:25:02.714088 +0900 JST m=+2611.948045909","errorInfo":null}
[Info]2018/02/19 12:25:03 acsessd /api/status.json
[Info]2018/02/19 12:25:03 {"hostname":"ksc-1x-dhcp-172-29-194-195.kwansei.ac.jp","hostid":"18d901f1-4a03-3ff1-ae34-c26b2732f13c","virtualizationSystem":"","total":8589934592,"available":2089586688,"usedPercent":75.67400932312012,"diskIO":[{"name":"disk0","ioTime":1305461,"weightedIO":0}],"cpu":[{"cpu":"cpu0","user":4033.328125,"system":2248.3671875,"idle":15234.71875,"nice":0,"iowait":0,"irq":0,"softirq":0,"steal":0,"guest":0,"guestNice":0,"stolen":0},{"cpu":"cpu1","user":2421.53125,"system":989.484375,"idle":18104.5859375,"nice":0,"iowait":0,"irq":0,"softirq":0,"steal":0,"guest":0,"guestNice":0,"stolen":0},{"cpu":"cpu2","user":3920.0234375,"system":1979.1796875,"idle":15616.40625,"nice":0,"iowait":0,"irq":0,"softirq":0,"steal":0,"guest":0,"guestNice":0,"stolen":0},{"cpu":"cpu3","user":2456.515625,"system":1002.6171875,"idle":18056.46875,"nice":0,"iowait":0,"irq":0,"softirq":0,"steal":0,"guest":0,"guestNice":0,"stolen":0}],"time":"2018-02-19 12:25:03.217854 +0900 JST m=+2612.451811164","errorInfo":null}
[Info]2018/02/19 12:25:03 acsessd /api/status.json
[Info]2018/02/19 12:25:03 {"hostname":"ksc-1x-dhcp-172-29-194-195.kwansei.ac.jp","hostid":"18d901f1-4a03-3ff1-ae34-c26b2732f13c","virtualizationSystem":"","total":8589934592,"available":2076643328,"usedPercent":75.8246898651123,"diskIO":[{"name":"disk0","ioTime":1305480,"weightedIO":0}],"cpu":[{"cpu":"cpu0","user":4033.625,"system":2248.453125,"idle":15234.7421875,"nice":0,"iowait":0,"irq":0,"softirq":0,"steal":0,"guest":0,"guestNice":0,"stolen":0},{"cpu":"cpu1","user":2421.734375,"system":989.5546875,"idle":18104.7265625,"nice":0,"iowait":0,"irq":0,"softirq":0,"steal":0,"guest":0,"guestNice":0,"stolen":0},{"cpu":"cpu2","user":3920.34375,"system":1979.25,"idle":15616.421875,"nice":0,"iowait":0,"irq":0,"softirq":0,"steal":0,"guest":0,"guestNice":0,"stolen":0},{"cpu":"cpu3","user":2456.7109375,"system":1002.6875,"idle":18056.6171875,"nice":0,"iowait":0,"irq":0,"softirq":0,"steal":0,"guest":0,"guestNice":0,"stolen":0}],"time":"2018-02-19 12:25:03.742741 +0900 JST m=+2612.976696935","errorInfo":null}
[Info]2018/02/19 12:25:04 acsessd /api/status.json
[Info]2018/02/19 12:25:04 {"hostname":"ksc-1x-dhcp-172-29-194-195.kwansei.ac.jp","hostid":"18d901f1-4a03-3ff1-ae34-c26b2732f13c","virtualizationSystem":"","total":8589934592,"available":2058399744,"usedPercent":76.03707313537598,"diskIO":[{"name":"disk0","ioTime":1305480,"weightedIO":0}],"cpu":[{"cpu":"cpu0","user":4033.84375,"system":2248.4921875,"idle":15234.8671875,"nice":0,"iowait":0,"irq":0,"softirq":0,"steal":0,"guest":0,"guestNice":0,"stolen":0},{"cpu":"cpu1","user":2421.828125,"system":989.5703125,"idle":18104.9921875,"nice":0,"iowait":0,"irq":0,"softirq":0,"steal":0,"guest":0,"guestNice":0,"stolen":0},{"cpu":"cpu2","user":3920.59375,"system":1979.28125,"idle":15616.5234375,"nice":0,"iowait":0,"irq":0,"softirq":0,"steal":0,"guest":0,"guestNice":0,"stolen":0},{"cpu":"cpu3","user":2456.7890625,"system":1002.7109375,"idle":18056.8828125,"nice":0,"iowait":0,"irq":0,"softirq":0,"steal":0,"guest":0,"guestNice":0,"stolen":0}],"time":"2018-02-19 12:25:04.231316 +0900 JST m=+2613.465271391","errorInfo":null}
[Info]2018/02/19 12:25:04 acsessd /api/status.json
[Info]2018/02/19 12:25:04 {"hostname":"ksc-1x-dhcp-172-29-194-195.kwansei.ac.jp","hostid":"18d901f1-4a03-3ff1-ae34-c26b2732f13c","virtualizationSystem":"","total":8589934592,"available":2040905728,"usedPercent":76.24073028564453,"diskIO":[{"name":"disk0","ioTime":1305480,"weightedIO":0}],"cpu":[{"cpu":"cpu0","user":4034.15625,"system":2248.515625,"idle":15234.9140625,"nice":0,"iowait":0,"irq":0,"softirq":0,"steal":0,"guest":0,"guestNice":0,"stolen":0},{"cpu":"cpu1","user":2421.90625,"system":989.5859375,"idle":18105.28125,"nice":0,"iowait":0,"irq":0,"softirq":0,"steal":0,"guest":0,"guestNice":0,"stolen":0},{"cpu":"cpu2","user":3920.875,"system":1979.328125,"idle":15616.5703125,"nice":0,"iowait":0,"irq":0,"softirq":0,"steal":0,"guest":0,"guestNice":0,"stolen":0},{"cpu":"cpu3","user":2456.8671875,"system":1002.7265625,"idle":18057.171875,"nice":0,"iowait":0,"irq":0,"softirq":0,"steal":0,"guest":0,"guestNice":0,"stolen":0}],"time":"2018-02-19 12:25:04.71723 +0900 JST m=+2613.951183823","errorInfo":null}
[Info]2018/02/19 12:25:05 acsessd /api/status.json
[Info]2018/02/19 12:25:05 {"hostname":"ksc-1x-dhcp-172-29-194-195.kwansei.ac.jp","hostid":"18d901f1-4a03-3ff1-ae34-c26b2732f13c","virtualizationSystem":"","total":8589934592,"available":2028974080,"usedPercent":76.3796329498291,"diskIO":[{"name":"disk0","ioTime":1305480,"weightedIO":0}],"cpu":[{"cpu":"cpu0","user":4034.359375,"system":2248.5390625,"idle":15235.09375,"nice":0,"iowait":0,"irq":0,"softirq":0,"steal":0,"guest":0,"guestNice":0,"stolen":0},{"cpu":"cpu1","user":2421.96875,"system":989.609375,"idle":18105.59375,"nice":0,"iowait":0,"irq":0,"softirq":0,"steal":0,"guest":0,"guestNice":0,"stolen":0},{"cpu":"cpu2","user":3921.0703125,"system":1979.359375,"idle":15616.7578125,"nice":0,"iowait":0,"irq":0,"softirq":0,"steal":0,"guest":0,"guestNice":0,"stolen":0},{"cpu":"cpu3","user":2456.9375,"system":1002.7421875,"idle":18057.4921875,"nice":0,"iowait":0,"irq":0,"softirq":0,"steal":0,"guest":0,"guestNice":0,"stolen":0}],"time":"2018-02-19 12:25:05.238655 +0900 JST m=+2614.472608420","errorInfo":null}
[Info]2018/02/19 12:25:05 acsessd /api/status.json
[Info]2018/02/19 12:25:05 {"hostname":"ksc-1x-dhcp-172-29-194-195.kwansei.ac.jp","hostid":"18d901f1-4a03-3ff1-ae34-c26b2732f13c","virtualizationSystem":"","total":8589934592,"available":2032799744,"usedPercent":76.33509635925293,"diskIO":[{"name":"disk0","ioTime":1305480,"weightedIO":0}],"cpu":[{"cpu":"cpu0","user":4034.578125,"system":2248.5703125,"idle":15235.21875,"nice":0,"iowait":0,"irq":0,"softirq":0,"steal":0,"guest":0,"guestNice":0,"stolen":0},{"cpu":"cpu1","user":2422.015625,"system":989.625,"idle":18105.9140625,"nice":0,"iowait":0,"irq":0,"softirq":0,"steal":0,"guest":0,"guestNice":0,"stolen":0},{"cpu":"cpu2","user":3921.2421875,"system":1979.390625,"idle":15616.9140625,"nice":0,"iowait":0,"irq":0,"softirq":0,"steal":0,"guest":0,"guestNice":0,"stolen":0},{"cpu":"cpu3","user":2456.9921875,"system":1002.7578125,"idle":18057.8046875,"nice":0,"iowait":0,"irq":0,"softirq":0,"steal":0,"guest":0,"guestNice":0,"stolen":0}],"time":"2018-02-19 12:25:05.718774 +0900 JST m=+2614.952725913","errorInfo":null}
[Info]2018/02/19 12:25:06 acsessd /api/status.json
[Info]2018/02/19 12:25:06 {"hostname":"ksc-1x-dhcp-172-29-194-195.kwansei.ac.jp","hostid":"18d901f1-4a03-3ff1-ae34-c26b2732f13c","virtualizationSystem":"","total":8589934592,"available":2026983424,"usedPercent":76.40280723571777,"diskIO":[{"name":"disk0","ioTime":1305480,"weightedIO":0}],"cpu":[{"cpu":"cpu0","user":4034.7890625,"system":2248.5859375,"idle":15235.3984375,"nice":0,"iowait":0,"irq":0,"softirq":0,"steal":0,"guest":0,"guestNice":0,"stolen":0},{"cpu":"cpu1","user":2422.09375,"system":989.6484375,"idle":18106.21875,"nice":0,"iowait":0,"irq":0,"softirq":0,"steal":0,"guest":0,"guestNice":0,"stolen":0},{"cpu":"cpu2","user":3921.4453125,"system":1979.421875,"idle":15617.1015625,"nice":0,"iowait":0,"irq":0,"softirq":0,"steal":0,"guest":0,"guestNice":0,"stolen":0},{"cpu":"cpu3","user":2457.0703125,"system":1002.7890625,"idle":18058.1015625,"nice":0,"iowait":0,"irq":0,"softirq":0,"steal":0,"guest":0,"guestNice":0,"stolen":0}],"time":"2018-02-19 12:25:06.240776 +0900 JST m=+2615.474727457","errorInfo":null}
[Info]2018/02/19 12:25:06 acsessd /api/status.json
[Info]2018/02/19 12:25:06 {"hostname":"ksc-1x-dhcp-172-29-194-195.kwansei.ac.jp","hostid":"18d901f1-4a03-3ff1-ae34-c26b2732f13c","virtualizationSystem":"","total":8589934592,"available":2025533440,"usedPercent":76.41968727111816,"diskIO":[{"name":"disk0","ioTime":1305480,"weightedIO":0}],"cpu":[{"cpu":"cpu0","user":4034.9453125,"system":2248.6875,"idle":15235.5234375,"nice":0,"iowait":0,"irq":0,"softirq":0,"steal":0,"guest":0,"guestNice":0,"stolen":0},{"cpu":"cpu1","user":2422.171875,"system":989.671875,"idle":18106.5,"nice":0,"iowait":0,"irq":0,"softirq":0,"steal":0,"guest":0,"guestNice":0,"stolen":0},{"cpu":"cpu2","user":3921.6328125,"system":1979.5,"idle":15617.2109375,"nice":0,"iowait":0,"irq":0,"softirq":0,"steal":0,"guest":0,"guestNice":0,"stolen":0},{"cpu":"cpu3","user":2457.140625,"system":1002.8125,"idle":18058.3828125,"nice":0,"iowait":0,"irq":0,"softirq":0,"steal":0,"guest":0,"guestNice":0,"stolen":0}],"time":"2018-02-19 12:25:06.727249 +0900 JST m=+2615.961199065","errorInfo":null}
[Info]2018/02/19 12:25:07 acsessd /api/status.json
[Info]2018/02/19 12:25:07 {"hostname":"ksc-1x-dhcp-172-29-194-195.kwansei.ac.jp","hostid":"18d901f1-4a03-3ff1-ae34-c26b2732f13c","virtualizationSystem":"","total":8589934592,"available":2020818944,"usedPercent":76.47457122802734,"diskIO":[{"name":"disk0","ioTime":1305480,"weightedIO":0}],"cpu":[{"cpu":"cpu0","user":4035.09375,"system":2248.8203125,"idle":15235.6328125,"nice":0,"iowait":0,"irq":0,"softirq":0,"steal":0,"guest":0,"guestNice":0,"stolen":0},{"cpu":"cpu1","user":2422.359375,"system":989.7265625,"idle":18106.6484375,"nice":0,"iowait":0,"irq":0,"softirq":0,"steal":0,"guest":0,"guestNice":0,"stolen":0},{"cpu":"cpu2","user":3921.828125,"system":1979.6015625,"idle":15617.3125,"nice":0,"iowait":0,"irq":0,"softirq":0,"steal":0,"guest":0,"guestNice":0,"stolen":0},{"cpu":"cpu3","user":2457.3046875,"system":1002.8828125,"idle":18058.546875,"nice":0,"iowait":0,"irq":0,"softirq":0,"steal":0,"guest":0,"guestNice":0,"stolen":0}],"time":"2018-02-19 12:25:07.234305 +0900 JST m=+2616.468253681","errorInfo":null}
[Info]2018/02/19 12:25:07 acsessd /api/status.json
[Info]2018/02/19 12:25:07 {"hostname":"ksc-1x-dhcp-172-29-194-195.kwansei.ac.jp","hostid":"18d901f1-4a03-3ff1-ae34-c26b2732f13c","virtualizationSystem":"","total":8589934592,"available":2069397504,"usedPercent":75.90904235839844,"diskIO":[{"name":"disk0","ioTime":1305480,"weightedIO":0}],"cpu":[{"cpu":"cpu0","user":4035.296875,"system":2248.984375,"idle":15235.6875,"nice":0,"iowait":0,"irq":0,"softirq":0,"steal":0,"guest":0,"guestNice":0,"stolen":0},{"cpu":"cpu1","user":2422.53125,"system":989.8203125,"idle":18106.8046875,"nice":0,"iowait":0,"irq":0,"softirq":0,"steal":0,"guest":0,"guestNice":0,"stolen":0},{"cpu":"cpu2","user":3922,"system":1979.7734375,"idle":15617.3828125,"nice":0,"iowait":0,"irq":0,"softirq":0,"steal":0,"guest":0,"guestNice":0,"stolen":0},{"cpu":"cpu3","user":2457.5,"system":1002.953125,"idle":18058.6953125,"nice":0,"iowait":0,"irq":0,"softirq":0,"steal":0,"guest":0,"guestNice":0,"stolen":0}],"time":"2018-02-19 12:25:07.765011 +0900 JST m=+2616.998959668","errorInfo":null}
[Info]2018/02/19 12:25:08 acsessd /api/status.json
[Info]2018/02/19 12:25:08 {"hostname":"ksc-1x-dhcp-172-29-194-195.kwansei.ac.jp","hostid":"18d901f1-4a03-3ff1-ae34-c26b2732f13c","virtualizationSystem":"","total":8589934592,"available":2068197376,"usedPercent":75.92301368713379,"diskIO":[{"name":"disk0","ioTime":1305480,"weightedIO":0}],"cpu":[{"cpu":"cpu0","user":4035.484375,"system":2249.0703125,"idle":15235.78125,"nice":0,"iowait":0,"irq":0,"softirq":0,"steal":0,"guest":0,"guestNice":0,"stolen":0},{"cpu":"cpu1","user":2422.640625,"system":989.8671875,"idle":18107.0078125,"nice":0,"iowait":0,"irq":0,"softirq":0,"steal":0,"guest":0,"guestNice":0,"stolen":0},{"cpu":"cpu2","user":3922.203125,"system":1979.8359375,"idle":15617.4765625,"nice":0,"iowait":0,"irq":0,"softirq":0,"steal":0,"guest":0,"guestNice":0,"stolen":0},{"cpu":"cpu3","user":2457.6328125,"system":1003,"idle":18058.8828125,"nice":0,"iowait":0,"irq":0,"softirq":0,"steal":0,"guest":0,"guestNice":0,"stolen":0}],"time":"2018-02-19 12:25:08.229573 +0900 JST m=+2617.463519994","errorInfo":null}
[Info]2018/02/19 12:25:08 acsessd /api/status.json
[Info]2018/02/19 12:25:08 {"hostname":"ksc-1x-dhcp-172-29-194-195.kwansei.ac.jp","hostid":"18d901f1-4a03-3ff1-ae34-c26b2732f13c","virtualizationSystem":"","total":8589934592,"available":1993179136,"usedPercent":76.79634094238281,"diskIO":[{"name":"disk0","ioTime":1305488,"weightedIO":0}],"cpu":[{"cpu":"cpu0","user":4035.6953125,"system":2249.1484375,"idle":15235.8828125,"nice":0,"iowait":0,"irq":0,"softirq":0,"steal":0,"guest":0,"guestNice":0,"stolen":0},{"cpu":"cpu1","user":2422.78125,"system":989.921875,"idle":18107.2109375,"nice":0,"iowait":0,"irq":0,"softirq":0,"steal":0,"guest":0,"guestNice":0,"stolen":0},{"cpu":"cpu2","user":3922.4296875,"system":1979.90625,"idle":15617.578125,"nice":0,"iowait":0,"irq":0,"softirq":0,"steal":0,"guest":0,"guestNice":0,"stolen":0},{"cpu":"cpu3","user":2457.78125,"system":1003.0546875,"idle":18059.0703125,"nice":0,"iowait":0,"irq":0,"softirq":0,"steal":0,"guest":0,"guestNice":0,"stolen":0}],"time":"2018-02-19 12:25:08.737602 +0900 JST m=+2617.971548320","errorInfo":null}
[Info]2018/02/19 12:25:09 acsessd /api/status.json
[Info]2018/02/19 12:25:09 {"hostname":"ksc-1x-dhcp-172-29-194-195.kwansei.ac.jp","hostid":"18d901f1-4a03-3ff1-ae34-c26b2732f13c","virtualizationSystem":"","total":8589934592,"available":1989226496,"usedPercent":76.84235572814941,"diskIO":[{"name":"disk0","ioTime":1305496,"weightedIO":0}],"cpu":[{"cpu":"cpu0","user":4035.890625,"system":2249.171875,"idle":15236.046875,"nice":0,"iowait":0,"irq":0,"softirq":0,"steal":0,"guest":0,"guestNice":0,"stolen":0},{"cpu":"cpu1","user":2422.890625,"system":989.9453125,"idle":18107.453125,"nice":0,"iowait":0,"irq":0,"softirq":0,"steal":0,"guest":0,"guestNice":0,"stolen":0},{"cpu":"cpu2","user":3922.65625,"system":1979.953125,"idle":15617.6875,"nice":0,"iowait":0,"irq":0,"softirq":0,"steal":0,"guest":0,"guestNice":0,"stolen":0},{"cpu":"cpu3","user":2457.9140625,"system":1003.09375,"idle":18059.2890625,"nice":0,"iowait":0,"irq":0,"softirq":0,"steal":0,"guest":0,"guestNice":0,"stolen":0}],"time":"2018-02-19 12:25:09.228038 +0900 JST m=+2618.461983218","errorInfo":null}
[Info]2018/02/19 12:25:09 acsessd /api/status.json
[Info]2018/02/19 12:25:09 {"hostname":"ksc-1x-dhcp-172-29-194-195.kwansei.ac.jp","hostid":"18d901f1-4a03-3ff1-ae34-c26b2732f13c","virtualizationSystem":"","total":8589934592,"available":1975271424,"usedPercent":77.00481414794922,"diskIO":[{"name":"disk0","ioTime":1305496,"weightedIO":0}],"cpu":[{"cpu":"cpu0","user":4036.078125,"system":2249.1953125,"idle":15236.21875,"nice":0,"iowait":0,"irq":0,"softirq":0,"steal":0,"guest":0,"guestNice":0,"stolen":0},{"cpu":"cpu1","user":2422.9296875,"system":989.9609375,"idle":18107.7890625,"nice":0,"iowait":0,"irq":0,"softirq":0,"steal":0,"guest":0,"guestNice":0,"stolen":0},{"cpu":"cpu2","user":3922.8828125,"system":1979.984375,"idle":15617.8203125,"nice":0,"iowait":0,"irq":0,"softirq":0,"steal":0,"guest":0,"guestNice":0,"stolen":0},{"cpu":"cpu3","user":2457.9375,"system":1003.109375,"idle":18059.640625,"nice":0,"iowait":0,"irq":0,"softirq":0,"steal":0,"guest":0,"guestNice":0,"stolen":0}],"time":"2018-02-19 12:25:09.732336 +0900 JST m=+2618.966280180","errorInfo":null}
[Info]2018/02/19 12:25:10 acsessd /api/status.json
[Info]2018/02/19 12:25:10 {"hostname":"ksc-1x-dhcp-172-29-194-195.kwansei.ac.jp","hostid":"18d901f1-4a03-3ff1-ae34-c26b2732f13c","virtualizationSystem":"","total":8589934592,"available":1974697984,"usedPercent":77.01148986816406,"diskIO":[{"name":"disk0","ioTime":1305513,"weightedIO":0}],"cpu":[{"cpu":"cpu0","user":4036.2421875,"system":2249.2421875,"idle":15236.421875,"nice":0,"iowait":0,"irq":0,"softirq":0,"steal":0,"guest":0,"guestNice":0,"stolen":0},{"cpu":"cpu1","user":2423.0234375,"system":989.984375,"idle":18108.078125,"nice":0,"iowait":0,"irq":0,"softirq":0,"steal":0,"guest":0,"guestNice":0,"stolen":0},{"cpu":"cpu2","user":3923.1640625,"system":1980.0078125,"idle":15617.9140625,"nice":0,"iowait":0,"irq":0,"softirq":0,"steal":0,"guest":0,"guestNice":0,"stolen":0},{"cpu":"cpu3","user":2458.0078125,"system":1003.125,"idle":18059.953125,"nice":0,"iowait":0,"irq":0,"softirq":0,"steal":0,"guest":0,"guestNice":0,"stolen":0}],"time":"2018-02-19 12:25:10.24062 +0900 JST m=+2619.474564078","errorInfo":null}
[Info]2018/02/19 12:25:10 acsessd /api/status.json
[Info]2018/02/19 12:25:10 {"hostname":"ksc-1x-dhcp-172-29-194-195.kwansei.ac.jp","hostid":"18d901f1-4a03-3ff1-ae34-c26b2732f13c","virtualizationSystem":"","total":8589934592,"available":1956851712,"usedPercent":77.21924781799316,"diskIO":[{"name":"disk0","ioTime":1305537,"weightedIO":0}],"cpu":[{"cpu":"cpu0","user":4036.5,"system":2249.28125,"idle":15236.53125,"nice":0,"iowait":0,"irq":0,"softirq":0,"steal":0,"guest":0,"guestNice":0,"stolen":0},{"cpu":"cpu1","user":2423.15625,"system":990.015625,"idle":18108.3203125,"nice":0,"iowait":0,"irq":0,"softirq":0,"steal":0,"guest":0,"guestNice":0,"stolen":0},{"cpu":"cpu2","user":3923.390625,"system":1980.0546875,"idle":15618.046875,"nice":0,"iowait":0,"irq":0,"softirq":0,"steal":0,"guest":0,"guestNice":0,"stolen":0},{"cpu":"cpu3","user":2458.1328125,"system":1003.1640625,"idle":18060.203125,"nice":0,"iowait":0,"irq":0,"softirq":0,"steal":0,"guest":0,"guestNice":0,"stolen":0}],"time":"2018-02-19 12:25:10.768546 +0900 JST m=+2620.002488946","errorInfo":null}
[Info]2018/02/19 12:25:11 acsessd /api/status.json
[Info]2018/02/19 12:25:11 {"hostname":"ksc-1x-dhcp-172-29-194-195.kwansei.ac.jp","hostid":"18d901f1-4a03-3ff1-ae34-c26b2732f13c","virtualizationSystem":"","total":8589934592,"available":1957036032,"usedPercent":77.21710205078125,"diskIO":[{"name":"disk0","ioTime":1305545,"weightedIO":0}],"cpu":[{"cpu":"cpu0","user":4036.5859375,"system":2249.3125,"idle":15236.78125,"nice":0,"iowait":0,"irq":0,"softirq":0,"steal":0,"guest":0,"guestNice":0,"stolen":0},{"cpu":"cpu1","user":2423.1796875,"system":990.03125,"idle":18108.6484375,"nice":0,"iowait":0,"irq":0,"softirq":0,"steal":0,"guest":0,"guestNice":0,"stolen":0},{"cpu":"cpu2","user":3923.703125,"system":1980.0625,"idle":15618.1015625,"nice":0,"iowait":0,"irq":0,"softirq":0,"steal":0,"guest":0,"guestNice":0,"stolen":0},{"cpu":"cpu3","user":2458.15625,"system":1003.171875,"idle":18060.5390625,"nice":0,"iowait":0,"irq":0,"softirq":0,"steal":0,"guest":0,"guestNice":0,"stolen":0}],"time":"2018-02-19 12:25:11.241375 +0900 JST m=+2620.475316897","errorInfo":null}
[Info]2018/02/19 12:25:11 acsessd /api/status.json
[Info]2018/02/19 12:25:11 {"hostname":"ksc-1x-dhcp-172-29-194-195.kwansei.ac.jp","hostid":"18d901f1-4a03-3ff1-ae34-c26b2732f13c","virtualizationSystem":"","total":8589934592,"available":1956159488,"usedPercent":77.2273063659668,"diskIO":[{"name":"disk0","ioTime":1305545,"weightedIO":0}],"cpu":[{"cpu":"cpu0","user":4036.7734375,"system":2249.3359375,"idle":15236.96875,"nice":0,"iowait":0,"irq":0,"softirq":0,"steal":0,"guest":0,"guestNice":0,"stolen":0},{"cpu":"cpu1","user":2423.2265625,"system":990.0546875,"idle":18108.9921875,"nice":0,"iowait":0,"irq":0,"softirq":0,"steal":0,"guest":0,"guestNice":0,"stolen":0},{"cpu":"cpu2","user":3923.9375,"system":1980.0625,"idle":15618.2578125,"nice":0,"iowait":0,"irq":0,"softirq":0,"steal":0,"guest":0,"guestNice":0,"stolen":0},{"cpu":"cpu3","user":2458.203125,"system":1003.1796875,"idle":18060.8828125,"nice":0,"iowait":0,"irq":0,"softirq":0,"steal":0,"guest":0,"guestNice":0,"stolen":0}],"time":"2018-02-19 12:25:11.748993 +0900 JST m=+2620.982933339","errorInfo":null}
[Info]2018/02/19 12:25:12 acsessd /api/status.json
[Info]2018/02/19 12:25:12 {"hostname":"ksc-1x-dhcp-172-29-194-195.kwansei.ac.jp","hostid":"18d901f1-4a03-3ff1-ae34-c26b2732f13c","virtualizationSystem":"","total":8589934592,"available":1956192256,"usedPercent":77.22692489624023,"diskIO":[{"name":"disk0","ioTime":1305553,"weightedIO":0}],"cpu":[{"cpu":"cpu0","user":4036.90625,"system":2249.3671875,"idle":15237.1953125,"nice":0,"iowait":0,"irq":0,"softirq":0,"steal":0,"guest":0,"guestNice":0,"stolen":0},{"cpu":"cpu1","user":2423.265625,"system":990.0703125,"idle":18109.3203125,"nice":0,"iowait":0,"irq":0,"softirq":0,"steal":0,"guest":0,"guestNice":0,"stolen":0},{"cpu":"cpu2","user":3924.21875,"system":1980.0859375,"idle":15618.3515625,"nice":0,"iowait":0,"irq":0,"softirq":0,"steal":0,"guest":0,"guestNice":0,"stolen":0},{"cpu":"cpu3","user":2458.2421875,"system":1003.1953125,"idle":18061.2265625,"nice":0,"iowait":0,"irq":0,"softirq":0,"steal":0,"guest":0,"guestNice":0,"stolen":0}],"time":"2018-02-19 12:25:12.255528 +0900 JST m=+2621.489467551","errorInfo":null}
[Info]2018/02/19 12:25:12 acsessd /api/status.json
[Info]2018/02/19 12:25:12 {"hostname":"ksc-1x-dhcp-172-29-194-195.kwansei.ac.jp","hostid":"18d901f1-4a03-3ff1-ae34-c26b2732f13c","virtualizationSystem":"","total":8589934592,"available":1955504128,"usedPercent":77.23493576049805,"diskIO":[{"name":"disk0","ioTime":1305575,"weightedIO":0}],"cpu":[{"cpu":"cpu0","user":4037.15625,"system":2249.421875,"idle":15237.3125,"nice":0,"iowait":0,"irq":0,"softirq":0,"steal":0,"guest":0,"guestNice":0,"stolen":0},{"cpu":"cpu1","user":2423.3515625,"system":990.1171875,"idle":18109.6015625,"nice":0,"iowait":0,"irq":0,"softirq":0,"steal":0,"guest":0,"guestNice":0,"stolen":0},{"cpu":"cpu2","user":3924.4921875,"system":1980.1328125,"idle":15618.453125,"nice":0,"iowait":0,"irq":0,"softirq":0,"steal":0,"guest":0,"guestNice":0,"stolen":0},{"cpu":"cpu3","user":2458.3203125,"system":1003.2421875,"idle":18061.515625,"nice":0,"iowait":0,"irq":0,"softirq":0,"steal":0,"guest":0,"guestNice":0,"stolen":0}],"time":"2018-02-19 12:25:12.78748 +0900 JST m=+2622.021419089","errorInfo":null}
[Info]2018/02/19 12:25:13 acsessd /api/status.json
[Info]2018/02/19 12:25:13 {"hostname":"ksc-1x-dhcp-172-29-194-195.kwansei.ac.jp","hostid":"18d901f1-4a03-3ff1-ae34-c26b2732f13c","virtualizationSystem":"","total":8589934592,"available":1964769280,"usedPercent":77.1270751953125,"diskIO":[{"name":"disk0","ioTime":1305575,"weightedIO":0}],"cpu":[{"cpu":"cpu0","user":4037.3671875,"system":2249.46875,"idle":15237.421875,"nice":0,"iowait":0,"irq":0,"softirq":0,"steal":0,"guest":0,"guestNice":0,"stolen":0},{"cpu":"cpu1","user":2423.375,"system":990.140625,"idle":18109.9296875,"nice":0,"iowait":0,"irq":0,"softirq":0,"steal":0,"guest":0,"guestNice":0,"stolen":0},{"cpu":"cpu2","user":3924.6953125,"system":1980.1875,"idle":15618.5703125,"nice":0,"iowait":0,"irq":0,"softirq":0,"steal":0,"guest":0,"guestNice":0,"stolen":0},{"cpu":"cpu3","user":2458.359375,"system":1003.2578125,"idle":18061.8203125,"nice":0,"iowait":0,"irq":0,"softirq":0,"steal":0,"guest":0,"guestNice":0,"stolen":0}],"time":"2018-02-19 12:25:13.262238 +0900 JST m=+2622.496175205","errorInfo":null}
[Info]2018/02/19 12:25:13 acsessd /api/status.json
[Info]2018/02/19 12:25:13 {"hostname":"ksc-1x-dhcp-172-29-194-195.kwansei.ac.jp","hostid":"18d901f1-4a03-3ff1-ae34-c26b2732f13c","virtualizationSystem":"","total":8589934592,"available":2013646848,"usedPercent":76.55806541442871,"diskIO":[{"name":"disk0","ioTime":1305582,"weightedIO":0}],"cpu":[{"cpu":"cpu0","user":4037.53125,"system":2249.515625,"idle":15237.6015625,"nice":0,"iowait":0,"irq":0,"softirq":0,"steal":0,"guest":0,"guestNice":0,"stolen":0},{"cpu":"cpu1","user":2423.4765625,"system":990.1796875,"idle":18110.1796875,"nice":0,"iowait":0,"irq":0,"softirq":0,"steal":0,"guest":0,"guestNice":0,"stolen":0},{"cpu":"cpu2","user":3925.0234375,"system":1980.2109375,"idle":15618.6015625,"nice":0,"iowait":0,"irq":0,"softirq":0,"steal":0,"guest":0,"guestNice":0,"stolen":0},{"cpu":"cpu3","user":2458.46875,"system":1003.2890625,"idle":18062.078125,"nice":0,"iowait":0,"irq":0,"softirq":0,"steal":0,"guest":0,"guestNice":0,"stolen":0}],"time":"2018-02-19 12:25:13.763272 +0900 JST m=+2622.997208330","errorInfo":null}
[Info]2018/02/19 12:25:14 acsessd /api/status.json
[Info]2018/02/19 12:25:14 {"hostname":"ksc-1x-dhcp-172-29-194-195.kwansei.ac.jp","hostid":"18d901f1-4a03-3ff1-ae34-c26b2732f13c","virtualizationSystem":"","total":8589934592,"available":2004897792,"usedPercent":76.6599178314209,"diskIO":[{"name":"disk0","ioTime":1305591,"weightedIO":0}],"cpu":[{"cpu":"cpu0","user":4037.7734375,"system":2249.546875,"idle":15237.7421875,"nice":0,"iowait":0,"irq":0,"softirq":0,"steal":0,"guest":0,"guestNice":0,"stolen":0},{"cpu":"cpu1","user":2423.6015625,"system":990.2109375,"idle":18110.4375,"nice":0,"iowait":0,"irq":0,"softirq":0,"steal":0,"guest":0,"guestNice":0,"stolen":0},{"cpu":"cpu2","user":3925.2890625,"system":1980.234375,"idle":15618.7265625,"nice":0,"iowait":0,"irq":0,"softirq":0,"steal":0,"guest":0,"guestNice":0,"stolen":0},{"cpu":"cpu3","user":2458.5625,"system":1003.3359375,"idle":18062.3515625,"nice":0,"iowait":0,"irq":0,"softirq":0,"steal":0,"guest":0,"guestNice":0,"stolen":0}],"time":"2018-02-19 12:25:14.293141 +0900 JST m=+2623.527076018","errorInfo":null}
[Info]2018/02/19 12:25:14 acsessd /api/status.json
[Info]2018/02/19 12:25:14 {"hostname":"ksc-1x-dhcp-172-29-194-195.kwansei.ac.jp","hostid":"18d901f1-4a03-3ff1-ae34-c26b2732f13c","virtualizationSystem":"","total":8589934592,"available":2004971520,"usedPercent":76.65905952453613,"diskIO":[{"name":"disk0","ioTime":1305607,"weightedIO":0}],"cpu":[{"cpu":"cpu0","user":4038.015625,"system":2249.578125,"idle":15237.84375,"nice":0,"iowait":0,"irq":0,"softirq":0,"steal":0,"guest":0,"guestNice":0,"stolen":0},{"cpu":"cpu1","user":2423.7265625,"system":990.2421875,"idle":18110.6640625,"nice":0,"iowait":0,"irq":0,"softirq":0,"steal":0,"guest":0,"guestNice":0,"stolen":0},{"cpu":"cpu2","user":3925.515625,"system":1980.265625,"idle":15618.84375,"nice":0,"iowait":0,"irq":0,"softirq":0,"steal":0,"guest":0,"guestNice":0,"stolen":0},{"cpu":"cpu3","user":2458.6640625,"system":1003.359375,"idle":18062.59375,"nice":0,"iowait":0,"irq":0,"softirq":0,"steal":0,"guest":0,"guestNice":0,"stolen":0}],"time":"2018-02-19 12:25:14.767791 +0900 JST m=+2624.001725479","errorInfo":null}
[Info]2018/02/19 12:25:15 acsessd /api/status.json
[Info]2018/02/19 12:25:15 {"hostname":"ksc-1x-dhcp-172-29-194-195.kwansei.ac.jp","hostid":"18d901f1-4a03-3ff1-ae34-c26b2732f13c","virtualizationSystem":"","total":8589934592,"available":2004762624,"usedPercent":76.66149139404297,"diskIO":[{"name":"disk0","ioTime":1305614,"weightedIO":0}],"cpu":[{"cpu":"cpu0","user":4038.2421875,"system":2249.59375,"idle":15237.984375,"nice":0,"iowait":0,"irq":0,"softirq":0,"steal":0,"guest":0,"guestNice":0,"stolen":0},{"cpu":"cpu1","user":2423.78125,"system":990.2421875,"idle":18110.984375,"nice":0,"iowait":0,"irq":0,"softirq":0,"steal":0,"guest":0,"guestNice":0,"stolen":0},{"cpu":"cpu2","user":3925.734375,"system":1980.2890625,"idle":15618.9921875,"nice":0,"iowait":0,"irq":0,"softirq":0,"steal":0,"guest":0,"guestNice":0,"stolen":0},{"cpu":"cpu3","user":2458.71875,"system":1003.375,"idle":18062.9140625,"nice":0,"iowait":0,"irq":0,"softirq":0,"steal":0,"guest":0,"guestNice":0,"stolen":0}],"time":"2018-02-19 12:25:15.267061 +0900 JST m=+2624.500994537","errorInfo":null}
[Info]2018/02/19 12:25:15 acsessd /api/status.json
[Info]2018/02/19 12:25:15 {"hostname":"ksc-1x-dhcp-172-29-194-195.kwansei.ac.jp","hostid":"18d901f1-4a03-3ff1-ae34-c26b2732f13c","virtualizationSystem":"","total":8589934592,"available":2004512768,"usedPercent":76.66440010070801,"diskIO":[{"name":"disk0","ioTime":1305614,"weightedIO":0}],"cpu":[{"cpu":"cpu0","user":4038.453125,"system":2249.609375,"idle":15238.15625,"nice":0,"iowait":0,"irq":0,"softirq":0,"steal":0,"guest":0,"guestNice":0,"stolen":0},{"cpu":"cpu1","user":2423.8046875,"system":990.265625,"idle":18111.3359375,"nice":0,"iowait":0,"irq":0,"softirq":0,"steal":0,"guest":0,"guestNice":0,"stolen":0},{"cpu":"cpu2","user":3925.9375,"system":1980.3125,"idle":15619.15625,"nice":0,"iowait":0,"irq":0,"softirq":0,"steal":0,"guest":0,"guestNice":0,"stolen":0},{"cpu":"cpu3","user":2458.734375,"system":1003.390625,"idle":18063.28125,"nice":0,"iowait":0,"irq":0,"softirq":0,"steal":0,"guest":0,"guestNice":0,"stolen":0}],"time":"2018-02-19 12:25:15.773112 +0900 JST m=+2625.007045014","errorInfo":null}
[Info]2018/02/19 12:25:16 acsessd /api/status.json
[Info]2018/02/19 12:25:16 {"hostname":"ksc-1x-dhcp-172-29-194-195.kwansei.ac.jp","hostid":"18d901f1-4a03-3ff1-ae34-c26b2732f13c","virtualizationSystem":"","total":8589934592,"available":2002653184,"usedPercent":76.68604850769043,"diskIO":[{"name":"disk0","ioTime":1305614,"weightedIO":0}],"cpu":[{"cpu":"cpu0","user":4038.7734375,"system":2249.6171875,"idle":15238.25,"nice":0,"iowait":0,"irq":0,"softirq":0,"steal":0,"guest":0,"guestNice":0,"stolen":0},{"cpu":"cpu1","user":2423.8515625,"system":990.2890625,"idle":18111.6875,"nice":0,"iowait":0,"irq":0,"softirq":0,"steal":0,"guest":0,"guestNice":0,"stolen":0},{"cpu":"cpu2","user":3926.09375,"system":1980.3359375,"idle":15619.3984375,"nice":0,"iowait":0,"irq":0,"softirq":0,"steal":0,"guest":0,"guestNice":0,"stolen":0},{"cpu":"cpu3","user":2458.796875,"system":1003.4140625,"idle":18063.625,"nice":0,"iowait":0,"irq":0,"softirq":0,"steal":0,"guest":0,"guestNice":0,"stolen":0}],"time":"2018-02-19 12:25:16.313745 +0900 JST m=+2625.547676790","errorInfo":null}
[Info]2018/02/19 12:25:16 acsessd /api/status.json
[Info]2018/02/19 12:25:16 {"hostname":"ksc-1x-dhcp-172-29-194-195.kwansei.ac.jp","hostid":"18d901f1-4a03-3ff1-ae34-c26b2732f13c","virtualizationSystem":"","total":8589934592,"available":2002808832,"usedPercent":76.68423652648926,"diskIO":[{"name":"disk0","ioTime":1305623,"weightedIO":0}],"cpu":[{"cpu":"cpu0","user":4038.9453125,"system":2249.6484375,"idle":15238.4375,"nice":0,"iowait":0,"irq":0,"softirq":0,"steal":0,"guest":0,"guestNice":0,"stolen":0},{"cpu":"cpu1","user":2423.9609375,"system":990.3203125,"idle":18111.9453125,"nice":0,"iowait":0,"irq":0,"softirq":0,"steal":0,"guest":0,"guestNice":0,"stolen":0},{"cpu":"cpu2","user":3926.3671875,"system":1980.3671875,"idle":15619.4921875,"nice":0,"iowait":0,"irq":0,"softirq":0,"steal":0,"guest":0,"guestNice":0,"stolen":0},{"cpu":"cpu3","user":2458.890625,"system":1003.4375,"idle":18063.890625,"nice":0,"iowait":0,"irq":0,"softirq":0,"steal":0,"guest":0,"guestNice":0,"stolen":0}],"time":"2018-02-19 12:25:16.816697 +0900 JST m=+2626.050627300","errorInfo":null}
[Info]2018/02/19 12:25:17 acsessd /api/status.json
[Info]2018/02/19 12:25:17 {"hostname":"ksc-1x-dhcp-172-29-194-195.kwansei.ac.jp","hostid":"18d901f1-4a03-3ff1-ae34-c26b2732f13c","virtualizationSystem":"","total":8589934592,"available":2002661376,"usedPercent":76.68595314025879,"diskIO":[{"name":"disk0","ioTime":1305631,"weightedIO":0}],"cpu":[{"cpu":"cpu0","user":4039.15625,"system":2249.703125,"idle":15238.546875,"nice":0,"iowait":0,"irq":0,"softirq":0,"steal":0,"guest":0,"guestNice":0,"stolen":0},{"cpu":"cpu1","user":2424.0546875,"system":990.34375,"idle":18112.1875,"nice":0,"iowait":0,"irq":0,"softirq":0,"steal":0,"guest":0,"guestNice":0,"stolen":0},{"cpu":"cpu2","user":3926.578125,"system":1980.390625,"idle":15619.625,"nice":0,"iowait":0,"irq":0,"softirq":0,"steal":0,"guest":0,"guestNice":0,"stolen":0},{"cpu":"cpu3","user":2458.9765625,"system":1003.453125,"idle":18064.1484375,"nice":0,"iowait":0,"irq":0,"softirq":0,"steal":0,"guest":0,"guestNice":0,"stolen":0}],"time":"2018-02-19 12:25:17.282405 +0900 JST m=+2626.516335277","errorInfo":null}
[Info]2018/02/19 12:25:17 acsessd /api/status.json
[Info]2018/02/19 12:25:17 {"hostname":"ksc-1x-dhcp-172-29-194-195.kwansei.ac.jp","hostid":"18d901f1-4a03-3ff1-ae34-c26b2732f13c","virtualizationSystem":"","total":8589934592,"available":2002927616,"usedPercent":76.68285369873047,"diskIO":[{"name":"disk0","ioTime":1305638,"weightedIO":0}],"cpu":[{"cpu":"cpu0","user":4039.4609375,"system":2249.75,"idle":15238.5859375,"nice":0,"iowait":0,"irq":0,"softirq":0,"steal":0,"guest":0,"guestNice":0,"stolen":0},{"cpu":"cpu1","user":2424.1171875,"system":990.375,"idle":18112.4921875,"nice":0,"iowait":0,"irq":0,"softirq":0,"steal":0,"guest":0,"guestNice":0,"stolen":0},{"cpu":"cpu2","user":3926.75,"system":1980.4453125,"idle":15619.78125,"nice":0,"iowait":0,"irq":0,"softirq":0,"steal":0,"guest":0,"guestNice":0,"stolen":0},{"cpu":"cpu3","user":2459.046875,"system":1003.4765625,"idle":18064.4609375,"nice":0,"iowait":0,"irq":0,"softirq":0,"steal":0,"guest":0,"guestNice":0,"stolen":0}],"time":"2018-02-19 12:25:17.786687 +0900 JST m=+2627.020616029","errorInfo":null}
[Info]2018/02/19 12:25:18 acsessd /api/status.json
[Info]2018/02/19 12:25:18 {"hostname":"ksc-1x-dhcp-172-29-194-195.kwansei.ac.jp","hostid":"18d901f1-4a03-3ff1-ae34-c26b2732f13c","virtualizationSystem":"","total":8589934592,"available":2002382848,"usedPercent":76.68919563293457,"diskIO":[{"name":"disk0","ioTime":1305648,"weightedIO":0}],"cpu":[{"cpu":"cpu0","user":4039.65625,"system":2249.8125,"idle":15238.7265625,"nice":0,"iowait":0,"irq":0,"softirq":0,"steal":0,"guest":0,"guestNice":0,"stolen":0},{"cpu":"cpu1","user":2424.2109375,"system":990.4140625,"idle":18112.75,"nice":0,"iowait":0,"irq":0,"softirq":0,"steal":0,"guest":0,"guestNice":0,"stolen":0},{"cpu":"cpu2","user":3927.03125,"system":1980.484375,"idle":15619.859375,"nice":0,"iowait":0,"irq":0,"softirq":0,"steal":0,"guest":0,"guestNice":0,"stolen":0},{"cpu":"cpu3","user":2459.1328125,"system":1003.5078125,"idle":18064.734375,"nice":0,"iowait":0,"irq":0,"softirq":0,"steal":0,"guest":0,"guestNice":0,"stolen":0}],"time":"2018-02-19 12:25:18.290572 +0900 JST m=+2627.524500000","errorInfo":null}
[Info]2018/02/19 12:25:18 acsessd /api/status.json
[Info]2018/02/19 12:25:18 {"hostname":"ksc-1x-dhcp-172-29-194-195.kwansei.ac.jp","hostid":"18d901f1-4a03-3ff1-ae34-c26b2732f13c","virtualizationSystem":"","total":8589934592,"available":2002161664,"usedPercent":76.69177055358887,"diskIO":[{"name":"disk0","ioTime":1305657,"weightedIO":0}],"cpu":[{"cpu":"cpu0","user":4039.9140625,"system":2249.828125,"idle":15238.8359375,"nice":0,"iowait":0,"irq":0,"softirq":0,"steal":0,"guest":0,"guestNice":0,"stolen":0},{"cpu":"cpu1","user":2424.2734375,"system":990.4296875,"idle":18113.0625,"nice":0,"iowait":0,"irq":0,"softirq":0,"steal":0,"guest":0,"guestNice":0,"stolen":0},{"cpu":"cpu2","user":3927.2265625,"system":1980.515625,"idle":15620.03125,"nice":0,"iowait":0,"irq":0,"softirq":0,"steal":0,"guest":0,"guestNice":0,"stolen":0},{"cpu":"cpu3","user":2459.1875,"system":1003.5234375,"idle":18065.0546875,"nice":0,"iowait":0,"irq":0,"softirq":0,"steal":0,"guest":0,"guestNice":0,"stolen":0}],"time":"2018-02-19 12:25:18.792817 +0900 JST m=+2628.026743878","errorInfo":null}
[Info]2018/02/19 12:25:19 acsessd /api/status.json
[Info]2018/02/19 12:25:19 {"hostname":"ksc-1x-dhcp-172-29-194-195.kwansei.ac.jp","hostid":"18d901f1-4a03-3ff1-ae34-c26b2732f13c","virtualizationSystem":"","total":8589934592,"available":2002173952,"usedPercent":76.6916275024414,"diskIO":[{"name":"disk0","ioTime":1305657,"weightedIO":0}],"cpu":[{"cpu":"cpu0","user":4040.1015625,"system":2249.84375,"idle":15239.0234375,"nice":0,"iowait":0,"irq":0,"softirq":0,"steal":0,"guest":0,"guestNice":0,"stolen":0},{"cpu":"cpu1","user":2424.3046875,"system":990.4453125,"idle":18113.4140625,"nice":0,"iowait":0,"irq":0,"softirq":0,"steal":0,"guest":0,"guestNice":0,"stolen":0},{"cpu":"cpu2","user":3927.4453125,"system":1980.5390625,"idle":15620.1875,"nice":0,"iowait":0,"irq":0,"softirq":0,"steal":0,"guest":0,"guestNice":0,"stolen":0},{"cpu":"cpu3","user":2459.2109375,"system":1003.53125,"idle":18065.4140625,"nice":0,"iowait":0,"irq":0,"softirq":0,"steal":0,"guest":0,"guestNice":0,"stolen":0}],"time":"2018-02-19 12:25:19.296984 +0900 JST m=+2628.530910371","errorInfo":null}
[Info]2018/02/19 12:25:19 acsessd /api/status.json
[Info]2018/02/19 12:25:19 {"hostname":"ksc-1x-dhcp-172-29-194-195.kwansei.ac.jp","hostid":"18d901f1-4a03-3ff1-ae34-c26b2732f13c","virtualizationSystem":"","total":8589934592,"available":1993240576,"usedPercent":76.79562568664551,"diskIO":[{"name":"disk0","ioTime":1305664,"weightedIO":0}],"cpu":[{"cpu":"cpu0","user":4040.3359375,"system":2249.875,"idle":15239.1875,"nice":0,"iowait":0,"irq":0,"softirq":0,"steal":0,"guest":0,"guestNice":0,"stolen":0},{"cpu":"cpu1","user":2424.40625,"system":990.4609375,"idle":18113.71875,"nice":0,"iowait":0,"irq":0,"softirq":0,"steal":0,"guest":0,"guestNice":0,"stolen":0},{"cpu":"cpu2","user":3927.6875,"system":1980.5703125,"idle":15620.328125,"nice":0,"iowait":0,"irq":0,"softirq":0,"steal":0,"guest":0,"guestNice":0,"stolen":0},{"cpu":"cpu3","user":2459.296875,"system":1003.5625,"idle":18065.7265625,"nice":0,"iowait":0,"irq":0,"softirq":0,"steal":0,"guest":0,"guestNice":0,"stolen":0}],"time":"2018-02-19 12:25:19.840308 +0900 JST m=+2629.074233474","errorInfo":null}
[Info]2018/02/19 12:25:20 acsessd /api/status.json
[Info]2018/02/19 12:25:20 {"hostname":"ksc-1x-dhcp-172-29-194-195.kwansei.ac.jp","hostid":"18d901f1-4a03-3ff1-ae34-c26b2732f13c","virtualizationSystem":"","total":8589934592,"available":1961533440,"usedPercent":77.16474533081055,"diskIO":[{"name":"disk0","ioTime":1305672,"weightedIO":0}],"cpu":[{"cpu":"cpu0","user":4040.5234375,"system":2249.90625,"idle":15239.34375,"nice":0,"iowait":0,"irq":0,"softirq":0,"steal":0,"guest":0,"guestNice":0,"stolen":0},{"cpu":"cpu1","user":2424.4921875,"system":990.484375,"idle":18113.984375,"nice":0,"iowait":0,"irq":0,"softirq":0,"steal":0,"guest":0,"guestNice":0,"stolen":0},{"cpu":"cpu2","user":3927.890625,"system":1980.609375,"idle":15620.4609375,"nice":0,"iowait":0,"irq":0,"softirq":0,"steal":0,"guest":0,"guestNice":0,"stolen":0},{"cpu":"cpu3","user":2459.375,"system":1003.578125,"idle":18066,"nice":0,"iowait":0,"irq":0,"softirq":0,"steal":0,"guest":0,"guestNice":0,"stolen":0}],"time":"2018-02-19 12:25:20.316055 +0900 JST m=+2629.549978768","errorInfo":null}
[Info]2018/02/19 12:25:20 acsessd /api/status.json
[Info]2018/02/19 12:25:20 {"hostname":"ksc-1x-dhcp-172-29-194-195.kwansei.ac.jp","hostid":"18d901f1-4a03-3ff1-ae34-c26b2732f13c","virtualizationSystem":"","total":8589934592,"available":1976053760,"usedPercent":76.99570655822754,"diskIO":[{"name":"disk0","ioTime":1305672,"weightedIO":0}],"cpu":[{"cpu":"cpu0","user":4040.8203125,"system":2249.9296875,"idle":15239.4140625,"nice":0,"iowait":0,"irq":0,"softirq":0,"steal":0,"guest":0,"guestNice":0,"stolen":0},{"cpu":"cpu1","user":2424.5703125,"system":990.515625,"idle":18114.265625,"nice":0,"iowait":0,"irq":0,"softirq":0,"steal":0,"guest":0,"guestNice":0,"stolen":0},{"cpu":"cpu2","user":3928.171875,"system":1980.640625,"idle":15620.5390625,"nice":0,"iowait":0,"irq":0,"softirq":0,"steal":0,"guest":0,"guestNice":0,"stolen":0},{"cpu":"cpu3","user":2459.4609375,"system":1003.6015625,"idle":18066.2890625,"nice":0,"iowait":0,"irq":0,"softirq":0,"steal":0,"guest":0,"guestNice":0,"stolen":0}],"time":"2018-02-19 12:25:20.820692 +0900 JST m=+2630.054615359","errorInfo":null}
[Info]2018/02/19 12:25:21 acsessd /api/status.json
[Info]2018/02/19 12:25:21 {"hostname":"ksc-1x-dhcp-172-29-194-195.kwansei.ac.jp","hostid":"18d901f1-4a03-3ff1-ae34-c26b2732f13c","virtualizationSystem":"","total":8589934592,"available":1998454784,"usedPercent":76.73492431640625,"diskIO":[{"name":"disk0","ioTime":1305687,"weightedIO":0}],"cpu":[{"cpu":"cpu0","user":4041.1484375,"system":2249.96875,"idle":15239.4453125,"nice":0,"iowait":0,"irq":0,"softirq":0,"steal":0,"guest":0,"guestNice":0,"stolen":0},{"cpu":"cpu1","user":2424.7734375,"system":990.5625,"idle":18114.4140625,"nice":0,"iowait":0,"irq":0,"softirq":0,"steal":0,"guest":0,"guestNice":0,"stolen":0},{"cpu":"cpu2","user":3928.484375,"system":1980.6875,"idle":15620.578125,"nice":0,"iowait":0,"irq":0,"softirq":0,"steal":0,"guest":0,"guestNice":0,"stolen":0},{"cpu":"cpu3","user":2459.65625,"system":1003.640625,"idle":18066.453125,"nice":0,"iowait":0,"irq":0,"softirq":0,"steal":0,"guest":0,"guestNice":0,"stolen":0}],"time":"2018-02-19 12:25:21.328417 +0900 JST m=+2630.562339601","errorInfo":null}
[Info]2018/02/19 12:25:21 acsessd /api/status.json
[Info]2018/02/19 12:25:21 {"hostname":"ksc-1x-dhcp-172-29-194-195.kwansei.ac.jp","hostid":"18d901f1-4a03-3ff1-ae34-c26b2732f13c","virtualizationSystem":"","total":8589934592,"available":1997725696,"usedPercent":76.74341201782227,"diskIO":[{"name":"disk0","ioTime":1305694,"weightedIO":0}],"cpu":[{"cpu":"cpu0","user":4041.328125,"system":2250.015625,"idle":15239.59375,"nice":0,"iowait":0,"irq":0,"softirq":0,"steal":0,"guest":0,"guestNice":0,"stolen":0},{"cpu":"cpu1","user":2424.8125,"system":990.5703125,"idle":18114.7421875,"nice":0,"iowait":0,"irq":0,"softirq":0,"steal":0,"guest":0,"guestNice":0,"stolen":0},{"cpu":"cpu2","user":3928.703125,"system":1980.71875,"idle":15620.703125,"nice":0,"iowait":0,"irq":0,"softirq":0,"steal":0,"guest":0,"guestNice":0,"stolen":0},{"cpu":"cpu3","user":2459.71875,"system":1003.6484375,"idle":18066.7578125,"nice":0,"iowait":0,"irq":0,"softirq":0,"steal":0,"guest":0,"guestNice":0,"stolen":0}],"time":"2018-02-19 12:25:21.80793 +0900 JST m=+2631.041851513","errorInfo":null}
[Info]2018/02/19 12:25:22 acsessd /api/status.json
[Info]2018/02/19 12:25:22 {"hostname":"ksc-1x-dhcp-172-29-194-195.kwansei.ac.jp","hostid":"18d901f1-4a03-3ff1-ae34-c26b2732f13c","virtualizationSystem":"","total":8589934592,"available":1975451648,"usedPercent":77.00271606445312,"diskIO":[{"name":"disk0","ioTime":1305709,"weightedIO":0}],"cpu":[{"cpu":"cpu0","user":4041.5703125,"system":2250.0625,"idle":15239.7265625,"nice":0,"iowait":0,"irq":0,"softirq":0,"steal":0,"guest":0,"guestNice":0,"stolen":0},{"cpu":"cpu1","user":2424.9296875,"system":990.6171875,"idle":18115.0078125,"nice":0,"iowait":0,"irq":0,"softirq":0,"steal":0,"guest":0,"guestNice":0,"stolen":0},{"cpu":"cpu2","user":3928.9765625,"system":1980.765625,"idle":15620.8125,"nice":0,"iowait":0,"irq":0,"softirq":0,"steal":0,"guest":0,"guestNice":0,"stolen":0},{"cpu":"cpu3","user":2459.828125,"system":1003.6875,"idle":18067.03125,"nice":0,"iowait":0,"irq":0,"softirq":0,"steal":0,"guest":0,"guestNice":0,"stolen":0}],"time":"2018-02-19 12:25:22.355076 +0900 JST m=+2631.588995514","errorInfo":null}
[Info]2018/02/19 12:25:22 acsessd /api/status.json
[Info]2018/02/19 12:25:22 {"hostname":"ksc-1x-dhcp-172-29-194-195.kwansei.ac.jp","hostid":"18d901f1-4a03-3ff1-ae34-c26b2732f13c","virtualizationSystem":"","total":8589934592,"available":1979043840,"usedPercent":76.96089744567871,"diskIO":[{"name":"disk0","ioTime":1305724,"weightedIO":0}],"cpu":[{"cpu":"cpu0","user":4041.8671875,"system":2250.1015625,"idle":15239.7578125,"nice":0,"iowait":0,"irq":0,"softirq":0,"steal":0,"guest":0,"guestNice":0,"stolen":0},{"cpu":"cpu1","user":2425.109375,"system":990.6796875,"idle":18115.1328125,"nice":0,"iowait":0,"irq":0,"softirq":0,"steal":0,"guest":0,"guestNice":0,"stolen":0},{"cpu":"cpu2","user":3929.234375,"system":1980.8125,"idle":15620.859375,"nice":0,"iowait":0,"irq":0,"softirq":0,"steal":0,"guest":0,"guestNice":0,"stolen":0},{"cpu":"cpu3","user":2460.0078125,"system":1003.75,"idle":18067.15625,"nice":0,"iowait":0,"irq":0,"softirq":0,"steal":0,"guest":0,"guestNice":0,"stolen":0}],"time":"2018-02-19 12:25:22.823223 +0900 JST m=+2632.057142734","errorInfo":null}
[Info]2018/02/19 12:25:23 acsessd /api/status.json
[Info]2018/02/19 12:25:23 {"hostname":"ksc-1x-dhcp-172-29-194-195.kwansei.ac.jp","hostid":"18d901f1-4a03-3ff1-ae34-c26b2732f13c","virtualizationSystem":"","total":8589934592,"available":1922068480,"usedPercent":77.62417793273926,"diskIO":[{"name":"disk0","ioTime":1305747,"weightedIO":0}],"cpu":[{"cpu":"cpu0","user":4042.1015625,"system":2250.203125,"idle":15239.859375,"nice":0,"iowait":0,"irq":0,"softirq":0,"steal":0,"guest":0,"guestNice":0,"stolen":0},{"cpu":"cpu1","user":2425.296875,"system":990.7578125,"idle":18115.2890625,"nice":0,"iowait":0,"irq":0,"softirq":0,"steal":0,"guest":0,"guestNice":0,"stolen":0},{"cpu":"cpu2","user":3929.5,"system":1980.90625,"idle":15620.9453125,"nice":0,"iowait":0,"irq":0,"softirq":0,"steal":0,"guest":0,"guestNice":0,"stolen":0},{"cpu":"cpu3","user":2460.1953125,"system":1003.8203125,"idle":18067.328125,"nice":0,"iowait":0,"irq":0,"softirq":0,"steal":0,"guest":0,"guestNice":0,"stolen":0}],"time":"2018-02-19 12:25:23.374304 +0900 JST m=+2632.608222791","errorInfo":null}
[Info]2018/02/19 12:25:23 acsessd /api/status.json
[Info]2018/02/19 12:25:23 {"hostname":"ksc-1x-dhcp-172-29-194-195.kwansei.ac.jp","hostid":"18d901f1-4a03-3ff1-ae34-c26b2732f13c","virtualizationSystem":"","total":8589934592,"available":2059579392,"usedPercent":76.02334022521973,"diskIO":[{"name":"disk0","ioTime":1305766,"weightedIO":0}],"cpu":[{"cpu":"cpu0","user":4042.3671875,"system":2250.3203125,"idle":15239.8828125,"nice":0,"iowait":0,"irq":0,"softirq":0,"steal":0,"guest":0,"guestNice":0,"stolen":0},{"cpu":"cpu1","user":2425.546875,"system":990.875,"idle":18115.3359375,"nice":0,"iowait":0,"irq":0,"softirq":0,"steal":0,"guest":0,"guestNice":0,"stolen":0},{"cpu":"cpu2","user":3929.7578125,"system":1981.03125,"idle":15620.96875,"nice":0,"iowait":0,"irq":0,"softirq":0,"steal":0,"guest":0,"guestNice":0,"stolen":0},{"cpu":"cpu3","user":2460.4375,"system":1003.9453125,"idle":18067.375,"nice":0,"iowait":0,"irq":0,"softirq":0,"steal":0,"guest":0,"guestNice":0,"stolen":0}],"time":"2018-02-19 12:25:23.902206 +0900 JST m=+2633.136123493","errorInfo":null}
[Info]2018/02/19 12:25:24 acsessd /api/status.json
[Info]2018/02/19 12:25:24 {"hostname":"ksc-1x-dhcp-172-29-194-195.kwansei.ac.jp","hostid":"18d901f1-4a03-3ff1-ae34-c26b2732f13c","virtualizationSystem":"","total":8589934592,"available":2045743104,"usedPercent":76.18441581726074,"diskIO":[{"name":"disk0","ioTime":1305794,"weightedIO":0}],"cpu":[{"cpu":"cpu0","user":4042.625,"system":2250.421875,"idle":15239.890625,"nice":0,"iowait":0,"irq":0,"softirq":0,"steal":0,"guest":0,"guestNice":0,"stolen":0},{"cpu":"cpu1","user":2425.796875,"system":990.9765625,"idle":18115.3515625,"nice":0,"iowait":0,"irq":0,"softirq":0,"steal":0,"guest":0,"guestNice":0,"stolen":0},{"cpu":"cpu2","user":3930.03125,"system":1981.1328125,"idle":15620.96875,"nice":0,"iowait":0,"irq":0,"softirq":0,"steal":0,"guest":0,"guestNice":0,"stolen":0},{"cpu":"cpu3","user":2460.703125,"system":1004.03125,"idle":18067.390625,"nice":0,"iowait":0,"irq":0,"softirq":0,"steal":0,"guest":0,"guestNice":0,"stolen":0}],"time":"2018-02-19 12:25:24.373715 +0900 JST m=+2633.607630771","errorInfo":null}
[Info]2018/02/19 12:25:24 acsessd /api/status.json
[Info]2018/02/19 12:25:24 {"hostname":"ksc-1x-dhcp-172-29-194-195.kwansei.ac.jp","hostid":"18d901f1-4a03-3ff1-ae34-c26b2732f13c","virtualizationSystem":"","total":8589934592,"available":2067128320,"usedPercent":75.93545913696289,"diskIO":[{"name":"disk0","ioTime":1305802,"weightedIO":0}],"cpu":[{"cpu":"cpu0","user":4042.9296875,"system":2250.515625,"idle":15239.8984375,"nice":0,"iowait":0,"irq":0,"softirq":0,"steal":0,"guest":0,"guestNice":0,"stolen":0},{"cpu":"cpu1","user":2426.078125,"system":991.0859375,"idle":18115.3515625,"nice":0,"iowait":0,"irq":0,"softirq":0,"steal":0,"guest":0,"guestNice":0,"stolen":0},{"cpu":"cpu2","user":3930.328125,"system":1981.2265625,"idle":15620.96875,"nice":0,"iowait":0,"irq":0,"softirq":0,"steal":0,"guest":0,"guestNice":0,"stolen":0},{"cpu":"cpu3","user":2460.9921875,"system":1004.140625,"idle":18067.390625,"nice":0,"iowait":0,"irq":0,"softirq":0,"steal":0,"guest":0,"guestNice":0,"stolen":0}],"time":"2018-02-19 12:25:24.881736 +0900 JST m=+2634.115651374","errorInfo":null}
[Info]2018/02/19 12:25:25 acsessd /api/status.json
[Info]2018/02/19 12:25:25 {"hostname":"ksc-1x-dhcp-172-29-194-195.kwansei.ac.jp","hostid":"18d901f1-4a03-3ff1-ae34-c26b2732f13c","virtualizationSystem":"","total":8589934592,"available":2062598144,"usedPercent":75.98819732666016,"diskIO":[{"name":"disk0","ioTime":1305812,"weightedIO":0}],"cpu":[{"cpu":"cpu0","user":4043.140625,"system":2250.5625,"idle":15239.984375,"nice":0,"iowait":0,"irq":0,"softirq":0,"steal":0,"guest":0,"guestNice":0,"stolen":0},{"cpu":"cpu1","user":2426.171875,"system":991.1171875,"idle":18115.5859375,"nice":0,"iowait":0,"irq":0,"softirq":0,"steal":0,"guest":0,"guestNice":0,"stolen":0},{"cpu":"cpu2","user":3930.546875,"system":1981.2734375,"idle":15621.0625,"nice":0,"iowait":0,"irq":0,"softirq":0,"steal":0,"guest":0,"guestNice":0,"stolen":0},{"cpu":"cpu3","user":2461.109375,"system":1004.15625,"idle":18067.609375,"nice":0,"iowait":0,"irq":0,"softirq":0,"steal":0,"guest":0,"guestNice":0,"stolen":0}],"time":"2018-02-19 12:25:25.331851 +0900 JST m=+2634.565765639","errorInfo":null}
[Info]2018/02/19 12:25:25 acsessd /api/status.json
[Info]2018/02/19 12:25:25 {"hostname":"ksc-1x-dhcp-172-29-194-195.kwansei.ac.jp","hostid":"18d901f1-4a03-3ff1-ae34-c26b2732f13c","virtualizationSystem":"","total":8589934592,"available":2062024704,"usedPercent":75.994873046875,"diskIO":[{"name":"disk0","ioTime":1305829,"weightedIO":0}],"cpu":[{"cpu":"cpu0","user":4043.359375,"system":2250.59375,"idle":15240.1328125,"nice":0,"iowait":0,"irq":0,"softirq":0,"steal":0,"guest":0,"guestNice":0,"stolen":0},{"cpu":"cpu1","user":2426.265625,"system":991.140625,"idle":18115.859375,"nice":0,"iowait":0,"irq":0,"softirq":0,"steal":0,"guest":0,"guestNice":0,"stolen":0},{"cpu":"cpu2","user":3930.703125,"system":1981.3046875,"idle":15621.265625,"nice":0,"iowait":0,"irq":0,"softirq":0,"steal":0,"guest":0,"guestNice":0,"stolen":0},{"cpu":"cpu3","user":2461.2109375,"system":1004.1796875,"idle":18067.8828125,"nice":0,"iowait":0,"irq":0,"softirq":0,"steal":0,"guest":0,"guestNice":0,"stolen":0}],"time":"2018-02-19 12:25:25.838696 +0900 JST m=+2635.072609245","errorInfo":null}
[Info]2018/02/19 12:25:26 acsessd /api/status.json
[Info]2018/02/19 12:25:26 {"hostname":"ksc-1x-dhcp-172-29-194-195.kwansei.ac.jp","hostid":"18d901f1-4a03-3ff1-ae34-c26b2732f13c","virtualizationSystem":"","total":8589934592,"available":2061766656,"usedPercent":75.99787712097168,"diskIO":[{"name":"disk0","ioTime":1305829,"weightedIO":0}],"cpu":[{"cpu":"cpu0","user":4043.5390625,"system":2250.6171875,"idle":15240.3125,"nice":0,"iowait":0,"irq":0,"softirq":0,"steal":0,"guest":0,"guestNice":0,"stolen":0},{"cpu":"cpu1","user":2426.3203125,"system":991.1640625,"idle":18116.171875,"nice":0,"iowait":0,"irq":0,"softirq":0,"steal":0,"guest":0,"guestNice":0,"stolen":0},{"cpu":"cpu2","user":3930.9140625,"system":1981.3203125,"idle":15621.421875,"nice":0,"iowait":0,"irq":0,"softirq":0,"steal":0,"guest":0,"guestNice":0,"stolen":0},{"cpu":"cpu3","user":2461.2578125,"system":1004.1953125,"idle":18068.2109375,"nice":0,"iowait":0,"irq":0,"softirq":0,"steal":0,"guest":0,"guestNice":0,"stolen":0}],"time":"2018-02-19 12:25:26.333001 +0900 JST m=+2635.566914085","errorInfo":null}
[Info]2018/02/19 12:25:26 acsessd /api/status.json
[Info]2018/02/19 12:25:26 {"hostname":"ksc-1x-dhcp-172-29-194-195.kwansei.ac.jp","hostid":"18d901f1-4a03-3ff1-ae34-c26b2732f13c","virtualizationSystem":"","total":8589934592,"available":2060050432,"usedPercent":76.01785659790039,"diskIO":[{"name":"disk0","ioTime":1305829,"weightedIO":0}],"cpu":[{"cpu":"cpu0","user":4043.7578125,"system":2250.6640625,"idle":15240.453125,"nice":0,"iowait":0,"irq":0,"softirq":0,"steal":0,"guest":0,"guestNice":0,"stolen":0},{"cpu":"cpu1","user":2426.4453125,"system":991.1953125,"idle":18116.4140625,"nice":0,"iowait":0,"irq":0,"softirq":0,"steal":0,"guest":0,"guestNice":0,"stolen":0},{"cpu":"cpu2","user":3931.15625,"system":1981.3515625,"idle":15621.546875,"nice":0,"iowait":0,"irq":0,"softirq":0,"steal":0,"guest":0,"guestNice":0,"stolen":0},{"cpu":"cpu3","user":2461.375,"system":1004.21875,"idle":18068.4609375,"nice":0,"iowait":0,"irq":0,"softirq":0,"steal":0,"guest":0,"guestNice":0,"stolen":0}],"time":"2018-02-19 12:25:26.840357 +0900 JST m=+2636.074268722","errorInfo":null}
[Info]2018/02/19 12:25:27 acsessd /api/status.json
[Info]2018/02/19 12:25:27 {"hostname":"ksc-1x-dhcp-172-29-194-195.kwansei.ac.jp","hostid":"18d901f1-4a03-3ff1-ae34-c26b2732f13c","virtualizationSystem":"","total":8589934592,"available":2059542528,"usedPercent":76.02376937866211,"diskIO":[{"name":"disk0","ioTime":1305836,"weightedIO":0}],"cpu":[{"cpu":"cpu0","user":4044,"system":2250.6953125,"idle":15240.5625,"nice":0,"iowait":0,"irq":0,"softirq":0,"steal":0,"guest":0,"guestNice":0,"stolen":0},{"cpu":"cpu1","user":2426.5078125,"system":991.21875,"idle":18116.71875,"nice":0,"iowait":0,"irq":0,"softirq":0,"steal":0,"guest":0,"guestNice":0,"stolen":0},{"cpu":"cpu2","user":3931.34375,"system":1981.390625,"idle":15621.7109375,"nice":0,"iowait":0,"irq":0,"softirq":0,"steal":0,"guest":0,"guestNice":0,"stolen":0},{"cpu":"cpu3","user":2461.46875,"system":1004.25,"idle":18068.734375,"nice":0,"iowait":0,"irq":0,"softirq":0,"steal":0,"guest":0,"guestNice":0,"stolen":0}],"time":"2018-02-19 12:25:27.34429 +0900 JST m=+2636.578200736","errorInfo":null}
[Info]2018/02/19 12:25:27 acsessd /api/status.json
[Info]2018/02/19 12:25:27 {"hostname":"ksc-1x-dhcp-172-29-194-195.kwansei.ac.jp","hostid":"18d901f1-4a03-3ff1-ae34-c26b2732f13c","virtualizationSystem":"","total":8589934592,"available":2058813440,"usedPercent":76.03225708007812,"diskIO":[{"name":"disk0","ioTime":1305844,"weightedIO":0}],"cpu":[{"cpu":"cpu0","user":4044.2109375,"system":2250.75,"idle":15240.703125,"nice":0,"iowait":0,"irq":0,"softirq":0,"steal":0,"guest":0,"guestNice":0,"stolen":0},{"cpu":"cpu1","user":2426.609375,"system":991.2734375,"idle":18116.9609375,"nice":0,"iowait":0,"irq":0,"softirq":0,"steal":0,"guest":0,"guestNice":0,"stolen":0},{"cpu":"cpu2","user":3931.578125,"system":1981.453125,"idle":15621.8125,"nice":0,"iowait":0,"irq":0,"softirq":0,"steal":0,"guest":0,"guestNice":0,"stolen":0},{"cpu":"cpu3","user":2461.5859375,"system":1004.2890625,"idle":18068.96875,"nice":0,"iowait":0,"irq":0,"softirq":0,"steal":0,"guest":0,"guestNice":0,"stolen":0}],"time":"2018-02-19 12:25:27.855937 +0900 JST m=+2637.089847246","errorInfo":null}
[Info]2018/02/19 12:25:28 acsessd /api/status.json
[Info]2018/02/19 12:25:28 {"hostname":"ksc-1x-dhcp-172-29-194-195.kwansei.ac.jp","hostid":"18d901f1-4a03-3ff1-ae34-c26b2732f13c","virtualizationSystem":"","total":8589934592,"available":2058547200,"usedPercent":76.03535652160645,"diskIO":[{"name":"disk0","ioTime":1305844,"weightedIO":0}],"cpu":[{"cpu":"cpu0","user":4044.3984375,"system":2250.796875,"idle":15240.84375,"nice":0,"iowait":0,"irq":0,"softirq":0,"steal":0,"guest":0,"guestNice":0,"stolen":0},{"cpu":"cpu1","user":2426.6875,"system":991.3046875,"idle":18117.234375,"nice":0,"iowait":0,"irq":0,"softirq":0,"steal":0,"guest":0,"guestNice":0,"stolen":0},{"cpu":"cpu2","user":3931.78125,"system":1981.5,"idle":15621.953125,"nice":0,"iowait":0,"irq":0,"softirq":0,"steal":0,"guest":0,"guestNice":0,"stolen":0},{"cpu":"cpu3","user":2461.640625,"system":1004.3203125,"idle":18069.265625,"nice":0,"iowait":0,"irq":0,"softirq":0,"steal":0,"guest":0,"guestNice":0,"stolen":0}],"time":"2018-02-19 12:25:28.344481 +0900 JST m=+2637.578389449","errorInfo":null}
[Info]2018/02/19 12:25:28 acsessd /api/status.json
[Info]2018/02/19 12:25:28 {"hostname":"ksc-1x-dhcp-172-29-194-195.kwansei.ac.jp","hostid":"18d901f1-4a03-3ff1-ae34-c26b2732f13c","virtualizationSystem":"","total":8589934592,"available":2066964480,"usedPercent":75.9373664855957,"diskIO":[{"name":"disk0","ioTime":1305851,"weightedIO":0}],"cpu":[{"cpu":"cpu0","user":4044.671875,"system":2250.8203125,"idle":15240.9453125,"nice":0,"iowait":0,"irq":0,"softirq":0,"steal":0,"guest":0,"guestNice":0,"stolen":0},{"cpu":"cpu1","user":2426.765625,"system":991.328125,"idle":18117.53125,"nice":0,"iowait":0,"irq":0,"softirq":0,"steal":0,"guest":0,"guestNice":0,"stolen":0},{"cpu":"cpu2","user":3931.9765625,"system":1981.5234375,"idle":15622.125,"nice":0,"iowait":0,"irq":0,"softirq":0,"steal":0,"guest":0,"guestNice":0,"stolen":0},{"cpu":"cpu3","user":2461.734375,"system":1004.3359375,"idle":18069.546875,"nice":0,"iowait":0,"irq":0,"softirq":0,"steal":0,"guest":0,"guestNice":0,"stolen":0}],"time":"2018-02-19 12:25:28.845652 +0900 JST m=+2638.079560025","errorInfo":null}
[Info]2018/02/19 12:25:29 acsessd /api/status.json
[Info]2018/02/19 12:25:29 {"hostname":"ksc-1x-dhcp-172-29-194-195.kwansei.ac.jp","hostid":"18d901f1-4a03-3ff1-ae34-c26b2732f13c","virtualizationSystem":"","total":8589934592,"available":2066964480,"usedPercent":75.9373664855957,"diskIO":[{"name":"disk0","ioTime":1305859,"weightedIO":0}],"cpu":[{"cpu":"cpu0","user":4044.7890625,"system":2250.8515625,"idle":15241.1796875,"nice":0,"iowait":0,"irq":0,"softirq":0,"steal":0,"guest":0,"guestNice":0,"stolen":0},{"cpu":"cpu1","user":2426.796875,"system":991.34375,"idle":18117.8671875,"nice":0,"iowait":0,"irq":0,"softirq":0,"steal":0,"guest":0,"guestNice":0,"stolen":0},{"cpu":"cpu2","user":3932.2578125,"system":1981.53125,"idle":15622.21875,"nice":0,"iowait":0,"irq":0,"softirq":0,"steal":0,"guest":0,"guestNice":0,"stolen":0},{"cpu":"cpu3","user":2461.7734375,"system":1004.3515625,"idle":18069.8828125,"nice":0,"iowait":0,"irq":0,"softirq":0,"steal":0,"guest":0,"guestNice":0,"stolen":0}],"time":"2018-02-19 12:25:29.3395 +0900 JST m=+2638.573407281","errorInfo":null}
[Info]2018/02/19 12:25:29 acsessd /api/status.json
[Info]2018/02/19 12:25:29 {"hostname":"ksc-1x-dhcp-172-29-194-195.kwansei.ac.jp","hostid":"18d901f1-4a03-3ff1-ae34-c26b2732f13c","virtualizationSystem":"","total":8589934592,"available":2075115520,"usedPercent":75.84247589111328,"diskIO":[{"name":"disk0","ioTime":1305882,"weightedIO":0}],"cpu":[{"cpu":"cpu0","user":4045.03125,"system":2250.890625,"idle":15241.3203125,"nice":0,"iowait":0,"irq":0,"softirq":0,"steal":0,"guest":0,"guestNice":0,"stolen":0},{"cpu":"cpu1","user":2426.953125,"system":991.375,"idle":18118.09375,"nice":0,"iowait":0,"irq":0,"softirq":0,"steal":0,"guest":0,"guestNice":0,"stolen":0},{"cpu":"cpu2","user":3932.5625,"system":1981.5703125,"idle":15622.296875,"nice":0,"iowait":0,"irq":0,"softirq":0,"steal":0,"guest":0,"guestNice":0,"stolen":0},{"cpu":"cpu3","user":2461.921875,"system":1004.3828125,"idle":18070.109375,"nice":0,"iowait":0,"irq":0,"softirq":0,"steal":0,"guest":0,"guestNice":0,"stolen":0}],"time":"2018-02-19 12:25:29.868952 +0900 JST m=+2639.102857442","errorInfo":null}
[Info]2018/02/19 12:25:30 acsessd /api/status.json
[Info]2018/02/19 12:25:30 {"hostname":"ksc-1x-dhcp-172-29-194-195.kwansei.ac.jp","hostid":"18d901f1-4a03-3ff1-ae34-c26b2732f13c","virtualizationSystem":"","total":8589934592,"available":2072023040,"usedPercent":75.87847709655762,"diskIO":[{"name":"disk0","ioTime":1305884,"weightedIO":0}],"cpu":[{"cpu":"cpu0","user":4045.265625,"system":2250.9140625,"idle":15241.4296875,"nice":0,"iowait":0,"irq":0,"softirq":0,"steal":0,"guest":0,"guestNice":0,"stolen":0},{"cpu":"cpu1","user":2427.015625,"system":991.3984375,"idle":18118.375,"nice":0,"iowait":0,"irq":0,"softirq":0,"steal":0,"guest":0,"guestNice":0,"stolen":0},{"cpu":"cpu2","user":3932.7421875,"system":1981.578125,"idle":15622.46875,"nice":0,"iowait":0,"irq":0,"softirq":0,"steal":0,"guest":0,"guestNice":0,"stolen":0},{"cpu":"cpu3","user":2461.9921875,"system":1004.3984375,"idle":18070.40625,"nice":0,"iowait":0,"irq":0,"softirq":0,"steal":0,"guest":0,"guestNice":0,"stolen":0}],"time":"2018-02-19 12:25:30.349067 +0900 JST m=+2639.582972065","errorInfo":null}
[Info]2018/02/19 12:25:30 acsessd /api/status.json
[Info]2018/02/19 12:25:30 {"hostname":"ksc-1x-dhcp-172-29-194-195.kwansei.ac.jp","hostid":"18d901f1-4a03-3ff1-ae34-c26b2732f13c","virtualizationSystem":"","total":8589934592,"available":2071793664,"usedPercent":75.88114738464355,"diskIO":[{"name":"disk0","ioTime":1305906,"weightedIO":0}],"cpu":[{"cpu":"cpu0","user":4045.4453125,"system":2250.9375,"idle":15241.6171875,"nice":0,"iowait":0,"irq":0,"softirq":0,"steal":0,"guest":0,"guestNice":0,"stolen":0},{"cpu":"cpu1","user":2427.109375,"system":991.421875,"idle":18118.6640625,"nice":0,"iowait":0,"irq":0,"softirq":0,"steal":0,"guest":0,"guestNice":0,"stolen":0},{"cpu":"cpu2","user":3932.984375,"system":1981.6015625,"idle":15622.609375,"nice":0,"iowait":0,"irq":0,"softirq":0,"steal":0,"guest":0,"guestNice":0,"stolen":0},{"cpu":"cpu3","user":2462.0859375,"system":1004.421875,"idle":18070.6796875,"nice":0,"iowait":0,"irq":0,"softirq":0,"steal":0,"guest":0,"guestNice":0,"stolen":0}],"time":"2018-02-19 12:25:30.855113 +0900 JST m=+2640.089016886","errorInfo":null}
[Info]2018/02/19 12:25:31 acsessd /api/status.json
[Info]2018/02/19 12:25:31 {"hostname":"ksc-1x-dhcp-172-29-194-195.kwansei.ac.jp","hostid":"18d901f1-4a03-3ff1-ae34-c26b2732f13c","virtualizationSystem":"","total":8589934592,"available":2071269376,"usedPercent":75.88725090026855,"diskIO":[{"name":"disk0","ioTime":1305929,"weightedIO":0}],"cpu":[{"cpu":"cpu0","user":4045.640625,"system":2250.9609375,"idle":15241.796875,"nice":0,"iowait":0,"irq":0,"softirq":0,"steal":0,"guest":0,"guestNice":0,"stolen":0},{"cpu":"cpu1","user":2427.203125,"system":991.4375,"idle":18118.9453125,"nice":0,"iowait":0,"irq":0,"softirq":0,"steal":0,"guest":0,"guestNice":0,"stolen":0},{"cpu":"cpu2","user":3933.203125,"system":1981.6328125,"idle":15622.75,"nice":0,"iowait":0,"irq":0,"softirq":0,"steal":0,"guest":0,"guestNice":0,"stolen":0},{"cpu":"cpu3","user":2462.15625,"system":1004.453125,"idle":18070.96875,"nice":0,"iowait":0,"irq":0,"softirq":0,"steal":0,"guest":0,"guestNice":0,"stolen":0}],"time":"2018-02-19 12:25:31.358618 +0900 JST m=+2640.592520724","errorInfo":null}
[Info]2018/02/19 12:25:31 acsessd /api/status.json
[Info]2018/02/19 12:25:31 {"hostname":"ksc-1x-dhcp-172-29-194-195.kwansei.ac.jp","hostid":"18d901f1-4a03-3ff1-ae34-c26b2732f13c","virtualizationSystem":"","total":8589934592,"available":2086666240,"usedPercent":75.7080078125,"diskIO":[{"name":"disk0","ioTime":1305974,"weightedIO":0}],"cpu":[{"cpu":"cpu0","user":4045.859375,"system":2251,"idle":15241.9375,"nice":0,"iowait":0,"irq":0,"softirq":0,"steal":0,"guest":0,"guestNice":0,"stolen":0},{"cpu":"cpu1","user":2427.2890625,"system":991.46875,"idle":18119.21875,"nice":0,"iowait":0,"irq":0,"softirq":0,"steal":0,"guest":0,"guestNice":0,"stolen":0},{"cpu":"cpu2","user":3933.4453125,"system":1981.6640625,"idle":15622.875,"nice":0,"iowait":0,"irq":0,"softirq":0,"steal":0,"guest":0,"guestNice":0,"stolen":0},{"cpu":"cpu3","user":2462.25,"system":1004.484375,"idle":18071.2421875,"nice":0,"iowait":0,"irq":0,"softirq":0,"steal":0,"guest":0,"guestNice":0,"stolen":0}],"time":"2018-02-19 12:25:31.866227 +0900 JST m=+2641.100128155","errorInfo":null}
[Info]2018/02/19 12:25:32 acsessd /api/status.json
[Info]2018/02/19 12:25:32 {"hostname":"ksc-1x-dhcp-172-29-194-195.kwansei.ac.jp","hostid":"18d901f1-4a03-3ff1-ae34-c26b2732f13c","virtualizationSystem":"","total":8589934592,"available":2086961152,"usedPercent":75.70457458496094,"diskIO":[{"name":"disk0","ioTime":1305978,"weightedIO":0}],"cpu":[{"cpu":"cpu0","user":4046.09375,"system":2251.0234375,"idle":15242.0625,"nice":0,"iowait":0,"irq":0,"softirq":0,"steal":0,"guest":0,"guestNice":0,"stolen":0},{"cpu":"cpu1","user":2427.3671875,"system":991.4921875,"idle":18119.5078125,"nice":0,"iowait":0,"irq":0,"softirq":0,"steal":0,"guest":0,"guestNice":0,"stolen":0},{"cpu":"cpu2","user":3933.640625,"system":1981.71875,"idle":15623.015625,"nice":0,"iowait":0,"irq":0,"softirq":0,"steal":0,"guest":0,"guestNice":0,"stolen":0},{"cpu":"cpu3","user":2462.328125,"system":1004.53125,"idle":18071.5078125,"nice":0,"iowait":0,"irq":0,"softirq":0,"steal":0,"guest":0,"guestNice":0,"stolen":0}],"time":"2018-02-19 12:25:32.364815 +0900 JST m=+2641.598715871","errorInfo":null}
[Info]2018/02/19 12:25:32 acsessd /api/status.json
[Info]2018/02/19 12:25:32 {"hostname":"ksc-1x-dhcp-172-29-194-195.kwansei.ac.jp","hostid":"18d901f1-4a03-3ff1-ae34-c26b2732f13c","virtualizationSystem":"","total":8589934592,"available":2086313984,"usedPercent":75.71210861206055,"diskIO":[{"name":"disk0","ioTime":1305994,"weightedIO":0}],"cpu":[{"cpu":"cpu0","user":4046.34375,"system":2251.078125,"idle":15242.171875,"nice":0,"iowait":0,"irq":0,"softirq":0,"steal":0,"guest":0,"guestNice":0,"stolen":0},{"cpu":"cpu1","user":2427.4609375,"system":991.53125,"idle":18119.78125,"nice":0,"iowait":0,"irq":0,"softirq":0,"steal":0,"guest":0,"guestNice":0,"stolen":0},{"cpu":"cpu2","user":3933.8359375,"system":1981.7734375,"idle":15623.171875,"nice":0,"iowait":0,"irq":0,"softirq":0,"steal":0,"guest":0,"guestNice":0,"stolen":0},{"cpu":"cpu3","user":2462.4296875,"system":1004.5703125,"idle":18071.78125,"nice":0,"iowait":0,"irq":0,"softirq":0,"steal":0,"guest":0,"guestNice":0,"stolen":0}],"time":"2018-02-19 12:25:32.886596 +0900 JST m=+2642.120495921","errorInfo":null}
[Info]2018/02/19 12:25:33 acsessd /api/status.json
[Info]2018/02/19 12:25:33 {"hostname":"ksc-1x-dhcp-172-29-194-195.kwansei.ac.jp","hostid":"18d901f1-4a03-3ff1-ae34-c26b2732f13c","virtualizationSystem":"","total":8589934592,"available":2083631104,"usedPercent":75.74334144592285,"diskIO":[{"name":"disk0","ioTime":1306043,"weightedIO":0}],"cpu":[{"cpu":"cpu0","user":4046.59375,"system":2251.1171875,"idle":15242.2890625,"nice":0,"iowait":0,"irq":0,"softirq":0,"steal":0,"guest":0,"guestNice":0,"stolen":0},{"cpu":"cpu1","user":2427.5546875,"system":991.578125,"idle":18120.046875,"nice":0,"iowait":0,"irq":0,"softirq":0,"steal":0,"guest":0,"guestNice":0,"stolen":0},{"cpu":"cpu2","user":3934.046875,"system":1981.8515625,"idle":15623.2890625,"nice":0,"iowait":0,"irq":0,"softirq":0,"steal":0,"guest":0,"guestNice":0,"stolen":0},{"cpu":"cpu3","user":2462.4921875,"system":1004.625,"idle":18072.0625,"nice":0,"iowait":0,"irq":0,"softirq":0,"steal":0,"guest":0,"guestNice":0,"stolen":0}],"time":"2018-02-19 12:25:33.401195 +0900 JST m=+2642.635093779","errorInfo":null}
[Info]2018/02/19 12:25:33 acsessd /api/status.json
[Info]2018/02/19 12:25:33 {"hostname":"ksc-1x-dhcp-172-29-194-195.kwansei.ac.jp","hostid":"18d901f1-4a03-3ff1-ae34-c26b2732f13c","virtualizationSystem":"","total":8589934592,"available":2076200960,"usedPercent":75.8298397064209,"diskIO":[{"name":"disk0","ioTime":1306067,"weightedIO":0}],"cpu":[{"cpu":"cpu0","user":4046.828125,"system":2251.15625,"idle":15242.3828125,"nice":0,"iowait":0,"irq":0,"softirq":0,"steal":0,"guest":0,"guestNice":0,"stolen":0},{"cpu":"cpu1","user":2427.75,"system":991.6171875,"idle":18120.1875,"nice":0,"iowait":0,"irq":0,"softirq":0,"steal":0,"guest":0,"guestNice":0,"stolen":0},{"cpu":"cpu2","user":3934.2890625,"system":1981.90625,"idle":15623.359375,"nice":0,"iowait":0,"irq":0,"softirq":0,"steal":0,"guest":0,"guestNice":0,"stolen":0},{"cpu":"cpu3","user":2462.6796875,"system":1004.6640625,"idle":18072.203125,"nice":0,"iowait":0,"irq":0,"softirq":0,"steal":0,"guest":0,"guestNice":0,"stolen":0}],"time":"2018-02-19 12:25:33.876539 +0900 JST m=+2643.110437115","errorInfo":null}
[Info]2018/02/19 12:25:34 acsessd /api/status.json
[Info]2018/02/19 12:25:34 {"hostname":"ksc-1x-dhcp-172-29-194-195.kwansei.ac.jp","hostid":"18d901f1-4a03-3ff1-ae34-c26b2732f13c","virtualizationSystem":"","total":8589934592,"available":2027036672,"usedPercent":76.40218734741211,"diskIO":[{"name":"disk0","ioTime":1306099,"weightedIO":0}],"cpu":[{"cpu":"cpu0","user":4047.109375,"system":2251.2578125,"idle":15242.4140625,"nice":0,"iowait":0,"irq":0,"softirq":0,"steal":0,"guest":0,"guestNice":0,"stolen":0},{"cpu":"cpu1","user":2428,"system":991.6953125,"idle":18120.2734375,"nice":0,"iowait":0,"irq":0,"softirq":0,"steal":0,"guest":0,"guestNice":0,"stolen":0},{"cpu":"cpu2","user":3934.578125,"system":1981.9921875,"idle":15623.390625,"nice":0,"iowait":0,"irq":0,"softirq":0,"steal":0,"guest":0,"guestNice":0,"stolen":0},{"cpu":"cpu3","user":2462.9453125,"system":1004.7421875,"idle":18072.28125,"nice":0,"iowait":0,"irq":0,"softirq":0,"steal":0,"guest":0,"guestNice":0,"stolen":0}],"time":"2018-02-19 12:25:34.405709 +0900 JST m=+2643.639605911","errorInfo":null}
[Info]2018/02/19 12:25:34 acsessd /api/status.json
[Info]2018/02/19 12:25:34 {"hostname":"ksc-1x-dhcp-172-29-194-195.kwansei.ac.jp","hostid":"18d901f1-4a03-3ff1-ae34-c26b2732f13c","virtualizationSystem":"","total":8589934592,"available":2027143168,"usedPercent":76.40094757080078,"diskIO":[{"name":"disk0","ioTime":1306112,"weightedIO":0}],"cpu":[{"cpu":"cpu0","user":4047.2890625,"system":2251.28125,"idle":15242.5703125,"nice":0,"iowait":0,"irq":0,"softirq":0,"steal":0,"guest":0,"guestNice":0,"stolen":0},{"cpu":"cpu1","user":2428.1015625,"system":991.71875,"idle":18120.515625,"nice":0,"iowait":0,"irq":0,"softirq":0,"steal":0,"guest":0,"guestNice":0,"stolen":0},{"cpu":"cpu2","user":3934.7890625,"system":1982.0234375,"idle":15623.515625,"nice":0,"iowait":0,"irq":0,"softirq":0,"steal":0,"guest":0,"guestNice":0,"stolen":0},{"cpu":"cpu3","user":2463.046875,"system":1004.765625,"idle":18072.515625,"nice":0,"iowait":0,"irq":0,"softirq":0,"steal":0,"guest":0,"guestNice":0,"stolen":0}],"time":"2018-02-19 12:25:34.870418 +0900 JST m=+2644.104314338","errorInfo":null}
[Info]2018/02/19 12:25:35 acsessd /api/status.json
[Info]2018/02/19 12:25:35 {"hostname":"ksc-1x-dhcp-172-29-194-195.kwansei.ac.jp","hostid":"18d901f1-4a03-3ff1-ae34-c26b2732f13c","virtualizationSystem":"","total":8589934592,"available":2027220992,"usedPercent":76.4000415802002,"diskIO":[{"name":"disk0","ioTime":1306138,"weightedIO":0}],"cpu":[{"cpu":"cpu0","user":4047.5,"system":2251.296875,"idle":15242.734375,"nice":0,"iowait":0,"irq":0,"softirq":0,"steal":0,"guest":0,"guestNice":0,"stolen":0},{"cpu":"cpu1","user":2428.171875,"system":991.734375,"idle":18120.8046875,"nice":0,"iowait":0,"irq":0,"softirq":0,"steal":0,"guest":0,"guestNice":0,"stolen":0},{"cpu":"cpu2","user":3935.0078125,"system":1982.0546875,"idle":15623.65625,"nice":0,"iowait":0,"irq":0,"softirq":0,"steal":0,"guest":0,"guestNice":0,"stolen":0},{"cpu":"cpu3","user":2463.1015625,"system":1004.78125,"idle":18072.8359375,"nice":0,"iowait":0,"irq":0,"softirq":0,"steal":0,"guest":0,"guestNice":0,"stolen":0}],"time":"2018-02-19 12:25:35.367388 +0900 JST m=+2644.601283178","errorInfo":null}
[Info]2018/02/19 12:25:35 acsessd /api/status.json
[Info]2018/02/19 12:25:35 {"hostname":"ksc-1x-dhcp-172-29-194-195.kwansei.ac.jp","hostid":"18d901f1-4a03-3ff1-ae34-c26b2732f13c","virtualizationSystem":"","total":8589934592,"available":2026795008,"usedPercent":76.40500068664551,"diskIO":[{"name":"disk0","ioTime":1306138,"weightedIO":0}],"cpu":[{"cpu":"cpu0","user":4047.6953125,"system":2251.328125,"idle":15242.8984375,"nice":0,"iowait":0,"irq":0,"softirq":0,"steal":0,"guest":0,"guestNice":0,"stolen":0},{"cpu":"cpu1","user":2428.2421875,"system":991.765625,"idle":18121.1015625,"nice":0,"iowait":0,"irq":0,"softirq":0,"steal":0,"guest":0,"guestNice":0,"stolen":0},{"cpu":"cpu2","user":3935.2421875,"system":1982.0859375,"idle":15623.7890625,"nice":0,"iowait":0,"irq":0,"softirq":0,"steal":0,"guest":0,"guestNice":0,"stolen":0},{"cpu":"cpu3","user":2463.1796875,"system":1004.796875,"idle":18073.1328125,"nice":0,"iowait":0,"irq":0,"softirq":0,"steal":0,"guest":0,"guestNice":0,"stolen":0}],"time":"2018-02-19 12:25:35.872437 +0900 JST m=+2645.106331553","errorInfo":null}
[Info]2018/02/19 12:25:36 acsessd /api/status.json
[Info]2018/02/19 12:25:36 {"hostname":"ksc-1x-dhcp-172-29-194-195.kwansei.ac.jp","hostid":"18d901f1-4a03-3ff1-ae34-c26b2732f13c","virtualizationSystem":"","total":8589934592,"available":2026561536,"usedPercent":76.40771865844727,"diskIO":[{"name":"disk0","ioTime":1306147,"weightedIO":0}],"cpu":[{"cpu":"cpu0","user":4047.90625,"system":2251.3515625,"idle":15243.0703125,"nice":0,"iowait":0,"irq":0,"softirq":0,"steal":0,"guest":0,"guestNice":0,"stolen":0},{"cpu":"cpu1","user":2428.296875,"system":991.7890625,"idle":18121.4296875,"nice":0,"iowait":0,"irq":0,"softirq":0,"steal":0,"guest":0,"guestNice":0,"stolen":0},{"cpu":"cpu2","user":3935.453125,"system":1982.109375,"idle":15623.953125,"nice":0,"iowait":0,"irq":0,"softirq":0,"steal":0,"guest":0,"guestNice":0,"stolen":0},{"cpu":"cpu3","user":2463.2421875,"system":1004.828125,"idle":18073.4453125,"nice":0,"iowait":0,"irq":0,"softirq":0,"steal":0,"guest":0,"guestNice":0,"stolen":0}],"time":"2018-02-19 12:25:36.3878 +0900 JST m=+2645.621693096","errorInfo":null}
[Info]2018/02/19 12:25:36 acsessd /api/status.json
[Info]2018/02/19 12:25:36 {"hostname":"ksc-1x-dhcp-172-29-194-195.kwansei.ac.jp","hostid":"18d901f1-4a03-3ff1-ae34-c26b2732f13c","virtualizationSystem":"","total":8589934592,"available":2025701376,"usedPercent":76.41773223876953,"diskIO":[{"name":"disk0","ioTime":1306163,"weightedIO":0}],"cpu":[{"cpu":"cpu0","user":4048.109375,"system":2251.3828125,"idle":15243.21875,"nice":0,"iowait":0,"irq":0,"softirq":0,"steal":0,"guest":0,"guestNice":0,"stolen":0},{"cpu":"cpu1","user":2428.3515625,"system":991.8125,"idle":18121.7265625,"nice":0,"iowait":0,"irq":0,"softirq":0,"steal":0,"guest":0,"guestNice":0,"stolen":0},{"cpu":"cpu2","user":3935.6640625,"system":1982.1328125,"idle":15624.109375,"nice":0,"iowait":0,"irq":0,"softirq":0,"steal":0,"guest":0,"guestNice":0,"stolen":0},{"cpu":"cpu3","user":2463.3203125,"system":1004.84375,"idle":18073.734375,"nice":0,"iowait":0,"irq":0,"softirq":0,"steal":0,"guest":0,"guestNice":0,"stolen":0}],"time":"2018-02-19 12:25:36.881664 +0900 JST m=+2646.115556416","errorInfo":null}
[Info]2018/02/19 12:25:37 acsessd /api/status.json
[Info]2018/02/19 12:25:37 {"hostname":"ksc-1x-dhcp-172-29-194-195.kwansei.ac.jp","hostid":"18d901f1-4a03-3ff1-ae34-c26b2732f13c","virtualizationSystem":"","total":8589934592,"available":2029592576,"usedPercent":76.37243270874023,"diskIO":[{"name":"disk0","ioTime":1306178,"weightedIO":0}],"cpu":[{"cpu":"cpu0","user":4048.296875,"system":2251.4375,"idle":15243.375,"nice":0,"iowait":0,"irq":0,"softirq":0,"steal":0,"guest":0,"guestNice":0,"stolen":0},{"cpu":"cpu1","user":2428.4140625,"system":991.84375,"idle":18122.03125,"nice":0,"iowait":0,"irq":0,"softirq":0,"steal":0,"guest":0,"guestNice":0,"stolen":0},{"cpu":"cpu2","user":3935.890625,"system":1982.15625,"idle":15624.2421875,"nice":0,"iowait":0,"irq":0,"softirq":0,"steal":0,"guest":0,"guestNice":0,"stolen":0},{"cpu":"cpu3","user":2463.3828125,"system":1004.8671875,"idle":18074.046875,"nice":0,"iowait":0,"irq":0,"softirq":0,"steal":0,"guest":0,"guestNice":0,"stolen":0}],"time":"2018-02-19 12:25:37.383307 +0900 JST m=+2646.617198161","errorInfo":null}
[Info]2018/02/19 12:25:37 acsessd /api/status.json
[Info]2018/02/19 12:25:37 {"hostname":"ksc-1x-dhcp-172-29-194-195.kwansei.ac.jp","hostid":"18d901f1-4a03-3ff1-ae34-c26b2732f13c","virtualizationSystem":"","total":8589934592,"available":2028118016,"usedPercent":76.38959884643555,"diskIO":[{"name":"disk0","ioTime":1306202,"weightedIO":0}],"cpu":[{"cpu":"cpu0","user":4048.4609375,"system":2251.4921875,"idle":15243.546875,"nice":0,"iowait":0,"irq":0,"softirq":0,"steal":0,"guest":0,"guestNice":0,"stolen":0},{"cpu":"cpu1","user":2428.515625,"system":991.890625,"idle":18122.2890625,"nice":0,"iowait":0,"irq":0,"softirq":0,"steal":0,"guest":0,"guestNice":0,"stolen":0},{"cpu":"cpu2","user":3936.140625,"system":1982.1953125,"idle":15624.3515625,"nice":0,"iowait":0,"irq":0,"softirq":0,"steal":0,"guest":0,"guestNice":0,"stolen":0},{"cpu":"cpu3","user":2463.46875,"system":1004.8984375,"idle":18074.3203125,"nice":0,"iowait":0,"irq":0,"softirq":0,"steal":0,"guest":0,"guestNice":0,"stolen":0}],"time":"2018-02-19 12:25:37.893324 +0900 JST m=+2647.127213977","errorInfo":null}
[Info]2018/02/19 12:25:38 acsessd /api/status.json
[Info]2018/02/19 12:25:38 {"hostname":"ksc-1x-dhcp-172-29-194-195.kwansei.ac.jp","hostid":"18d901f1-4a03-3ff1-ae34-c26b2732f13c","virtualizationSystem":"","total":8589934592,"available":2028351488,"usedPercent":76.38688087463379,"diskIO":[{"name":"disk0","ioTime":1306209,"weightedIO":0}],"cpu":[{"cpu":"cpu0","user":4048.625,"system":2251.546875,"idle":15243.71875,"nice":0,"iowait":0,"irq":0,"softirq":0,"steal":0,"guest":0,"guestNice":0,"stolen":0},{"cpu":"cpu1","user":2428.5859375,"system":991.921875,"idle":18122.5625,"nice":0,"iowait":0,"irq":0,"softirq":0,"steal":0,"guest":0,"guestNice":0,"stolen":0},{"cpu":"cpu2","user":3936.4296875,"system":1982.21875,"idle":15624.421875,"nice":0,"iowait":0,"irq":0,"softirq":0,"steal":0,"guest":0,"guestNice":0,"stolen":0},{"cpu":"cpu3","user":2463.546875,"system":1004.9296875,"idle":18074.6015625,"nice":0,"iowait":0,"irq":0,"softirq":0,"steal":0,"guest":0,"guestNice":0,"stolen":0}],"time":"2018-02-19 12:25:38.390562 +0900 JST m=+2647.624451438","errorInfo":null}
[Info]2018/02/19 12:25:38 acsessd /api/status.json
[Info]2018/02/19 12:25:39 {"hostname":"ksc-1x-dhcp-172-29-194-195.kwansei.ac.jp","hostid":"18d901f1-4a03-3ff1-ae34-c26b2732f13c","virtualizationSystem":"","total":8589934592,"available":2030735360,"usedPercent":76.35912895202637,"diskIO":[{"name":"disk0","ioTime":1306226,"weightedIO":0}],"cpu":[{"cpu":"cpu0","user":4048.953125,"system":2251.5859375,"idle":15243.8359375,"nice":0,"iowait":0,"irq":0,"softirq":0,"steal":0,"guest":0,"guestNice":0,"stolen":0},{"cpu":"cpu1","user":2428.7734375,"system":991.96875,"idle":18122.828125,"nice":0,"iowait":0,"irq":0,"softirq":0,"steal":0,"guest":0,"guestNice":0,"stolen":0},{"cpu":"cpu2","user":3936.7421875,"system":1982.2734375,"idle":15624.5546875,"nice":0,"iowait":0,"irq":0,"softirq":0,"steal":0,"guest":0,"guestNice":0,"stolen":0},{"cpu":"cpu3","user":2463.734375,"system":1004.9765625,"idle":18074.8515625,"nice":0,"iowait":0,"irq":0,"softirq":0,"steal":0,"guest":0,"guestNice":0,"stolen":0}],"time":"2018-02-19 12:25:39.021486 +0900 JST m=+2648.255374169","errorInfo":null}
[Info]2018/02/19 12:25:39 acsessd /api/status.json
[Info]2018/02/19 12:25:39 {"hostname":"ksc-1x-dhcp-172-29-194-195.kwansei.ac.jp","hostid":"18d901f1-4a03-3ff1-ae34-c26b2732f13c","virtualizationSystem":"","total":8589934592,"available":2021171200,"usedPercent":76.4704704284668,"diskIO":[{"name":"disk0","ioTime":1306248,"weightedIO":0}],"cpu":[{"cpu":"cpu0","user":4049.203125,"system":2251.6640625,"idle":15243.8828125,"nice":0,"iowait":0,"irq":0,"softirq":0,"steal":0,"guest":0,"guestNice":0,"stolen":0},{"cpu":"cpu1","user":2429.015625,"system":992.015625,"idle":18122.90625,"nice":0,"iowait":0,"irq":0,"softirq":0,"steal":0,"guest":0,"guestNice":0,"stolen":0},{"cpu":"cpu2","user":3937.0390625,"system":1982.3203125,"idle":15624.578125,"nice":0,"iowait":0,"irq":0,"softirq":0,"steal":0,"guest":0,"guestNice":0,"stolen":0},{"cpu":"cpu3","user":2463.9609375,"system":1005.03125,"idle":18074.9453125,"nice":0,"iowait":0,"irq":0,"softirq":0,"steal":0,"guest":0,"guestNice":0,"stolen":0}],"time":"2018-02-19 12:25:39.484158 +0900 JST m=+2648.718045196","errorInfo":null}
[Info]2018/02/19 12:25:39 acsessd /api/status.json
[Info]2018/02/19 12:25:39 {"hostname":"ksc-1x-dhcp-172-29-194-195.kwansei.ac.jp","hostid":"18d901f1-4a03-3ff1-ae34-c26b2732f13c","virtualizationSystem":"","total":8589934592,"available":1987567616,"usedPercent":76.86166763305664,"diskIO":[{"name":"disk0","ioTime":1306264,"weightedIO":0}],"cpu":[{"cpu":"cpu0","user":4049.3671875,"system":2251.6953125,"idle":15244.0234375,"nice":0,"iowait":0,"irq":0,"softirq":0,"steal":0,"guest":0,"guestNice":0,"stolen":0},{"cpu":"cpu1","user":2429.1484375,"system":992.0390625,"idle":18123.0859375,"nice":0,"iowait":0,"irq":0,"softirq":0,"steal":0,"guest":0,"guestNice":0,"stolen":0},{"cpu":"cpu2","user":3937.2890625,"system":1982.3515625,"idle":15624.640625,"nice":0,"iowait":0,"irq":0,"softirq":0,"steal":0,"guest":0,"guestNice":0,"stolen":0},{"cpu":"cpu3","user":2464.0859375,"system":1005.0625,"idle":18075.1328125,"nice":0,"iowait":0,"irq":0,"softirq":0,"steal":0,"guest":0,"guestNice":0,"stolen":0}],"time":"2018-02-19 12:25:39.926504 +0900 JST m=+2649.160390737","errorInfo":null}
[Info]2018/02/19 12:25:40 acsessd /api/status.json
[Info]2018/02/19 12:25:40 {"hostname":"ksc-1x-dhcp-172-29-194-195.kwansei.ac.jp","hostid":"18d901f1-4a03-3ff1-ae34-c26b2732f13c","virtualizationSystem":"","total":8589934592,"available":1978372096,"usedPercent":76.96871757507324,"diskIO":[{"name":"disk0","ioTime":1306272,"weightedIO":0}],"cpu":[{"cpu":"cpu0","user":4049.65625,"system":2251.7421875,"idle":15244.0703125,"nice":0,"iowait":0,"irq":0,"softirq":0,"steal":0,"guest":0,"guestNice":0,"stolen":0},{"cpu":"cpu1","user":2429.3046875,"system":992.0703125,"idle":18123.2734375,"nice":0,"iowait":0,"irq":0,"softirq":0,"steal":0,"guest":0,"guestNice":0,"stolen":0},{"cpu":"cpu2","user":3937.59375,"system":1982.375,"idle":15624.6796875,"nice":0,"iowait":0,"irq":0,"softirq":0,"steal":0,"guest":0,"guestNice":0,"stolen":0},{"cpu":"cpu3","user":2464.21875,"system":1005.09375,"idle":18075.3359375,"nice":0,"iowait":0,"irq":0,"softirq":0,"steal":0,"guest":0,"guestNice":0,"stolen":0}],"time":"2018-02-19 12:25:40.404906 +0900 JST m=+2649.638791801","errorInfo":null}
[Info]2018/02/19 12:25:40 acsessd /api/status.json
[Info]2018/02/19 12:25:40 {"hostname":"ksc-1x-dhcp-172-29-194-195.kwansei.ac.jp","hostid":"18d901f1-4a03-3ff1-ae34-c26b2732f13c","virtualizationSystem":"","total":8589934592,"available":1976156160,"usedPercent":76.99451446533203,"diskIO":[{"name":"disk0","ioTime":1306272,"weightedIO":0}],"cpu":[{"cpu":"cpu0","user":4049.8515625,"system":2251.7734375,"idle":15244.2109375,"nice":0,"iowait":0,"irq":0,"softirq":0,"steal":0,"guest":0,"guestNice":0,"stolen":0},{"cpu":"cpu1","user":2429.359375,"system":992.078125,"idle":18123.5859375,"nice":0,"iowait":0,"irq":0,"softirq":0,"steal":0,"guest":0,"guestNice":0,"stolen":0},{"cpu":"cpu2","user":3937.7890625,"system":1982.4140625,"idle":15624.828125,"nice":0,"iowait":0,"irq":0,"softirq":0,"steal":0,"guest":0,"guestNice":0,"stolen":0},{"cpu":"cpu3","user":2464.2734375,"system":1005.109375,"idle":18075.640625,"nice":0,"iowait":0,"irq":0,"softirq":0,"steal":0,"guest":0,"guestNice":0,"stolen":0}],"time":"2018-02-19 12:25:40.88721 +0900 JST m=+2650.121095014","errorInfo":null}
[Info]2018/02/19 12:25:41 acsessd /api/status.json
[Info]2018/02/19 12:25:41 {"hostname":"ksc-1x-dhcp-172-29-194-195.kwansei.ac.jp","hostid":"18d901f1-4a03-3ff1-ae34-c26b2732f13c","virtualizationSystem":"","total":8589934592,"available":1954787328,"usedPercent":77.2432804107666,"diskIO":[{"name":"disk0","ioTime":1306288,"weightedIO":0}],"cpu":[{"cpu":"cpu0","user":4050.09375,"system":2251.8046875,"idle":15244.3515625,"nice":0,"iowait":0,"irq":0,"softirq":0,"steal":0,"guest":0,"guestNice":0,"stolen":0},{"cpu":"cpu1","user":2429.453125,"system":992.109375,"idle":18123.8828125,"nice":0,"iowait":0,"irq":0,"softirq":0,"steal":0,"guest":0,"guestNice":0,"stolen":0},{"cpu":"cpu2","user":3938.0234375,"system":1982.4453125,"idle":15624.96875,"nice":0,"iowait":0,"irq":0,"softirq":0,"steal":0,"guest":0,"guestNice":0,"stolen":0},{"cpu":"cpu3","user":2464.3515625,"system":1005.1484375,"idle":18075.9375,"nice":0,"iowait":0,"irq":0,"softirq":0,"steal":0,"guest":0,"guestNice":0,"stolen":0}],"time":"2018-02-19 12:25:41.413581 +0900 JST m=+2650.647464939","errorInfo":null}
[Info]2018/02/19 12:25:41 acsessd /api/status.json
[Info]2018/02/19 12:25:41 {"hostname":"ksc-1x-dhcp-172-29-194-195.kwansei.ac.jp","hostid":"18d901f1-4a03-3ff1-ae34-c26b2732f13c","virtualizationSystem":"","total":8589934592,"available":2039336960,"usedPercent":76.25899314880371,"diskIO":[{"name":"disk0","ioTime":1306296,"weightedIO":0}],"cpu":[{"cpu":"cpu0","user":4050.3671875,"system":2251.828125,"idle":15244.4375,"nice":0,"iowait":0,"irq":0,"softirq":0,"steal":0,"guest":0,"guestNice":0,"stolen":0},{"cpu":"cpu1","user":2429.5078125,"system":992.125,"idle":18124.1875,"nice":0,"iowait":0,"irq":0,"softirq":0,"steal":0,"guest":0,"guestNice":0,"stolen":0},{"cpu":"cpu2","user":3938.296875,"system":1982.484375,"idle":15625.0390625,"nice":0,"iowait":0,"irq":0,"softirq":0,"steal":0,"guest":0,"guestNice":0,"stolen":0},{"cpu":"cpu3","user":2464.40625,"system":1005.15625,"idle":18076.25,"nice":0,"iowait":0,"irq":0,"softirq":0,"steal":0,"guest":0,"guestNice":0,"stolen":0}],"time":"2018-02-19 12:25:41.895651 +0900 JST m=+2651.129533557","errorInfo":null}
[Info]2018/02/19 12:25:42 acsessd /api/status.json
[Info]2018/02/19 12:25:42 {"hostname":"ksc-1x-dhcp-172-29-194-195.kwansei.ac.jp","hostid":"18d901f1-4a03-3ff1-ae34-c26b2732f13c","virtualizationSystem":"","total":8589934592,"available":2033922048,"usedPercent":76.32203102111816,"diskIO":[{"name":"disk0","ioTime":1306314,"weightedIO":0}],"cpu":[{"cpu":"cpu0","user":4050.5859375,"system":2251.890625,"idle":15244.5703125,"nice":0,"iowait":0,"irq":0,"softirq":0,"steal":0,"guest":0,"guestNice":0,"stolen":0},{"cpu":"cpu1","user":2429.6328125,"system":992.1796875,"idle":18124.4296875,"nice":0,"iowait":0,"irq":0,"softirq":0,"steal":0,"guest":0,"guestNice":0,"stolen":0},{"cpu":"cpu2","user":3938.515625,"system":1982.546875,"idle":15625.171875,"nice":0,"iowait":0,"irq":0,"softirq":0,"steal":0,"guest":0,"guestNice":0,"stolen":0},{"cpu":"cpu3","user":2464.53125,"system":1005.2109375,"idle":18076.4921875,"nice":0,"iowait":0,"irq":0,"softirq":0,"steal":0,"guest":0,"guestNice":0,"stolen":0}],"time":"2018-02-19 12:25:42.429367 +0900 JST m=+2651.663248189","errorInfo":null}
[Info]2018/02/19 12:25:42 acsessd /api/status.json
[Info]2018/02/19 12:25:42 {"hostname":"ksc-1x-dhcp-172-29-194-195.kwansei.ac.jp","hostid":"18d901f1-4a03-3ff1-ae34-c26b2732f13c","virtualizationSystem":"","total":8589934592,"available":2033602560,"usedPercent":76.32575035095215,"diskIO":[{"name":"disk0","ioTime":1306315,"weightedIO":0}],"cpu":[{"cpu":"cpu0","user":4050.765625,"system":2251.953125,"idle":15244.6953125,"nice":0,"iowait":0,"irq":0,"softirq":0,"steal":0,"guest":0,"guestNice":0,"stolen":0},{"cpu":"cpu1","user":2429.6875,"system":992.203125,"idle":18124.7109375,"nice":0,"iowait":0,"irq":0,"softirq":0,"steal":0,"guest":0,"guestNice":0,"stolen":0},{"cpu":"cpu2","user":3938.7109375,"system":1982.6015625,"idle":15625.296875,"nice":0,"iowait":0,"irq":0,"softirq":0,"steal":0,"guest":0,"guestNice":0,"stolen":0},{"cpu":"cpu3","user":2464.5859375,"system":1005.2421875,"idle":18076.7734375,"nice":0,"iowait":0,"irq":0,"softirq":0,"steal":0,"guest":0,"guestNice":0,"stolen":0}],"time":"2018-02-19 12:25:42.898814 +0900 JST m=+2652.132694639","errorInfo":null}
[Info]2018/02/19 12:25:43 acsessd /api/status.json
[Info]2018/02/19 12:25:43 {"hostname":"ksc-1x-dhcp-172-29-194-195.kwansei.ac.jp","hostid":"18d901f1-4a03-3ff1-ae34-c26b2732f13c","virtualizationSystem":"","total":8589934592,"available":2030145536,"usedPercent":76.36599540710449,"diskIO":[{"name":"disk0","ioTime":1306315,"weightedIO":0}],"cpu":[{"cpu":"cpu0","user":4050.9921875,"system":2252.0078125,"idle":15244.8125,"nice":0,"iowait":0,"irq":0,"softirq":0,"steal":0,"guest":0,"guestNice":0,"stolen":0},{"cpu":"cpu1","user":2429.78125,"system":992.234375,"idle":18124.9765625,"nice":0,"iowait":0,"irq":0,"softirq":0,"steal":0,"guest":0,"guestNice":0,"stolen":0},{"cpu":"cpu2","user":3938.9140625,"system":1982.6640625,"idle":15625.421875,"nice":0,"iowait":0,"irq":0,"softirq":0,"steal":0,"guest":0,"guestNice":0,"stolen":0},{"cpu":"cpu3","user":2464.6875,"system":1005.28125,"idle":18077.0234375,"nice":0,"iowait":0,"irq":0,"softirq":0,"steal":0,"guest":0,"guestNice":0,"stolen":0}],"time":"2018-02-19 12:25:43.400114 +0900 JST m=+2652.633993957","errorInfo":null}
[Info]2018/02/19 12:25:43 acsessd /api/status.json
[Info]2018/02/19 12:25:43 {"hostname":"ksc-1x-dhcp-172-29-194-195.kwansei.ac.jp","hostid":"18d901f1-4a03-3ff1-ae34-c26b2732f13c","virtualizationSystem":"","total":8589934592,"available":2029178880,"usedPercent":76.37724876403809,"diskIO":[{"name":"disk0","ioTime":1306334,"weightedIO":0}],"cpu":[{"cpu":"cpu0","user":4051.1796875,"system":2252.03125,"idle":15244.984375,"nice":0,"iowait":0,"irq":0,"softirq":0,"steal":0,"guest":0,"guestNice":0,"stolen":0},{"cpu":"cpu1","user":2429.859375,"system":992.265625,"idle":18125.265625,"nice":0,"iowait":0,"irq":0,"softirq":0,"steal":0,"guest":0,"guestNice":0,"stolen":0},{"cpu":"cpu2","user":3939.140625,"system":1982.6953125,"idle":15625.5546875,"nice":0,"iowait":0,"irq":0,"softirq":0,"steal":0,"guest":0,"guestNice":0,"stolen":0},{"cpu":"cpu3","user":2464.7734375,"system":1005.3125,"idle":18077.3046875,"nice":0,"iowait":0,"irq":0,"softirq":0,"steal":0,"guest":0,"guestNice":0,"stolen":0}],"time":"2018-02-19 12:25:43.909274 +0900 JST m=+2653.143152520","errorInfo":null}
[Info]2018/02/19 12:25:44 acsessd /api/status.json
[Info]2018/02/19 12:25:44 {"hostname":"ksc-1x-dhcp-172-29-194-195.kwansei.ac.jp","hostid":"18d901f1-4a03-3ff1-ae34-c26b2732f13c","virtualizationSystem":"","total":8589934592,"available":2025750528,"usedPercent":76.41716003417969,"diskIO":[{"name":"disk0","ioTime":1306350,"weightedIO":0}],"cpu":[{"cpu":"cpu0","user":4051.4375,"system":2252.0546875,"idle":15245.1015625,"nice":0,"iowait":0,"irq":0,"softirq":0,"steal":0,"guest":0,"guestNice":0,"stolen":0},{"cpu":"cpu1","user":2429.9140625,"system":992.2734375,"idle":18125.59375,"nice":0,"iowait":0,"irq":0,"softirq":0,"steal":0,"guest":0,"guestNice":0,"stolen":0},{"cpu":"cpu2","user":3939.28125,"system":1982.7265625,"idle":15625.7734375,"nice":0,"iowait":0,"irq":0,"softirq":0,"steal":0,"guest":0,"guestNice":0,"stolen":0},{"cpu":"cpu3","user":2464.828125,"system":1005.3359375,"idle":18077.6171875,"nice":0,"iowait":0,"irq":0,"softirq":0,"steal":0,"guest":0,"guestNice":0,"stolen":0}],"time":"2018-02-19 12:25:44.410212 +0900 JST m=+2653.644089672","errorInfo":null}
[Info]2018/02/19 12:25:44 acsessd /api/status.json
[Info]2018/02/19 12:25:44 {"hostname":"ksc-1x-dhcp-172-29-194-195.kwansei.ac.jp","hostid":"18d901f1-4a03-3ff1-ae34-c26b2732f13c","virtualizationSystem":"","total":8589934592,"available":2035064832,"usedPercent":76.3087272644043,"diskIO":[{"name":"disk0","ioTime":1306358,"weightedIO":0}],"cpu":[{"cpu":"cpu0","user":4051.703125,"system":2252.0703125,"idle":15245.203125,"nice":0,"iowait":0,"irq":0,"softirq":0,"steal":0,"guest":0,"guestNice":0,"stolen":0},{"cpu":"cpu1","user":2429.9296875,"system":992.2890625,"idle":18125.9453125,"nice":0,"iowait":0,"irq":0,"softirq":0,"steal":0,"guest":0,"guestNice":0,"stolen":0},{"cpu":"cpu2","user":3939.4296875,"system":1982.7265625,"idle":15626.015625,"nice":0,"iowait":0,"irq":0,"softirq":0,"steal":0,"guest":0,"guestNice":0,"stolen":0},{"cpu":"cpu3","user":2464.84375,"system":1005.34375,"idle":18077.984375,"nice":0,"iowait":0,"irq":0,"softirq":0,"steal":0,"guest":0,"guestNice":0,"stolen":0}],"time":"2018-02-19 12:25:44.910866 +0900 JST m=+2654.144743283","errorInfo":null}
[Info]2018/02/19 12:25:45 acsessd /api/status.json
[Info]2018/02/19 12:25:45 {"hostname":"ksc-1x-dhcp-172-29-194-195.kwansei.ac.jp","hostid":"18d901f1-4a03-3ff1-ae34-c26b2732f13c","virtualizationSystem":"","total":8589934592,"available":2034630656,"usedPercent":76.31378173828125,"diskIO":[{"name":"disk0","ioTime":1306382,"weightedIO":0}],"cpu":[{"cpu":"cpu0","user":4051.8359375,"system":2252.1015625,"idle":15245.4375,"nice":0,"iowait":0,"irq":0,"softirq":0,"steal":0,"guest":0,"guestNice":0,"stolen":0},{"cpu":"cpu1","user":2429.953125,"system":992.3046875,"idle":18126.3046875,"nice":0,"iowait":0,"irq":0,"softirq":0,"steal":0,"guest":0,"guestNice":0,"stolen":0},{"cpu":"cpu2","user":3939.7109375,"system":1982.734375,"idle":15626.1171875,"nice":0,"iowait":0,"irq":0,"softirq":0,"steal":0,"guest":0,"guestNice":0,"stolen":0},{"cpu":"cpu3","user":2464.875,"system":1005.3515625,"idle":18078.3359375,"nice":0,"iowait":0,"irq":0,"softirq":0,"steal":0,"guest":0,"guestNice":0,"stolen":0}],"time":"2018-02-19 12:25:45.412598 +0900 JST m=+2654.646473923","errorInfo":null}
[Info]2018/02/19 12:25:45 acsessd /api/status.json
[Info]2018/02/19 12:25:45 {"hostname":"ksc-1x-dhcp-172-29-194-195.kwansei.ac.jp","hostid":"18d901f1-4a03-3ff1-ae34-c26b2732f13c","virtualizationSystem":"","total":8589934592,"available":2034294784,"usedPercent":76.31769180297852,"diskIO":[{"name":"disk0","ioTime":1306382,"weightedIO":0}],"cpu":[{"cpu":"cpu0","user":4052.078125,"system":2252.125,"idle":15245.5625,"nice":0,"iowait":0,"irq":0,"softirq":0,"steal":0,"guest":0,"guestNice":0,"stolen":0},{"cpu":"cpu1","user":2429.9765625,"system":992.3203125,"idle":18126.6640625,"nice":0,"iowait":0,"irq":0,"softirq":0,"steal":0,"guest":0,"guestNice":0,"stolen":0},{"cpu":"cpu2","user":3939.8984375,"system":1982.7421875,"idle":15626.328125,"nice":0,"iowait":0,"irq":0,"softirq":0,"steal":0,"guest":0,"guestNice":0,"stolen":0},{"cpu":"cpu3","user":2464.890625,"system":1005.359375,"idle":18078.703125,"nice":0,"iowait":0,"irq":0,"softirq":0,"steal":0,"guest":0,"guestNice":0,"stolen":0}],"time":"2018-02-19 12:25:45.919981 +0900 JST m=+2655.153856399","errorInfo":null}
[Info]2018/02/19 12:25:46 acsessd /api/status.json
[Info]2018/02/19 12:25:46 {"hostname":"ksc-1x-dhcp-172-29-194-195.kwansei.ac.jp","hostid":"18d901f1-4a03-3ff1-ae34-c26b2732f13c","virtualizationSystem":"","total":8589934592,"available":2028531712,"usedPercent":76.3847827911377,"diskIO":[{"name":"disk0","ioTime":1306391,"weightedIO":0}],"cpu":[{"cpu":"cpu0","user":4052.3515625,"system":2252.15625,"idle":15245.6640625,"nice":0,"iowait":0,"irq":0,"softirq":0,"steal":0,"guest":0,"guestNice":0,"stolen":0},{"cpu":"cpu1","user":2430,"system":992.328125,"idle":18127.03125,"nice":0,"iowait":0,"irq":0,"softirq":0,"steal":0,"guest":0,"guestNice":0,"stolen":0},{"cpu":"cpu2","user":3940.0859375,"system":1982.7578125,"idle":15626.515625,"nice":0,"iowait":0,"irq":0,"softirq":0,"steal":0,"guest":0,"guestNice":0,"stolen":0},{"cpu":"cpu3","user":2464.9375,"system":1005.375,"idle":18079.046875,"nice":0,"iowait":0,"irq":0,"softirq":0,"steal":0,"guest":0,"guestNice":0,"stolen":0}],"time":"2018-02-19 12:25:46.430572 +0900 JST m=+2655.664446127","errorInfo":null}
[Info]2018/02/19 12:25:46 acsessd /api/status.json
[Info]2018/02/19 12:25:46 {"hostname":"ksc-1x-dhcp-172-29-194-195.kwansei.ac.jp","hostid":"18d901f1-4a03-3ff1-ae34-c26b2732f13c","virtualizationSystem":"","total":8589934592,"available":2028171264,"usedPercent":76.38897895812988,"diskIO":[{"name":"disk0","ioTime":1306399,"weightedIO":0}],"cpu":[{"cpu":"cpu0","user":4052.421875,"system":2252.1796875,"idle":15245.9609375,"nice":0,"iowait":0,"irq":0,"softirq":0,"steal":0,"guest":0,"guestNice":0,"stolen":0},{"cpu":"cpu1","user":2430.015625,"system":992.3515625,"idle":18127.3828125,"nice":0,"iowait":0,"irq":0,"softirq":0,"steal":0,"guest":0,"guestNice":0,"stolen":0},{"cpu":"cpu2","user":3940.4453125,"system":1982.765625,"idle":15626.53125,"nice":0,"iowait":0,"irq":0,"softirq":0,"steal":0,"guest":0,"guestNice":0,"stolen":0},{"cpu":"cpu3","user":2464.9453125,"system":1005.3828125,"idle":18079.4140625,"nice":0,"iowait":0,"irq":0,"softirq":0,"steal":0,"guest":0,"guestNice":0,"stolen":0}],"time":"2018-02-19 12:25:46.924875 +0900 JST m=+2656.158748070","errorInfo":null}
[Info]2018/02/19 12:25:47 acsessd /api/status.json
[Info]2018/02/19 12:25:47 {"hostname":"ksc-1x-dhcp-172-29-194-195.kwansei.ac.jp","hostid":"18d901f1-4a03-3ff1-ae34-c26b2732f13c","virtualizationSystem":"","total":8589934592,"available":2028515328,"usedPercent":76.38497352600098,"diskIO":[{"name":"disk0","ioTime":1306399,"weightedIO":0}],"cpu":[{"cpu":"cpu0","user":4052.71875,"system":2252.1875,"idle":15246.046875,"nice":0,"iowait":0,"irq":0,"softirq":0,"steal":0,"guest":0,"guestNice":0,"stolen":0},{"cpu":"cpu1","user":2430.03125,"system":992.359375,"idle":18127.75,"nice":0,"iowait":0,"irq":0,"softirq":0,"steal":0,"guest":0,"guestNice":0,"stolen":0},{"cpu":"cpu2","user":3940.6015625,"system":1982.828125,"idle":15626.7265625,"nice":0,"iowait":0,"irq":0,"softirq":0,"steal":0,"guest":0,"guestNice":0,"stolen":0},{"cpu":"cpu3","user":2464.9765625,"system":1005.40625,"idle":18079.7578125,"nice":0,"iowait":0,"irq":0,"softirq":0,"steal":0,"guest":0,"guestNice":0,"stolen":0}],"time":"2018-02-19 12:25:47.436008 +0900 JST m=+2656.669880072","errorInfo":null}
[Info]2018/02/19 12:25:47 acsessd /api/status.json
[Info]2018/02/19 12:25:47 {"hostname":"ksc-1x-dhcp-172-29-194-195.kwansei.ac.jp","hostid":"18d901f1-4a03-3ff1-ae34-c26b2732f13c","virtualizationSystem":"","total":8589934592,"available":2028261376,"usedPercent":76.38792991638184,"diskIO":[{"name":"disk0","ioTime":1306399,"weightedIO":0}],"cpu":[{"cpu":"cpu0","user":4052.8828125,"system":2252.2578125,"idle":15246.2109375,"nice":0,"iowait":0,"irq":0,"softirq":0,"steal":0,"guest":0,"guestNice":0,"stolen":0},{"cpu":"cpu1","user":2430.0546875,"system":992.390625,"idle":18128.09375,"nice":0,"iowait":0,"irq":0,"softirq":0,"steal":0,"guest":0,"guestNice":0,"stolen":0},{"cpu":"cpu2","user":3940.8828125,"system":1982.859375,"idle":15626.7890625,"nice":0,"iowait":0,"irq":0,"softirq":0,"steal":0,"guest":0,"guestNice":0,"stolen":0},{"cpu":"cpu3","user":2464.9921875,"system":1005.421875,"idle":18080.125,"nice":0,"iowait":0,"irq":0,"softirq":0,"steal":0,"guest":0,"guestNice":0,"stolen":0}],"time":"2018-02-19 12:25:47.933724 +0900 JST m=+2657.167595561","errorInfo":null}
[Info]2018/02/19 12:25:48 acsessd /api/status.json
[Info]2018/02/19 12:25:48 {"hostname":"ksc-1x-dhcp-172-29-194-195.kwansei.ac.jp","hostid":"18d901f1-4a03-3ff1-ae34-c26b2732f13c","virtualizationSystem":"","total":8589934592,"available":2027356160,"usedPercent":76.39846801757812,"diskIO":[{"name":"disk0","ioTime":1306399,"weightedIO":0}],"cpu":[{"cpu":"cpu0","user":4053.1328125,"system":2252.28125,"idle":15246.328125,"nice":0,"iowait":0,"irq":0,"softirq":0,"steal":0,"guest":0,"guestNice":0,"stolen":0},{"cpu":"cpu1","user":2430.140625,"system":992.4140625,"idle":18128.375,"nice":0,"iowait":0,"irq":0,"softirq":0,"steal":0,"guest":0,"guestNice":0,"stolen":0},{"cpu":"cpu2","user":3941.1328125,"system":1982.890625,"idle":15626.90625,"nice":0,"iowait":0,"irq":0,"softirq":0,"steal":0,"guest":0,"guestNice":0,"stolen":0},{"cpu":"cpu3","user":2465.046875,"system":1005.4375,"idle":18080.4453125,"nice":0,"iowait":0,"irq":0,"softirq":0,"steal":0,"guest":0,"guestNice":0,"stolen":0}],"time":"2018-02-19 12:25:48.437977 +0900 JST m=+2657.671846953","errorInfo":null}
[Info]2018/02/19 12:25:48 acsessd /api/status.json
[Info]2018/02/19 12:25:48 {"hostname":"ksc-1x-dhcp-172-29-194-195.kwansei.ac.jp","hostid":"18d901f1-4a03-3ff1-ae34-c26b2732f13c","virtualizationSystem":"","total":8589934592,"available":2027331584,"usedPercent":76.39875411987305,"diskIO":[{"name":"disk0","ioTime":1306399,"weightedIO":0}],"cpu":[{"cpu":"cpu0","user":4053.375,"system":2252.2890625,"idle":15246.46875,"nice":0,"iowait":0,"irq":0,"softirq":0,"steal":0,"guest":0,"guestNice":0,"stolen":0},{"cpu":"cpu1","user":2430.1640625,"system":992.4296875,"idle":18128.71875,"nice":0,"iowait":0,"irq":0,"softirq":0,"steal":0,"guest":0,"guestNice":0,"stolen":0},{"cpu":"cpu2","user":3941.328125,"system":1982.9140625,"idle":15627.078125,"nice":0,"iowait":0,"irq":0,"softirq":0,"steal":0,"guest":0,"guestNice":0,"stolen":0},{"cpu":"cpu3","user":2465.0703125,"system":1005.453125,"idle":18080.7890625,"nice":0,"iowait":0,"irq":0,"softirq":0,"steal":0,"guest":0,"guestNice":0,"stolen":0}],"time":"2018-02-19 12:25:48.937293 +0900 JST m=+2658.171162094","errorInfo":null}
[Info]2018/02/19 12:25:49 acsessd /api/status.json
[Info]2018/02/19 12:25:49 {"hostname":"ksc-1x-dhcp-172-29-194-195.kwansei.ac.jp","hostid":"18d901f1-4a03-3ff1-ae34-c26b2732f13c","virtualizationSystem":"","total":8589934592,"available":2027622400,"usedPercent":76.3953685760498,"diskIO":[{"name":"disk0","ioTime":1306399,"weightedIO":0}],"cpu":[{"cpu":"cpu0","user":4053.6484375,"system":2252.3125,"idle":15246.5703125,"nice":0,"iowait":0,"irq":0,"softirq":0,"steal":0,"guest":0,"guestNice":0,"stolen":0},{"cpu":"cpu1","user":2430.1875,"system":992.4453125,"idle":18129.078125,"nice":0,"iowait":0,"irq":0,"softirq":0,"steal":0,"guest":0,"guestNice":0,"stolen":0},{"cpu":"cpu2","user":3941.5,"system":1982.921875,"idle":15627.2890625,"nice":0,"iowait":0,"irq":0,"softirq":0,"steal":0,"guest":0,"guestNice":0,"stolen":0},{"cpu":"cpu3","user":2465.1015625,"system":1005.46875,"idle":18081.1484375,"nice":0,"iowait":0,"irq":0,"softirq":0,"steal":0,"guest":0,"guestNice":0,"stolen":0}],"time":"2018-02-19 12:25:49.444747 +0900 JST m=+2658.678615206","errorInfo":null}
[Info]2018/02/19 12:25:49 acsessd /api/status.json
[Info]2018/02/19 12:25:49 {"hostname":"ksc-1x-dhcp-172-29-194-195.kwansei.ac.jp","hostid":"18d901f1-4a03-3ff1-ae34-c26b2732f13c","virtualizationSystem":"","total":8589934592,"available":2027409408,"usedPercent":76.39784812927246,"diskIO":[{"name":"disk0","ioTime":1306399,"weightedIO":0}],"cpu":[{"cpu":"cpu0","user":4053.875,"system":2252.3203125,"idle":15246.7265625,"nice":0,"iowait":0,"irq":0,"softirq":0,"steal":0,"guest":0,"guestNice":0,"stolen":0},{"cpu":"cpu1","user":2430.203125,"system":992.453125,"idle":18129.453125,"nice":0,"iowait":0,"irq":0,"softirq":0,"steal":0,"guest":0,"guestNice":0,"stolen":0},{"cpu":"cpu2","user":3941.6796875,"system":1982.9453125,"idle":15627.4765625,"nice":0,"iowait":0,"irq":0,"softirq":0,"steal":0,"guest":0,"guestNice":0,"stolen":0},{"cpu":"cpu3","user":2465.125,"system":1005.4765625,"idle":18081.5,"nice":0,"iowait":0,"irq":0,"softirq":0,"steal":0,"guest":0,"guestNice":0,"stolen":0}],"time":"2018-02-19 12:25:49.945561 +0900 JST m=+2659.179428544","errorInfo":null}
[Info]2018/02/19 12:25:50 acsessd /api/status.json
[Info]2018/02/19 12:25:50 {"hostname":"ksc-1x-dhcp-172-29-194-195.kwansei.ac.jp","hostid":"18d901f1-4a03-3ff1-ae34-c26b2732f13c","virtualizationSystem":"","total":8589934592,"available":2027520000,"usedPercent":76.39656066894531,"diskIO":[{"name":"disk0","ioTime":1306399,"weightedIO":0}],"cpu":[{"cpu":"cpu0","user":4054.21875,"system":2252.3203125,"idle":15246.765625,"nice":0,"iowait":0,"irq":0,"softirq":0,"steal":0,"guest":0,"guestNice":0,"stolen":0},{"cpu":"cpu1","user":2430.21875,"system":992.453125,"idle":18129.8203125,"nice":0,"iowait":0,"irq":0,"softirq":0,"steal":0,"guest":0,"guestNice":0,"stolen":0},{"cpu":"cpu2","user":3941.7421875,"system":1982.96875,"idle":15627.78125,"nice":0,"iowait":0,"irq":0,"softirq":0,"steal":0,"guest":0,"guestNice":0,"stolen":0},{"cpu":"cpu3","user":2465.1484375,"system":1005.4921875,"idle":18081.8515625,"nice":0,"iowait":0,"irq":0,"softirq":0,"steal":0,"guest":0,"guestNice":0,"stolen":0}],"time":"2018-02-19 12:25:50.443346 +0900 JST m=+2659.677212780","errorInfo":null}
[Info]2018/02/19 12:25:50 acsessd /api/status.json
[Info]2018/02/19 12:25:50 {"hostname":"ksc-1x-dhcp-172-29-194-195.kwansei.ac.jp","hostid":"18d901f1-4a03-3ff1-ae34-c26b2732f13c","virtualizationSystem":"","total":8589934592,"available":2027638784,"usedPercent":76.39517784118652,"diskIO":[{"name":"disk0","ioTime":1306399,"weightedIO":0}],"cpu":[{"cpu":"cpu0","user":4054.265625,"system":2252.34375,"idle":15247.0859375,"nice":0,"iowait":0,"irq":0,"softirq":0,"steal":0,"guest":0,"guestNice":0,"stolen":0},{"cpu":"cpu1","user":2430.234375,"system":992.46875,"idle":18130.1875,"nice":0,"iowait":0,"irq":0,"softirq":0,"steal":0,"guest":0,"guestNice":0,"stolen":0},{"cpu":"cpu2","user":3942.109375,"system":1982.9765625,"idle":15627.8046875,"nice":0,"iowait":0,"irq":0,"softirq":0,"steal":0,"guest":0,"guestNice":0,"stolen":0},{"cpu":"cpu3","user":2465.15625,"system":1005.5,"idle":18082.234375,"nice":0,"iowait":0,"irq":0,"softirq":0,"steal":0,"guest":0,"guestNice":0,"stolen":0}],"time":"2018-02-19 12:25:50.947974 +0900 JST m=+2660.181839712","errorInfo":null}
[Info]2018/02/19 12:25:51 acsessd /api/status.json
[Info]2018/02/19 12:25:51 {"hostname":"ksc-1x-dhcp-172-29-194-195.kwansei.ac.jp","hostid":"18d901f1-4a03-3ff1-ae34-c26b2732f13c","virtualizationSystem":"","total":8589934592,"available":2027442176,"usedPercent":76.3974666595459,"diskIO":[{"name":"disk0","ioTime":1306407,"weightedIO":0}],"cpu":[{"cpu":"cpu0","user":4054.4453125,"system":2252.3515625,"idle":15247.3046875,"nice":0,"iowait":0,"irq":0,"softirq":0,"steal":0,"guest":0,"guestNice":0,"stolen":0},{"cpu":"cpu1","user":2430.2578125,"system":992.484375,"idle":18130.546875,"nice":0,"iowait":0,"irq":0,"softirq":0,"steal":0,"guest":0,"guestNice":0,"stolen":0},{"cpu":"cpu2","user":3942.3671875,"system":1982.9921875,"idle":15627.921875,"nice":0,"iowait":0,"irq":0,"softirq":0,"steal":0,"guest":0,"guestNice":0,"stolen":0},{"cpu":"cpu3","user":2465.1796875,"system":1005.5078125,"idle":18082.59375,"nice":0,"iowait":0,"irq":0,"softirq":0,"steal":0,"guest":0,"guestNice":0,"stolen":0}],"time":"2018-02-19 12:25:51.456654 +0900 JST m=+2660.690517686","errorInfo":null}
[Info]2018/02/19 12:25:51 acsessd /api/status.json
[Info]2018/02/19 12:25:51 {"hostname":"ksc-1x-dhcp-172-29-194-195.kwansei.ac.jp","hostid":"18d901f1-4a03-3ff1-ae34-c26b2732f13c","virtualizationSystem":"","total":8589934592,"available":2027167744,"usedPercent":76.40066146850586,"diskIO":[{"name":"disk0","ioTime":1306407,"weightedIO":0}],"cpu":[{"cpu":"cpu0","user":4054.59375,"system":2252.359375,"idle":15247.5390625,"nice":0,"iowait":0,"irq":0,"softirq":0,"steal":0,"guest":0,"guestNice":0,"stolen":0},{"cpu":"cpu1","user":2430.2734375,"system":992.484375,"idle":18130.9140625,"nice":0,"iowait":0,"irq":0,"softirq":0,"steal":0,"guest":0,"guestNice":0,"stolen":0},{"cpu":"cpu2","user":3942.625,"system":1983.015625,"idle":15628.03125,"nice":0,"iowait":0,"irq":0,"softirq":0,"steal":0,"guest":0,"guestNice":0,"stolen":0},{"cpu":"cpu3","user":2465.1953125,"system":1005.53125,"idle":18082.9453125,"nice":0,"iowait":0,"irq":0,"softirq":0,"steal":0,"guest":0,"guestNice":0,"stolen":0}],"time":"2018-02-19 12:25:51.953205 +0900 JST m=+2661.187068294","errorInfo":null}
[Info]2018/02/19 12:25:52 acsessd /api/status.json
[Info]2018/02/19 12:25:52 {"hostname":"ksc-1x-dhcp-172-29-194-195.kwansei.ac.jp","hostid":"18d901f1-4a03-3ff1-ae34-c26b2732f13c","virtualizationSystem":"","total":8589934592,"available":2024153088,"usedPercent":76.43575668334961,"diskIO":[{"name":"disk0","ioTime":1306407,"weightedIO":0}],"cpu":[{"cpu":"cpu0","user":4054.7578125,"system":2252.4140625,"idle":15247.71875,"nice":0,"iowait":0,"irq":0,"softirq":0,"steal":0,"guest":0,"guestNice":0,"stolen":0},{"cpu":"cpu1","user":2430.3125,"system":992.5234375,"idle":18131.234375,"nice":0,"iowait":0,"irq":0,"softirq":0,"steal":0,"guest":0,"guestNice":0,"stolen":0},{"cpu":"cpu2","user":3942.90625,"system":1983.0234375,"idle":15628.140625,"nice":0,"iowait":0,"irq":0,"softirq":0,"steal":0,"guest":0,"guestNice":0,"stolen":0},{"cpu":"cpu3","user":2465.2265625,"system":1005.5546875,"idle":18083.296875,"nice":0,"iowait":0,"irq":0,"softirq":0,"steal":0,"guest":0,"guestNice":0,"stolen":0}],"time":"2018-02-19 12:25:52.467392 +0900 JST m=+2661.701253875","errorInfo":null}
[Info]2018/02/19 12:25:52 acsessd /api/status.json
[Info]2018/02/19 12:25:52 {"hostname":"ksc-1x-dhcp-172-29-194-195.kwansei.ac.jp","hostid":"18d901f1-4a03-3ff1-ae34-c26b2732f13c","virtualizationSystem":"","total":8589934592,"available":2011463680,"usedPercent":76.58348083496094,"diskIO":[{"name":"disk0","ioTime":1306419,"weightedIO":0}],"cpu":[{"cpu":"cpu0","user":4054.8984375,"system":2252.484375,"idle":15247.890625,"nice":0,"iowait":0,"irq":0,"softirq":0,"steal":0,"guest":0,"guestNice":0,"stolen":0},{"cpu":"cpu1","user":2430.3671875,"system":992.578125,"idle":18131.53125,"nice":0,"iowait":0,"irq":0,"softirq":0,"steal":0,"guest":0,"guestNice":0,"stolen":0},{"cpu":"cpu2","user":3943.234375,"system":1983.0546875,"idle":15628.1796875,"nice":0,"iowait":0,"irq":0,"softirq":0,"steal":0,"guest":0,"guestNice":0,"stolen":0},{"cpu":"cpu3","user":2465.265625,"system":1005.5859375,"idle":18083.609375,"nice":0,"iowait":0,"irq":0,"softirq":0,"steal":0,"guest":0,"guestNice":0,"stolen":0}],"time":"2018-02-19 12:25:52.968736 +0900 JST m=+2662.202597620","errorInfo":null}
[Info]2018/02/19 12:25:53 acsessd /api/status.json
[Info]2018/02/19 12:25:53 {"hostname":"ksc-1x-dhcp-172-29-194-195.kwansei.ac.jp","hostid":"18d901f1-4a03-3ff1-ae34-c26b2732f13c","virtualizationSystem":"","total":8589934592,"available":2010808320,"usedPercent":76.59111022949219,"diskIO":[{"name":"disk0","ioTime":1306419,"weightedIO":0}],"cpu":[{"cpu":"cpu0","user":4055.09375,"system":2252.515625,"idle":15248.0703125,"nice":0,"iowait":0,"irq":0,"softirq":0,"steal":0,"guest":0,"guestNice":0,"stolen":0},{"cpu":"cpu1","user":2430.4453125,"system":992.59375,"idle":18131.8203125,"nice":0,"iowait":0,"irq":0,"softirq":0,"steal":0,"guest":0,"guestNice":0,"stolen":0},{"cpu":"cpu2","user":3943.5,"system":1983.09375,"idle":15628.265625,"nice":0,"iowait":0,"irq":0,"softirq":0,"steal":0,"guest":0,"guestNice":0,"stolen":0},{"cpu":"cpu3","user":2465.3359375,"system":1005.609375,"idle":18083.9140625,"nice":0,"iowait":0,"irq":0,"softirq":0,"steal":0,"guest":0,"guestNice":0,"stolen":0}],"time":"2018-02-19 12:25:53.477371 +0900 JST m=+2662.711231107","errorInfo":null}
[Info]2018/02/19 12:25:53 acsessd /api/status.json
[Info]2018/02/19 12:25:53 {"hostname":"ksc-1x-dhcp-172-29-194-195.kwansei.ac.jp","hostid":"18d901f1-4a03-3ff1-ae34-c26b2732f13c","virtualizationSystem":"","total":8589934592,"available":2011115520,"usedPercent":76.58753395080566,"diskIO":[{"name":"disk0","ioTime":1306419,"weightedIO":0}],"cpu":[{"cpu":"cpu0","user":4055.34375,"system":2252.5390625,"idle":15248.1796875,"nice":0,"iowait":0,"irq":0,"softirq":0,"steal":0,"guest":0,"guestNice":0,"stolen":0},{"cpu":"cpu1","user":2430.46875,"system":992.6171875,"idle":18132.1640625,"nice":0,"iowait":0,"irq":0,"softirq":0,"steal":0,"guest":0,"guestNice":0,"stolen":0},{"cpu":"cpu2","user":3943.703125,"system":1983.109375,"idle":15628.4453125,"nice":0,"iowait":0,"irq":0,"softirq":0,"steal":0,"guest":0,"guestNice":0,"stolen":0},{"cpu":"cpu3","user":2465.3671875,"system":1005.6328125,"idle":18084.2578125,"nice":0,"iowait":0,"irq":0,"softirq":0,"steal":0,"guest":0,"guestNice":0,"stolen":0}],"time":"2018-02-19 12:25:53.971944 +0900 JST m=+2663.205803950","errorInfo":null}
[Info]2018/02/19 12:25:54 acsessd /api/status.json
[Info]2018/02/19 12:25:54 {"hostname":"ksc-1x-dhcp-172-29-194-195.kwansei.ac.jp","hostid":"18d901f1-4a03-3ff1-ae34-c26b2732f13c","virtualizationSystem":"","total":8589934592,"available":2012815360,"usedPercent":76.56774520874023,"diskIO":[{"name":"disk0","ioTime":1306427,"weightedIO":0}],"cpu":[{"cpu":"cpu0","user":4055.6015625,"system":2252.5546875,"idle":15248.2890625,"nice":0,"iowait":0,"irq":0,"softirq":0,"steal":0,"guest":0,"guestNice":0,"stolen":0},{"cpu":"cpu1","user":2430.5,"system":992.6328125,"idle":18132.5,"nice":0,"iowait":0,"irq":0,"softirq":0,"steal":0,"guest":0,"guestNice":0,"stolen":0},{"cpu":"cpu2","user":3943.859375,"system":1983.125,"idle":15628.6484375,"nice":0,"iowait":0,"irq":0,"softirq":0,"steal":0,"guest":0,"guestNice":0,"stolen":0},{"cpu":"cpu3","user":2465.3984375,"system":1005.6484375,"idle":18084.5859375,"nice":0,"iowait":0,"irq":0,"softirq":0,"steal":0,"guest":0,"guestNice":0,"stolen":0}],"time":"2018-02-19 12:25:54.463804 +0900 JST m=+2663.697662892","errorInfo":null}
[Info]2018/02/19 12:25:54 acsessd /api/status.json
[Info]2018/02/19 12:25:54 {"hostname":"ksc-1x-dhcp-172-29-194-195.kwansei.ac.jp","hostid":"18d901f1-4a03-3ff1-ae34-c26b2732f13c","virtualizationSystem":"","total":8589934592,"available":2013106176,"usedPercent":76.56435966491699,"diskIO":[{"name":"disk0","ioTime":1306427,"weightedIO":0}],"cpu":[{"cpu":"cpu0","user":4055.796875,"system":2252.5859375,"idle":15248.4609375,"nice":0,"iowait":0,"irq":0,"softirq":0,"steal":0,"guest":0,"guestNice":0,"stolen":0},{"cpu":"cpu1","user":2430.5390625,"system":992.6484375,"idle":18132.8359375,"nice":0,"iowait":0,"irq":0,"softirq":0,"steal":0,"guest":0,"guestNice":0,"stolen":0},{"cpu":"cpu2","user":3944.0859375,"system":1983.1328125,"idle":15628.8125,"nice":0,"iowait":0,"irq":0,"softirq":0,"steal":0,"guest":0,"guestNice":0,"stolen":0},{"cpu":"cpu3","user":2465.421875,"system":1005.65625,"idle":18084.953125,"nice":0,"iowait":0,"irq":0,"softirq":0,"steal":0,"guest":0,"guestNice":0,"stolen":0}],"time":"2018-02-19 12:25:54.970143 +0900 JST m=+2664.204000375","errorInfo":null}
[Info]2018/02/19 12:25:55 acsessd /api/status.json
[Info]2018/02/19 12:25:55 {"hostname":"ksc-1x-dhcp-172-29-194-195.kwansei.ac.jp","hostid":"18d901f1-4a03-3ff1-ae34-c26b2732f13c","virtualizationSystem":"","total":8589934592,"available":2013274112,"usedPercent":76.56240463256836,"diskIO":[{"name":"disk0","ioTime":1306427,"weightedIO":0}],"cpu":[{"cpu":"cpu0","user":4056.0078125,"system":2252.59375,"idle":15248.6328125,"nice":0,"iowait":0,"irq":0,"softirq":0,"steal":0,"guest":0,"guestNice":0,"stolen":0},{"cpu":"cpu1","user":2430.5546875,"system":992.6640625,"idle":18133.203125,"nice":0,"iowait":0,"irq":0,"softirq":0,"steal":0,"guest":0,"guestNice":0,"stolen":0},{"cpu":"cpu2","user":3944.28125,"system":1983.1484375,"idle":15629,"nice":0,"iowait":0,"irq":0,"softirq":0,"steal":0,"guest":0,"guestNice":0,"stolen":0},{"cpu":"cpu3","user":2465.4453125,"system":1005.6640625,"idle":18085.3125,"nice":0,"iowait":0,"irq":0,"softirq":0,"steal":0,"guest":0,"guestNice":0,"stolen":0}],"time":"2018-02-19 12:25:55.471548 +0900 JST m=+2664.705404418","errorInfo":null}
[Info]2018/02/19 12:25:55 acsessd /api/status.json
[Info]2018/02/19 12:25:55 {"hostname":"ksc-1x-dhcp-172-29-194-195.kwansei.ac.jp","hostid":"18d901f1-4a03-3ff1-ae34-c26b2732f13c","virtualizationSystem":"","total":8589934592,"available":2012925952,"usedPercent":76.56645774841309,"diskIO":[{"name":"disk0","ioTime":1306427,"weightedIO":0}],"cpu":[{"cpu":"cpu0","user":4056.140625,"system":2252.6171875,"idle":15248.875,"nice":0,"iowait":0,"irq":0,"softirq":0,"steal":0,"guest":0,"guestNice":0,"stolen":0},{"cpu":"cpu1","user":2430.578125,"system":992.6875,"idle":18133.5546875,"nice":0,"iowait":0,"irq":0,"softirq":0,"steal":0,"guest":0,"guestNice":0,"stolen":0},{"cpu":"cpu2","user":3944.59375,"system":1983.1484375,"idle":15629.078125,"nice":0,"iowait":0,"irq":0,"softirq":0,"steal":0,"guest":0,"guestNice":0,"stolen":0},{"cpu":"cpu3","user":2465.453125,"system":1005.6640625,"idle":18085.6953125,"nice":0,"iowait":0,"irq":0,"softirq":0,"steal":0,"guest":0,"guestNice":0,"stolen":0}],"time":"2018-02-19 12:25:55.976628 +0900 JST m=+2665.210483293","errorInfo":null}
[Info]2018/02/19 12:25:56 acsessd /api/status.json
[Info]2018/02/19 12:25:56 {"hostname":"ksc-1x-dhcp-172-29-194-195.kwansei.ac.jp","hostid":"18d901f1-4a03-3ff1-ae34-c26b2732f13c","virtualizationSystem":"","total":8589934592,"available":2008121344,"usedPercent":76.62239074707031,"diskIO":[{"name":"disk0","ioTime":1306442,"weightedIO":0}],"cpu":[{"cpu":"cpu0","user":4056.359375,"system":2252.6328125,"idle":15249.03125,"nice":0,"iowait":0,"irq":0,"softirq":0,"steal":0,"guest":0,"guestNice":0,"stolen":0},{"cpu":"cpu1","user":2430.609375,"system":992.703125,"idle":18133.90625,"nice":0,"iowait":0,"irq":0,"softirq":0,"steal":0,"guest":0,"guestNice":0,"stolen":0},{"cpu":"cpu2","user":3944.8046875,"system":1983.1640625,"idle":15629.2421875,"nice":0,"iowait":0,"irq":0,"softirq":0,"steal":0,"guest":0,"guestNice":0,"stolen":0},{"cpu":"cpu3","user":2465.484375,"system":1005.671875,"idle":18086.046875,"nice":0,"iowait":0,"irq":0,"softirq":0,"steal":0,"guest":0,"guestNice":0,"stolen":0}],"time":"2018-02-19 12:25:56.479893 +0900 JST m=+2665.713747770","errorInfo":null}
[Info]2018/02/19 12:25:56 acsessd /api/status.json
[Info]2018/02/19 12:25:57 {"hostname":"ksc-1x-dhcp-172-29-194-195.kwansei.ac.jp","hostid":"18d901f1-4a03-3ff1-ae34-c26b2732f13c","virtualizationSystem":"","total":8589934592,"available":1965047808,"usedPercent":77.12383270263672,"diskIO":[{"name":"disk0","ioTime":1306442,"weightedIO":0}],"cpu":[{"cpu":"cpu0","user":4056.640625,"system":2252.6484375,"idle":15249.1484375,"nice":0,"iowait":0,"irq":0,"softirq":0,"steal":0,"guest":0,"guestNice":0,"stolen":0},{"cpu":"cpu1","user":2430.65625,"system":992.71875,"idle":18134.25,"nice":0,"iowait":0,"irq":0,"softirq":0,"steal":0,"guest":0,"guestNice":0,"stolen":0},{"cpu":"cpu2","user":3945,"system":1983.1875,"idle":15629.4453125,"nice":0,"iowait":0,"irq":0,"softirq":0,"steal":0,"guest":0,"guestNice":0,"stolen":0},{"cpu":"cpu3","user":2465.515625,"system":1005.703125,"idle":18086.3984375,"nice":0,"iowait":0,"irq":0,"softirq":0,"steal":0,"guest":0,"guestNice":0,"stolen":0}],"time":"2018-02-19 12:25:57.006547 +0900 JST m=+2666.240394905","errorInfo":null}
[Info]2018/02/19 12:25:57 acsessd /api/status.json
[Info]2018/02/19 12:25:57 {"hostname":"ksc-1x-dhcp-172-29-194-195.kwansei.ac.jp","hostid":"18d901f1-4a03-3ff1-ae34-c26b2732f13c","virtualizationSystem":"","total":8589934592,"available":1957949440,"usedPercent":77.20646858215332,"diskIO":[{"name":"disk0","ioTime":1306450,"weightedIO":0}],"cpu":[{"cpu":"cpu0","user":4056.953125,"system":2252.6953125,"idle":15249.171875,"nice":0,"iowait":0,"irq":0,"softirq":0,"steal":0,"guest":0,"guestNice":0,"stolen":0},{"cpu":"cpu1","user":2430.765625,"system":992.7734375,"idle":18134.46875,"nice":0,"iowait":0,"irq":0,"softirq":0,"steal":0,"guest":0,"guestNice":0,"stolen":0},{"cpu":"cpu2","user":3945.34375,"system":1983.2109375,"idle":15629.453125,"nice":0,"iowait":0,"irq":0,"softirq":0,"steal":0,"guest":0,"guestNice":0,"stolen":0},{"cpu":"cpu3","user":2465.6171875,"system":1005.7578125,"idle":18086.6328125,"nice":0,"iowait":0,"irq":0,"softirq":0,"steal":0,"guest":0,"guestNice":0,"stolen":0}],"time":"2018-02-19 12:25:57.504516 +0900 JST m=+2666.736993113","errorInfo":null}
[Info]2018/02/19 12:25:57 acsessd /api/status.json
[Info]2018/02/19 12:25:57 {"hostname":"ksc-1x-dhcp-172-29-194-195.kwansei.ac.jp","hostid":"18d901f1-4a03-3ff1-ae34-c26b2732f13c","virtualizationSystem":"","total":8589934592,"available":1952649216,"usedPercent":77.2681713104248,"diskIO":[{"name":"disk0","ioTime":1306450,"weightedIO":0}],"cpu":[{"cpu":"cpu0","user":4057.171875,"system":2252.765625,"idle":15249.2734375,"nice":0,"iowait":0,"irq":0,"softirq":0,"steal":0,"guest":0,"guestNice":0,"stolen":0},{"cpu":"cpu1","user":2430.8203125,"system":992.8046875,"idle":18134.7734375,"nice":0,"iowait":0,"irq":0,"softirq":0,"steal":0,"guest":0,"guestNice":0,"stolen":0},{"cpu":"cpu2","user":3945.578125,"system":1983.2578125,"idle":15629.5546875,"nice":0,"iowait":0,"irq":0,"softirq":0,"steal":0,"guest":0,"guestNice":0,"stolen":0},{"cpu":"cpu3","user":2465.671875,"system":1005.796875,"idle":18086.921875,"nice":0,"iowait":0,"irq":0,"softirq":0,"steal":0,"guest":0,"guestNice":0,"stolen":0}],"time":"2018-02-19 12:25:57.996933 +0900 JST m=+2667.228055014","errorInfo":null}
[Info]2018/02/19 12:25:58 acsessd /api/status.json
[Info]2018/02/19 12:25:58 {"hostname":"ksc-1x-dhcp-172-29-194-195.kwansei.ac.jp","hostid":"18d901f1-4a03-3ff1-ae34-c26b2732f13c","virtualizationSystem":"","total":8589934592,"available":1952649216,"usedPercent":77.2681713104248,"diskIO":[{"name":"disk0","ioTime":1306450,"weightedIO":0}],"cpu":[{"cpu":"cpu0","user":4057.40625,"system":2252.8125,"idle":15249.3828125,"nice":0,"iowait":0,"irq":0,"softirq":0,"steal":0,"guest":0,"guestNice":0,"stolen":0},{"cpu":"cpu1","user":2430.875,"system":992.828125,"idle":18135.078125,"nice":0,"iowait":0,"irq":0,"softirq":0,"steal":0,"guest":0,"guestNice":0,"stolen":0},{"cpu":"cpu2","user":3945.796875,"system":1983.3125,"idle":15629.6796875,"nice":0,"iowait":0,"irq":0,"softirq":0,"steal":0,"guest":0,"guestNice":0,"stolen":0},{"cpu":"cpu3","user":2465.734375,"system":1005.8203125,"idle":18087.234375,"nice":0,"iowait":0,"irq":0,"softirq":0,"steal":0,"guest":0,"guestNice":0,"stolen":0}],"time":"2018-02-19 12:25:58.499927 +0900 JST m=+2667.729748614","errorInfo":null}
[Info]2018/02/19 12:25:58 acsessd /api/status.json
[Info]2018/02/19 12:25:59 {"hostname":"ksc-1x-dhcp-172-29-194-195.kwansei.ac.jp","hostid":"18d901f1-4a03-3ff1-ae34-c26b2732f13c","virtualizationSystem":"","total":8589934592,"available":1952956416,"usedPercent":77.26459503173828,"diskIO":[{"name":"disk0","ioTime":1306450,"weightedIO":0}],"cpu":[{"cpu":"cpu0","user":4057.578125,"system":2252.8515625,"idle":15249.5625,"nice":0,"iowait":0,"irq":0,"softirq":0,"steal":0,"guest":0,"guestNice":0,"stolen":0},{"cpu":"cpu1","user":2430.9375,"system":992.84375,"idle":18135.3984375,"nice":0,"iowait":0,"irq":0,"softirq":0,"steal":0,"guest":0,"guestNice":0,"stolen":0},{"cpu":"cpu2","user":3945.9609375,"system":1983.34375,"idle":15629.875,"nice":0,"iowait":0,"irq":0,"softirq":0,"steal":0,"guest":0,"guestNice":0,"stolen":0},{"cpu":"cpu3","user":2465.7890625,"system":1005.8359375,"idle":18087.546875,"nice":0,"iowait":0,"irq":0,"softirq":0,"steal":0,"guest":0,"guestNice":0,"stolen":0}],"time":"2018-02-19 12:25:59.003313 +0900 JST m=+2668.231834089","errorInfo":null}
[Info]2018/02/19 12:25:59 acsessd /api/status.json
[Info]2018/02/19 12:25:59 {"hostname":"ksc-1x-dhcp-172-29-194-195.kwansei.ac.jp","hostid":"18d901f1-4a03-3ff1-ae34-c26b2732f13c","virtualizationSystem":"","total":8589934592,"available":1951752192,"usedPercent":77.27861404418945,"diskIO":[{"name":"disk0","ioTime":1306468,"weightedIO":0}],"cpu":[{"cpu":"cpu0","user":4057.75,"system":2252.890625,"idle":15249.734375,"nice":0,"iowait":0,"irq":0,"softirq":0,"steal":0,"guest":0,"guestNice":0,"stolen":0},{"cpu":"cpu1","user":2431.0078125,"system":992.8671875,"idle":18135.6875,"nice":0,"iowait":0,"irq":0,"softirq":0,"steal":0,"guest":0,"guestNice":0,"stolen":0},{"cpu":"cpu2","user":3946.109375,"system":1983.390625,"idle":15630.0625,"nice":0,"iowait":0,"irq":0,"softirq":0,"steal":0,"guest":0,"guestNice":0,"stolen":0},{"cpu":"cpu3","user":2465.8671875,"system":1005.8515625,"idle":18087.8515625,"nice":0,"iowait":0,"irq":0,"softirq":0,"steal":0,"guest":0,"guestNice":0,"stolen":0}],"time":"2018-02-19 12:25:59.499255 +0900 JST m=+2668.726573473","errorInfo":null}
[Info]2018/02/19 12:25:59 acsessd /api/status.json
[Info]2018/02/19 12:26:00 {"hostname":"ksc-1x-dhcp-172-29-194-195.kwansei.ac.jp","hostid":"18d901f1-4a03-3ff1-ae34-c26b2732f13c","virtualizationSystem":"","total":8589934592,"available":1951174656,"usedPercent":77.28533744812012,"diskIO":[{"name":"disk0","ioTime":1306480,"weightedIO":0}],"cpu":[{"cpu":"cpu0","user":4057.9296875,"system":2252.96875,"idle":15249.8828125,"nice":0,"iowait":0,"irq":0,"softirq":0,"steal":0,"guest":0,"guestNice":0,"stolen":0},{"cpu":"cpu1","user":2431.1015625,"system":992.890625,"idle":18135.9765625,"nice":0,"iowait":0,"irq":0,"softirq":0,"steal":0,"guest":0,"guestNice":0,"stolen":0},{"cpu":"cpu2","user":3946.2734375,"system":1983.4921875,"idle":15630.2109375,"nice":0,"iowait":0,"irq":0,"softirq":0,"steal":0,"guest":0,"guestNice":0,"stolen":0},{"cpu":"cpu3","user":2465.9375,"system":1005.921875,"idle":18088.109375,"nice":0,"iowait":0,"irq":0,"softirq":0,"steal":0,"guest":0,"guestNice":0,"stolen":0}],"time":"2018-02-19 12:26:00.017543 +0900 JST m=+2669.243605594","errorInfo":null}
[Info]2018/02/19 12:26:00 acsessd /api/status.json
[Info]2018/02/19 12:26:00 {"hostname":"ksc-1x-dhcp-172-29-194-195.kwansei.ac.jp","hostid":"18d901f1-4a03-3ff1-ae34-c26b2732f13c","virtualizationSystem":"","total":8589934592,"available":1950838784,"usedPercent":77.28924751281738,"diskIO":[{"name":"disk0","ioTime":1306492,"weightedIO":0}],"cpu":[{"cpu":"cpu0","user":4058.078125,"system":2253.046875,"idle":15250.0390625,"nice":0,"iowait":0,"irq":0,"softirq":0,"steal":0,"guest":0,"guestNice":0,"stolen":0},{"cpu":"cpu1","user":2431.171875,"system":992.9140625,"idle":18136.2578125,"nice":0,"iowait":0,"irq":0,"softirq":0,"steal":0,"guest":0,"guestNice":0,"stolen":0},{"cpu":"cpu2","user":3946.453125,"system":1983.546875,"idle":15630.3515625,"nice":0,"iowait":0,"irq":0,"softirq":0,"steal":0,"guest":0,"guestNice":0,"stolen":0},{"cpu":"cpu3","user":2466.0078125,"system":1005.9453125,"idle":18088.3984375,"nice":0,"iowait":0,"irq":0,"softirq":0,"steal":0,"guest":0,"guestNice":0,"stolen":0}],"time":"2018-02-19 12:26:00.50875 +0900 JST m=+2669.733696531","errorInfo":null}
[Info]2018/02/19 12:26:00 acsessd /api/status.json
[Info]2018/02/19 12:26:01 {"hostname":"ksc-1x-dhcp-172-29-194-195.kwansei.ac.jp","hostid":"18d901f1-4a03-3ff1-ae34-c26b2732f13c","virtualizationSystem":"","total":8589934592,"available":1950896128,"usedPercent":77.2885799407959,"diskIO":[{"name":"disk0","ioTime":1306492,"weightedIO":0}],"cpu":[{"cpu":"cpu0","user":4058.296875,"system":2253.109375,"idle":15250.1484375,"nice":0,"iowait":0,"irq":0,"softirq":0,"steal":0,"guest":0,"guestNice":0,"stolen":0},{"cpu":"cpu1","user":2431.2109375,"system":992.9296875,"idle":18136.6015625,"nice":0,"iowait":0,"irq":0,"softirq":0,"steal":0,"guest":0,"guestNice":0,"stolen":0},{"cpu":"cpu2","user":3946.6015625,"system":1983.6015625,"idle":15630.5390625,"nice":0,"iowait":0,"irq":0,"softirq":0,"steal":0,"guest":0,"guestNice":0,"stolen":0},{"cpu":"cpu3","user":2466.046875,"system":1005.9609375,"idle":18088.7265625,"nice":0,"iowait":0,"irq":0,"softirq":0,"steal":0,"guest":0,"guestNice":0,"stolen":0}],"time":"2018-02-19 12:26:01.007439 +0900 JST m=+2670.231251588","errorInfo":null}
[Info]2018/02/19 12:26:01 acsessd /api/status.json
[Info]2018/02/19 12:26:01 {"hostname":"ksc-1x-dhcp-172-29-194-195.kwansei.ac.jp","hostid":"18d901f1-4a03-3ff1-ae34-c26b2732f13c","virtualizationSystem":"","total":8589934592,"available":1949949952,"usedPercent":77.29959487915039,"diskIO":[{"name":"disk0","ioTime":1306503,"weightedIO":0}],"cpu":[{"cpu":"cpu0","user":4058.5,"system":2253.171875,"idle":15250.2734375,"nice":0,"iowait":0,"irq":0,"softirq":0,"steal":0,"guest":0,"guestNice":0,"stolen":0},{"cpu":"cpu1","user":2431.265625,"system":992.953125,"idle":18136.9140625,"nice":0,"iowait":0,"irq":0,"softirq":0,"steal":0,"guest":0,"guestNice":0,"stolen":0},{"cpu":"cpu2","user":3946.8125,"system":1983.6328125,"idle":15630.6875,"nice":0,"iowait":0,"irq":0,"softirq":0,"steal":0,"guest":0,"guestNice":0,"stolen":0},{"cpu":"cpu3","user":2466.09375,"system":1005.9765625,"idle":18089.0546875,"nice":0,"iowait":0,"irq":0,"softirq":0,"steal":0,"guest":0,"guestNice":0,"stolen":0}],"time":"2018-02-19 12:26:01.51473 +0900 JST m=+2670.737458728","errorInfo":null}
[Info]2018/02/19 12:26:01 acsessd /api/status.json
[Info]2018/02/19 12:26:02 {"hostname":"ksc-1x-dhcp-172-29-194-195.kwansei.ac.jp","hostid":"18d901f1-4a03-3ff1-ae34-c26b2732f13c","virtualizationSystem":"","total":8589934592,"available":1950228480,"usedPercent":77.29635238647461,"diskIO":[{"name":"disk0","ioTime":1306503,"weightedIO":0}],"cpu":[{"cpu":"cpu0","user":4058.671875,"system":2253.2109375,"idle":15250.453125,"nice":0,"iowait":0,"irq":0,"softirq":0,"steal":0,"guest":0,"guestNice":0,"stolen":0},{"cpu":"cpu1","user":2431.2890625,"system":992.96875,"idle":18137.265625,"nice":0,"iowait":0,"irq":0,"softirq":0,"steal":0,"guest":0,"guestNice":0,"stolen":0},{"cpu":"cpu2","user":3947.0546875,"system":1983.6796875,"idle":15630.796875,"nice":0,"iowait":0,"irq":0,"softirq":0,"steal":0,"guest":0,"guestNice":0,"stolen":0},{"cpu":"cpu3","user":2466.1328125,"system":1006,"idle":18089.390625,"nice":0,"iowait":0,"irq":0,"softirq":0,"steal":0,"guest":0,"guestNice":0,"stolen":0}],"time":"2018-02-19 12:26:02.01404 +0900 JST m=+2671.235704134","errorInfo":null}
[Info]2018/02/19 12:26:02 acsessd /api/status.json
[Info]2018/02/19 12:26:02 {"hostname":"ksc-1x-dhcp-172-29-194-195.kwansei.ac.jp","hostid":"18d901f1-4a03-3ff1-ae34-c26b2732f13c","virtualizationSystem":"","total":8589934592,"available":1950085120,"usedPercent":77.29802131652832,"diskIO":[{"name":"disk0","ioTime":1306503,"weightedIO":0}],"cpu":[{"cpu":"cpu0","user":4058.828125,"system":2253.296875,"idle":15250.6171875,"nice":0,"iowait":0,"irq":0,"softirq":0,"steal":0,"guest":0,"guestNice":0,"stolen":0},{"cpu":"cpu1","user":2431.34375,"system":993.015625,"idle":18137.578125,"nice":0,"iowait":0,"irq":0,"softirq":0,"steal":0,"guest":0,"guestNice":0,"stolen":0},{"cpu":"cpu2","user":3947.3359375,"system":1983.71875,"idle":15630.875,"nice":0,"iowait":0,"irq":0,"softirq":0,"steal":0,"guest":0,"guestNice":0,"stolen":0},{"cpu":"cpu3","user":2466.1875,"system":1006.0546875,"idle":18089.6875,"nice":0,"iowait":0,"irq":0,"softirq":0,"steal":0,"guest":0,"guestNice":0,"stolen":0}],"time":"2018-02-19 12:26:02.535379 +0900 JST m=+2671.755998519","errorInfo":null}
[Info]2018/02/19 12:26:02 acsessd /api/status.json
[Info]2018/02/19 12:26:03 {"hostname":"ksc-1x-dhcp-172-29-194-195.kwansei.ac.jp","hostid":"18d901f1-4a03-3ff1-ae34-c26b2732f13c","virtualizationSystem":"","total":8589934592,"available":1949712384,"usedPercent":77.30236053466797,"diskIO":[{"name":"disk0","ioTime":1306503,"weightedIO":0}],"cpu":[{"cpu":"cpu0","user":4059.0546875,"system":2253.375,"idle":15250.6953125,"nice":0,"iowait":0,"irq":0,"softirq":0,"steal":0,"guest":0,"guestNice":0,"stolen":0},{"cpu":"cpu1","user":2431.4296875,"system":993.0625,"idle":18137.828125,"nice":0,"iowait":0,"irq":0,"softirq":0,"steal":0,"guest":0,"guestNice":0,"stolen":0},{"cpu":"cpu2","user":3947.546875,"system":1983.7734375,"idle":15630.9921875,"nice":0,"iowait":0,"irq":0,"softirq":0,"steal":0,"guest":0,"guestNice":0,"stolen":0},{"cpu":"cpu3","user":2466.28125,"system":1006.1015625,"idle":18089.9375,"nice":0,"iowait":0,"irq":0,"softirq":0,"steal":0,"guest":0,"guestNice":0,"stolen":0}],"time":"2018-02-19 12:26:03.034501 +0900 JST m=+2672.254123341","errorInfo":null}
[Info]2018/02/19 12:26:03 acsessd /api/status.json
[Info]2018/02/19 12:26:03 {"hostname":"ksc-1x-dhcp-172-29-194-195.kwansei.ac.jp","hostid":"18d901f1-4a03-3ff1-ae34-c26b2732f13c","virtualizationSystem":"","total":8589934592,"available":1948966912,"usedPercent":77.31103897094727,"diskIO":[{"name":"disk0","ioTime":1306554,"weightedIO":0}],"cpu":[{"cpu":"cpu0","user":4059.2421875,"system":2253.4609375,"idle":15250.828125,"nice":0,"iowait":0,"irq":0,"softirq":0,"steal":0,"guest":0,"guestNice":0,"stolen":0},{"cpu":"cpu1","user":2431.4765625,"system":993.109375,"idle":18138.125,"nice":0,"iowait":0,"irq":0,"softirq":0,"steal":0,"guest":0,"guestNice":0,"stolen":0},{"cpu":"cpu2","user":3947.8125,"system":1983.8359375,"idle":15631.0703125,"nice":0,"iowait":0,"irq":0,"softirq":0,"steal":0,"guest":0,"guestNice":0,"stolen":0},{"cpu":"cpu3","user":2466.3203125,"system":1006.140625,"idle":18090.2578125,"nice":0,"iowait":0,"irq":0,"softirq":0,"steal":0,"guest":0,"guestNice":0,"stolen":0}],"time":"2018-02-19 12:26:03.541511 +0900 JST m=+2672.760180737","errorInfo":null}
[Info]2018/02/19 12:26:03 acsessd /api/status.json
[Info]2018/02/19 12:26:04 {"hostname":"ksc-1x-dhcp-172-29-194-195.kwansei.ac.jp","hostid":"18d901f1-4a03-3ff1-ae34-c26b2732f13c","virtualizationSystem":"","total":8589934592,"available":1949523968,"usedPercent":77.3045539855957,"diskIO":[{"name":"disk0","ioTime":1306554,"weightedIO":0}],"cpu":[{"cpu":"cpu0","user":4059.3984375,"system":2253.4921875,"idle":15251.0234375,"nice":0,"iowait":0,"irq":0,"softirq":0,"steal":0,"guest":0,"guestNice":0,"stolen":0},{"cpu":"cpu1","user":2431.5703125,"system":993.125,"idle":18138.40625,"nice":0,"iowait":0,"irq":0,"softirq":0,"steal":0,"guest":0,"guestNice":0,"stolen":0},{"cpu":"cpu2","user":3948.1015625,"system":1983.859375,"idle":15631.1484375,"nice":0,"iowait":0,"irq":0,"softirq":0,"steal":0,"guest":0,"guestNice":0,"stolen":0},{"cpu":"cpu3","user":2466.375,"system":1006.1640625,"idle":18090.5625,"nice":0,"iowait":0,"irq":0,"softirq":0,"steal":0,"guest":0,"guestNice":0,"stolen":0}],"time":"2018-02-19 12:26:04.039782 +0900 JST m=+2673.257518482","errorInfo":null}
[Info]2018/02/19 12:26:04 acsessd /api/status.json
[Info]2018/02/19 12:26:04 {"hostname":"ksc-1x-dhcp-172-29-194-195.kwansei.ac.jp","hostid":"18d901f1-4a03-3ff1-ae34-c26b2732f13c","virtualizationSystem":"","total":8589934592,"available":1949622272,"usedPercent":77.30340957641602,"diskIO":[{"name":"disk0","ioTime":1306554,"weightedIO":0}],"cpu":[{"cpu":"cpu0","user":4059.5,"system":2253.5234375,"idle":15251.2734375,"nice":0,"iowait":0,"irq":0,"softirq":0,"steal":0,"guest":0,"guestNice":0,"stolen":0},{"cpu":"cpu1","user":2431.59375,"system":993.140625,"idle":18138.7578125,"nice":0,"iowait":0,"irq":0,"softirq":0,"steal":0,"guest":0,"guestNice":0,"stolen":0},{"cpu":"cpu2","user":3948.421875,"system":1983.859375,"idle":15631.203125,"nice":0,"iowait":0,"irq":0,"softirq":0,"steal":0,"guest":0,"guestNice":0,"stolen":0},{"cpu":"cpu3","user":2466.3828125,"system":1006.171875,"idle":18090.9375,"nice":0,"iowait":0,"irq":0,"softirq":0,"steal":0,"guest":0,"guestNice":0,"stolen":0}],"time":"2018-02-19 12:26:04.532936 +0900 JST m=+2673.749802794","errorInfo":null}
[Info]2018/02/19 12:26:04 acsessd /api/status.json
[Info]2018/02/19 12:26:05 {"hostname":"ksc-1x-dhcp-172-29-194-195.kwansei.ac.jp","hostid":"18d901f1-4a03-3ff1-ae34-c26b2732f13c","virtualizationSystem":"","total":8589934592,"available":1993113600,"usedPercent":76.79710388183594,"diskIO":[{"name":"disk0","ioTime":1306554,"weightedIO":0}],"cpu":[{"cpu":"cpu0","user":4059.7890625,"system":2253.5625,"idle":15251.359375,"nice":0,"iowait":0,"irq":0,"softirq":0,"steal":0,"guest":0,"guestNice":0,"stolen":0},{"cpu":"cpu1","user":2431.703125,"system":993.1640625,"idle":18139.03125,"nice":0,"iowait":0,"irq":0,"softirq":0,"steal":0,"guest":0,"guestNice":0,"stolen":0},{"cpu":"cpu2","user":3948.6015625,"system":1983.8984375,"idle":15631.390625,"nice":0,"iowait":0,"irq":0,"softirq":0,"steal":0,"guest":0,"guestNice":0,"stolen":0},{"cpu":"cpu3","user":2466.4765625,"system":1006.203125,"idle":18091.2109375,"nice":0,"iowait":0,"irq":0,"softirq":0,"steal":0,"guest":0,"guestNice":0,"stolen":0}],"time":"2018-02-19 12:26:05.056089 +0900 JST m=+2674.272037797","errorInfo":null}
[Info]2018/02/19 12:26:05 acsessd /api/status.json
[Info]2018/02/19 12:26:05 {"hostname":"ksc-1x-dhcp-172-29-194-195.kwansei.ac.jp","hostid":"18d901f1-4a03-3ff1-ae34-c26b2732f13c","virtualizationSystem":"","total":8589934592,"available":1993846784,"usedPercent":76.7885684967041,"diskIO":[{"name":"disk0","ioTime":1306554,"weightedIO":0}],"cpu":[{"cpu":"cpu0","user":4059.9765625,"system":2253.5859375,"idle":15251.53125,"nice":0,"iowait":0,"irq":0,"softirq":0,"steal":0,"guest":0,"guestNice":0,"stolen":0},{"cpu":"cpu1","user":2431.7734375,"system":993.1875,"idle":18139.328125,"nice":0,"iowait":0,"irq":0,"softirq":0,"steal":0,"guest":0,"guestNice":0,"stolen":0},{"cpu":"cpu2","user":3948.796875,"system":1983.9296875,"idle":15631.5546875,"nice":0,"iowait":0,"irq":0,"softirq":0,"steal":0,"guest":0,"guestNice":0,"stolen":0},{"cpu":"cpu3","user":2466.5625,"system":1006.2265625,"idle":18091.4921875,"nice":0,"iowait":0,"irq":0,"softirq":0,"steal":0,"guest":0,"guestNice":0,"stolen":0}],"time":"2018-02-19 12:26:05.554526 +0900 JST m=+2674.769649939","errorInfo":null}
[Info]2018/02/19 12:26:05 acsessd /api/status.json
[Info]2018/02/19 12:26:06 {"hostname":"ksc-1x-dhcp-172-29-194-195.kwansei.ac.jp","hostid":"18d901f1-4a03-3ff1-ae34-c26b2732f13c","virtualizationSystem":"","total":8589934592,"available":1993367552,"usedPercent":76.79414749145508,"diskIO":[{"name":"disk0","ioTime":1306554,"weightedIO":0}],"cpu":[{"cpu":"cpu0","user":4060.1953125,"system":2253.625,"idle":15251.671875,"nice":0,"iowait":0,"irq":0,"softirq":0,"steal":0,"guest":0,"guestNice":0,"stolen":0},{"cpu":"cpu1","user":2431.859375,"system":993.21875,"idle":18139.6015625,"nice":0,"iowait":0,"irq":0,"softirq":0,"steal":0,"guest":0,"guestNice":0,"stolen":0},{"cpu":"cpu2","user":3949,"system":1983.953125,"idle":15631.7265625,"nice":0,"iowait":0,"irq":0,"softirq":0,"steal":0,"guest":0,"guestNice":0,"stolen":0},{"cpu":"cpu3","user":2466.6484375,"system":1006.2421875,"idle":18091.78125,"nice":0,"iowait":0,"irq":0,"softirq":0,"steal":0,"guest":0,"guestNice":0,"stolen":0}],"time":"2018-02-19 12:26:06.055059 +0900 JST m=+2675.269358643","errorInfo":null}
[Info]2018/02/19 12:26:06 acsessd /api/status.json
[Info]2018/02/19 12:26:06 {"hostname":"ksc-1x-dhcp-172-29-194-195.kwansei.ac.jp","hostid":"18d901f1-4a03-3ff1-ae34-c26b2732f13c","virtualizationSystem":"","total":8589934592,"available":1991114752,"usedPercent":76.82037353515625,"diskIO":[{"name":"disk0","ioTime":1306554,"weightedIO":0}],"cpu":[{"cpu":"cpu0","user":4060.3046875,"system":2253.671875,"idle":15251.8984375,"nice":0,"iowait":0,"irq":0,"softirq":0,"steal":0,"guest":0,"guestNice":0,"stolen":0},{"cpu":"cpu1","user":2431.953125,"system":993.2421875,"idle":18139.8671875,"nice":0,"iowait":0,"irq":0,"softirq":0,"steal":0,"guest":0,"guestNice":0,"stolen":0},{"cpu":"cpu2","user":3949.296875,"system":1983.96875,"idle":15631.796875,"nice":0,"iowait":0,"irq":0,"softirq":0,"steal":0,"guest":0,"guestNice":0,"stolen":0},{"cpu":"cpu3","user":2466.71875,"system":1006.25,"idle":18092.0859375,"nice":0,"iowait":0,"irq":0,"softirq":0,"steal":0,"guest":0,"guestNice":0,"stolen":0}],"time":"2018-02-19 12:26:06.551053 +0900 JST m=+2675.764582479","errorInfo":null}
[Info]2018/02/19 12:26:06 acsessd /api/status.json
[Info]2018/02/19 12:26:07 {"hostname":"ksc-1x-dhcp-172-29-194-195.kwansei.ac.jp","hostid":"18d901f1-4a03-3ff1-ae34-c26b2732f13c","virtualizationSystem":"","total":8589934592,"available":1991421952,"usedPercent":76.81679725646973,"diskIO":[{"name":"disk0","ioTime":1306554,"weightedIO":0}],"cpu":[{"cpu":"cpu0","user":4060.5078125,"system":2253.6953125,"idle":15252.0703125,"nice":0,"iowait":0,"irq":0,"softirq":0,"steal":0,"guest":0,"guestNice":0,"stolen":0},{"cpu":"cpu1","user":2431.96875,"system":993.2578125,"idle":18140.2265625,"nice":0,"iowait":0,"irq":0,"softirq":0,"steal":0,"guest":0,"guestNice":0,"stolen":0},{"cpu":"cpu2","user":3949.5078125,"system":1983.9765625,"idle":15631.9765625,"nice":0,"iowait":0,"irq":0,"softirq":0,"steal":0,"guest":0,"guestNice":0,"stolen":0},{"cpu":"cpu3","user":2466.734375,"system":1006.265625,"idle":18092.453125,"nice":0,"iowait":0,"irq":0,"softirq":0,"steal":0,"guest":0,"guestNice":0,"stolen":0}],"time":"2018-02-19 12:26:07.053241 +0900 JST m=+2676.265993348","errorInfo":null}
[Info]2018/02/19 12:26:07 acsessd /api/status.json
[Info]2018/02/19 12:26:07 {"hostname":"ksc-1x-dhcp-172-29-194-195.kwansei.ac.jp","hostid":"18d901f1-4a03-3ff1-ae34-c26b2732f13c","virtualizationSystem":"","total":8589934592,"available":1905664000,"usedPercent":77.81515121459961,"diskIO":[{"name":"disk0","ioTime":1306562,"weightedIO":0}],"cpu":[{"cpu":"cpu0","user":4060.8359375,"system":2253.75,"idle":15252.109375,"nice":0,"iowait":0,"irq":0,"softirq":0,"steal":0,"guest":0,"guestNice":0,"stolen":0},{"cpu":"cpu1","user":2432.0859375,"system":993.3203125,"idle":18140.4765625,"nice":0,"iowait":0,"irq":0,"softirq":0,"steal":0,"guest":0,"guestNice":0,"stolen":0},{"cpu":"cpu2","user":3949.7265625,"system":1984.0546875,"idle":15632.1015625,"nice":0,"iowait":0,"irq":0,"softirq":0,"steal":0,"guest":0,"guestNice":0,"stolen":0},{"cpu":"cpu3","user":2466.8515625,"system":1006.3359375,"idle":18092.6953125,"nice":0,"iowait":0,"irq":0,"softirq":0,"steal":0,"guest":0,"guestNice":0,"stolen":0}],"time":"2018-02-19 12:26:07.598339 +0900 JST m=+2676.810296081","errorInfo":null}
[Info]2018/02/19 12:26:07 acsessd /api/status.json
[Info]2018/02/19 12:26:08 {"hostname":"ksc-1x-dhcp-172-29-194-195.kwansei.ac.jp","hostid":"18d901f1-4a03-3ff1-ae34-c26b2732f13c","virtualizationSystem":"","total":8589934592,"available":2002976768,"usedPercent":76.68228149414062,"diskIO":[{"name":"disk0","ioTime":1306562,"weightedIO":0}],"cpu":[{"cpu":"cpu0","user":4061.0390625,"system":2253.8046875,"idle":15252.2265625,"nice":0,"iowait":0,"irq":0,"softirq":0,"steal":0,"guest":0,"guestNice":0,"stolen":0},{"cpu":"cpu1","user":2432.171875,"system":993.3671875,"idle":18140.71875,"nice":0,"iowait":0,"irq":0,"softirq":0,"steal":0,"guest":0,"guestNice":0,"stolen":0},{"cpu":"cpu2","user":3949.9609375,"system":1984.1171875,"idle":15632.1796875,"nice":0,"iowait":0,"irq":0,"softirq":0,"steal":0,"guest":0,"guestNice":0,"stolen":0},{"cpu":"cpu3","user":2466.9453125,"system":1006.375,"idle":18092.9375,"nice":0,"iowait":0,"irq":0,"softirq":0,"steal":0,"guest":0,"guestNice":0,"stolen":0}],"time":"2018-02-19 12:26:08.08727 +0900 JST m=+2677.298520378","errorInfo":null}
[Info]2018/02/19 12:26:08 acsessd /api/status.json
[Info]2018/02/19 12:26:08 {"hostname":"ksc-1x-dhcp-172-29-194-195.kwansei.ac.jp","hostid":"18d901f1-4a03-3ff1-ae34-c26b2732f13c","virtualizationSystem":"","total":8589934592,"available":2002792448,"usedPercent":76.68442726135254,"diskIO":[{"name":"disk0","ioTime":1306562,"weightedIO":0}],"cpu":[{"cpu":"cpu0","user":4061.1796875,"system":2253.8671875,"idle":15252.40625,"nice":0,"iowait":0,"irq":0,"softirq":0,"steal":0,"guest":0,"guestNice":0,"stolen":0},{"cpu":"cpu1","user":2432.2421875,"system":993.390625,"idle":18141,"nice":0,"iowait":0,"irq":0,"softirq":0,"steal":0,"guest":0,"guestNice":0,"stolen":0},{"cpu":"cpu2","user":3950.2578125,"system":1984.140625,"idle":15632.2421875,"nice":0,"iowait":0,"irq":0,"softirq":0,"steal":0,"guest":0,"guestNice":0,"stolen":0},{"cpu":"cpu3","user":2466.9921875,"system":1006.40625,"idle":18093.2421875,"nice":0,"iowait":0,"irq":0,"softirq":0,"steal":0,"guest":0,"guestNice":0,"stolen":0}],"time":"2018-02-19 12:26:08.57264 +0900 JST m=+2677.783227425","errorInfo":null}
[Info]2018/02/19 12:37:13 acsessd /api/status.json
[Info]2018/02/19 12:37:13 {"hostname":"ksc-1x-dhcp-172-29-194-195.kwansei.ac.jp","hostid":"18d901f1-4a03-3ff1-ae34-c26b2732f13c","virtualizationSystem":"","total":8589934592,"available":1895944192,"usedPercent":77.92830467224121,"diskIO":[{"name":"disk0","ioTime":1313775,"weightedIO":0}],"cpu":[{"cpu":"cpu0","user":4152.8515625,"system":2302.4921875,"idle":15631.546875,"nice":0,"iowait":0,"irq":0,"softirq":0,"steal":0,"guest":0,"guestNice":0,"stolen":0},{"cpu":"cpu1","user":2470.328125,"system":1013.1875,"idle":18602.5546875,"nice":0,"iowait":0,"irq":0,"softirq":0,"steal":0,"guest":0,"guestNice":0,"stolen":0},{"cpu":"cpu2","user":4039.7109375,"system":2029.6953125,"idle":16016.6796875,"nice":0,"iowait":0,"irq":0,"softirq":0,"steal":0,"guest":0,"guestNice":0,"stolen":0},{"cpu":"cpu3","user":2505.296875,"system":1026.2734375,"idle":18554.5078125,"nice":0,"iowait":0,"irq":0,"softirq":0,"steal":0,"guest":0,"guestNice":0,"stolen":0}],"time":"2018-02-19 12:37:13.486655 +0900 JST m=+3342.660252263","errorInfo":null}
[Info]2018/02/19 12:37:13 acsessd /api/status.json
[Info]2018/02/19 12:37:13 {"hostname":"ksc-1x-dhcp-172-29-194-195.kwansei.ac.jp","hostid":"18d901f1-4a03-3ff1-ae34-c26b2732f13c","virtualizationSystem":"","total":8589934592,"available":1849327616,"usedPercent":78.47099304199219,"diskIO":[{"name":"disk0","ioTime":1313791,"weightedIO":0}],"cpu":[{"cpu":"cpu0","user":4152.9296875,"system":2302.5859375,"idle":15631.7421875,"nice":0,"iowait":0,"irq":0,"softirq":0,"steal":0,"guest":0,"guestNice":0,"stolen":0},{"cpu":"cpu1","user":2470.359375,"system":1013.21875,"idle":18602.859375,"nice":0,"iowait":0,"irq":0,"softirq":0,"steal":0,"guest":0,"guestNice":0,"stolen":0},{"cpu":"cpu2","user":4039.8125,"system":2029.828125,"idle":16016.8046875,"nice":0,"iowait":0,"irq":0,"softirq":0,"steal":0,"guest":0,"guestNice":0,"stolen":0},{"cpu":"cpu3","user":2505.3125,"system":1026.3046875,"idle":18554.8203125,"nice":0,"iowait":0,"irq":0,"softirq":0,"steal":0,"guest":0,"guestNice":0,"stolen":0}],"time":"2018-02-19 12:37:13.955653 +0900 JST m=+3343.129238403","errorInfo":null}
[Info]2018/02/19 12:37:14 acsessd /api/status.json
[Info]2018/02/19 12:37:14 {"hostname":"ksc-1x-dhcp-172-29-194-195.kwansei.ac.jp","hostid":"18d901f1-4a03-3ff1-ae34-c26b2732f13c","virtualizationSystem":"","total":8589934592,"available":1788391424,"usedPercent":79.18038368225098,"diskIO":[{"name":"disk0","ioTime":1313809,"weightedIO":0}],"cpu":[{"cpu":"cpu0","user":4153.21875,"system":2302.671875,"idle":15631.7734375,"nice":0,"iowait":0,"irq":0,"softirq":0,"steal":0,"guest":0,"guestNice":0,"stolen":0},{"cpu":"cpu1","user":2470.484375,"system":1013.265625,"idle":18603.09375,"nice":0,"iowait":0,"irq":0,"softirq":0,"steal":0,"guest":0,"guestNice":0,"stolen":0},{"cpu":"cpu2","user":4040.1015625,"system":2029.8828125,"idle":16016.8671875,"nice":0,"iowait":0,"irq":0,"softirq":0,"steal":0,"guest":0,"guestNice":0,"stolen":0},{"cpu":"cpu3","user":2505.4453125,"system":1026.3671875,"idle":18555.03125,"nice":0,"iowait":0,"irq":0,"softirq":0,"steal":0,"guest":0,"guestNice":0,"stolen":0}],"time":"2018-02-19 12:37:14.475377 +0900 JST m=+3343.648950055","errorInfo":null}
[Info]2018/02/19 12:37:14 acsessd /api/status.json
[Info]2018/02/19 12:37:14 {"hostname":"ksc-1x-dhcp-172-29-194-195.kwansei.ac.jp","hostid":"18d901f1-4a03-3ff1-ae34-c26b2732f13c","virtualizationSystem":"","total":8589934592,"available":1919774720,"usedPercent":77.65088081359863,"diskIO":[{"name":"disk0","ioTime":1313809,"weightedIO":0}],"cpu":[{"cpu":"cpu0","user":4153.5078125,"system":2302.734375,"idle":15631.8046875,"nice":0,"iowait":0,"irq":0,"softirq":0,"steal":0,"guest":0,"guestNice":0,"stolen":0},{"cpu":"cpu1","user":2470.59375,"system":1013.296875,"idle":18603.34375,"nice":0,"iowait":0,"irq":0,"softirq":0,"steal":0,"guest":0,"guestNice":0,"stolen":0},{"cpu":"cpu2","user":4040.390625,"system":2029.9296875,"idle":16016.9140625,"nice":0,"iowait":0,"irq":0,"softirq":0,"steal":0,"guest":0,"guestNice":0,"stolen":0},{"cpu":"cpu3","user":2505.5625,"system":1026.3984375,"idle":18555.265625,"nice":0,"iowait":0,"irq":0,"softirq":0,"steal":0,"guest":0,"guestNice":0,"stolen":0}],"time":"2018-02-19 12:37:14.968675 +0900 JST m=+3344.142236240","errorInfo":null}
[Info]2018/02/19 12:37:15 acsessd /api/status.json
[Info]2018/02/19 12:37:15 {"hostname":"ksc-1x-dhcp-172-29-194-195.kwansei.ac.jp","hostid":"18d901f1-4a03-3ff1-ae34-c26b2732f13c","virtualizationSystem":"","total":8589934592,"available":1903665152,"usedPercent":77.83842086791992,"diskIO":[{"name":"disk0","ioTime":1313816,"weightedIO":0}],"cpu":[{"cpu":"cpu0","user":4153.71875,"system":2302.78125,"idle":15631.9453125,"nice":0,"iowait":0,"irq":0,"softirq":0,"steal":0,"guest":0,"guestNice":0,"stolen":0},{"cpu":"cpu1","user":2470.6953125,"system":1013.3125,"idle":18603.6171875,"nice":0,"iowait":0,"irq":0,"softirq":0,"steal":0,"guest":0,"guestNice":0,"stolen":0},{"cpu":"cpu2","user":4040.578125,"system":2029.96875,"idle":16017.0859375,"nice":0,"iowait":0,"irq":0,"softirq":0,"steal":0,"guest":0,"guestNice":0,"stolen":0},{"cpu":"cpu3","user":2505.6484375,"system":1026.421875,"idle":18555.5546875,"nice":0,"iowait":0,"irq":0,"softirq":0,"steal":0,"guest":0,"guestNice":0,"stolen":0}],"time":"2018-02-19 12:37:15.469869 +0900 JST m=+3344.643417513","errorInfo":null}
[Info]2018/02/19 12:37:15 acsessd /api/status.json
[Info]2018/02/19 12:37:15 {"hostname":"ksc-1x-dhcp-172-29-194-195.kwansei.ac.jp","hostid":"18d901f1-4a03-3ff1-ae34-c26b2732f13c","virtualizationSystem":"","total":8589934592,"available":1905664000,"usedPercent":77.81515121459961,"diskIO":[{"name":"disk0","ioTime":1313826,"weightedIO":0}],"cpu":[{"cpu":"cpu0","user":4153.90625,"system":2302.8203125,"idle":15632.1015625,"nice":0,"iowait":0,"irq":0,"softirq":0,"steal":0,"guest":0,"guestNice":0,"stolen":0},{"cpu":"cpu1","user":2470.7734375,"system":1013.3203125,"idle":18603.921875,"nice":0,"iowait":0,"irq":0,"softirq":0,"steal":0,"guest":0,"guestNice":0,"stolen":0},{"cpu":"cpu2","user":4040.765625,"system":2030,"idle":16017.25,"nice":0,"iowait":0,"irq":0,"softirq":0,"steal":0,"guest":0,"guestNice":0,"stolen":0},{"cpu":"cpu3","user":2505.7265625,"system":1026.453125,"idle":18555.84375,"nice":0,"iowait":0,"irq":0,"softirq":0,"steal":0,"guest":0,"guestNice":0,"stolen":0}],"time":"2018-02-19 12:37:15.974518 +0900 JST m=+3345.148054274","errorInfo":null}
[Info]2018/02/19 12:37:16 acsessd /api/status.json
[Info]2018/02/19 12:37:16 {"hostname":"ksc-1x-dhcp-172-29-194-195.kwansei.ac.jp","hostid":"18d901f1-4a03-3ff1-ae34-c26b2732f13c","virtualizationSystem":"","total":8589934592,"available":1906360320,"usedPercent":77.80704498291016,"diskIO":[{"name":"disk0","ioTime":1313826,"weightedIO":0}],"cpu":[{"cpu":"cpu0","user":4154.09375,"system":2302.859375,"idle":15632.265625,"nice":0,"iowait":0,"irq":0,"softirq":0,"steal":0,"guest":0,"guestNice":0,"stolen":0},{"cpu":"cpu1","user":2470.859375,"system":1013.34375,"idle":18604.203125,"nice":0,"iowait":0,"irq":0,"softirq":0,"steal":0,"guest":0,"guestNice":0,"stolen":0},{"cpu":"cpu2","user":4040.953125,"system":2030.0390625,"idle":16017.4140625,"nice":0,"iowait":0,"irq":0,"softirq":0,"steal":0,"guest":0,"guestNice":0,"stolen":0},{"cpu":"cpu3","user":2505.796875,"system":1026.46875,"idle":18556.1328125,"nice":0,"iowait":0,"irq":0,"softirq":0,"steal":0,"guest":0,"guestNice":0,"stolen":0}],"time":"2018-02-19 12:37:16.463426 +0900 JST m=+3345.636950833","errorInfo":null}
[Info]2018/02/19 12:37:16 acsessd /api/status.json
[Info]2018/02/19 12:37:16 {"hostname":"ksc-1x-dhcp-172-29-194-195.kwansei.ac.jp","hostid":"18d901f1-4a03-3ff1-ae34-c26b2732f13c","virtualizationSystem":"","total":8589934592,"available":1906487296,"usedPercent":77.80556678771973,"diskIO":[{"name":"disk0","ioTime":1313826,"weightedIO":0}],"cpu":[{"cpu":"cpu0","user":4154.28125,"system":2302.8984375,"idle":15632.4296875,"nice":0,"iowait":0,"irq":0,"softirq":0,"steal":0,"guest":0,"guestNice":0,"stolen":0},{"cpu":"cpu1","user":2470.9375,"system":1013.359375,"idle":18604.5,"nice":0,"iowait":0,"irq":0,"softirq":0,"steal":0,"guest":0,"guestNice":0,"stolen":0},{"cpu":"cpu2","user":4041.140625,"system":2030.078125,"idle":16017.5859375,"nice":0,"iowait":0,"irq":0,"softirq":0,"steal":0,"guest":0,"guestNice":0,"stolen":0},{"cpu":"cpu3","user":2505.875,"system":1026.4921875,"idle":18556.4296875,"nice":0,"iowait":0,"irq":0,"softirq":0,"steal":0,"guest":0,"guestNice":0,"stolen":0}],"time":"2018-02-19 12:37:16.970048 +0900 JST m=+3346.143560436","errorInfo":null}
[Info]2018/02/19 12:37:17 acsessd /api/status.json
[Info]2018/02/19 12:37:17 {"hostname":"ksc-1x-dhcp-172-29-194-195.kwansei.ac.jp","hostid":"18d901f1-4a03-3ff1-ae34-c26b2732f13c","virtualizationSystem":"","total":8589934592,"available":1907113984,"usedPercent":77.79827117919922,"diskIO":[{"name":"disk0","ioTime":1313834,"weightedIO":0}],"cpu":[{"cpu":"cpu0","user":4154.4609375,"system":2302.9296875,"idle":15632.6015625,"nice":0,"iowait":0,"irq":0,"softirq":0,"steal":0,"guest":0,"guestNice":0,"stolen":0},{"cpu":"cpu1","user":2471.0078125,"system":1013.3828125,"idle":18604.7890625,"nice":0,"iowait":0,"irq":0,"softirq":0,"steal":0,"guest":0,"guestNice":0,"stolen":0},{"cpu":"cpu2","user":4041.328125,"system":2030.109375,"idle":16017.75,"nice":0,"iowait":0,"irq":0,"softirq":0,"steal":0,"guest":0,"guestNice":0,"stolen":0},{"cpu":"cpu3","user":2505.953125,"system":1026.5078125,"idle":18556.71875,"nice":0,"iowait":0,"irq":0,"softirq":0,"steal":0,"guest":0,"guestNice":0,"stolen":0}],"time":"2018-02-19 12:37:17.461604 +0900 JST m=+3346.635103839","errorInfo":null}
[Info]2018/02/19 12:37:17 acsessd /api/status.json
[Info]2018/02/19 12:37:17 {"hostname":"ksc-1x-dhcp-172-29-194-195.kwansei.ac.jp","hostid":"18d901f1-4a03-3ff1-ae34-c26b2732f13c","virtualizationSystem":"","total":8589934592,"available":1908998144,"usedPercent":77.77633666992188,"diskIO":[{"name":"disk0","ioTime":1313842,"weightedIO":0}],"cpu":[{"cpu":"cpu0","user":4154.671875,"system":2302.9765625,"idle":15632.7265625,"nice":0,"iowait":0,"irq":0,"softirq":0,"steal":0,"guest":0,"guestNice":0,"stolen":0},{"cpu":"cpu1","user":2471.046875,"system":1013.3984375,"idle":18605.125,"nice":0,"iowait":0,"irq":0,"softirq":0,"steal":0,"guest":0,"guestNice":0,"stolen":0},{"cpu":"cpu2","user":4041.5234375,"system":2030.1484375,"idle":16017.8984375,"nice":0,"iowait":0,"irq":0,"softirq":0,"steal":0,"guest":0,"guestNice":0,"stolen":0},{"cpu":"cpu3","user":2506.015625,"system":1026.5234375,"idle":18557.03125,"nice":0,"iowait":0,"irq":0,"softirq":0,"steal":0,"guest":0,"guestNice":0,"stolen":0}],"time":"2018-02-19 12:37:17.962132 +0900 JST m=+3347.135619794","errorInfo":null}
[Info]2018/02/19 12:37:18 acsessd /api/status.json
[Info]2018/02/19 12:37:18 {"hostname":"ksc-1x-dhcp-172-29-194-195.kwansei.ac.jp","hostid":"18d901f1-4a03-3ff1-ae34-c26b2732f13c","virtualizationSystem":"","total":8589934592,"available":1904959488,"usedPercent":77.8233528137207,"diskIO":[{"name":"disk0","ioTime":1313842,"weightedIO":0}],"cpu":[{"cpu":"cpu0","user":4154.9140625,"system":2303.015625,"idle":15632.8515625,"nice":0,"iowait":0,"irq":0,"softirq":0,"steal":0,"guest":0,"guestNice":0,"stolen":0},{"cpu":"cpu1","user":2471.1171875,"system":1013.4140625,"idle":18605.4375,"nice":0,"iowait":0,"irq":0,"softirq":0,"steal":0,"guest":0,"guestNice":0,"stolen":0},{"cpu":"cpu2","user":4041.65625,"system":2030.171875,"idle":16018.140625,"nice":0,"iowait":0,"irq":0,"softirq":0,"steal":0,"guest":0,"guestNice":0,"stolen":0},{"cpu":"cpu3","user":2506.1015625,"system":1026.53125,"idle":18557.328125,"nice":0,"iowait":0,"irq":0,"softirq":0,"steal":0,"guest":0,"guestNice":0,"stolen":0}],"time":"2018-02-19 12:37:18.462542 +0900 JST m=+3347.636018491","errorInfo":null}
[Info]2018/02/19 12:37:18 acsessd /api/status.json
[Info]2018/02/19 12:37:19 {"hostname":"ksc-1x-dhcp-172-29-194-195.kwansei.ac.jp","hostid":"18d901f1-4a03-3ff1-ae34-c26b2732f13c","virtualizationSystem":"","total":8589934592,"available":1908690944,"usedPercent":77.7799129486084,"diskIO":[{"name":"disk0","ioTime":1313850,"weightedIO":0}],"cpu":[{"cpu":"cpu0","user":4155.15625,"system":2303.09375,"idle":15632.9453125,"nice":0,"iowait":0,"irq":0,"softirq":0,"steal":0,"guest":0,"guestNice":0,"stolen":0},{"cpu":"cpu1","user":2471.1953125,"system":1013.4765625,"idle":18605.7109375,"nice":0,"iowait":0,"irq":0,"softirq":0,"steal":0,"guest":0,"guestNice":0,"stolen":0},{"cpu":"cpu2","user":4041.875,"system":2030.2890625,"idle":16018.21875,"nice":0,"iowait":0,"irq":0,"softirq":0,"steal":0,"guest":0,"guestNice":0,"stolen":0},{"cpu":"cpu3","user":2506.171875,"system":1026.578125,"idle":18557.625,"nice":0,"iowait":0,"irq":0,"softirq":0,"steal":0,"guest":0,"guestNice":0,"stolen":0}],"time":"2018-02-19 12:37:19.001292 +0900 JST m=+3348.174754567","errorInfo":null}
[Info]2018/02/19 12:37:19 acsessd /api/status.json
[Info]2018/02/19 12:37:19 {"hostname":"ksc-1x-dhcp-172-29-194-195.kwansei.ac.jp","hostid":"18d901f1-4a03-3ff1-ae34-c26b2732f13c","virtualizationSystem":"","total":8589934592,"available":1908670464,"usedPercent":77.7801513671875,"diskIO":[{"name":"disk0","ioTime":1313850,"weightedIO":0}],"cpu":[{"cpu":"cpu0","user":4155.3671875,"system":2303.1015625,"idle":15633.09375,"nice":0,"iowait":0,"irq":0,"softirq":0,"steal":0,"guest":0,"guestNice":0,"stolen":0},{"cpu":"cpu1","user":2471.2421875,"system":1013.4921875,"idle":18606.0234375,"nice":0,"iowait":0,"irq":0,"softirq":0,"steal":0,"guest":0,"guestNice":0,"stolen":0},{"cpu":"cpu2","user":4042.078125,"system":2030.328125,"idle":16018.3515625,"nice":0,"iowait":0,"irq":0,"softirq":0,"steal":0,"guest":0,"guestNice":0,"stolen":0},{"cpu":"cpu3","user":2506.21875,"system":1026.6015625,"idle":18557.9296875,"nice":0,"iowait":0,"irq":0,"softirq":0,"steal":0,"guest":0,"guestNice":0,"stolen":0}],"time":"2018-02-19 12:37:19.47659 +0900 JST m=+3348.650041418","errorInfo":null}
[Info]2018/02/19 12:37:19 acsessd /api/status.json
[Info]2018/02/19 12:37:19 {"hostname":"ksc-1x-dhcp-172-29-194-195.kwansei.ac.jp","hostid":"18d901f1-4a03-3ff1-ae34-c26b2732f13c","virtualizationSystem":"","total":8589934592,"available":1908445184,"usedPercent":77.78277397155762,"diskIO":[{"name":"disk0","ioTime":1313850,"weightedIO":0}],"cpu":[{"cpu":"cpu0","user":4155.5078125,"system":2303.125,"idle":15633.328125,"nice":0,"iowait":0,"irq":0,"softirq":0,"steal":0,"guest":0,"guestNice":0,"stolen":0},{"cpu":"cpu1","user":2471.2890625,"system":1013.5078125,"idle":18606.3515625,"nice":0,"iowait":0,"irq":0,"softirq":0,"steal":0,"guest":0,"guestNice":0,"stolen":0},{"cpu":"cpu2","user":4042.328125,"system":2030.3359375,"idle":16018.4765625,"nice":0,"iowait":0,"irq":0,"softirq":0,"steal":0,"guest":0,"guestNice":0,"stolen":0},{"cpu":"cpu3","user":2506.265625,"system":1026.609375,"idle":18558.2734375,"nice":0,"iowait":0,"irq":0,"softirq":0,"steal":0,"guest":0,"guestNice":0,"stolen":0}],"time":"2018-02-19 12:37:19.980043 +0900 JST m=+3349.153481593","errorInfo":null}
[Info]2018/02/19 12:37:20 acsessd /api/status.json
[Info]2018/02/19 12:37:20 {"hostname":"ksc-1x-dhcp-172-29-194-195.kwansei.ac.jp","hostid":"18d901f1-4a03-3ff1-ae34-c26b2732f13c","virtualizationSystem":"","total":8589934592,"available":1908187136,"usedPercent":77.7857780456543,"diskIO":[{"name":"disk0","ioTime":1313850,"weightedIO":0}],"cpu":[{"cpu":"cpu0","user":4155.7734375,"system":2303.1640625,"idle":15633.421875,"nice":0,"iowait":0,"irq":0,"softirq":0,"steal":0,"guest":0,"guestNice":0,"stolen":0},{"cpu":"cpu1","user":2471.328125,"system":1013.5234375,"idle":18606.6953125,"nice":0,"iowait":0,"irq":0,"softirq":0,"steal":0,"guest":0,"guestNice":0,"stolen":0},{"cpu":"cpu2","user":4042.5078125,"system":2030.3515625,"idle":16018.6953125,"nice":0,"iowait":0,"irq":0,"softirq":0,"steal":0,"guest":0,"guestNice":0,"stolen":0},{"cpu":"cpu3","user":2506.3203125,"system":1026.6171875,"idle":18558.6015625,"nice":0,"iowait":0,"irq":0,"softirq":0,"steal":0,"guest":0,"guestNice":0,"stolen":0}],"time":"2018-02-19 12:37:20.489994 +0900 JST m=+3349.663420994","errorInfo":null}
[Info]2018/02/19 12:37:20 acsessd /api/status.json
[Info]2018/02/19 12:37:20 {"hostname":"ksc-1x-dhcp-172-29-194-195.kwansei.ac.jp","hostid":"18d901f1-4a03-3ff1-ae34-c26b2732f13c","virtualizationSystem":"","total":8589934592,"available":1907929088,"usedPercent":77.78878211975098,"diskIO":[{"name":"disk0","ioTime":1313850,"weightedIO":0}],"cpu":[{"cpu":"cpu0","user":4155.921875,"system":2303.1796875,"idle":15633.6484375,"nice":0,"iowait":0,"irq":0,"softirq":0,"steal":0,"guest":0,"guestNice":0,"stolen":0},{"cpu":"cpu1","user":2471.3359375,"system":1013.5390625,"idle":18607.0625,"nice":0,"iowait":0,"irq":0,"softirq":0,"steal":0,"guest":0,"guestNice":0,"stolen":0},{"cpu":"cpu2","user":4042.8046875,"system":2030.359375,"idle":16018.7734375,"nice":0,"iowait":0,"irq":0,"softirq":0,"steal":0,"guest":0,"guestNice":0,"stolen":0},{"cpu":"cpu3","user":2506.3515625,"system":1026.6328125,"idle":18558.953125,"nice":0,"iowait":0,"irq":0,"softirq":0,"steal":0,"guest":0,"guestNice":0,"stolen":0}],"time":"2018-02-19 12:37:20.992745 +0900 JST m=+3350.166159011","errorInfo":null}
[Info]2018/02/19 12:37:21 acsessd /api/status.json
[Info]2018/02/19 12:37:21 {"hostname":"ksc-1x-dhcp-172-29-194-195.kwansei.ac.jp","hostid":"18d901f1-4a03-3ff1-ae34-c26b2732f13c","virtualizationSystem":"","total":8589934592,"available":1905844224,"usedPercent":77.81305313110352,"diskIO":[{"name":"disk0","ioTime":1313850,"weightedIO":0}],"cpu":[{"cpu":"cpu0","user":4156.1484375,"system":2303.1875,"idle":15633.8046875,"nice":0,"iowait":0,"irq":0,"softirq":0,"steal":0,"guest":0,"guestNice":0,"stolen":0},{"cpu":"cpu1","user":2471.375,"system":1013.5546875,"idle":18607.40625,"nice":0,"iowait":0,"irq":0,"softirq":0,"steal":0,"guest":0,"guestNice":0,"stolen":0},{"cpu":"cpu2","user":4042.9921875,"system":2030.3828125,"idle":16018.9609375,"nice":0,"iowait":0,"irq":0,"softirq":0,"steal":0,"guest":0,"guestNice":0,"stolen":0},{"cpu":"cpu3","user":2506.3828125,"system":1026.65625,"idle":18559.2890625,"nice":0,"iowait":0,"irq":0,"softirq":0,"steal":0,"guest":0,"guestNice":0,"stolen":0}],"time":"2018-02-19 12:37:21.496688 +0900 JST m=+3350.670089610","errorInfo":null}
[Info]2018/02/19 12:37:21 acsessd /api/status.json
[Info]2018/02/19 12:37:22 {"hostname":"ksc-1x-dhcp-172-29-194-195.kwansei.ac.jp","hostid":"18d901f1-4a03-3ff1-ae34-c26b2732f13c","virtualizationSystem":"","total":8589934592,"available":1905872896,"usedPercent":77.81271934509277,"diskIO":[{"name":"disk0","ioTime":1313858,"weightedIO":0}],"cpu":[{"cpu":"cpu0","user":4156.40625,"system":2303.2265625,"idle":15633.9140625,"nice":0,"iowait":0,"irq":0,"softirq":0,"steal":0,"guest":0,"guestNice":0,"stolen":0},{"cpu":"cpu1","user":2471.4140625,"system":1013.5703125,"idle":18607.7421875,"nice":0,"iowait":0,"irq":0,"softirq":0,"steal":0,"guest":0,"guestNice":0,"stolen":0},{"cpu":"cpu2","user":4043.1875,"system":2030.390625,"idle":16019.1484375,"nice":0,"iowait":0,"irq":0,"softirq":0,"steal":0,"guest":0,"guestNice":0,"stolen":0},{"cpu":"cpu3","user":2506.4296875,"system":1026.6640625,"idle":18559.6328125,"nice":0,"iowait":0,"irq":0,"softirq":0,"steal":0,"guest":0,"guestNice":0,"stolen":0}],"time":"2018-02-19 12:37:22.002624 +0900 JST m=+3351.176013375","errorInfo":null}
[Info]2018/02/19 12:37:22 acsessd /api/status.json
[Info]2018/02/19 12:37:22 {"hostname":"ksc-1x-dhcp-172-29-194-195.kwansei.ac.jp","hostid":"18d901f1-4a03-3ff1-ae34-c26b2732f13c","virtualizationSystem":"","total":8589934592,"available":1905270784,"usedPercent":77.81972885131836,"diskIO":[{"name":"disk0","ioTime":1313858,"weightedIO":0}],"cpu":[{"cpu":"cpu0","user":4156.6953125,"system":2303.234375,"idle":15634.0078125,"nice":0,"iowait":0,"irq":0,"softirq":0,"steal":0,"guest":0,"guestNice":0,"stolen":0},{"cpu":"cpu1","user":2471.46875,"system":1013.5859375,"idle":18608.0703125,"nice":0,"iowait":0,"irq":0,"softirq":0,"steal":0,"guest":0,"guestNice":0,"stolen":0},{"cpu":"cpu2","user":4043.296875,"system":2030.421875,"idle":16019.4140625,"nice":0,"iowait":0,"irq":0,"softirq":0,"steal":0,"guest":0,"guestNice":0,"stolen":0},{"cpu":"cpu3","user":2506.4765625,"system":1026.6875,"idle":18559.9609375,"nice":0,"iowait":0,"irq":0,"softirq":0,"steal":0,"guest":0,"guestNice":0,"stolen":0}],"time":"2018-02-19 12:37:22.513401 +0900 JST m=+3351.686778284","errorInfo":null}
[Info]2018/02/19 12:37:22 acsessd /api/status.json
[Info]2018/02/19 12:37:23 {"hostname":"ksc-1x-dhcp-172-29-194-195.kwansei.ac.jp","hostid":"18d901f1-4a03-3ff1-ae34-c26b2732f13c","virtualizationSystem":"","total":8589934592,"available":1905106944,"usedPercent":77.82163619995117,"diskIO":[{"name":"disk0","ioTime":1313858,"weightedIO":0}],"cpu":[{"cpu":"cpu0","user":4156.828125,"system":2303.265625,"idle":15634.2265625,"nice":0,"iowait":0,"irq":0,"softirq":0,"steal":0,"guest":0,"guestNice":0,"stolen":0},{"cpu":"cpu1","user":2471.5234375,"system":1013.6015625,"idle":18608.390625,"nice":0,"iowait":0,"irq":0,"softirq":0,"steal":0,"guest":0,"guestNice":0,"stolen":0},{"cpu":"cpu2","user":4043.53125,"system":2030.4296875,"idle":16019.5625,"nice":0,"iowait":0,"irq":0,"softirq":0,"steal":0,"guest":0,"guestNice":0,"stolen":0},{"cpu":"cpu3","user":2506.515625,"system":1026.6953125,"idle":18560.296875,"nice":0,"iowait":0,"irq":0,"softirq":0,"steal":0,"guest":0,"guestNice":0,"stolen":0}],"time":"2018-02-19 12:37:23.007846 +0900 JST m=+3352.181210539","errorInfo":null}
[Info]2018/02/19 12:37:23 acsessd /api/status.json
[Info]2018/02/19 12:37:23 {"hostname":"ksc-1x-dhcp-172-29-194-195.kwansei.ac.jp","hostid":"18d901f1-4a03-3ff1-ae34-c26b2732f13c","virtualizationSystem":"","total":8589934592,"available":1904353280,"usedPercent":77.83041000366211,"diskIO":[{"name":"disk0","ioTime":1313858,"weightedIO":0}],"cpu":[{"cpu":"cpu0","user":4157.015625,"system":2303.28125,"idle":15634.40625,"nice":0,"iowait":0,"irq":0,"softirq":0,"steal":0,"guest":0,"guestNice":0,"stolen":0},{"cpu":"cpu1","user":2471.59375,"system":1013.6171875,"idle":18608.6953125,"nice":0,"iowait":0,"irq":0,"softirq":0,"steal":0,"guest":0,"guestNice":0,"stolen":0},{"cpu":"cpu2","user":4043.734375,"system":2030.4453125,"idle":16019.71875,"nice":0,"iowait":0,"irq":0,"softirq":0,"steal":0,"guest":0,"guestNice":0,"stolen":0},{"cpu":"cpu3","user":2506.5625,"system":1026.703125,"idle":18560.6328125,"nice":0,"iowait":0,"irq":0,"softirq":0,"steal":0,"guest":0,"guestNice":0,"stolen":0}],"time":"2018-02-19 12:37:23.509105 +0900 JST m=+3352.682457823","errorInfo":null}
[Info]2018/02/19 12:37:23 acsessd /api/status.json
[Info]2018/02/19 12:37:24 {"hostname":"ksc-1x-dhcp-172-29-194-195.kwansei.ac.jp","hostid":"18d901f1-4a03-3ff1-ae34-c26b2732f13c","virtualizationSystem":"","total":8589934592,"available":1904824320,"usedPercent":77.82492637634277,"diskIO":[{"name":"disk0","ioTime":1313858,"weightedIO":0}],"cpu":[{"cpu":"cpu0","user":4157.2578125,"system":2303.390625,"idle":15634.46875,"nice":0,"iowait":0,"irq":0,"softirq":0,"steal":0,"guest":0,"guestNice":0,"stolen":0},{"cpu":"cpu1","user":2471.6484375,"system":1013.65625,"idle":18609,"nice":0,"iowait":0,"irq":0,"softirq":0,"steal":0,"guest":0,"guestNice":0,"stolen":0},{"cpu":"cpu2","user":4044.03125,"system":2030.515625,"idle":16019.7578125,"nice":0,"iowait":0,"irq":0,"softirq":0,"steal":0,"guest":0,"guestNice":0,"stolen":0},{"cpu":"cpu3","user":2506.6171875,"system":1026.75,"idle":18560.9296875,"nice":0,"iowait":0,"irq":0,"softirq":0,"steal":0,"guest":0,"guestNice":0,"stolen":0}],"time":"2018-02-19 12:37:24.020816 +0900 JST m=+3353.194156104","errorInfo":null}
[Info]2018/02/19 12:37:24 acsessd /api/status.json
[Info]2018/02/19 12:37:24 {"hostname":"ksc-1x-dhcp-172-29-194-195.kwansei.ac.jp","hostid":"18d901f1-4a03-3ff1-ae34-c26b2732f13c","virtualizationSystem":"","total":8589934592,"available":1904111616,"usedPercent":77.83322334289551,"diskIO":[{"name":"disk0","ioTime":1313866,"weightedIO":0}],"cpu":[{"cpu":"cpu0","user":4157.46875,"system":2303.421875,"idle":15634.609375,"nice":0,"iowait":0,"irq":0,"softirq":0,"steal":0,"guest":0,"guestNice":0,"stolen":0},{"cpu":"cpu1","user":2471.7109375,"system":1013.6796875,"idle":18609.296875,"nice":0,"iowait":0,"irq":0,"softirq":0,"steal":0,"guest":0,"guestNice":0,"stolen":0},{"cpu":"cpu2","user":4044.2265625,"system":2030.53125,"idle":16019.9296875,"nice":0,"iowait":0,"irq":0,"softirq":0,"steal":0,"guest":0,"guestNice":0,"stolen":0},{"cpu":"cpu3","user":2506.6796875,"system":1026.765625,"idle":18561.25,"nice":0,"iowait":0,"irq":0,"softirq":0,"steal":0,"guest":0,"guestNice":0,"stolen":0}],"time":"2018-02-19 12:37:24.516257 +0900 JST m=+3353.689585090","errorInfo":null}
[Info]2018/02/19 12:37:24 acsessd /api/status.json
[Info]2018/02/19 12:37:25 {"hostname":"ksc-1x-dhcp-172-29-194-195.kwansei.ac.jp","hostid":"18d901f1-4a03-3ff1-ae34-c26b2732f13c","virtualizationSystem":"","total":8589934592,"available":1903865856,"usedPercent":77.83608436584473,"diskIO":[{"name":"disk0","ioTime":1313866,"weightedIO":0}],"cpu":[{"cpu":"cpu0","user":4157.6640625,"system":2303.4296875,"idle":15634.7890625,"nice":0,"iowait":0,"irq":0,"softirq":0,"steal":0,"guest":0,"guestNice":0,"stolen":0},{"cpu":"cpu1","user":2471.75,"system":1013.703125,"idle":18609.625,"nice":0,"iowait":0,"irq":0,"softirq":0,"steal":0,"guest":0,"guestNice":0,"stolen":0},{"cpu":"cpu2","user":4044.4609375,"system":2030.5546875,"idle":16020.0703125,"nice":0,"iowait":0,"irq":0,"softirq":0,"steal":0,"guest":0,"guestNice":0,"stolen":0},{"cpu":"cpu3","user":2506.7109375,"system":1026.78125,"idle":18561.5859375,"nice":0,"iowait":0,"irq":0,"softirq":0,"steal":0,"guest":0,"guestNice":0,"stolen":0}],"time":"2018-02-19 12:37:25.017132 +0900 JST m=+3354.190447938","errorInfo":null}
[Info]2018/02/19 12:37:25 acsessd /api/status.json
[Info]2018/02/19 12:37:25 {"hostname":"ksc-1x-dhcp-172-29-194-195.kwansei.ac.jp","hostid":"18d901f1-4a03-3ff1-ae34-c26b2732f13c","virtualizationSystem":"","total":8589934592,"available":1903616000,"usedPercent":77.83899307250977,"diskIO":[{"name":"disk0","ioTime":1313866,"weightedIO":0}],"cpu":[{"cpu":"cpu0","user":4157.8515625,"system":2303.453125,"idle":15634.984375,"nice":0,"iowait":0,"irq":0,"softirq":0,"steal":0,"guest":0,"guestNice":0,"stolen":0},{"cpu":"cpu1","user":2471.796875,"system":1013.71875,"idle":18609.96875,"nice":0,"iowait":0,"irq":0,"softirq":0,"steal":0,"guest":0,"guestNice":0,"stolen":0},{"cpu":"cpu2","user":4044.6875,"system":2030.578125,"idle":16020.21875,"nice":0,"iowait":0,"irq":0,"softirq":0,"steal":0,"guest":0,"guestNice":0,"stolen":0},{"cpu":"cpu3","user":2506.765625,"system":1026.796875,"idle":18561.9140625,"nice":0,"iowait":0,"irq":0,"softirq":0,"steal":0,"guest":0,"guestNice":0,"stolen":0}],"time":"2018-02-19 12:37:25.526149 +0900 JST m=+3354.699452400","errorInfo":null}
[Info]2018/02/19 12:37:25 acsessd /api/status.json
[Info]2018/02/19 12:37:26 {"hostname":"ksc-1x-dhcp-172-29-194-195.kwansei.ac.jp","hostid":"18d901f1-4a03-3ff1-ae34-c26b2732f13c","virtualizationSystem":"","total":8589934592,"available":1908166656,"usedPercent":77.7860164642334,"diskIO":[{"name":"disk0","ioTime":1313891,"weightedIO":0}],"cpu":[{"cpu":"cpu0","user":4158.1484375,"system":2303.4765625,"idle":15635.0625,"nice":0,"iowait":0,"irq":0,"softirq":0,"steal":0,"guest":0,"guestNice":0,"stolen":0},{"cpu":"cpu1","user":2471.828125,"system":1013.7265625,"idle":18610.3203125,"nice":0,"iowait":0,"irq":0,"softirq":0,"steal":0,"guest":0,"guestNice":0,"stolen":0},{"cpu":"cpu2","user":4044.8203125,"system":2030.6015625,"idle":16020.453125,"nice":0,"iowait":0,"irq":0,"softirq":0,"steal":0,"guest":0,"guestNice":0,"stolen":0},{"cpu":"cpu3","user":2506.8125,"system":1026.8046875,"idle":18562.2578125,"nice":0,"iowait":0,"irq":0,"softirq":0,"steal":0,"guest":0,"guestNice":0,"stolen":0}],"time":"2018-02-19 12:37:26.031794 +0900 JST m=+3355.205085468","errorInfo":null}
[Info]2018/02/19 12:37:26 acsessd /api/status.json
[Info]2018/02/19 12:37:26 {"hostname":"ksc-1x-dhcp-172-29-194-195.kwansei.ac.jp","hostid":"18d901f1-4a03-3ff1-ae34-c26b2732f13c","virtualizationSystem":"","total":8589934592,"available":1908822016,"usedPercent":77.77838706970215,"diskIO":[{"name":"disk0","ioTime":1313900,"weightedIO":0}],"cpu":[{"cpu":"cpu0","user":4158.3515625,"system":2303.484375,"idle":15635.2421875,"nice":0,"iowait":0,"irq":0,"softirq":0,"steal":0,"guest":0,"guestNice":0,"stolen":0},{"cpu":"cpu1","user":2471.8828125,"system":1013.7421875,"idle":18610.640625,"nice":0,"iowait":0,"irq":0,"softirq":0,"steal":0,"guest":0,"guestNice":0,"stolen":0},{"cpu":"cpu2","user":4045.0234375,"system":2030.6328125,"idle":16020.609375,"nice":0,"iowait":0,"irq":0,"softirq":0,"steal":0,"guest":0,"guestNice":0,"stolen":0},{"cpu":"cpu3","user":2506.8359375,"system":1026.8203125,"idle":18562.609375,"nice":0,"iowait":0,"irq":0,"softirq":0,"steal":0,"guest":0,"guestNice":0,"stolen":0}],"time":"2018-02-19 12:37:26.533604 +0900 JST m=+3355.706882839","errorInfo":null}
[Info]2018/02/19 12:37:26 acsessd /api/status.json
[Info]2018/02/19 12:37:27 {"hostname":"ksc-1x-dhcp-172-29-194-195.kwansei.ac.jp","hostid":"18d901f1-4a03-3ff1-ae34-c26b2732f13c","virtualizationSystem":"","total":8589934592,"available":1908023296,"usedPercent":77.78768539428711,"diskIO":[{"name":"disk0","ioTime":1313900,"weightedIO":0}],"cpu":[{"cpu":"cpu0","user":4158.5390625,"system":2303.5078125,"idle":15635.4140625,"nice":0,"iowait":0,"irq":0,"softirq":0,"steal":0,"guest":0,"guestNice":0,"stolen":0},{"cpu":"cpu1","user":2471.921875,"system":1013.75,"idle":18610.9765625,"nice":0,"iowait":0,"irq":0,"softirq":0,"steal":0,"guest":0,"guestNice":0,"stolen":0},{"cpu":"cpu2","user":4045.234375,"system":2030.6484375,"idle":16020.7734375,"nice":0,"iowait":0,"irq":0,"softirq":0,"steal":0,"guest":0,"guestNice":0,"stolen":0},{"cpu":"cpu3","user":2506.875,"system":1026.828125,"idle":18562.9453125,"nice":0,"iowait":0,"irq":0,"softirq":0,"steal":0,"guest":0,"guestNice":0,"stolen":0}],"time":"2018-02-19 12:37:27.021551 +0900 JST m=+3356.194818261","errorInfo":null}
[Info]2018/02/19 12:37:27 acsessd /api/status.json
[Info]2018/02/19 12:37:27 {"hostname":"ksc-1x-dhcp-172-29-194-195.kwansei.ac.jp","hostid":"18d901f1-4a03-3ff1-ae34-c26b2732f13c","virtualizationSystem":"","total":8589934592,"available":1906843648,"usedPercent":77.80141830444336,"diskIO":[{"name":"disk0","ioTime":1313914,"weightedIO":0}],"cpu":[{"cpu":"cpu0","user":4158.734375,"system":2303.5234375,"idle":15635.59375,"nice":0,"iowait":0,"irq":0,"softirq":0,"steal":0,"guest":0,"guestNice":0,"stolen":0},{"cpu":"cpu1","user":2471.96875,"system":1013.7734375,"idle":18611.3125,"nice":0,"iowait":0,"irq":0,"softirq":0,"steal":0,"guest":0,"guestNice":0,"stolen":0},{"cpu":"cpu2","user":4045.46875,"system":2030.6640625,"idle":16020.921875,"nice":0,"iowait":0,"irq":0,"softirq":0,"steal":0,"guest":0,"guestNice":0,"stolen":0},{"cpu":"cpu3","user":2506.921875,"system":1026.8515625,"idle":18563.28125,"nice":0,"iowait":0,"irq":0,"softirq":0,"steal":0,"guest":0,"guestNice":0,"stolen":0}],"time":"2018-02-19 12:37:27.535886 +0900 JST m=+3356.709140729","errorInfo":null}
[Info]2018/02/19 12:37:27 acsessd /api/status.json
[Info]2018/02/19 12:37:28 {"hostname":"ksc-1x-dhcp-172-29-194-195.kwansei.ac.jp","hostid":"18d901f1-4a03-3ff1-ae34-c26b2732f13c","virtualizationSystem":"","total":8589934592,"available":1911332864,"usedPercent":77.7491569519043,"diskIO":[{"name":"disk0","ioTime":1313916,"weightedIO":0}],"cpu":[{"cpu":"cpu0","user":4158.890625,"system":2303.59375,"idle":15635.7578125,"nice":0,"iowait":0,"irq":0,"softirq":0,"steal":0,"guest":0,"guestNice":0,"stolen":0},{"cpu":"cpu1","user":2472.0390625,"system":1013.8203125,"idle":18611.5703125,"nice":0,"iowait":0,"irq":0,"softirq":0,"steal":0,"guest":0,"guestNice":0,"stolen":0},{"cpu":"cpu2","user":4045.765625,"system":2030.7265625,"idle":16020.9375,"nice":0,"iowait":0,"irq":0,"softirq":0,"steal":0,"guest":0,"guestNice":0,"stolen":0},{"cpu":"cpu3","user":2506.984375,"system":1026.8984375,"idle":18563.546875,"nice":0,"iowait":0,"irq":0,"softirq":0,"steal":0,"guest":0,"guestNice":0,"stolen":0}],"time":"2018-02-19 12:37:28.024078 +0900 JST m=+3357.197320559","errorInfo":null}
[Info]2018/02/19 12:37:28 acsessd /api/status.json
[Info]2018/02/19 12:37:28 {"hostname":"ksc-1x-dhcp-172-29-194-195.kwansei.ac.jp","hostid":"18d901f1-4a03-3ff1-ae34-c26b2732f13c","virtualizationSystem":"","total":8589934592,"available":1911332864,"usedPercent":77.7491569519043,"diskIO":[{"name":"disk0","ioTime":1313945,"weightedIO":0}],"cpu":[{"cpu":"cpu0","user":4159.1875,"system":2303.6171875,"idle":15635.8359375,"nice":0,"iowait":0,"irq":0,"softirq":0,"steal":0,"guest":0,"guestNice":0,"stolen":0},{"cpu":"cpu1","user":2472.1015625,"system":1013.8515625,"idle":18611.8671875,"nice":0,"iowait":0,"irq":0,"softirq":0,"steal":0,"guest":0,"guestNice":0,"stolen":0},{"cpu":"cpu2","user":4045.921875,"system":2030.7734375,"idle":16021.1328125,"nice":0,"iowait":0,"irq":0,"softirq":0,"steal":0,"guest":0,"guestNice":0,"stolen":0},{"cpu":"cpu3","user":2507.046875,"system":1026.9296875,"idle":18563.8515625,"nice":0,"iowait":0,"irq":0,"softirq":0,"steal":0,"guest":0,"guestNice":0,"stolen":0}],"time":"2018-02-19 12:37:28.530366 +0900 JST m=+3357.703596835","errorInfo":null}
[Info]2018/02/19 12:37:28 acsessd /api/status.json
[Info]2018/02/19 12:37:29 {"hostname":"ksc-1x-dhcp-172-29-194-195.kwansei.ac.jp","hostid":"18d901f1-4a03-3ff1-ae34-c26b2732f13c","virtualizationSystem":"","total":8589934592,"available":1914036224,"usedPercent":77.71768569946289,"diskIO":[{"name":"disk0","ioTime":1313945,"weightedIO":0}],"cpu":[{"cpu":"cpu0","user":4159.5078125,"system":2303.6328125,"idle":15635.890625,"nice":0,"iowait":0,"irq":0,"softirq":0,"steal":0,"guest":0,"guestNice":0,"stolen":0},{"cpu":"cpu1","user":2472.1484375,"system":1013.8828125,"idle":18612.1953125,"nice":0,"iowait":0,"irq":0,"softirq":0,"steal":0,"guest":0,"guestNice":0,"stolen":0},{"cpu":"cpu2","user":4046.0703125,"system":2030.9140625,"idle":16021.25,"nice":0,"iowait":0,"irq":0,"softirq":0,"steal":0,"guest":0,"guestNice":0,"stolen":0},{"cpu":"cpu3","user":2507.09375,"system":1026.9765625,"idle":18564.15625,"nice":0,"iowait":0,"irq":0,"softirq":0,"steal":0,"guest":0,"guestNice":0,"stolen":0}],"time":"2018-02-19 12:37:29.041213 +0900 JST m=+3358.214431356","errorInfo":null}
[Info]2018/02/19 12:37:29 acsessd /api/status.json
[Info]2018/02/19 12:37:29 {"hostname":"ksc-1x-dhcp-172-29-194-195.kwansei.ac.jp","hostid":"18d901f1-4a03-3ff1-ae34-c26b2732f13c","virtualizationSystem":"","total":8589934592,"available":1914146816,"usedPercent":77.71639823913574,"diskIO":[{"name":"disk0","ioTime":1313955,"weightedIO":0}],"cpu":[{"cpu":"cpu0","user":4159.7109375,"system":2303.671875,"idle":15636.0390625,"nice":0,"iowait":0,"irq":0,"softirq":0,"steal":0,"guest":0,"guestNice":0,"stolen":0},{"cpu":"cpu1","user":2472.1875,"system":1013.921875,"idle":18612.5,"nice":0,"iowait":0,"irq":0,"softirq":0,"steal":0,"guest":0,"guestNice":0,"stolen":0},{"cpu":"cpu2","user":4046.3203125,"system":2030.9296875,"idle":16021.3671875,"nice":0,"iowait":0,"irq":0,"softirq":0,"steal":0,"guest":0,"guestNice":0,"stolen":0},{"cpu":"cpu3","user":2507.1484375,"system":1026.9921875,"idle":18564.4609375,"nice":0,"iowait":0,"irq":0,"softirq":0,"steal":0,"guest":0,"guestNice":0,"stolen":0}],"time":"2018-02-19 12:37:29.533026 +0900 JST m=+3358.706232449","errorInfo":null}
[Info]2018/02/19 12:37:29 acsessd /api/status.json
[Info]2018/02/19 12:37:30 {"hostname":"ksc-1x-dhcp-172-29-194-195.kwansei.ac.jp","hostid":"18d901f1-4a03-3ff1-ae34-c26b2732f13c","virtualizationSystem":"","total":8589934592,"available":1913880576,"usedPercent":77.71949768066406,"diskIO":[{"name":"disk0","ioTime":1313955,"weightedIO":0}],"cpu":[{"cpu":"cpu0","user":4159.796875,"system":2303.703125,"idle":15636.3125,"nice":0,"iowait":0,"irq":0,"softirq":0,"steal":0,"guest":0,"guestNice":0,"stolen":0},{"cpu":"cpu1","user":2472.21875,"system":1013.9375,"idle":18612.84375,"nice":0,"iowait":0,"irq":0,"softirq":0,"steal":0,"guest":0,"guestNice":0,"stolen":0},{"cpu":"cpu2","user":4046.65625,"system":2030.9375,"idle":16021.40625,"nice":0,"iowait":0,"irq":0,"softirq":0,"steal":0,"guest":0,"guestNice":0,"stolen":0},{"cpu":"cpu3","user":2507.1796875,"system":1027.0078125,"idle":18564.8125,"nice":0,"iowait":0,"irq":0,"softirq":0,"steal":0,"guest":0,"guestNice":0,"stolen":0}],"time":"2018-02-19 12:37:30.032234 +0900 JST m=+3359.205428432","errorInfo":null}
[Info]2018/02/19 12:37:30 acsessd /api/status.json
[Info]2018/02/19 12:37:30 {"hostname":"ksc-1x-dhcp-172-29-194-195.kwansei.ac.jp","hostid":"18d901f1-4a03-3ff1-ae34-c26b2732f13c","virtualizationSystem":"","total":8589934592,"available":1913602048,"usedPercent":77.72274017333984,"diskIO":[{"name":"disk0","ioTime":1313964,"weightedIO":0}],"cpu":[{"cpu":"cpu0","user":4160.0234375,"system":2303.734375,"idle":15636.4453125,"nice":0,"iowait":0,"irq":0,"softirq":0,"steal":0,"guest":0,"guestNice":0,"stolen":0},{"cpu":"cpu1","user":2472.25,"system":1013.9453125,"idle":18613.1953125,"nice":0,"iowait":0,"irq":0,"softirq":0,"steal":0,"guest":0,"guestNice":0,"stolen":0},{"cpu":"cpu2","user":4046.8671875,"system":2030.9453125,"idle":16021.578125,"nice":0,"iowait":0,"irq":0,"softirq":0,"steal":0,"guest":0,"guestNice":0,"stolen":0},{"cpu":"cpu3","user":2507.203125,"system":1027.015625,"idle":18565.171875,"nice":0,"iowait":0,"irq":0,"softirq":0,"steal":0,"guest":0,"guestNice":0,"stolen":0}],"time":"2018-02-19 12:37:30.532963 +0900 JST m=+3359.706144386","errorInfo":null}
[Info]2018/02/19 12:37:30 acsessd /api/status.json
[Info]2018/02/19 12:37:31 {"hostname":"ksc-1x-dhcp-172-29-194-195.kwansei.ac.jp","hostid":"18d901f1-4a03-3ff1-ae34-c26b2732f13c","virtualizationSystem":"","total":8589934592,"available":1912803328,"usedPercent":77.7320384979248,"diskIO":[{"name":"disk0","ioTime":1313964,"weightedIO":0}],"cpu":[{"cpu":"cpu0","user":4160.1875,"system":2303.75,"idle":15636.65625,"nice":0,"iowait":0,"irq":0,"softirq":0,"steal":0,"guest":0,"guestNice":0,"stolen":0},{"cpu":"cpu1","user":2472.2734375,"system":1013.9609375,"idle":18613.5546875,"nice":0,"iowait":0,"irq":0,"softirq":0,"steal":0,"guest":0,"guestNice":0,"stolen":0},{"cpu":"cpu2","user":4047.140625,"system":2030.96875,"idle":16021.6796875,"nice":0,"iowait":0,"irq":0,"softirq":0,"steal":0,"guest":0,"guestNice":0,"stolen":0},{"cpu":"cpu3","user":2507.2578125,"system":1027.03125,"idle":18565.4921875,"nice":0,"iowait":0,"irq":0,"softirq":0,"steal":0,"guest":0,"guestNice":0,"stolen":0}],"time":"2018-02-19 12:37:31.033447 +0900 JST m=+3360.206616435","errorInfo":null}
[Info]2018/02/19 12:37:31 acsessd /api/status.json
[Info]2018/02/19 12:37:31 {"hostname":"ksc-1x-dhcp-172-29-194-195.kwansei.ac.jp","hostid":"18d901f1-4a03-3ff1-ae34-c26b2732f13c","virtualizationSystem":"","total":8589934592,"available":1915932672,"usedPercent":77.69560813903809,"diskIO":[{"name":"disk0","ioTime":1313983,"weightedIO":0}],"cpu":[{"cpu":"cpu0","user":4160.3203125,"system":2303.7890625,"idle":15636.8984375,"nice":0,"iowait":0,"irq":0,"softirq":0,"steal":0,"guest":0,"guestNice":0,"stolen":0},{"cpu":"cpu1","user":2472.328125,"system":1013.96875,"idle":18613.890625,"nice":0,"iowait":0,"irq":0,"softirq":0,"steal":0,"guest":0,"guestNice":0,"stolen":0},{"cpu":"cpu2","user":4047.4375,"system":2030.984375,"idle":16021.765625,"nice":0,"iowait":0,"irq":0,"softirq":0,"steal":0,"guest":0,"guestNice":0,"stolen":0},{"cpu":"cpu3","user":2507.3203125,"system":1027.046875,"idle":18565.8203125,"nice":0,"iowait":0,"irq":0,"softirq":0,"steal":0,"guest":0,"guestNice":0,"stolen":0}],"time":"2018-02-19 12:37:31.555072 +0900 JST m=+3360.728229374","errorInfo":null}
[Info]2018/02/19 12:37:31 acsessd /api/status.json
[Info]2018/02/19 12:37:32 {"hostname":"ksc-1x-dhcp-172-29-194-195.kwansei.ac.jp","hostid":"18d901f1-4a03-3ff1-ae34-c26b2732f13c","virtualizationSystem":"","total":8589934592,"available":1886269440,"usedPercent":78.04093360900879,"diskIO":[{"name":"disk0","ioTime":1313984,"weightedIO":0}],"cpu":[{"cpu":"cpu0","user":4160.515625,"system":2303.8125,"idle":15637.0546875,"nice":0,"iowait":0,"irq":0,"softirq":0,"steal":0,"guest":0,"guestNice":0,"stolen":0},{"cpu":"cpu1","user":2472.3828125,"system":1013.9921875,"idle":18614.1953125,"nice":0,"iowait":0,"irq":0,"softirq":0,"steal":0,"guest":0,"guestNice":0,"stolen":0},{"cpu":"cpu2","user":4047.6484375,"system":2031.0234375,"idle":16021.90625,"nice":0,"iowait":0,"irq":0,"softirq":0,"steal":0,"guest":0,"guestNice":0,"stolen":0},{"cpu":"cpu3","user":2507.3671875,"system":1027.0625,"idle":18566.140625,"nice":0,"iowait":0,"irq":0,"softirq":0,"steal":0,"guest":0,"guestNice":0,"stolen":0}],"time":"2018-02-19 12:37:32.041419 +0900 JST m=+3361.214564121","errorInfo":null}
[Info]2018/02/19 12:37:32 acsessd /api/status.json
[Info]2018/02/19 12:37:32 {"hostname":"ksc-1x-dhcp-172-29-194-195.kwansei.ac.jp","hostid":"18d901f1-4a03-3ff1-ae34-c26b2732f13c","virtualizationSystem":"","total":8589934592,"available":1886269440,"usedPercent":78.04093360900879,"diskIO":[{"name":"disk0","ioTime":1313998,"weightedIO":0}],"cpu":[{"cpu":"cpu0","user":4160.6953125,"system":2303.84375,"idle":15637.2421875,"nice":0,"iowait":0,"irq":0,"softirq":0,"steal":0,"guest":0,"guestNice":0,"stolen":0},{"cpu":"cpu1","user":2472.421875,"system":1014,"idle":18614.5390625,"nice":0,"iowait":0,"irq":0,"softirq":0,"steal":0,"guest":0,"guestNice":0,"stolen":0},{"cpu":"cpu2","user":4047.90625,"system":2031.0625,"idle":16022,"nice":0,"iowait":0,"irq":0,"softirq":0,"steal":0,"guest":0,"guestNice":0,"stolen":0},{"cpu":"cpu3","user":2507.3984375,"system":1027.078125,"idle":18566.484375,"nice":0,"iowait":0,"irq":0,"softirq":0,"steal":0,"guest":0,"guestNice":0,"stolen":0}],"time":"2018-02-19 12:37:32.547659 +0900 JST m=+3361.720791672","errorInfo":null}
[Info]2018/02/19 12:37:32 acsessd /api/status.json
[Info]2018/02/19 12:37:33 {"hostname":"ksc-1x-dhcp-172-29-194-195.kwansei.ac.jp","hostid":"18d901f1-4a03-3ff1-ae34-c26b2732f13c","virtualizationSystem":"","total":8589934592,"available":1929478144,"usedPercent":77.53791809082031,"diskIO":[{"name":"disk0","ioTime":1314017,"weightedIO":0}],"cpu":[{"cpu":"cpu0","user":4160.8515625,"system":2303.8671875,"idle":15637.4609375,"nice":0,"iowait":0,"irq":0,"softirq":0,"steal":0,"guest":0,"guestNice":0,"stolen":0},{"cpu":"cpu1","user":2472.4609375,"system":1014.0234375,"idle":18614.8828125,"nice":0,"iowait":0,"irq":0,"softirq":0,"steal":0,"guest":0,"guestNice":0,"stolen":0},{"cpu":"cpu2","user":4048.125,"system":2031.09375,"idle":16022.140625,"nice":0,"iowait":0,"irq":0,"softirq":0,"steal":0,"guest":0,"guestNice":0,"stolen":0},{"cpu":"cpu3","user":2507.4453125,"system":1027.1015625,"idle":18566.8125,"nice":0,"iowait":0,"irq":0,"softirq":0,"steal":0,"guest":0,"guestNice":0,"stolen":0}],"time":"2018-02-19 12:37:33.056898 +0900 JST m=+3362.230018218","errorInfo":null}
[Info]2018/02/19 12:37:33 acsessd /api/status.json
[Info]2018/02/19 12:37:33 {"hostname":"ksc-1x-dhcp-172-29-194-195.kwansei.ac.jp","hostid":"18d901f1-4a03-3ff1-ae34-c26b2732f13c","virtualizationSystem":"","total":8589934592,"available":1906520064,"usedPercent":77.80518531799316,"diskIO":[{"name":"disk0","ioTime":1314051,"weightedIO":0}],"cpu":[{"cpu":"cpu0","user":4161.0859375,"system":2303.9375,"idle":15637.578125,"nice":0,"iowait":0,"irq":0,"softirq":0,"steal":0,"guest":0,"guestNice":0,"stolen":0},{"cpu":"cpu1","user":2472.5546875,"system":1014.0703125,"idle":18615.15625,"nice":0,"iowait":0,"irq":0,"softirq":0,"steal":0,"guest":0,"guestNice":0,"stolen":0},{"cpu":"cpu2","user":4048.34375,"system":2031.1484375,"idle":16022.2890625,"nice":0,"iowait":0,"irq":0,"softirq":0,"steal":0,"guest":0,"guestNice":0,"stolen":0},{"cpu":"cpu3","user":2507.5546875,"system":1027.15625,"idle":18567.0625,"nice":0,"iowait":0,"irq":0,"softirq":0,"steal":0,"guest":0,"guestNice":0,"stolen":0}],"time":"2018-02-19 12:37:33.592135 +0900 JST m=+3362.765241397","errorInfo":null}
[Info]2018/02/19 12:37:33 acsessd /api/status.json
[Info]2018/02/19 12:37:34 {"hostname":"ksc-1x-dhcp-172-29-194-195.kwansei.ac.jp","hostid":"18d901f1-4a03-3ff1-ae34-c26b2732f13c","virtualizationSystem":"","total":8589934592,"available":1907879936,"usedPercent":77.78935432434082,"diskIO":[{"name":"disk0","ioTime":1314059,"weightedIO":0}],"cpu":[{"cpu":"cpu0","user":4161.3671875,"system":2304,"idle":15637.6015625,"nice":0,"iowait":0,"irq":0,"softirq":0,"steal":0,"guest":0,"guestNice":0,"stolen":0},{"cpu":"cpu1","user":2472.75,"system":1014.1640625,"idle":18615.2421875,"nice":0,"iowait":0,"irq":0,"softirq":0,"steal":0,"guest":0,"guestNice":0,"stolen":0},{"cpu":"cpu2","user":4048.625,"system":2031.21875,"idle":16022.3125,"nice":0,"iowait":0,"irq":0,"softirq":0,"steal":0,"guest":0,"guestNice":0,"stolen":0},{"cpu":"cpu3","user":2507.734375,"system":1027.265625,"idle":18567.1640625,"nice":0,"iowait":0,"irq":0,"softirq":0,"steal":0,"guest":0,"guestNice":0,"stolen":0}],"time":"2018-02-19 12:37:34.074493 +0900 JST m=+3363.247588176","errorInfo":null}
[Info]2018/02/19 12:37:34 acsessd /api/status.json
[Info]2018/02/19 12:37:34 {"hostname":"ksc-1x-dhcp-172-29-194-195.kwansei.ac.jp","hostid":"18d901f1-4a03-3ff1-ae34-c26b2732f13c","virtualizationSystem":"","total":8589934592,"available":1877434368,"usedPercent":78.1437873840332,"diskIO":[{"name":"disk0","ioTime":1314059,"weightedIO":0}],"cpu":[{"cpu":"cpu0","user":4161.6640625,"system":2304.046875,"idle":15637.640625,"nice":0,"iowait":0,"irq":0,"softirq":0,"steal":0,"guest":0,"guestNice":0,"stolen":0},{"cpu":"cpu1","user":2472.9375,"system":1014.2421875,"idle":18615.359375,"nice":0,"iowait":0,"irq":0,"softirq":0,"steal":0,"guest":0,"guestNice":0,"stolen":0},{"cpu":"cpu2","user":4048.890625,"system":2031.28125,"idle":16022.375,"nice":0,"iowait":0,"irq":0,"softirq":0,"steal":0,"guest":0,"guestNice":0,"stolen":0},{"cpu":"cpu3","user":2507.921875,"system":1027.34375,"idle":18567.2734375,"nice":0,"iowait":0,"irq":0,"softirq":0,"steal":0,"guest":0,"guestNice":0,"stolen":0}],"time":"2018-02-19 12:37:34.566484 +0900 JST m=+3363.739566850","errorInfo":null}
[Info]2018/02/19 12:37:34 acsessd /api/status.json
[Info]2018/02/19 12:37:35 {"hostname":"ksc-1x-dhcp-172-29-194-195.kwansei.ac.jp","hostid":"18d901f1-4a03-3ff1-ae34-c26b2732f13c","virtualizationSystem":"","total":8589934592,"available":1851772928,"usedPercent":78.44252586364746,"diskIO":[{"name":"disk0","ioTime":1314074,"weightedIO":0}],"cpu":[{"cpu":"cpu0","user":4161.8984375,"system":2304.09375,"idle":15637.765625,"nice":0,"iowait":0,"irq":0,"softirq":0,"steal":0,"guest":0,"guestNice":0,"stolen":0},{"cpu":"cpu1","user":2473.0625,"system":1014.2734375,"idle":18615.59375,"nice":0,"iowait":0,"irq":0,"softirq":0,"steal":0,"guest":0,"guestNice":0,"stolen":0},{"cpu":"cpu2","user":4049.140625,"system":2031.328125,"idle":16022.4765625,"nice":0,"iowait":0,"irq":0,"softirq":0,"steal":0,"guest":0,"guestNice":0,"stolen":0},{"cpu":"cpu3","user":2508.0390625,"system":1027.3671875,"idle":18567.53125,"nice":0,"iowait":0,"irq":0,"softirq":0,"steal":0,"guest":0,"guestNice":0,"stolen":0}],"time":"2018-02-19 12:37:35.073377 +0900 JST m=+3364.246448410","errorInfo":null}
[Info]2018/02/19 12:37:35 acsessd /api/status.json
[Info]2018/02/19 12:37:35 {"hostname":"ksc-1x-dhcp-172-29-194-195.kwansei.ac.jp","hostid":"18d901f1-4a03-3ff1-ae34-c26b2732f13c","virtualizationSystem":"","total":8589934592,"available":1839968256,"usedPercent":78.5799503326416,"diskIO":[{"name":"disk0","ioTime":1314082,"weightedIO":0}],"cpu":[{"cpu":"cpu0","user":4162.171875,"system":2304.125,"idle":15637.828125,"nice":0,"iowait":0,"irq":0,"softirq":0,"steal":0,"guest":0,"guestNice":0,"stolen":0},{"cpu":"cpu1","user":2473.1484375,"system":1014.296875,"idle":18615.8671875,"nice":0,"iowait":0,"irq":0,"softirq":0,"steal":0,"guest":0,"guestNice":0,"stolen":0},{"cpu":"cpu2","user":4049.4375,"system":2031.3515625,"idle":16022.5234375,"nice":0,"iowait":0,"irq":0,"softirq":0,"steal":0,"guest":0,"guestNice":0,"stolen":0},{"cpu":"cpu3","user":2508.125,"system":1027.3828125,"idle":18567.8046875,"nice":0,"iowait":0,"irq":0,"softirq":0,"steal":0,"guest":0,"guestNice":0,"stolen":0}],"time":"2018-02-19 12:37:35.552859 +0900 JST m=+3364.725918230","errorInfo":null}
[Info]2018/02/19 12:37:35 acsessd /api/status.json
[Info]2018/02/19 12:37:36 {"hostname":"ksc-1x-dhcp-172-29-194-195.kwansei.ac.jp","hostid":"18d901f1-4a03-3ff1-ae34-c26b2732f13c","virtualizationSystem":"","total":8589934592,"available":1827868672,"usedPercent":78.7208080291748,"diskIO":[{"name":"disk0","ioTime":1314082,"weightedIO":0}],"cpu":[{"cpu":"cpu0","user":4162.4296875,"system":2304.1640625,"idle":15637.9296875,"nice":0,"iowait":0,"irq":0,"softirq":0,"steal":0,"guest":0,"guestNice":0,"stolen":0},{"cpu":"cpu1","user":2473.25,"system":1014.3203125,"idle":18616.140625,"nice":0,"iowait":0,"irq":0,"softirq":0,"steal":0,"guest":0,"guestNice":0,"stolen":0},{"cpu":"cpu2","user":4049.6640625,"system":2031.390625,"idle":16022.65625,"nice":0,"iowait":0,"irq":0,"softirq":0,"steal":0,"guest":0,"guestNice":0,"stolen":0},{"cpu":"cpu3","user":2508.234375,"system":1027.40625,"idle":18568.0703125,"nice":0,"iowait":0,"irq":0,"softirq":0,"steal":0,"guest":0,"guestNice":0,"stolen":0}],"time":"2018-02-19 12:37:36.057939 +0900 JST m=+3365.230986521","errorInfo":null}
[Info]2018/02/19 12:37:36 acsessd /api/status.json
[Info]2018/02/19 12:37:36 {"hostname":"ksc-1x-dhcp-172-29-194-195.kwansei.ac.jp","hostid":"18d901f1-4a03-3ff1-ae34-c26b2732f13c","virtualizationSystem":"","total":8589934592,"available":1818558464,"usedPercent":78.82919311523438,"diskIO":[{"name":"disk0","ioTime":1314082,"weightedIO":0}],"cpu":[{"cpu":"cpu0","user":4162.6640625,"system":2304.2109375,"idle":15638.0390625,"nice":0,"iowait":0,"irq":0,"softirq":0,"steal":0,"guest":0,"guestNice":0,"stolen":0},{"cpu":"cpu1","user":2473.328125,"system":1014.3359375,"idle":18616.4375,"nice":0,"iowait":0,"irq":0,"softirq":0,"steal":0,"guest":0,"guestNice":0,"stolen":0},{"cpu":"cpu2","user":4049.90625,"system":2031.4296875,"idle":16022.7734375,"nice":0,"iowait":0,"irq":0,"softirq":0,"steal":0,"guest":0,"guestNice":0,"stolen":0},{"cpu":"cpu3","user":2508.3046875,"system":1027.421875,"idle":18568.375,"nice":0,"iowait":0,"irq":0,"softirq":0,"steal":0,"guest":0,"guestNice":0,"stolen":0}],"time":"2018-02-19 12:37:36.562474 +0900 JST m=+3365.735509139","errorInfo":null}
[Info]2018/02/19 12:37:36 acsessd /api/status.json
[Info]2018/02/19 12:37:37 {"hostname":"ksc-1x-dhcp-172-29-194-195.kwansei.ac.jp","hostid":"18d901f1-4a03-3ff1-ae34-c26b2732f13c","virtualizationSystem":"","total":8589934592,"available":1811939328,"usedPercent":78.90625,"diskIO":[{"name":"disk0","ioTime":1314082,"weightedIO":0}],"cpu":[{"cpu":"cpu0","user":4162.90625,"system":2304.25,"idle":15638.1484375,"nice":0,"iowait":0,"irq":0,"softirq":0,"steal":0,"guest":0,"guestNice":0,"stolen":0},{"cpu":"cpu1","user":2473.390625,"system":1014.359375,"idle":18616.7421875,"nice":0,"iowait":0,"irq":0,"softirq":0,"steal":0,"guest":0,"guestNice":0,"stolen":0},{"cpu":"cpu2","user":4050.140625,"system":2031.4609375,"idle":16022.890625,"nice":0,"iowait":0,"irq":0,"softirq":0,"steal":0,"guest":0,"guestNice":0,"stolen":0},{"cpu":"cpu3","user":2508.375,"system":1027.4375,"idle":18568.6796875,"nice":0,"iowait":0,"irq":0,"softirq":0,"steal":0,"guest":0,"guestNice":0,"stolen":0}],"time":"2018-02-19 12:37:37.05919 +0900 JST m=+3366.232212895","errorInfo":null}
[Info]2018/02/19 12:37:37 acsessd /api/status.json
[Info]2018/02/19 12:37:37 {"hostname":"ksc-1x-dhcp-172-29-194-195.kwansei.ac.jp","hostid":"18d901f1-4a03-3ff1-ae34-c26b2732f13c","virtualizationSystem":"","total":8589934592,"available":1805189120,"usedPercent":78.98483276367188,"diskIO":[{"name":"disk0","ioTime":1314082,"weightedIO":0}],"cpu":[{"cpu":"cpu0","user":4163.140625,"system":2304.28125,"idle":15638.2734375,"nice":0,"iowait":0,"irq":0,"softirq":0,"steal":0,"guest":0,"guestNice":0,"stolen":0},{"cpu":"cpu1","user":2473.46875,"system":1014.3828125,"idle":18617.03125,"nice":0,"iowait":0,"irq":0,"softirq":0,"steal":0,"guest":0,"guestNice":0,"stolen":0},{"cpu":"cpu2","user":4050.390625,"system":2031.4921875,"idle":16023.0078125,"nice":0,"iowait":0,"irq":0,"softirq":0,"steal":0,"guest":0,"guestNice":0,"stolen":0},{"cpu":"cpu3","user":2508.4375,"system":1027.453125,"idle":18568.9921875,"nice":0,"iowait":0,"irq":0,"softirq":0,"steal":0,"guest":0,"guestNice":0,"stolen":0}],"time":"2018-02-19 12:37:37.562281 +0900 JST m=+3366.735291493","errorInfo":null}
[Info]2018/02/19 12:37:38 acsessd /api/status.json
[Info]2018/02/19 12:37:38 {"hostname":"ksc-1x-dhcp-172-29-194-195.kwansei.ac.jp","hostid":"18d901f1-4a03-3ff1-ae34-c26b2732f13c","virtualizationSystem":"","total":8589934592,"available":1803091968,"usedPercent":79.00924682617188,"diskIO":[{"name":"disk0","ioTime":1314090,"weightedIO":0}],"cpu":[{"cpu":"cpu0","user":4163.390625,"system":2304.3125,"idle":15638.3828125,"nice":0,"iowait":0,"irq":0,"softirq":0,"steal":0,"guest":0,"guestNice":0,"stolen":0},{"cpu":"cpu1","user":2473.515625,"system":1014.3984375,"idle":18617.359375,"nice":0,"iowait":0,"irq":0,"softirq":0,"steal":0,"guest":0,"guestNice":0,"stolen":0},{"cpu":"cpu2","user":4050.640625,"system":2031.515625,"idle":16023.1171875,"nice":0,"iowait":0,"irq":0,"softirq":0,"steal":0,"guest":0,"guestNice":0,"stolen":0},{"cpu":"cpu3","user":2508.484375,"system":1027.4609375,"idle":18569.3203125,"nice":0,"iowait":0,"irq":0,"softirq":0,"steal":0,"guest":0,"guestNice":0,"stolen":0}],"time":"2018-02-19 12:37:38.056162 +0900 JST m=+3367.229160792","errorInfo":null}
[Info]2018/02/19 12:37:38 acsessd /api/status.json
[Info]2018/02/19 12:37:38 {"hostname":"ksc-1x-dhcp-172-29-194-195.kwansei.ac.jp","hostid":"18d901f1-4a03-3ff1-ae34-c26b2732f13c","virtualizationSystem":"","total":8589934592,"available":1804775424,"usedPercent":78.98964881896973,"diskIO":[{"name":"disk0","ioTime":1314090,"weightedIO":0}],"cpu":[{"cpu":"cpu0","user":4163.5625,"system":2304.3515625,"idle":15638.5703125,"nice":0,"iowait":0,"irq":0,"softirq":0,"steal":0,"guest":0,"guestNice":0,"stolen":0},{"cpu":"cpu1","user":2473.6015625,"system":1014.421875,"idle":18617.6484375,"nice":0,"iowait":0,"irq":0,"softirq":0,"steal":0,"guest":0,"guestNice":0,"stolen":0},{"cpu":"cpu2","user":4050.90625,"system":2031.546875,"idle":16023.21875,"nice":0,"iowait":0,"irq":0,"softirq":0,"steal":0,"guest":0,"guestNice":0,"stolen":0},{"cpu":"cpu3","user":2508.5390625,"system":1027.484375,"idle":18569.6484375,"nice":0,"iowait":0,"irq":0,"softirq":0,"steal":0,"guest":0,"guestNice":0,"stolen":0}],"time":"2018-02-19 12:37:38.570599 +0900 JST m=+3367.743585408","errorInfo":null}
[Info]2018/02/19 12:37:39 acsessd /api/status.json
[Info]2018/02/19 12:37:39 {"hostname":"ksc-1x-dhcp-172-29-194-195.kwansei.ac.jp","hostid":"18d901f1-4a03-3ff1-ae34-c26b2732f13c","virtualizationSystem":"","total":8589934592,"available":1804677120,"usedPercent":78.99079322814941,"diskIO":[{"name":"disk0","ioTime":1314090,"weightedIO":0}],"cpu":[{"cpu":"cpu0","user":4163.796875,"system":2304.4296875,"idle":15638.6484375,"nice":0,"iowait":0,"irq":0,"softirq":0,"steal":0,"guest":0,"guestNice":0,"stolen":0},{"cpu":"cpu1","user":2473.6484375,"system":1014.46875,"idle":18617.9375,"nice":0,"iowait":0,"irq":0,"softirq":0,"steal":0,"guest":0,"guestNice":0,"stolen":0},{"cpu":"cpu2","user":4051.1484375,"system":2031.6328125,"idle":16023.28125,"nice":0,"iowait":0,"irq":0,"softirq":0,"steal":0,"guest":0,"guestNice":0,"stolen":0},{"cpu":"cpu3","user":2508.578125,"system":1027.5078125,"idle":18569.9765625,"nice":0,"iowait":0,"irq":0,"softirq":0,"steal":0,"guest":0,"guestNice":0,"stolen":0}],"time":"2018-02-19 12:37:39.07239 +0900 JST m=+3368.245363908","errorInfo":null}
[Info]2018/02/19 12:37:39 acsessd /api/status.json
[Info]2018/02/19 12:37:39 {"hostname":"ksc-1x-dhcp-172-29-194-195.kwansei.ac.jp","hostid":"18d901f1-4a03-3ff1-ae34-c26b2732f13c","virtualizationSystem":"","total":8589934592,"available":1813569536,"usedPercent":78.88727188110352,"diskIO":[{"name":"disk0","ioTime":1314090,"weightedIO":0}],"cpu":[{"cpu":"cpu0","user":4164.1171875,"system":2304.4375,"idle":15638.7109375,"nice":0,"iowait":0,"irq":0,"softirq":0,"steal":0,"guest":0,"guestNice":0,"stolen":0},{"cpu":"cpu1","user":2473.703125,"system":1014.484375,"idle":18618.265625,"nice":0,"iowait":0,"irq":0,"softirq":0,"steal":0,"guest":0,"guestNice":0,"stolen":0},{"cpu":"cpu2","user":4051.2890625,"system":2031.671875,"idle":16023.5,"nice":0,"iowait":0,"irq":0,"softirq":0,"steal":0,"guest":0,"guestNice":0,"stolen":0},{"cpu":"cpu3","user":2508.609375,"system":1027.53125,"idle":18570.3125,"nice":0,"iowait":0,"irq":0,"softirq":0,"steal":0,"guest":0,"guestNice":0,"stolen":0}],"time":"2018-02-19 12:37:39.572871 +0900 JST m=+3368.745832208","errorInfo":null}
[Info]2018/02/19 12:37:40 acsessd /api/status.json
[Info]2018/02/19 12:37:40 {"hostname":"ksc-1x-dhcp-172-29-194-195.kwansei.ac.jp","hostid":"18d901f1-4a03-3ff1-ae34-c26b2732f13c","virtualizationSystem":"","total":8589934592,"available":1813192704,"usedPercent":78.89165878295898,"diskIO":[{"name":"disk0","ioTime":1314090,"weightedIO":0}],"cpu":[{"cpu":"cpu0","user":4164.296875,"system":2304.453125,"idle":15638.9140625,"nice":0,"iowait":0,"irq":0,"softirq":0,"steal":0,"guest":0,"guestNice":0,"stolen":0},{"cpu":"cpu1","user":2473.75,"system":1014.5,"idle":18618.6015625,"nice":0,"iowait":0,"irq":0,"softirq":0,"steal":0,"guest":0,"guestNice":0,"stolen":0},{"cpu":"cpu2","user":4051.515625,"system":2031.6953125,"idle":16023.640625,"nice":0,"iowait":0,"irq":0,"softirq":0,"steal":0,"guest":0,"guestNice":0,"stolen":0},{"cpu":"cpu3","user":2508.640625,"system":1027.546875,"idle":18570.65625,"nice":0,"iowait":0,"irq":0,"softirq":0,"steal":0,"guest":0,"guestNice":0,"stolen":0}],"time":"2018-02-19 12:37:40.079934 +0900 JST m=+3369.252882639","errorInfo":null}
[Info]2018/02/19 12:37:40 acsessd /api/status.json
[Info]2018/02/19 12:37:40 {"hostname":"ksc-1x-dhcp-172-29-194-195.kwansei.ac.jp","hostid":"18d901f1-4a03-3ff1-ae34-c26b2732f13c","virtualizationSystem":"","total":8589934592,"available":1813037056,"usedPercent":78.89347076416016,"diskIO":[{"name":"disk0","ioTime":1314090,"weightedIO":0}],"cpu":[{"cpu":"cpu0","user":4164.4453125,"system":2304.4765625,"idle":15639.140625,"nice":0,"iowait":0,"irq":0,"softirq":0,"steal":0,"guest":0,"guestNice":0,"stolen":0},{"cpu":"cpu1","user":2473.78125,"system":1014.515625,"idle":18618.953125,"nice":0,"iowait":0,"irq":0,"softirq":0,"steal":0,"guest":0,"guestNice":0,"stolen":0},{"cpu":"cpu2","user":4051.8046875,"system":2031.7109375,"idle":16023.734375,"nice":0,"iowait":0,"irq":0,"softirq":0,"steal":0,"guest":0,"guestNice":0,"stolen":0},{"cpu":"cpu3","user":2508.6875,"system":1027.5703125,"idle":18570.9921875,"nice":0,"iowait":0,"irq":0,"softirq":0,"steal":0,"guest":0,"guestNice":0,"stolen":0}],"time":"2018-02-19 12:37:40.587806 +0900 JST m=+3369.760742741","errorInfo":null}
[Info]2018/02/19 12:37:41 acsessd /api/status.json
[Info]2018/02/19 12:37:41 {"hostname":"ksc-1x-dhcp-172-29-194-195.kwansei.ac.jp","hostid":"18d901f1-4a03-3ff1-ae34-c26b2732f13c","virtualizationSystem":"","total":8589934592,"available":1812979712,"usedPercent":78.89413833618164,"diskIO":[{"name":"disk0","ioTime":1314098,"weightedIO":0}],"cpu":[{"cpu":"cpu0","user":4164.7734375,"system":2304.5,"idle":15639.1953125,"nice":0,"iowait":0,"irq":0,"softirq":0,"steal":0,"guest":0,"guestNice":0,"stolen":0},{"cpu":"cpu1","user":2473.8046875,"system":1014.5546875,"idle":18619.2890625,"nice":0,"iowait":0,"irq":0,"softirq":0,"steal":0,"guest":0,"guestNice":0,"stolen":0},{"cpu":"cpu2","user":4051.921875,"system":2031.734375,"idle":16023.9921875,"nice":0,"iowait":0,"irq":0,"softirq":0,"steal":0,"guest":0,"guestNice":0,"stolen":0},{"cpu":"cpu3","user":2508.7421875,"system":1027.609375,"idle":18571.3046875,"nice":0,"iowait":0,"irq":0,"softirq":0,"steal":0,"guest":0,"guestNice":0,"stolen":0}],"time":"2018-02-19 12:37:41.104021 +0900 JST m=+3370.276945641","errorInfo":null}
[Info]2018/02/19 12:37:41 acsessd /api/status.json
[Info]2018/02/19 12:37:41 {"hostname":"ksc-1x-dhcp-172-29-194-195.kwansei.ac.jp","hostid":"18d901f1-4a03-3ff1-ae34-c26b2732f13c","virtualizationSystem":"","total":8589934592,"available":1812205568,"usedPercent":78.90315055847168,"diskIO":[{"name":"disk0","ioTime":1314098,"weightedIO":0}],"cpu":[{"cpu":"cpu0","user":4164.953125,"system":2304.5390625,"idle":15639.3515625,"nice":0,"iowait":0,"irq":0,"softirq":0,"steal":0,"guest":0,"guestNice":0,"stolen":0},{"cpu":"cpu1","user":2473.8671875,"system":1014.578125,"idle":18619.5859375,"nice":0,"iowait":0,"irq":0,"softirq":0,"steal":0,"guest":0,"guestNice":0,"stolen":0},{"cpu":"cpu2","user":4052.15625,"system":2031.8125,"idle":16024.078125,"nice":0,"iowait":0,"irq":0,"softirq":0,"steal":0,"guest":0,"guestNice":0,"stolen":0},{"cpu":"cpu3","user":2508.7890625,"system":1027.6875,"idle":18571.5546875,"nice":0,"iowait":0,"irq":0,"softirq":0,"steal":0,"guest":0,"guestNice":0,"stolen":0}],"time":"2018-02-19 12:37:41.598046 +0900 JST m=+3370.770958382","errorInfo":null}
[Info]2018/02/19 12:37:42 acsessd /api/status.json
[Info]2018/02/19 12:37:42 {"hostname":"ksc-1x-dhcp-172-29-194-195.kwansei.ac.jp","hostid":"18d901f1-4a03-3ff1-ae34-c26b2732f13c","virtualizationSystem":"","total":8589934592,"available":1812504576,"usedPercent":78.8996696472168,"diskIO":[{"name":"disk0","ioTime":1314098,"weightedIO":0}],"cpu":[{"cpu":"cpu0","user":4165.171875,"system":2304.5703125,"idle":15639.4921875,"nice":0,"iowait":0,"irq":0,"softirq":0,"steal":0,"guest":0,"guestNice":0,"stolen":0},{"cpu":"cpu1","user":2473.9140625,"system":1014.59375,"idle":18619.9140625,"nice":0,"iowait":0,"irq":0,"softirq":0,"steal":0,"guest":0,"guestNice":0,"stolen":0},{"cpu":"cpu2","user":4052.34375,"system":2031.875,"idle":16024.203125,"nice":0,"iowait":0,"irq":0,"softirq":0,"steal":0,"guest":0,"guestNice":0,"stolen":0},{"cpu":"cpu3","user":2508.8359375,"system":1027.703125,"idle":18571.890625,"nice":0,"iowait":0,"irq":0,"softirq":0,"steal":0,"guest":0,"guestNice":0,"stolen":0}],"time":"2018-02-19 12:37:42.096559 +0900 JST m=+3371.269458791","errorInfo":null}
[Info]2018/02/19 12:37:42 acsessd /api/status.json
[Info]2018/02/19 12:37:42 {"hostname":"ksc-1x-dhcp-172-29-194-195.kwansei.ac.jp","hostid":"18d901f1-4a03-3ff1-ae34-c26b2732f13c","virtualizationSystem":"","total":8589934592,"available":1812185088,"usedPercent":78.90338897705078,"diskIO":[{"name":"disk0","ioTime":1314098,"weightedIO":0}],"cpu":[{"cpu":"cpu0","user":4165.265625,"system":2304.640625,"idle":15639.71875,"nice":0,"iowait":0,"irq":0,"softirq":0,"steal":0,"guest":0,"guestNice":0,"stolen":0},{"cpu":"cpu1","user":2473.96875,"system":1014.625,"idle":18620.2265625,"nice":0,"iowait":0,"irq":0,"softirq":0,"steal":0,"guest":0,"guestNice":0,"stolen":0},{"cpu":"cpu2","user":4052.671875,"system":2031.90625,"idle":16024.2421875,"nice":0,"iowait":0,"irq":0,"softirq":0,"steal":0,"guest":0,"guestNice":0,"stolen":0},{"cpu":"cpu3","user":2508.8984375,"system":1027.71875,"idle":18572.203125,"nice":0,"iowait":0,"irq":0,"softirq":0,"steal":0,"guest":0,"guestNice":0,"stolen":0}],"time":"2018-02-19 12:37:42.597122 +0900 JST m=+3371.770010286","errorInfo":null}
[Info]2018/02/19 12:37:43 acsessd /api/status.json
[Info]2018/02/19 12:37:43 {"hostname":"ksc-1x-dhcp-172-29-194-195.kwansei.ac.jp","hostid":"18d901f1-4a03-3ff1-ae34-c26b2732f13c","virtualizationSystem":"","total":8589934592,"available":1812422656,"usedPercent":78.9006233215332,"diskIO":[{"name":"disk0","ioTime":1314098,"weightedIO":0}],"cpu":[{"cpu":"cpu0","user":4165.453125,"system":2304.6953125,"idle":15639.875,"nice":0,"iowait":0,"irq":0,"softirq":0,"steal":0,"guest":0,"guestNice":0,"stolen":0},{"cpu":"cpu1","user":2474.015625,"system":1014.6484375,"idle":18620.546875,"nice":0,"iowait":0,"irq":0,"softirq":0,"steal":0,"guest":0,"guestNice":0,"stolen":0},{"cpu":"cpu2","user":4052.890625,"system":2031.953125,"idle":16024.3671875,"nice":0,"iowait":0,"irq":0,"softirq":0,"steal":0,"guest":0,"guestNice":0,"stolen":0},{"cpu":"cpu3","user":2508.9609375,"system":1027.7421875,"idle":18572.5078125,"nice":0,"iowait":0,"irq":0,"softirq":0,"steal":0,"guest":0,"guestNice":0,"stolen":0}],"time":"2018-02-19 12:37:43.099421 +0900 JST m=+3372.272296410","errorInfo":null}
[Info]2018/02/19 12:37:43 acsessd /api/status.json
[Info]2018/02/19 12:37:43 {"hostname":"ksc-1x-dhcp-172-29-194-195.kwansei.ac.jp","hostid":"18d901f1-4a03-3ff1-ae34-c26b2732f13c","virtualizationSystem":"","total":8589934592,"available":1811726336,"usedPercent":78.90872955322266,"diskIO":[{"name":"disk0","ioTime":1314098,"weightedIO":0}],"cpu":[{"cpu":"cpu0","user":4165.6484375,"system":2304.7578125,"idle":15640.03125,"nice":0,"iowait":0,"irq":0,"softirq":0,"steal":0,"guest":0,"guestNice":0,"stolen":0},{"cpu":"cpu1","user":2474.078125,"system":1014.671875,"idle":18620.875,"nice":0,"iowait":0,"irq":0,"softirq":0,"steal":0,"guest":0,"guestNice":0,"stolen":0},{"cpu":"cpu2","user":4053.15625,"system":2032,"idle":16024.46875,"nice":0,"iowait":0,"irq":0,"softirq":0,"steal":0,"guest":0,"guestNice":0,"stolen":0},{"cpu":"cpu3","user":2509.0390625,"system":1027.765625,"idle":18572.8203125,"nice":0,"iowait":0,"irq":0,"softirq":0,"steal":0,"guest":0,"guestNice":0,"stolen":0}],"time":"2018-02-19 12:37:43.625419 +0900 JST m=+3372.798281994","errorInfo":null}
[Info]2018/02/19 12:37:44 acsessd /api/status.json
[Info]2018/02/19 12:37:44 {"hostname":"ksc-1x-dhcp-172-29-194-195.kwansei.ac.jp","hostid":"18d901f1-4a03-3ff1-ae34-c26b2732f13c","virtualizationSystem":"","total":8589934592,"available":1811402752,"usedPercent":78.91249656677246,"diskIO":[{"name":"disk0","ioTime":1314098,"weightedIO":0}],"cpu":[{"cpu":"cpu0","user":4165.9375,"system":2304.8203125,"idle":15640.0703125,"nice":0,"iowait":0,"irq":0,"softirq":0,"steal":0,"guest":0,"guestNice":0,"stolen":0},{"cpu":"cpu1","user":2474.1640625,"system":1014.71875,"idle":18621.1328125,"nice":0,"iowait":0,"irq":0,"softirq":0,"steal":0,"guest":0,"guestNice":0,"stolen":0},{"cpu":"cpu2","user":4053.296875,"system":2032.109375,"idle":16024.6015625,"nice":0,"iowait":0,"irq":0,"softirq":0,"steal":0,"guest":0,"guestNice":0,"stolen":0},{"cpu":"cpu3","user":2509.1171875,"system":1027.8203125,"idle":18573.0625,"nice":0,"iowait":0,"irq":0,"softirq":0,"steal":0,"guest":0,"guestNice":0,"stolen":0}],"time":"2018-02-19 12:37:44.126082 +0900 JST m=+3373.298932506","errorInfo":null}
[Info]2018/02/19 12:37:44 acsessd /api/status.json
[Info]2018/02/19 12:37:44 {"hostname":"ksc-1x-dhcp-172-29-194-195.kwansei.ac.jp","hostid":"18d901f1-4a03-3ff1-ae34-c26b2732f13c","virtualizationSystem":"","total":8589934592,"available":1811828736,"usedPercent":78.90753746032715,"diskIO":[{"name":"disk0","ioTime":1314098,"weightedIO":0}],"cpu":[{"cpu":"cpu0","user":4166.078125,"system":2304.8984375,"idle":15640.234375,"nice":0,"iowait":0,"irq":0,"softirq":0,"steal":0,"guest":0,"guestNice":0,"stolen":0},{"cpu":"cpu1","user":2474.25,"system":1014.7578125,"idle":18621.390625,"nice":0,"iowait":0,"irq":0,"softirq":0,"steal":0,"guest":0,"guestNice":0,"stolen":0},{"cpu":"cpu2","user":4053.609375,"system":2032.171875,"idle":16024.625,"nice":0,"iowait":0,"irq":0,"softirq":0,"steal":0,"guest":0,"guestNice":0,"stolen":0},{"cpu":"cpu3","user":2509.1875,"system":1027.875,"idle":18573.3359375,"nice":0,"iowait":0,"irq":0,"softirq":0,"steal":0,"guest":0,"guestNice":0,"stolen":0}],"time":"2018-02-19 12:37:44.628998 +0900 JST m=+3373.801836227","errorInfo":null}
[Info]2018/02/19 12:37:45 acsessd /api/status.json
[Info]2018/02/19 12:37:45 {"hostname":"ksc-1x-dhcp-172-29-194-195.kwansei.ac.jp","hostid":"18d901f1-4a03-3ff1-ae34-c26b2732f13c","virtualizationSystem":"","total":8589934592,"available":1811275776,"usedPercent":78.91397476196289,"diskIO":[{"name":"disk0","ioTime":1314105,"weightedIO":0}],"cpu":[{"cpu":"cpu0","user":4166.3203125,"system":2304.953125,"idle":15640.328125,"nice":0,"iowait":0,"irq":0,"softirq":0,"steal":0,"guest":0,"guestNice":0,"stolen":0},{"cpu":"cpu1","user":2474.328125,"system":1014.7890625,"idle":18621.671875,"nice":0,"iowait":0,"irq":0,"softirq":0,"steal":0,"guest":0,"guestNice":0,"stolen":0},{"cpu":"cpu2","user":4053.8125,"system":2032.234375,"idle":16024.7421875,"nice":0,"iowait":0,"irq":0,"softirq":0,"steal":0,"guest":0,"guestNice":0,"stolen":0},{"cpu":"cpu3","user":2509.25,"system":1027.90625,"idle":18573.625,"nice":0,"iowait":0,"irq":0,"softirq":0,"steal":0,"guest":0,"guestNice":0,"stolen":0}],"time":"2018-02-19 12:37:45.119896 +0900 JST m=+3374.292722137","errorInfo":null}
[Info]2018/02/19 12:37:45 acsessd /api/status.json
[Info]2018/02/19 12:37:45 {"hostname":"ksc-1x-dhcp-172-29-194-195.kwansei.ac.jp","hostid":"18d901f1-4a03-3ff1-ae34-c26b2732f13c","virtualizationSystem":"","total":8589934592,"available":1811324928,"usedPercent":78.91340255737305,"diskIO":[{"name":"disk0","ioTime":1314105,"weightedIO":0}],"cpu":[{"cpu":"cpu0","user":4166.484375,"system":2304.9765625,"idle":15640.5234375,"nice":0,"iowait":0,"irq":0,"softirq":0,"steal":0,"guest":0,"guestNice":0,"stolen":0},{"cpu":"cpu1","user":2474.40625,"system":1014.8046875,"idle":18621.9765625,"nice":0,"iowait":0,"irq":0,"softirq":0,"steal":0,"guest":0,"guestNice":0,"stolen":0},{"cpu":"cpu2","user":4054.078125,"system":2032.2578125,"idle":16024.8515625,"nice":0,"iowait":0,"irq":0,"softirq":0,"steal":0,"guest":0,"guestNice":0,"stolen":0},{"cpu":"cpu3","user":2509.328125,"system":1027.9296875,"idle":18573.9140625,"nice":0,"iowait":0,"irq":0,"softirq":0,"steal":0,"guest":0,"guestNice":0,"stolen":0}],"time":"2018-02-19 12:37:45.623827 +0900 JST m=+3374.796640950","errorInfo":null}
[Info]2018/02/19 12:37:46 acsessd /api/status.json
[Info]2018/02/19 12:37:46 {"hostname":"ksc-1x-dhcp-172-29-194-195.kwansei.ac.jp","hostid":"18d901f1-4a03-3ff1-ae34-c26b2732f13c","virtualizationSystem":"","total":8589934592,"available":1811218432,"usedPercent":78.91464233398438,"diskIO":[{"name":"disk0","ioTime":1314105,"weightedIO":0}],"cpu":[{"cpu":"cpu0","user":4166.65625,"system":2305,"idle":15640.7265625,"nice":0,"iowait":0,"irq":0,"softirq":0,"steal":0,"guest":0,"guestNice":0,"stolen":0},{"cpu":"cpu1","user":2474.4375,"system":1014.8203125,"idle":18622.3125,"nice":0,"iowait":0,"irq":0,"softirq":0,"steal":0,"guest":0,"guestNice":0,"stolen":0},{"cpu":"cpu2","user":4054.328125,"system":2032.28125,"idle":16024.9609375,"nice":0,"iowait":0,"irq":0,"softirq":0,"steal":0,"guest":0,"guestNice":0,"stolen":0},{"cpu":"cpu3","user":2509.3828125,"system":1027.9453125,"idle":18574.2421875,"nice":0,"iowait":0,"irq":0,"softirq":0,"steal":0,"guest":0,"guestNice":0,"stolen":0}],"time":"2018-02-19 12:37:46.126142 +0900 JST m=+3375.298944243","errorInfo":null}
[Info]2018/02/19 12:37:46 acsessd /api/status.json
[Info]2018/02/19 12:37:46 {"hostname":"ksc-1x-dhcp-172-29-194-195.kwansei.ac.jp","hostid":"18d901f1-4a03-3ff1-ae34-c26b2732f13c","virtualizationSystem":"","total":8589934592,"available":1809874944,"usedPercent":78.93028259277344,"diskIO":[{"name":"disk0","ioTime":1314105,"weightedIO":0}],"cpu":[{"cpu":"cpu0","user":4166.8359375,"system":2305.03125,"idle":15640.90625,"nice":0,"iowait":0,"irq":0,"softirq":0,"steal":0,"guest":0,"guestNice":0,"stolen":0},{"cpu":"cpu1","user":2474.515625,"system":1014.8359375,"idle":18622.609375,"nice":0,"iowait":0,"irq":0,"softirq":0,"steal":0,"guest":0,"guestNice":0,"stolen":0},{"cpu":"cpu2","user":4054.5703125,"system":2032.296875,"idle":16025.0859375,"nice":0,"iowait":0,"irq":0,"softirq":0,"steal":0,"guest":0,"guestNice":0,"stolen":0},{"cpu":"cpu3","user":2509.4453125,"system":1027.953125,"idle":18574.5546875,"nice":0,"iowait":0,"irq":0,"softirq":0,"steal":0,"guest":0,"guestNice":0,"stolen":0}],"time":"2018-02-19 12:37:46.621167 +0900 JST m=+3375.793956588","errorInfo":null}
[Info]2018/02/19 12:37:47 acsessd /api/status.json
[Info]2018/02/19 12:37:47 {"hostname":"ksc-1x-dhcp-172-29-194-195.kwansei.ac.jp","hostid":"18d901f1-4a03-3ff1-ae34-c26b2732f13c","virtualizationSystem":"","total":8589934592,"available":1809874944,"usedPercent":78.93028259277344,"diskIO":[{"name":"disk0","ioTime":1314105,"weightedIO":0}],"cpu":[{"cpu":"cpu0","user":4167.0234375,"system":2305.0625,"idle":15641.078125,"nice":0,"iowait":0,"irq":0,"softirq":0,"steal":0,"guest":0,"guestNice":0,"stolen":0},{"cpu":"cpu1","user":2474.5625,"system":1014.8515625,"idle":18622.9375,"nice":0,"iowait":0,"irq":0,"softirq":0,"steal":0,"guest":0,"guestNice":0,"stolen":0},{"cpu":"cpu2","user":4054.8203125,"system":2032.3125,"idle":16025.21875,"nice":0,"iowait":0,"irq":0,"softirq":0,"steal":0,"guest":0,"guestNice":0,"stolen":0},{"cpu":"cpu3","user":2509.4921875,"system":1027.96875,"idle":18574.890625,"nice":0,"iowait":0,"irq":0,"softirq":0,"steal":0,"guest":0,"guestNice":0,"stolen":0}],"time":"2018-02-19 12:37:47.116405 +0900 JST m=+3376.289183090","errorInfo":null}
[Info]2018/02/19 12:37:47 acsessd /api/status.json
[Info]2018/02/19 12:37:47 {"hostname":"ksc-1x-dhcp-172-29-194-195.kwansei.ac.jp","hostid":"18d901f1-4a03-3ff1-ae34-c26b2732f13c","virtualizationSystem":"","total":8589934592,"available":1809784832,"usedPercent":78.93133163452148,"diskIO":[{"name":"disk0","ioTime":1314105,"weightedIO":0}],"cpu":[{"cpu":"cpu0","user":4167.15625,"system":2305.0703125,"idle":15641.328125,"nice":0,"iowait":0,"irq":0,"softirq":0,"steal":0,"guest":0,"guestNice":0,"stolen":0},{"cpu":"cpu1","user":2474.6171875,"system":1014.859375,"idle":18623.265625,"nice":0,"iowait":0,"irq":0,"softirq":0,"steal":0,"guest":0,"guestNice":0,"stolen":0},{"cpu":"cpu2","user":4055.1015625,"system":2032.34375,"idle":16025.296875,"nice":0,"iowait":0,"irq":0,"softirq":0,"steal":0,"guest":0,"guestNice":0,"stolen":0},{"cpu":"cpu3","user":2509.546875,"system":1027.984375,"idle":18575.2109375,"nice":0,"iowait":0,"irq":0,"softirq":0,"steal":0,"guest":0,"guestNice":0,"stolen":0}],"time":"2018-02-19 12:37:47.620462 +0900 JST m=+3376.793227393","errorInfo":null}
[Info]2018/02/19 12:37:48 acsessd /api/status.json
[Info]2018/02/19 12:37:48 {"hostname":"ksc-1x-dhcp-172-29-194-195.kwansei.ac.jp","hostid":"18d901f1-4a03-3ff1-ae34-c26b2732f13c","virtualizationSystem":"","total":8589934592,"available":1810014208,"usedPercent":78.92866134643555,"diskIO":[{"name":"disk0","ioTime":1314105,"weightedIO":0}],"cpu":[{"cpu":"cpu0","user":4167.390625,"system":2305.078125,"idle":15641.46875,"nice":0,"iowait":0,"irq":0,"softirq":0,"steal":0,"guest":0,"guestNice":0,"stolen":0},{"cpu":"cpu1","user":2474.6640625,"system":1014.875,"idle":18623.59375,"nice":0,"iowait":0,"irq":0,"softirq":0,"steal":0,"guest":0,"guestNice":0,"stolen":0},{"cpu":"cpu2","user":4055.28125,"system":2032.3671875,"idle":16025.484375,"nice":0,"iowait":0,"irq":0,"softirq":0,"steal":0,"guest":0,"guestNice":0,"stolen":0},{"cpu":"cpu3","user":2509.59375,"system":1028,"idle":18575.53125,"nice":0,"iowait":0,"irq":0,"softirq":0,"steal":0,"guest":0,"guestNice":0,"stolen":0}],"time":"2018-02-19 12:37:48.119631 +0900 JST m=+3377.292384812","errorInfo":null}
[Info]2018/02/19 12:37:48 acsessd /api/status.json
[Info]2018/02/19 12:37:48 {"hostname":"ksc-1x-dhcp-172-29-194-195.kwansei.ac.jp","hostid":"18d901f1-4a03-3ff1-ae34-c26b2732f13c","virtualizationSystem":"","total":8589934592,"available":1809559552,"usedPercent":78.9339542388916,"diskIO":[{"name":"disk0","ioTime":1314105,"weightedIO":0}],"cpu":[{"cpu":"cpu0","user":4167.6484375,"system":2305.1328125,"idle":15641.546875,"nice":0,"iowait":0,"irq":0,"softirq":0,"steal":0,"guest":0,"guestNice":0,"stolen":0},{"cpu":"cpu1","user":2474.7265625,"system":1014.8984375,"idle":18623.8984375,"nice":0,"iowait":0,"irq":0,"softirq":0,"steal":0,"guest":0,"guestNice":0,"stolen":0},{"cpu":"cpu2","user":4055.484375,"system":2032.4140625,"idle":16025.6328125,"nice":0,"iowait":0,"irq":0,"softirq":0,"steal":0,"guest":0,"guestNice":0,"stolen":0},{"cpu":"cpu3","user":2509.640625,"system":1028.03125,"idle":18575.8515625,"nice":0,"iowait":0,"irq":0,"softirq":0,"steal":0,"guest":0,"guestNice":0,"stolen":0}],"time":"2018-02-19 12:37:48.626333 +0900 JST m=+3377.799074111","errorInfo":null}
[Info]2018/02/19 12:37:49 acsessd /api/status.json
[Info]2018/02/19 12:37:49 {"hostname":"ksc-1x-dhcp-172-29-194-195.kwansei.ac.jp","hostid":"18d901f1-4a03-3ff1-ae34-c26b2732f13c","virtualizationSystem":"","total":8589934592,"available":1808920576,"usedPercent":78.94139289855957,"diskIO":[{"name":"disk0","ioTime":1314105,"weightedIO":0}],"cpu":[{"cpu":"cpu0","user":4167.8125,"system":2305.203125,"idle":15641.734375,"nice":0,"iowait":0,"irq":0,"softirq":0,"steal":0,"guest":0,"guestNice":0,"stolen":0},{"cpu":"cpu1","user":2474.796875,"system":1014.9453125,"idle":18624.203125,"nice":0,"iowait":0,"irq":0,"softirq":0,"steal":0,"guest":0,"guestNice":0,"stolen":0},{"cpu":"cpu2","user":4055.78125,"system":2032.4453125,"idle":16025.7109375,"nice":0,"iowait":0,"irq":0,"softirq":0,"steal":0,"guest":0,"guestNice":0,"stolen":0},{"cpu":"cpu3","user":2509.71875,"system":1028.0546875,"idle":18576.1640625,"nice":0,"iowait":0,"irq":0,"softirq":0,"steal":0,"guest":0,"guestNice":0,"stolen":0}],"time":"2018-02-19 12:37:49.153637 +0900 JST m=+3378.326365086","errorInfo":null}
[Info]2018/02/19 12:37:49 acsessd /api/status.json
[Info]2018/02/19 12:37:49 {"hostname":"ksc-1x-dhcp-172-29-194-195.kwansei.ac.jp","hostid":"18d901f1-4a03-3ff1-ae34-c26b2732f13c","virtualizationSystem":"","total":8589934592,"available":1807986688,"usedPercent":78.9522647857666,"diskIO":[{"name":"disk0","ioTime":1314105,"weightedIO":0}],"cpu":[{"cpu":"cpu0","user":4168.109375,"system":2305.234375,"idle":15641.78125,"nice":0,"iowait":0,"irq":0,"softirq":0,"steal":0,"guest":0,"guestNice":0,"stolen":0},{"cpu":"cpu1","user":2474.84375,"system":1014.9609375,"idle":18624.5078125,"nice":0,"iowait":0,"irq":0,"softirq":0,"steal":0,"guest":0,"guestNice":0,"stolen":0},{"cpu":"cpu2","user":4055.9453125,"system":2032.5,"idle":16025.8671875,"nice":0,"iowait":0,"irq":0,"softirq":0,"steal":0,"guest":0,"guestNice":0,"stolen":0},{"cpu":"cpu3","user":2509.765625,"system":1028.078125,"idle":18576.4609375,"nice":0,"iowait":0,"irq":0,"softirq":0,"steal":0,"guest":0,"guestNice":0,"stolen":0}],"time":"2018-02-19 12:37:49.631187 +0900 JST m=+3378.803903196","errorInfo":null}
[Info]2018/02/19 12:37:50 acsessd /api/status.json
[Info]2018/02/19 12:37:50 {"hostname":"ksc-1x-dhcp-172-29-194-195.kwansei.ac.jp","hostid":"18d901f1-4a03-3ff1-ae34-c26b2732f13c","virtualizationSystem":"","total":8589934592,"available":1807921152,"usedPercent":78.95302772521973,"diskIO":[{"name":"disk0","ioTime":1314105,"weightedIO":0}],"cpu":[{"cpu":"cpu0","user":4168.2578125,"system":2305.2578125,"idle":15642.0078125,"nice":0,"iowait":0,"irq":0,"softirq":0,"steal":0,"guest":0,"guestNice":0,"stolen":0},{"cpu":"cpu1","user":2474.8984375,"system":1014.9765625,"idle":18624.8359375,"nice":0,"iowait":0,"irq":0,"softirq":0,"steal":0,"guest":0,"guestNice":0,"stolen":0},{"cpu":"cpu2","user":4056.234375,"system":2032.515625,"idle":16025.9609375,"nice":0,"iowait":0,"irq":0,"softirq":0,"steal":0,"guest":0,"guestNice":0,"stolen":0},{"cpu":"cpu3","user":2509.8203125,"system":1028.09375,"idle":18576.7890625,"nice":0,"iowait":0,"irq":0,"softirq":0,"steal":0,"guest":0,"guestNice":0,"stolen":0}],"time":"2018-02-19 12:37:50.143025 +0900 JST m=+3379.315729023","errorInfo":null}
[Info]2018/02/19 12:37:50 acsessd /api/status.json
[Info]2018/02/19 12:37:50 {"hostname":"ksc-1x-dhcp-172-29-194-195.kwansei.ac.jp","hostid":"18d901f1-4a03-3ff1-ae34-c26b2732f13c","virtualizationSystem":"","total":8589934592,"available":1808179200,"usedPercent":78.95002365112305,"diskIO":[{"name":"disk0","ioTime":1314105,"weightedIO":0}],"cpu":[{"cpu":"cpu0","user":4168.40625,"system":2305.2734375,"idle":15642.21875,"nice":0,"iowait":0,"irq":0,"softirq":0,"steal":0,"guest":0,"guestNice":0,"stolen":0},{"cpu":"cpu1","user":2474.953125,"system":1015.0078125,"idle":18625.140625,"nice":0,"iowait":0,"irq":0,"softirq":0,"steal":0,"guest":0,"guestNice":0,"stolen":0},{"cpu":"cpu2","user":4056.5234375,"system":2032.53125,"idle":16026.046875,"nice":0,"iowait":0,"irq":0,"softirq":0,"steal":0,"guest":0,"guestNice":0,"stolen":0},{"cpu":"cpu3","user":2509.875,"system":1028.1015625,"idle":18577.1171875,"nice":0,"iowait":0,"irq":0,"softirq":0,"steal":0,"guest":0,"guestNice":0,"stolen":0}],"time":"2018-02-19 12:37:50.637258 +0900 JST m=+3379.809950499","errorInfo":null}
[Info]2018/02/19 12:37:51 acsessd /api/status.json
[Info]2018/02/19 12:37:51 {"hostname":"ksc-1x-dhcp-172-29-194-195.kwansei.ac.jp","hostid":"18d901f1-4a03-3ff1-ae34-c26b2732f13c","virtualizationSystem":"","total":8589934592,"available":1807855616,"usedPercent":78.95379066467285,"diskIO":[{"name":"disk0","ioTime":1314105,"weightedIO":0}],"cpu":[{"cpu":"cpu0","user":4168.5546875,"system":2305.28125,"idle":15642.453125,"nice":0,"iowait":0,"irq":0,"softirq":0,"steal":0,"guest":0,"guestNice":0,"stolen":0},{"cpu":"cpu1","user":2475.0078125,"system":1015.015625,"idle":18625.453125,"nice":0,"iowait":0,"irq":0,"softirq":0,"steal":0,"guest":0,"guestNice":0,"stolen":0},{"cpu":"cpu2","user":4056.8125,"system":2032.5546875,"idle":16026.125,"nice":0,"iowait":0,"irq":0,"softirq":0,"steal":0,"guest":0,"guestNice":0,"stolen":0},{"cpu":"cpu3","user":2509.8984375,"system":1028.1171875,"idle":18577.4609375,"nice":0,"iowait":0,"irq":0,"softirq":0,"steal":0,"guest":0,"guestNice":0,"stolen":0}],"time":"2018-02-19 12:37:51.132082 +0900 JST m=+3380.304762261","errorInfo":null}
[Info]2018/02/19 12:37:51 acsessd /api/status.json
[Info]2018/02/19 12:37:51 {"hostname":"ksc-1x-dhcp-172-29-194-195.kwansei.ac.jp","hostid":"18d901f1-4a03-3ff1-ae34-c26b2732f13c","virtualizationSystem":"","total":8589934592,"available":1807032320,"usedPercent":78.96337509155273,"diskIO":[{"name":"disk0","ioTime":1314105,"weightedIO":0}],"cpu":[{"cpu":"cpu0","user":4168.828125,"system":2305.3046875,"idle":15642.5703125,"nice":0,"iowait":0,"irq":0,"softirq":0,"steal":0,"guest":0,"guestNice":0,"stolen":0},{"cpu":"cpu1","user":2475.0546875,"system":1015.03125,"idle":18625.8046875,"nice":0,"iowait":0,"irq":0,"softirq":0,"steal":0,"guest":0,"guestNice":0,"stolen":0},{"cpu":"cpu2","user":4056.9921875,"system":2032.578125,"idle":16026.3125,"nice":0,"iowait":0,"irq":0,"softirq":0,"steal":0,"guest":0,"guestNice":0,"stolen":0},{"cpu":"cpu3","user":2509.953125,"system":1028.140625,"idle":18577.7890625,"nice":0,"iowait":0,"irq":0,"softirq":0,"steal":0,"guest":0,"guestNice":0,"stolen":0}],"time":"2018-02-19 12:37:51.643657 +0900 JST m=+3380.816325124","errorInfo":null}
[Info]2018/02/19 12:37:52 acsessd /api/status.json
[Info]2018/02/19 12:37:52 {"hostname":"ksc-1x-dhcp-172-29-194-195.kwansei.ac.jp","hostid":"18d901f1-4a03-3ff1-ae34-c26b2732f13c","virtualizationSystem":"","total":8589934592,"available":1777426432,"usedPercent":79.30803298950195,"diskIO":[{"name":"disk0","ioTime":1314105,"weightedIO":0}],"cpu":[{"cpu":"cpu0","user":4169.109375,"system":2305.3203125,"idle":15642.65625,"nice":0,"iowait":0,"irq":0,"softirq":0,"steal":0,"guest":0,"guestNice":0,"stolen":0},{"cpu":"cpu1","user":2475.078125,"system":1015.0390625,"idle":18626.15625,"nice":0,"iowait":0,"irq":0,"softirq":0,"steal":0,"guest":0,"guestNice":0,"stolen":0},{"cpu":"cpu2","user":4057.15625,"system":2032.6171875,"idle":16026.5,"nice":0,"iowait":0,"irq":0,"softirq":0,"steal":0,"guest":0,"guestNice":0,"stolen":0},{"cpu":"cpu3","user":2510.0078125,"system":1028.1640625,"idle":18578.1015625,"nice":0,"iowait":0,"irq":0,"softirq":0,"steal":0,"guest":0,"guestNice":0,"stolen":0}],"time":"2018-02-19 12:37:52.143314 +0900 JST m=+3381.315969436","errorInfo":null}
[Info]2018/02/19 12:37:52 acsessd /api/status.json
[Info]2018/02/19 12:37:52 {"hostname":"ksc-1x-dhcp-172-29-194-195.kwansei.ac.jp","hostid":"18d901f1-4a03-3ff1-ae34-c26b2732f13c","virtualizationSystem":"","total":8589934592,"available":1749504000,"usedPercent":79.63309288024902,"diskIO":[{"name":"disk0","ioTime":1314105,"weightedIO":0}],"cpu":[{"cpu":"cpu0","user":4169.3046875,"system":2305.3515625,"idle":15642.84375,"nice":0,"iowait":0,"irq":0,"softirq":0,"steal":0,"guest":0,"guestNice":0,"stolen":0},{"cpu":"cpu1","user":2475.125,"system":1015.0703125,"idle":18626.4921875,"nice":0,"iowait":0,"irq":0,"softirq":0,"steal":0,"guest":0,"guestNice":0,"stolen":0},{"cpu":"cpu2","user":4057.390625,"system":2032.640625,"idle":16026.65625,"nice":0,"iowait":0,"irq":0,"softirq":0,"steal":0,"guest":0,"guestNice":0,"stolen":0},{"cpu":"cpu3","user":2510.0703125,"system":1028.1875,"idle":18578.4296875,"nice":0,"iowait":0,"irq":0,"softirq":0,"steal":0,"guest":0,"guestNice":0,"stolen":0}],"time":"2018-02-19 12:37:52.676 +0900 JST m=+3381.848642089","errorInfo":null}
[Info]2018/02/19 12:37:53 acsessd /api/status.json
[Info]2018/02/19 12:37:53 {"hostname":"ksc-1x-dhcp-172-29-194-195.kwansei.ac.jp","hostid":"18d901f1-4a03-3ff1-ae34-c26b2732f13c","virtualizationSystem":"","total":8589934592,"available":1722441728,"usedPercent":79.94813919067383,"diskIO":[{"name":"disk0","ioTime":1314105,"weightedIO":0}],"cpu":[{"cpu":"cpu0","user":4169.578125,"system":2305.375,"idle":15642.921875,"nice":0,"iowait":0,"irq":0,"softirq":0,"steal":0,"guest":0,"guestNice":0,"stolen":0},{"cpu":"cpu1","user":2475.1875,"system":1015.09375,"idle":18626.7890625,"nice":0,"iowait":0,"irq":0,"softirq":0,"steal":0,"guest":0,"guestNice":0,"stolen":0},{"cpu":"cpu2","user":4057.5234375,"system":2032.6640625,"idle":16026.8828125,"nice":0,"iowait":0,"irq":0,"softirq":0,"steal":0,"guest":0,"guestNice":0,"stolen":0},{"cpu":"cpu3","user":2510.125,"system":1028.203125,"idle":18578.734375,"nice":0,"iowait":0,"irq":0,"softirq":0,"steal":0,"guest":0,"guestNice":0,"stolen":0}],"time":"2018-02-19 12:37:53.158757 +0900 JST m=+3382.331387055","errorInfo":null}
[Info]2018/02/19 12:37:53 acsessd /api/status.json
[Info]2018/02/19 12:37:53 {"hostname":"ksc-1x-dhcp-172-29-194-195.kwansei.ac.jp","hostid":"18d901f1-4a03-3ff1-ae34-c26b2732f13c","virtualizationSystem":"","total":8589934592,"available":1910394880,"usedPercent":77.76007652282715,"diskIO":[{"name":"disk0","ioTime":1314129,"weightedIO":0}],"cpu":[{"cpu":"cpu0","user":4169.8671875,"system":2305.4453125,"idle":15642.984375,"nice":0,"iowait":0,"irq":0,"softirq":0,"steal":0,"guest":0,"guestNice":0,"stolen":0},{"cpu":"cpu1","user":2475.328125,"system":1015.1484375,"idle":18627.015625,"nice":0,"iowait":0,"irq":0,"softirq":0,"steal":0,"guest":0,"guestNice":0,"stolen":0},{"cpu":"cpu2","user":4057.7890625,"system":2032.734375,"idle":16026.9609375,"nice":0,"iowait":0,"irq":0,"softirq":0,"steal":0,"guest":0,"guestNice":0,"stolen":0},{"cpu":"cpu3","user":2510.2734375,"system":1028.2578125,"idle":18578.9609375,"nice":0,"iowait":0,"irq":0,"softirq":0,"steal":0,"guest":0,"guestNice":0,"stolen":0}],"time":"2018-02-19 12:37:53.695537 +0900 JST m=+3382.868154210","errorInfo":null}
[Info]2018/02/19 12:37:54 acsessd /api/status.json
[Info]2018/02/19 12:37:54 {"hostname":"ksc-1x-dhcp-172-29-194-195.kwansei.ac.jp","hostid":"18d901f1-4a03-3ff1-ae34-c26b2732f13c","virtualizationSystem":"","total":8589934592,"available":1901821952,"usedPercent":77.85987854003906,"diskIO":[{"name":"disk0","ioTime":1314137,"weightedIO":0}],"cpu":[{"cpu":"cpu0","user":4170.1328125,"system":2305.515625,"idle":15643.046875,"nice":0,"iowait":0,"irq":0,"softirq":0,"steal":0,"guest":0,"guestNice":0,"stolen":0},{"cpu":"cpu1","user":2475.453125,"system":1015.234375,"idle":18627.1953125,"nice":0,"iowait":0,"irq":0,"softirq":0,"steal":0,"guest":0,"guestNice":0,"stolen":0},{"cpu":"cpu2","user":4058.046875,"system":2032.8125,"idle":16027.03125,"nice":0,"iowait":0,"irq":0,"softirq":0,"steal":0,"guest":0,"guestNice":0,"stolen":0},{"cpu":"cpu3","user":2510.4140625,"system":1028.3203125,"idle":18579.15625,"nice":0,"iowait":0,"irq":0,"softirq":0,"steal":0,"guest":0,"guestNice":0,"stolen":0}],"time":"2018-02-19 12:37:54.207745 +0900 JST m=+3383.380349624","errorInfo":null}
[Info]2018/02/19 12:37:54 acsessd /api/status.json
[Info]2018/02/19 12:37:54 {"hostname":"ksc-1x-dhcp-172-29-194-195.kwansei.ac.jp","hostid":"18d901f1-4a03-3ff1-ae34-c26b2732f13c","virtualizationSystem":"","total":8589934592,"available":1898754048,"usedPercent":77.89559364318848,"diskIO":[{"name":"disk0","ioTime":1314137,"weightedIO":0}],"cpu":[{"cpu":"cpu0","user":4170.4453125,"system":2305.5546875,"idle":15643.0859375,"nice":0,"iowait":0,"irq":0,"softirq":0,"steal":0,"guest":0,"guestNice":0,"stolen":0},{"cpu":"cpu1","user":2475.6328125,"system":1015.296875,"idle":18627.34375,"nice":0,"iowait":0,"irq":0,"softirq":0,"steal":0,"guest":0,"guestNice":0,"stolen":0},{"cpu":"cpu2","user":4058.34375,"system":2032.859375,"idle":16027.0703125,"nice":0,"iowait":0,"irq":0,"softirq":0,"steal":0,"guest":0,"guestNice":0,"stolen":0},{"cpu":"cpu3","user":2510.5546875,"system":1028.40625,"idle":18579.3125,"nice":0,"iowait":0,"irq":0,"softirq":0,"steal":0,"guest":0,"guestNice":0,"stolen":0}],"time":"2018-02-19 12:37:54.698956 +0900 JST m=+3383.871548909","errorInfo":null}
[Info]2018/02/19 12:37:55 acsessd /api/status.json
[Info]2018/02/19 12:37:55 {"hostname":"ksc-1x-dhcp-172-29-194-195.kwansei.ac.jp","hostid":"18d901f1-4a03-3ff1-ae34-c26b2732f13c","virtualizationSystem":"","total":8589934592,"available":1898569728,"usedPercent":77.89773941040039,"diskIO":[{"name":"disk0","ioTime":1314145,"weightedIO":0}],"cpu":[{"cpu":"cpu0","user":4170.6953125,"system":2305.609375,"idle":15643.1640625,"nice":0,"iowait":0,"irq":0,"softirq":0,"steal":0,"guest":0,"guestNice":0,"stolen":0},{"cpu":"cpu1","user":2475.7578125,"system":1015.359375,"idle":18627.5390625,"nice":0,"iowait":0,"irq":0,"softirq":0,"steal":0,"guest":0,"guestNice":0,"stolen":0},{"cpu":"cpu2","user":4058.59375,"system":2032.921875,"idle":16027.1484375,"nice":0,"iowait":0,"irq":0,"softirq":0,"steal":0,"guest":0,"guestNice":0,"stolen":0},{"cpu":"cpu3","user":2510.6875,"system":1028.453125,"idle":18579.515625,"nice":0,"iowait":0,"irq":0,"softirq":0,"steal":0,"guest":0,"guestNice":0,"stolen":0}],"time":"2018-02-19 12:37:55.195101 +0900 JST m=+3384.367681665","errorInfo":null}
[Info]2018/02/19 12:37:55 acsessd /api/status.json
[Info]2018/02/19 12:37:55 {"hostname":"ksc-1x-dhcp-172-29-194-195.kwansei.ac.jp","hostid":"18d901f1-4a03-3ff1-ae34-c26b2732f13c","virtualizationSystem":"","total":8589934592,"available":1903149056,"usedPercent":77.84442901611328,"diskIO":[{"name":"disk0","ioTime":1314145,"weightedIO":0}],"cpu":[{"cpu":"cpu0","user":4170.953125,"system":2305.65625,"idle":15643.2421875,"nice":0,"iowait":0,"irq":0,"softirq":0,"steal":0,"guest":0,"guestNice":0,"stolen":0},{"cpu":"cpu1","user":2475.8828125,"system":1015.3828125,"idle":18627.765625,"nice":0,"iowait":0,"irq":0,"softirq":0,"steal":0,"guest":0,"guestNice":0,"stolen":0},{"cpu":"cpu2","user":4058.84375,"system":2032.96875,"idle":16027.21875,"nice":0,"iowait":0,"irq":0,"softirq":0,"steal":0,"guest":0,"guestNice":0,"stolen":0},{"cpu":"cpu3","user":2510.796875,"system":1028.4921875,"idle":18579.7421875,"nice":0,"iowait":0,"irq":0,"softirq":0,"steal":0,"guest":0,"guestNice":0,"stolen":0}],"time":"2018-02-19 12:37:55.674999 +0900 JST m=+3384.847568573","errorInfo":null}
[Info]2018/02/19 12:44:23 acsessd /api/status.json
[Info]2018/02/19 12:44:23 {"hostname":"ksc-1x-dhcp-172-29-194-195.kwansei.ac.jp","hostid":"18d901f1-4a03-3ff1-ae34-c26b2732f13c","virtualizationSystem":"","total":8589934592,"available":2019635200,"usedPercent":76.48835182189941,"diskIO":[{"name":"disk0","ioTime":1318230,"weightedIO":0}],"cpu":[{"cpu":"cpu0","user":4224.234375,"system":2334.8515625,"idle":15863.6171875,"nice":0,"iowait":0,"irq":0,"softirq":0,"steal":0,"guest":0,"guestNice":0,"stolen":0},{"cpu":"cpu1","user":2496.6484375,"system":1026.6953125,"idle":18898.546875,"nice":0,"iowait":0,"irq":0,"softirq":0,"steal":0,"guest":0,"guestNice":0,"stolen":0},{"cpu":"cpu2","user":4110.046875,"system":2060.203125,"idle":16251.640625,"nice":0,"iowait":0,"irq":0,"softirq":0,"steal":0,"guest":0,"guestNice":0,"stolen":0},{"cpu":"cpu3","user":2531.8671875,"system":1039.8671875,"idle":18850.140625,"nice":0,"iowait":0,"irq":0,"softirq":0,"steal":0,"guest":0,"guestNice":0,"stolen":0}],"time":"2018-02-19 12:44:23.335665 +0900 JST m=+3772.498790266","errorInfo":null}
[Info]2018/02/19 12:44:23 acsessd /api/status.json
[Info]2018/02/19 12:44:23 {"hostname":"ksc-1x-dhcp-172-29-194-195.kwansei.ac.jp","hostid":"18d901f1-4a03-3ff1-ae34-c26b2732f13c","virtualizationSystem":"","total":8589934592,"available":1971920896,"usedPercent":77.04381942749023,"diskIO":[{"name":"disk0","ioTime":1318230,"weightedIO":0}],"cpu":[{"cpu":"cpu0","user":4224.3046875,"system":2334.90625,"idle":15863.8046875,"nice":0,"iowait":0,"irq":0,"softirq":0,"steal":0,"guest":0,"guestNice":0,"stolen":0},{"cpu":"cpu1","user":2496.671875,"system":1026.703125,"idle":18898.828125,"nice":0,"iowait":0,"irq":0,"softirq":0,"steal":0,"guest":0,"guestNice":0,"stolen":0},{"cpu":"cpu2","user":4110.0859375,"system":2060.2265625,"idle":16251.890625,"nice":0,"iowait":0,"irq":0,"softirq":0,"steal":0,"guest":0,"guestNice":0,"stolen":0},{"cpu":"cpu3","user":2531.8828125,"system":1039.8828125,"idle":18850.4296875,"nice":0,"iowait":0,"irq":0,"softirq":0,"steal":0,"guest":0,"guestNice":0,"stolen":0}],"time":"2018-02-19 12:44:23.736084 +0900 JST m=+3772.899198874","errorInfo":null}
[Info]2018/02/19 12:44:24 acsessd /api/status.json
[Info]2018/02/19 12:44:24 {"hostname":"ksc-1x-dhcp-172-29-194-195.kwansei.ac.jp","hostid":"18d901f1-4a03-3ff1-ae34-c26b2732f13c","virtualizationSystem":"","total":8589934592,"available":1971920896,"usedPercent":77.04381942749023,"diskIO":[{"name":"disk0","ioTime":1318230,"weightedIO":0}],"cpu":[{"cpu":"cpu0","user":4224.53125,"system":2334.953125,"idle":15863.9375,"nice":0,"iowait":0,"irq":0,"softirq":0,"steal":0,"guest":0,"guestNice":0,"stolen":0},{"cpu":"cpu1","user":2496.796875,"system":1026.7265625,"idle":18899.078125,"nice":0,"iowait":0,"irq":0,"softirq":0,"steal":0,"guest":0,"guestNice":0,"stolen":0},{"cpu":"cpu2","user":4110.2890625,"system":2060.28125,"idle":16252.046875,"nice":0,"iowait":0,"irq":0,"softirq":0,"steal":0,"guest":0,"guestNice":0,"stolen":0},{"cpu":"cpu3","user":2532.046875,"system":1039.921875,"idle":18850.6328125,"nice":0,"iowait":0,"irq":0,"softirq":0,"steal":0,"guest":0,"guestNice":0,"stolen":0}],"time":"2018-02-19 12:44:24.261101 +0900 JST m=+3773.424203189","errorInfo":null}
[Info]2018/02/19 12:44:24 acsessd /api/status.json
[Info]2018/02/19 12:44:24 {"hostname":"ksc-1x-dhcp-172-29-194-195.kwansei.ac.jp","hostid":"18d901f1-4a03-3ff1-ae34-c26b2732f13c","virtualizationSystem":"","total":8589934592,"available":1879879680,"usedPercent":78.11532020568848,"diskIO":[{"name":"disk0","ioTime":1318230,"weightedIO":0}],"cpu":[{"cpu":"cpu0","user":4224.8125,"system":2335.0078125,"idle":15863.984375,"nice":0,"iowait":0,"irq":0,"softirq":0,"steal":0,"guest":0,"guestNice":0,"stolen":0},{"cpu":"cpu1","user":2496.9375,"system":1026.7578125,"idle":18899.296875,"nice":0,"iowait":0,"irq":0,"softirq":0,"steal":0,"guest":0,"guestNice":0,"stolen":0},{"cpu":"cpu2","user":4110.5390625,"system":2060.328125,"idle":16252.125,"nice":0,"iowait":0,"irq":0,"softirq":0,"steal":0,"guest":0,"guestNice":0,"stolen":0},{"cpu":"cpu3","user":2532.1953125,"system":1039.953125,"idle":18850.84375,"nice":0,"iowait":0,"irq":0,"softirq":0,"steal":0,"guest":0,"guestNice":0,"stolen":0}],"time":"2018-02-19 12:44:24.749336 +0900 JST m=+3773.912426162","errorInfo":null}
[Info]2018/02/19 12:44:25 acsessd /api/status.json
[Info]2018/02/19 12:44:25 {"hostname":"ksc-1x-dhcp-172-29-194-195.kwansei.ac.jp","hostid":"18d901f1-4a03-3ff1-ae34-c26b2732f13c","virtualizationSystem":"","total":8589934592,"available":1876852736,"usedPercent":78.15055847167969,"diskIO":[{"name":"disk0","ioTime":1318238,"weightedIO":0}],"cpu":[{"cpu":"cpu0","user":4225.0078125,"system":2335.0390625,"idle":15864.1484375,"nice":0,"iowait":0,"irq":0,"softirq":0,"steal":0,"guest":0,"guestNice":0,"stolen":0},{"cpu":"cpu1","user":2497.0078125,"system":1026.78125,"idle":18899.59375,"nice":0,"iowait":0,"irq":0,"softirq":0,"steal":0,"guest":0,"guestNice":0,"stolen":0},{"cpu":"cpu2","user":4110.71875,"system":2060.3671875,"idle":16252.296875,"nice":0,"iowait":0,"irq":0,"softirq":0,"steal":0,"guest":0,"guestNice":0,"stolen":0},{"cpu":"cpu3","user":2532.265625,"system":1039.96875,"idle":18851.140625,"nice":0,"iowait":0,"irq":0,"softirq":0,"steal":0,"guest":0,"guestNice":0,"stolen":0}],"time":"2018-02-19 12:44:25.243086 +0900 JST m=+3774.406163956","errorInfo":null}
[Info]2018/02/19 12:44:25 acsessd /api/status.json
[Info]2018/02/19 12:44:25 {"hostname":"ksc-1x-dhcp-172-29-194-195.kwansei.ac.jp","hostid":"18d901f1-4a03-3ff1-ae34-c26b2732f13c","virtualizationSystem":"","total":8589934592,"available":1876852736,"usedPercent":78.15055847167969,"diskIO":[{"name":"disk0","ioTime":1318238,"weightedIO":0}],"cpu":[{"cpu":"cpu0","user":4225.1796875,"system":2335.0703125,"idle":15864.3203125,"nice":0,"iowait":0,"irq":0,"softirq":0,"steal":0,"guest":0,"guestNice":0,"stolen":0},{"cpu":"cpu1","user":2497.0703125,"system":1026.8046875,"idle":18899.890625,"nice":0,"iowait":0,"irq":0,"softirq":0,"steal":0,"guest":0,"guestNice":0,"stolen":0},{"cpu":"cpu2","user":4110.90625,"system":2060.40625,"idle":16252.453125,"nice":0,"iowait":0,"irq":0,"softirq":0,"steal":0,"guest":0,"guestNice":0,"stolen":0},{"cpu":"cpu3","user":2532.328125,"system":1039.984375,"idle":18851.4453125,"nice":0,"iowait":0,"irq":0,"softirq":0,"steal":0,"guest":0,"guestNice":0,"stolen":0}],"time":"2018-02-19 12:44:25.738914 +0900 JST m=+3774.901980708","errorInfo":null}
[Info]2018/02/19 12:44:26 acsessd /api/status.json
[Info]2018/02/19 12:44:26 {"hostname":"ksc-1x-dhcp-172-29-194-195.kwansei.ac.jp","hostid":"18d901f1-4a03-3ff1-ae34-c26b2732f13c","virtualizationSystem":"","total":8589934592,"available":1910296576,"usedPercent":77.76122093200684,"diskIO":[{"name":"disk0","ioTime":1318238,"weightedIO":0}],"cpu":[{"cpu":"cpu0","user":4225.4375,"system":2335.1015625,"idle":15864.4375,"nice":0,"iowait":0,"irq":0,"softirq":0,"steal":0,"guest":0,"guestNice":0,"stolen":0},{"cpu":"cpu1","user":2497.15625,"system":1026.8359375,"idle":18900.1640625,"nice":0,"iowait":0,"irq":0,"softirq":0,"steal":0,"guest":0,"guestNice":0,"stolen":0},{"cpu":"cpu2","user":4111.140625,"system":2060.4453125,"idle":16252.578125,"nice":0,"iowait":0,"irq":0,"softirq":0,"steal":0,"guest":0,"guestNice":0,"stolen":0},{"cpu":"cpu3","user":2532.421875,"system":1040.0078125,"idle":18851.7265625,"nice":0,"iowait":0,"irq":0,"softirq":0,"steal":0,"guest":0,"guestNice":0,"stolen":0}],"time":"2018-02-19 12:44:26.242498 +0900 JST m=+3775.405551505","errorInfo":null}
[Info]2018/02/19 12:44:26 acsessd /api/status.json
[Info]2018/02/19 12:44:26 {"hostname":"ksc-1x-dhcp-172-29-194-195.kwansei.ac.jp","hostid":"18d901f1-4a03-3ff1-ae34-c26b2732f13c","virtualizationSystem":"","total":8589934592,"available":1905700864,"usedPercent":77.81472206115723,"diskIO":[{"name":"disk0","ioTime":1318246,"weightedIO":0}],"cpu":[{"cpu":"cpu0","user":4225.625,"system":2335.1328125,"idle":15864.6015625,"nice":0,"iowait":0,"irq":0,"softirq":0,"steal":0,"guest":0,"guestNice":0,"stolen":0},{"cpu":"cpu1","user":2497.25,"system":1026.859375,"idle":18900.4453125,"nice":0,"iowait":0,"irq":0,"softirq":0,"steal":0,"guest":0,"guestNice":0,"stolen":0},{"cpu":"cpu2","user":4111.328125,"system":2060.484375,"idle":16252.7421875,"nice":0,"iowait":0,"irq":0,"softirq":0,"steal":0,"guest":0,"guestNice":0,"stolen":0},{"cpu":"cpu3","user":2532.5078125,"system":1040.03125,"idle":18852.0078125,"nice":0,"iowait":0,"irq":0,"softirq":0,"steal":0,"guest":0,"guestNice":0,"stolen":0}],"time":"2018-02-19 12:44:26.748157 +0900 JST m=+3775.911198843","errorInfo":null}
[Info]2018/02/19 12:44:27 acsessd /api/status.json
[Info]2018/02/19 12:44:27 {"hostname":"ksc-1x-dhcp-172-29-194-195.kwansei.ac.jp","hostid":"18d901f1-4a03-3ff1-ae34-c26b2732f13c","virtualizationSystem":"","total":8589934592,"available":1905700864,"usedPercent":77.81472206115723,"diskIO":[{"name":"disk0","ioTime":1318246,"weightedIO":0}],"cpu":[{"cpu":"cpu0","user":4225.8125,"system":2335.171875,"idle":15864.765625,"nice":0,"iowait":0,"irq":0,"softirq":0,"steal":0,"guest":0,"guestNice":0,"stolen":0},{"cpu":"cpu1","user":2497.3125,"system":1026.875,"idle":18900.75,"nice":0,"iowait":0,"irq":0,"softirq":0,"steal":0,"guest":0,"guestNice":0,"stolen":0},{"cpu":"cpu2","user":4111.5078125,"system":2060.5234375,"idle":16252.90625,"nice":0,"iowait":0,"irq":0,"softirq":0,"steal":0,"guest":0,"guestNice":0,"stolen":0},{"cpu":"cpu3","user":2532.5703125,"system":1040.046875,"idle":18852.3203125,"nice":0,"iowait":0,"irq":0,"softirq":0,"steal":0,"guest":0,"guestNice":0,"stolen":0}],"time":"2018-02-19 12:44:27.242339 +0900 JST m=+3776.405368586","errorInfo":null}
[Info]2018/02/19 12:44:27 acsessd /api/status.json
[Info]2018/02/19 12:44:27 {"hostname":"ksc-1x-dhcp-172-29-194-195.kwansei.ac.jp","hostid":"18d901f1-4a03-3ff1-ae34-c26b2732f13c","virtualizationSystem":"","total":8589934592,"available":1896361984,"usedPercent":77.92344093322754,"diskIO":[{"name":"disk0","ioTime":1318262,"weightedIO":0}],"cpu":[{"cpu":"cpu0","user":4225.9921875,"system":2335.2109375,"idle":15864.9375,"nice":0,"iowait":0,"irq":0,"softirq":0,"steal":0,"guest":0,"guestNice":0,"stolen":0},{"cpu":"cpu1","user":2497.390625,"system":1026.890625,"idle":18901.046875,"nice":0,"iowait":0,"irq":0,"softirq":0,"steal":0,"guest":0,"guestNice":0,"stolen":0},{"cpu":"cpu2","user":4111.7109375,"system":2060.5625,"idle":16253.0625,"nice":0,"iowait":0,"irq":0,"softirq":0,"steal":0,"guest":0,"guestNice":0,"stolen":0},{"cpu":"cpu3","user":2532.640625,"system":1040.0625,"idle":18852.625,"nice":0,"iowait":0,"irq":0,"softirq":0,"steal":0,"guest":0,"guestNice":0,"stolen":0}],"time":"2018-02-19 12:44:27.744473 +0900 JST m=+3776.907490677","errorInfo":null}
[Info]2018/02/19 12:44:28 acsessd /api/status.json
[Info]2018/02/19 12:44:28 {"hostname":"ksc-1x-dhcp-172-29-194-195.kwansei.ac.jp","hostid":"18d901f1-4a03-3ff1-ae34-c26b2732f13c","virtualizationSystem":"","total":8589934592,"available":1891422208,"usedPercent":77.98094749450684,"diskIO":[{"name":"disk0","ioTime":1318279,"weightedIO":0}],"cpu":[{"cpu":"cpu0","user":4226.1875,"system":2335.2578125,"idle":15865.09375,"nice":0,"iowait":0,"irq":0,"softirq":0,"steal":0,"guest":0,"guestNice":0,"stolen":0},{"cpu":"cpu1","user":2497.4765625,"system":1026.921875,"idle":18901.3203125,"nice":0,"iowait":0,"irq":0,"softirq":0,"steal":0,"guest":0,"guestNice":0,"stolen":0},{"cpu":"cpu2","user":4111.90625,"system":2060.609375,"idle":16253.2109375,"nice":0,"iowait":0,"irq":0,"softirq":0,"steal":0,"guest":0,"guestNice":0,"stolen":0},{"cpu":"cpu3","user":2532.7265625,"system":1040.0859375,"idle":18852.9140625,"nice":0,"iowait":0,"irq":0,"softirq":0,"steal":0,"guest":0,"guestNice":0,"stolen":0}],"time":"2018-02-19 12:44:28.244596 +0900 JST m=+3777.407601397","errorInfo":null}
[Info]2018/02/19 12:44:28 acsessd /api/status.json
[Info]2018/02/19 12:44:28 {"hostname":"ksc-1x-dhcp-172-29-194-195.kwansei.ac.jp","hostid":"18d901f1-4a03-3ff1-ae34-c26b2732f13c","virtualizationSystem":"","total":8589934592,"available":1886601216,"usedPercent":78.03707122802734,"diskIO":[{"name":"disk0","ioTime":1318303,"weightedIO":0}],"cpu":[{"cpu":"cpu0","user":4226.4140625,"system":2335.3046875,"idle":15865.203125,"nice":0,"iowait":0,"irq":0,"softirq":0,"steal":0,"guest":0,"guestNice":0,"stolen":0},{"cpu":"cpu1","user":2497.5859375,"system":1026.9453125,"idle":18901.578125,"nice":0,"iowait":0,"irq":0,"softirq":0,"steal":0,"guest":0,"guestNice":0,"stolen":0},{"cpu":"cpu2","user":4112.0859375,"system":2060.65625,"idle":16253.375,"nice":0,"iowait":0,"irq":0,"softirq":0,"steal":0,"guest":0,"guestNice":0,"stolen":0},{"cpu":"cpu3","user":2532.8359375,"system":1040.109375,"idle":18853.1640625,"nice":0,"iowait":0,"irq":0,"softirq":0,"steal":0,"guest":0,"guestNice":0,"stolen":0}],"time":"2018-02-19 12:44:28.749075 +0900 JST m=+3777.912068143","errorInfo":null}
[Info]2018/02/19 12:44:29 acsessd /api/status.json
[Info]2018/02/19 12:44:29 {"hostname":"ksc-1x-dhcp-172-29-194-195.kwansei.ac.jp","hostid":"18d901f1-4a03-3ff1-ae34-c26b2732f13c","virtualizationSystem":"","total":8589934592,"available":1872449536,"usedPercent":78.20181846618652,"diskIO":[{"name":"disk0","ioTime":1318326,"weightedIO":0}],"cpu":[{"cpu":"cpu0","user":4226.71875,"system":2335.3671875,"idle":15865.2890625,"nice":0,"iowait":0,"irq":0,"softirq":0,"steal":0,"guest":0,"guestNice":0,"stolen":0},{"cpu":"cpu1","user":2497.671875,"system":1027.0078125,"idle":18901.875,"nice":0,"iowait":0,"irq":0,"softirq":0,"steal":0,"guest":0,"guestNice":0,"stolen":0},{"cpu":"cpu2","user":4112.28125,"system":2060.703125,"idle":16253.578125,"nice":0,"iowait":0,"irq":0,"softirq":0,"steal":0,"guest":0,"guestNice":0,"stolen":0},{"cpu":"cpu3","user":2532.9296875,"system":1040.171875,"idle":18853.4609375,"nice":0,"iowait":0,"irq":0,"softirq":0,"steal":0,"guest":0,"guestNice":0,"stolen":0}],"time":"2018-02-19 12:44:29.321589 +0900 JST m=+3778.484567808","errorInfo":null}
